---
# COLETORES
---

INÍCIO DA COLETA ÀS '20-Feb-2026 10:12:45'

Diretório: ENTRADA
/mnt/c/Users/rdurl/OneDrive/Documentos/cesta-de-precos-pncp/src/ETL


Diretório:
/mnt/c/Users/rdurl/OneDrive/Documentos/cesta-de-precos-pncp

PARÂMETROS: 
 - PRIMEIRO_DIA='2026-01-16' - é a data de início da coleta
 - ULTIMO_DIA='2026-01-31' - é a data final da coleta
 - ALIAS_COLETA='2026-01/QUINZENA-2' - é um alias para identificar a coleta e apontar um destino no diretório de /coletas

Deseja executar a RECOLETA DE ITENS NÃO HOMOLOGADOS (recoleta de resultados)? (S/N): 
Resposta: N

---
## CONTRATAÇÃO

Script:
 - 'src/ETL/coletores/coleta-contratacoes.R'

Diretório de saída:
 - 'coleta/contratacoes/2026-01/QUINZENA-2'

Screen criada para coletar contratações:
 - 'coletor-contratacoes-2026-01-16-ate-2026-01-31'

Saída sendo registrada em:
 - 'coleta/contratacoes/2026-01/QUINZENA-2/run-coletor-contratacoes-2026-01-16-ate-2026-01-31.log'.

Parâmetros do coletor: 
 - PATH_OUTPUT_DIR="coleta/contratacoes/2026-01/QUINZENA-2"
 - PRIMEIRO_DIA="2026-01-16"
 - ULTIMO_DIA="2026-01-31"

Coleta de CONTRATAÇÕES em execução...

There is a screen on:
	964.coletor-contratacoes-2026-01-16-ate-2026-01-31	(02/20/26 10:12:48)	(Detached)
1 Socket in /run/screen/S-rdurl0.


Aguardando a screen 'coletor-contratacoes-2026-01-16-ate-2026-01-31' encerrar...
Screen coletor-contratacoes-2026-01-16-ate-2026-01-31 encerrada

Coleta de CONTRATAÇÕES concluída!

---
## ITENS

Script:
 - 'src/ETL/coletores/coleta-itens.R'

Diretório de saída:
 - 'coleta/itens/2026-01/QUINZENA-2'

Screen criada para coletar itens:
 - 'coletor-itens-2026-01-16-ate-2026-01-31'

Saída sendo registrada em:
 - 'coleta/itens/2026-01/QUINZENA-2/run-coletor-itens-2026-01-16-ate-2026-01-31.log'.

Parâmetro do coletor:
 - CONTRATACOES='coleta/contratacoes/2026-01/QUINZENA-2/dados.csv'

Coleta de ITENS em execução...

There is a screen on:
	5122.coletor-itens-2026-01-16-ate-2026-01-31	(02/20/26 13:39:40)	(Detached)
1 Socket in /run/screen/S-rdurl0.

Aguardando a screen 'coletor-itens-2026-01-16-ate-2026-01-31' encerrar...
Screen coletor-itens-2026-01-16-ate-2026-01-31 encerrada

Coleta de ITENS concluída!

---
## CLASSIFICADOR - FILTRA MEDICAMENTOS

Script:
 - 'src/ETL/classificador/filtra-medicamentos.py'

Diretório de saída:
 - 'coleta/itens/2026-01/QUINZENA-2'

Screen criada para coletar contratações:
 - 'classificador-2026-01-16-ate-2026-01-31'

Saída sendo registrada em:
 - 'coleta/itens/2026-01/QUINZENA-2/run-classificador-2026-01-16-ate-2026-01-31.log'.

Parâmetros do classificador:
ITENS='coleta/itens/2026-01/QUINZENA-2/dados.csv'
CATALOGO='data/catmat/catmat.csv'

Python a ser utilizado:
 - './.venv/Scripts/python.exe'

Filtragem e classificação de MEDICAMENTOS em execução...

There is a screen on:
	11567.classificador-2026-01-16-ate-2026-01-31	(02/20/26 19:29:00)	(Detached)
1 Socket in /run/screen/S-rdurl0.


Aguardando o arquivo 'coleta/itens/2026-01/QUINZENA-2/medicamentos.csv' ser criado...

Arquivo coleta/itens/2026-01/QUINZENA-2/medicamentos.csv criado.
Classificação e filtragem de MEDICAMENTOS de ITENS concluída!

---
## RESULTADOS

Script:
 - 'src/ETL/coletores/coleta-resultados.R'

Diretório de saída:
 - 'coleta/resultados/2026-01/QUINZENA-2'

Screen criada para coletar resultados:
 - 'coletor-resultados-2026-01-16-ate-2026-01-31'

Saída sendo registrada em:
 - 'coleta/resultados/2026-01/QUINZENA-2/run-coletor-resultados-2026-01-16-ate-2026-01-31.log'.

Parâmetro do coletor:
 - 'coleta/itens/2026-01/QUINZENA-2/medicamentos.csv'

Coleta de RESULTADOS em execução...

There are screens on:
	12493.coletor-resultados-2026-01-16-ate-2026-01-31	(02/20/26 21:36:49)	(Detached)
	11567.classificador-2026-01-16-ate-2026-01-31	(02/20/26 19:41:47)	(Detached)
2 Sockets in /run/screen/S-rdurl0.
coletando resultados das contratações de medicamentos

Aguardando a screen 'coletor-resultados-2026-01-16-ate-2026-01-31' encerrar...
Screen coletor-resultados-2026-01-16-ate-2026-01-31 encerrada

Coleta de RESULTADOS de MEDICAMENTOS concluída!

---
## RECOLETA DE RESULTADOS


Recoleta de RESULTADOS ignorada (usuário optou por não executar).


COLETA ENCERRADA ÀS '20-Feb-2026 22:33:08'!
---
## PACOTE DE DADOS

Diretório 'coleta/data-package/2026/1 - Janeiro/QUINZENA-2/DATA' criado.
Diretório 'coleta/data-package/2026/1 - Janeiro/QUINZENA-2/LOG' criado.

Arquivos csv copiados para coleta/data-package/2026/1 - Janeiro/QUINZENA-2/DATA

Estrutura do pacote de dados:

[ 512]  coleta/data-package/2026/1 - Janeiro/QUINZENA-2
├── [ 512]  DATA
│   ├── [ 29K]  contratacoes-erros.csv
│   ├── [ 124]  contratacoes-monitoramento.csv
│   ├── [ 45M]  contratacoes.csv
│   ├── [ 303]  itens-erros.csv
│   ├── [425K]  itens-medicamentos-resultados-erros.csv
│   ├── [ 609]  itens-medicamentos-resultados-monitoramento.csv
│   ├── [1.0M]  itens-medicamentos-resultados.csv
│   ├── [2.8M]  itens-medicamentos.csv
│   ├── [3.0K]  itens-monitoramento.csv
│   └── [ 73M]  itens.csv
└── [ 512]  LOG
    ├── [ 655]  run-classificador-2026-01-16-ate-2026-01-31.log
    ├── [ 27K]  run-coletor-contratacoes-2026-01-16-ate-2026-01-31.log
    ├── [886K]  run-coletor-itens-2026-01-16-ate-2026-01-31.log
    └── [259K]  run-coletor-resultados-2026-01-16-ate-2026-01-31.log

3 directories, 14 files
