---
# COLETORES
---

INÍCIO DA COLETA ÀS '11-Apr-2025 19:38:26'

Diretório:
/mnt/c/Users/rdurl/OneDrive/Documentos/cesta-de-precos-pncp

PARÂMETROS: 
 - PRIMEIRO_DIA='2025-02-01' - é a data de início da coleta
 - ULTIMO_DIA='2025-02-15' - é a data final da coleta
 - ALIAS_COLETA='2025-02-Q1' - é um alias para identificar a coleta e apontar um destino no diretório de /coletas

---
## CONTRATAÇÃO

O arquivo 'coleta/contratacoes/2025-02-Q1/dados.csv' já existe. Deseja executar o coletor/classificador novamente? (s/n): 
Resposta: n

Execução do coletor ignorada.

Coleta de CONTRATAÇÕES concluída!

---
## ITENS

O arquivo 'coleta/itens/2025-02-Q1/dados.csv' já existe. Deseja executar o coletor/classificador novamente? (s/n): 
Resposta: n

Execução do coletor ignorada.

Coleta de ITENS concluída!

---
## CLASSIFICADOR - FILTRA MEDICAMENTOS

Script:
 - 'src/ETL/classificador/filtra-medicamentos.py'

Diretório de saída:
 - 'coleta/itens/2025-02-Q1'

Screen criada para coletar contratações:
 - 'classificador-2025-02-01-ate-2025-02-15'

Saída sendo registrada em:
 - 'coleta/itens/2025-02-Q1/run-classificador-2025-02-01-ate-2025-02-15.log'.

Parâmetros do classificador:
ITENS='coleta/itens/2025-02-Q1/dados.csv'
CATALOGO='data/catmat/catmat.csv'

Filtragem e classificação de MEDICAMENTOS em execução...

There is a screen on:
	47767.classificador-2025-02-01-ate-2025-02-15	(04/11/25 19:38:53)	(Detached)
1 Socket in /run/screen/S-rdurl0.

Execução do classificador concluída!

Aguardando o arquivo 'coleta/itens/2025-02-Q1/medicamentos.csv' ser criado...

Arquivo coleta/itens/2025-02-Q1/medicamentos.csv criado.
Classificação e filtragem de MEDICAMENTOS de ITENS concluída!

---
## RESULTADOS

Script:
 - 'src/ETL/coletores/coleta-resultados.R'

Diretório de saída:
 - 'coleta/resultados/2025-02-Q1'

Screen criada para coletar resultados:
 - 'coletor-resultados-2025-02-01-ate-2025-02-15'

Saída sendo registrada em:
 - 'coleta/resultados/2025-02-Q1/run-coletor-resultados-2025-02-01-ate-2025-02-15.log'.

Parâmetro do coletor:
 - 'coleta/itens/2025-02-Q1/medicamentos.csv'

Coleta de RESULTADOS em execução...

There are screens on:
	48340.coletor-resultados-2025-02-01-ate-2025-02-15	(04/11/25 21:15:28)	(Detached)
	47767.classificador-2025-02-01-ate-2025-02-15	(04/11/25 19:46:56)	(Detached)
2 Sockets in /run/screen/S-rdurl0.
coletando resultados das contratações de medicamentos

Aguardando a screen 'coletor-resultados-2025-02-01-ate-2025-02-15' encerrar...
Screen coletor-resultados-2025-02-01-ate-2025-02-15 encerrada

Coleta de RESULTADOS de MEDICAMENTOS concluída!


COLETA ENCERRADA ÀS '11-Apr-2025 22:34:26'!
