---
# COLETORES
---

INÍCIO DA COLETA ÀS '12-Aug-2025 11:47:06'

Diretório: ENTRADA
/mnt/c/Users/rdurl/OneDrive/Documentos/cesta-de-precos-pncp/src/ETL


Diretório:
/mnt/c/Users/rdurl/OneDrive/Documentos/cesta-de-precos-pncp

PARÂMETROS: 
 - PRIMEIRO_DIA='2025-07-01' - é a data de início da coleta
 - ULTIMO_DIA='2025-07-15' - é a data final da coleta
 - ALIAS_COLETA='2025-07/QUINZENA-1' - é um alias para identificar a coleta e apontar um destino no diretório de /coletas

---
## CONTRATAÇÃO

O arquivo 'coleta/contratacoes/2025-07/QUINZENA-1/dados.csv' já existe. Deseja executar o coletor/classificador novamente? (s/n): 
Resposta: n

Execução do coletor ignorada.

Coleta de CONTRATAÇÕES concluída!

---
## ITENS

O arquivo 'coleta/itens/2025-07/QUINZENA-1/dados.csv' já existe. Deseja executar o coletor/classificador novamente? (s/n): 
Resposta: n

Execução do coletor ignorada.

Coleta de ITENS concluída!

---
## CLASSIFICADOR - FILTRA MEDICAMENTOS

Script:
 - 'src/ETL/classificador/filtra-medicamentos.py'

Diretório de saída:
 - 'coleta/itens/2025-07/QUINZENA-1'

Screen criada para coletar contratações:
 - 'classificador-2025-07-01-ate-2025-07-15'

Saída sendo registrada em:
 - 'coleta/itens/2025-07/QUINZENA-1/run-classificador-2025-07-01-ate-2025-07-15.log'.

Parâmetros do classificador:
ITENS='coleta/itens/2025-07/QUINZENA-1/dados.csv'
CATALOGO='data/catmat/catmat.csv'

Filtragem e classificação de MEDICAMENTOS em execução...

There is a screen on:
	19067.classificador-2025-07-01-ate-2025-07-15	(08/12/25 11:47:10)	(Detached)
1 Socket in /run/screen/S-rdurl0.


Aguardando o arquivo 'coleta/itens/2025-07/QUINZENA-1/medicamentos.csv' ser criado...

Arquivo coleta/itens/2025-07/QUINZENA-1/medicamentos.csv criado.
Classificação e filtragem de MEDICAMENTOS de ITENS concluída!

---
## RESULTADOS

Script:
 - 'src/ETL/coletores/coleta-resultados.R'

Diretório de saída:
 - 'coleta/resultados/2025-07/QUINZENA-1'

Screen criada para coletar resultados:
 - 'coletor-resultados-2025-07-01-ate-2025-07-15'

Saída sendo registrada em:
 - 'coleta/resultados/2025-07/QUINZENA-1/run-coletor-resultados-2025-07-01-ate-2025-07-15.log'.

Parâmetro do coletor:
 - 'coleta/itens/2025-07/QUINZENA-1/medicamentos.csv'

Coleta de RESULTADOS em execução...

There is a screen on:
	20176.coletor-resultados-2025-07-01-ate-2025-07-15	(08/12/25 13:29:54)	(Detached)
1 Socket in /run/screen/S-rdurl0.
coletando resultados das contratações de medicamentos

Aguardando a screen 'coletor-resultados-2025-07-01-ate-2025-07-15' encerrar...
Screen coletor-resultados-2025-07-01-ate-2025-07-15 encerrada

Coleta de RESULTADOS de MEDICAMENTOS concluída!


COLETA ENCERRADA ÀS '12-Aug-2025 14:37:28'!
---
## PACOTE DE DADOS

Diretório 'coleta/data-package/2025/7 - Julho/QUINZENA-1/DATA' criado.
Diretório 'coleta/data-package/2025/7 - Julho/QUINZENA-1/LOG' criado.

Arquivos csv copiados para coleta/data-package/2025/7 - Julho/QUINZENA-1/DATA

Estrutura do pacote de dados:

coleta/data-package/2025/7  [error opening dir]
-  [error opening dir]
Julho/QUINZENA-1  [error opening dir]

0 directories, 0 files
