---
# COLETORES
---

INÍCIO DA COLETA ÀS '16-Jan-2026 11:18:02'

Diretório: ENTRADA
/mnt/c/Users/rdurl/OneDrive/Documentos/cesta-de-precos-pncp/src/ETL


Diretório:
/mnt/c/Users/rdurl/OneDrive/Documentos/cesta-de-precos-pncp

PARÂMETROS: 
 - PRIMEIRO_DIA='2025-11-16' - é a data de início da coleta
 - ULTIMO_DIA='2025-11-30' - é a data final da coleta
 - ALIAS_COLETA='2025-11/QUINZENA-2' - é um alias para identificar a coleta e apontar um destino no diretório de /coletas

---
## CONTRATAÇÃO


Coleta de CONTRATAÇÕES concluída!

---
## ITENS


Coleta de ITENS concluída!

---
## CLASSIFICADOR - FILTRA MEDICAMENTOS


Aguardando o arquivo 'coleta/itens/2025-11/QUINZENA-2/medicamentos.csv' ser criado...

Arquivo coleta/itens/2025-11/QUINZENA-2/medicamentos.csv criado.
Classificação e filtragem de MEDICAMENTOS de ITENS concluída!

---
## RESULTADOS


Coleta de RESULTADOS de MEDICAMENTOS concluída!

---
## RECOLETA DE RESULTADOS


Recoleta de RESULTADOS concluída!


COLETA ENCERRADA ÀS '16-Jan-2026 11:18:02'!
---
## PACOTE DE DADOS

Diretório 'coleta/data-package/2025/11 - Novembro/QUINZENA-2/DATA' criado.
Diretório 'coleta/data-package/2025/11 - Novembro/QUINZENA-2/LOG' criado.

Arquivos csv copiados para coleta/data-package/2025/11 - Novembro/QUINZENA-2/DATA

Estrutura do pacote de dados:

[ 512]  coleta/data-package/2025/11 - Novembro/QUINZENA-2
├── [ 512]  DATA
│   ├── [ 613]  contratacoes-erros.csv
│   ├── [ 205]  contratacoes-monitoramento.csv
│   ├── [115M]  contratacoes.csv
│   ├── [ 727]  itens-erros.csv
│   ├── [524K]  itens-medicamentos-resultados-erros.csv
│   ├── [ 850]  itens-medicamentos-resultados-monitoramento.csv
│   ├── [2.1M]  itens-medicamentos-resultados.csv
│   ├── [4.4M]  itens-medicamentos.csv
│   ├── [7.9K]  itens-monitoramento.csv
│   └── [169M]  itens.csv
└── [ 512]  LOG
    ├── [ 655]  run-classificador-2025-11-16-ate-2025-11-30.log
    ├── [ 46K]  run-coletor-contratacoes-2025-11-16-ate-2025-11-30.log
    ├── [2.3M]  run-coletor-itens-2025-11-16-ate-2025-11-30.log
    ├── [367K]  run-coletor-resultados-2025-11-16-ate-2025-11-30.log
    └── [6.2M]  run-recoletor-resultados-2025-11-16-ate-2025-11-30.log

3 directories, 15 files
