---
# COLETORES
---

INÍCIO DA COLETA ÀS '19-Feb-2026 14:13:06'

Diretório: ENTRADA
/mnt/c/Users/rdurl/OneDrive/Documentos/cesta-de-precos-pncp/src/ETL


Diretório:
/mnt/c/Users/rdurl/OneDrive/Documentos/cesta-de-precos-pncp

PARÂMETROS: 
 - PRIMEIRO_DIA='2026-01-01' - é a data de início da coleta
 - ULTIMO_DIA='2026-01-15' - é a data final da coleta
 - ALIAS_COLETA='2026-01/QUINZENA-1' - é um alias para identificar a coleta e apontar um destino no diretório de /coletas

Deseja executar a RECOLETA DE ITENS NÃO HOMOLOGADOS (recoleta de resultados)? (S/N): 
Resposta: N

---
## CONTRATAÇÃO

Script:
 - 'src/ETL/coletores/coleta-contratacoes.R'

Diretório de saída:
 - 'coleta/contratacoes/2026-01/QUINZENA-1'

Screen criada para coletar contratações:
 - 'coletor-contratacoes-2026-01-01-ate-2026-01-15'

Saída sendo registrada em:
 - 'coleta/contratacoes/2026-01/QUINZENA-1/run-coletor-contratacoes-2026-01-01-ate-2026-01-15.log'.

Parâmetros do coletor: 
 - PATH_OUTPUT_DIR="coleta/contratacoes/2026-01/QUINZENA-1"
 - PRIMEIRO_DIA="2026-01-01"
 - ULTIMO_DIA="2026-01-15"

Coleta de CONTRATAÇÕES em execução...

There is a screen on:
	913.coletor-contratacoes-2026-01-01-ate-2026-01-15	(02/19/26 14:13:11)	(Detached)
1 Socket in /run/screen/S-rdurl0.


Aguardando a screen 'coletor-contratacoes-2026-01-01-ate-2026-01-15' encerrar...
Screen coletor-contratacoes-2026-01-01-ate-2026-01-15 encerrada

Coleta de CONTRATAÇÕES concluída!

---
## ITENS

Script:
 - 'src/ETL/coletores/coleta-itens.R'

Diretório de saída:
 - 'coleta/itens/2026-01/QUINZENA-1'

Screen criada para coletar itens:
 - 'coletor-itens-2026-01-01-ate-2026-01-15'

Saída sendo registrada em:
 - 'coleta/itens/2026-01/QUINZENA-1/run-coletor-itens-2026-01-01-ate-2026-01-15.log'.

Parâmetro do coletor:
 - CONTRATACOES='coleta/contratacoes/2026-01/QUINZENA-1/dados.csv'

Coleta de ITENS em execução...

There is a screen on:
	5375.coletor-itens-2026-01-01-ate-2026-01-15	(02/19/26 17:27:11)	(Detached)
1 Socket in /run/screen/S-rdurl0.

Aguardando a screen 'coletor-itens-2026-01-01-ate-2026-01-15' encerrar...
Screen coletor-itens-2026-01-01-ate-2026-01-15 encerrada

Coleta de ITENS concluída!

---
## CLASSIFICADOR - FILTRA MEDICAMENTOS

Script:
 - 'src/ETL/classificador/filtra-medicamentos.py'

Diretório de saída:
 - 'coleta/itens/2026-01/QUINZENA-1'

Screen criada para coletar contratações:
 - 'classificador-2026-01-01-ate-2026-01-15'

Saída sendo registrada em:
 - 'coleta/itens/2026-01/QUINZENA-1/run-classificador-2026-01-01-ate-2026-01-15.log'.

Parâmetros do classificador:
ITENS='coleta/itens/2026-01/QUINZENA-1/dados.csv'
CATALOGO='data/catmat/catmat.csv'

Python a ser utilizado:
 - './.venv/Scripts/python.exe'

Filtragem e classificação de MEDICAMENTOS em execução...

There is a screen on:
	11719.classificador-2026-01-01-ate-2026-01-15	(02/19/26 23:25:36)	(Detached)
1 Socket in /run/screen/S-rdurl0.


Aguardando o arquivo 'coleta/itens/2026-01/QUINZENA-1/medicamentos.csv' ser criado...

Arquivo coleta/itens/2026-01/QUINZENA-1/medicamentos.csv criado.
Classificação e filtragem de MEDICAMENTOS de ITENS concluída!

---
## RESULTADOS

Script:
 - 'src/ETL/coletores/coleta-resultados.R'

Diretório de saída:
 - 'coleta/resultados/2026-01/QUINZENA-1'

Screen criada para coletar resultados:
 - 'coletor-resultados-2026-01-01-ate-2026-01-15'

Saída sendo registrada em:
 - 'coleta/resultados/2026-01/QUINZENA-1/run-coletor-resultados-2026-01-01-ate-2026-01-15.log'.

Parâmetro do coletor:
 - 'coleta/itens/2026-01/QUINZENA-1/medicamentos.csv'

Coleta de RESULTADOS em execução...

There is a screen on:
	12292.coletor-resultados-2026-01-01-ate-2026-01-15	(02/20/26 00:51:58)	(Detached)
1 Socket in /run/screen/S-rdurl0.
coletando resultados das contratações de medicamentos

Aguardando a screen 'coletor-resultados-2026-01-01-ate-2026-01-15' encerrar...
Screen coletor-resultados-2026-01-01-ate-2026-01-15 encerrada

Coleta de RESULTADOS de MEDICAMENTOS concluída!

---
## RECOLETA DE RESULTADOS


Recoleta de RESULTADOS ignorada (usuário optou por não executar).


COLETA ENCERRADA ÀS '20-Feb-2026 01:38:54'!
---
## PACOTE DE DADOS

Diretório 'coleta/data-package/2026/1 - Janeiro/QUINZENA-1/DATA' criado.
Diretório 'coleta/data-package/2026/1 - Janeiro/QUINZENA-1/LOG' criado.

Arquivos csv copiados para coleta/data-package/2026/1 - Janeiro/QUINZENA-1/DATA

Estrutura do pacote de dados:

[ 512]  coleta/data-package/2026/1 - Janeiro/QUINZENA-1
├── [ 512]  DATA
│   ├── [ 16K]  contratacoes-erros.csv
│   ├── [ 124]  contratacoes-monitoramento.csv
│   ├── [ 47M]  contratacoes.csv
│   ├── [   0]  itens-erros.csv
│   ├── [314K]  itens-medicamentos-resultados-erros.csv
│   ├── [ 528]  itens-medicamentos-resultados-monitoramento.csv
│   ├── [1005K]  itens-medicamentos-resultados.csv
│   ├── [2.3M]  itens-medicamentos.csv
│   ├── [3.1K]  itens-monitoramento.csv
│   └── [ 67M]  itens.csv
└── [ 512]  LOG
    ├── [ 647]  run-classificador-2026-01-01-ate-2026-01-15.log
    ├── [ 23K]  run-coletor-contratacoes-2026-01-01-ate-2026-01-15.log
    ├── [927K]  run-coletor-itens-2026-01-01-ate-2026-01-15.log
    └── [206K]  run-coletor-resultados-2026-01-01-ate-2026-01-15.log

3 directories, 14 files
