[nltk_data] Downloading package stopwords to
[nltk_data]     C:\Users\rdurl\AppData\Roaming\nltk_data...
Validando os argumentos.[nltk_data]   Package stopwords is already up-to-date!
C:\Users\rdurl\OneDrive\Documentos\cesta-de-precos-pncp\src\ETL\classificador\filtra-medicamentos.py:67: DtypeWarning: Columns (29,30,32,33,34,35,36,37,39,41,42,43,44,45,51) have mixed types. Specify dtype option on import or set low_memory=False.
  itens_df = pd.read_csv(args.itens)      # Itens PNCP
Detectando nomes PDM nos itens.Carregando o modelo.Calculando os vetores das descrições dos itens do PNCP.Identificando os medicamentosC:\Users\rdurl\OneDrive\Documentos\cesta-de-precos-pncp\src\ETL\classificador\filtra-medicamentos.py:237: SettingWithCopyWarning: 
A value is trying to be set on a copy of a slice from a DataFrame.
Try using .loc[row_indexer,col_indexer] = value instead

See the caveats in the documentation: https://pandas.pydata.org/pandas-docs/stable/user_guide/indexing.html#returning-a-view-versus-a-copy
  medicamentos_df['embedding'] = list(embeddings)
C:\Users\rdurl\OneDrive\Documentos\cesta-de-precos-pncp\src\ETL\classificador\filtra-medicamentos.py:295: SettingWithCopyWarning: 
A value is trying to be set on a copy of a slice from a DataFrame.
Try using .loc[row_indexer,col_indexer] = value instead

See the caveats in the documentation: https://pandas.pydata.org/pandas-docs/stable/user_guide/indexing.html#returning-a-view-versus-a-copy
  medicamentos_df[['codigo_br', 'similaridade']] = medicamentos_df.apply(mais_similar, axis=1, result_type='expand')
C:\Users\rdurl\OneDrive\Documentos\cesta-de-precos-pncp\src\ETL\classificador\filtra-medicamentos.py:295: SettingWithCopyWarning: 
A value is trying to be set on a copy of a slice from a DataFrame.
Try using .loc[row_indexer,col_indexer] = value instead

See the caveats in the documentation: https://pandas.pydata.org/pandas-docs/stable/user_guide/indexing.html#returning-a-view-versus-a-copy
  medicamentos_df[['codigo_br', 'similaridade']] = medicamentos_df.apply(mais_similar, axis=1, result_type='expand')
C:\Users\rdurl\OneDrive\Documentos\cesta-de-precos-pncp\src\ETL\classificador\filtra-medicamentos.py:298: SettingWithCopyWarning: 
A value is trying to be set on a copy of a slice from a DataFrame.
Try using .loc[row_indexer,col_indexer] = value instead

See the caveats in the documentation: https://pandas.pydata.org/pandas-docs/stable/user_guide/indexing.html#returning-a-view-versus-a-copy
  medicamentos_df['medicamento'] = medicamentos_df['similaridade'] >= THRESHOLD
Fim da execução. Medicamentos salvos em coleta/itens/2025-06/QUINZENA-2/medicamentos.csv