---
# COLETORES
---

INÍCIO DA COLETA ÀS '09-Apr-2025 15:13:38'

Diretório:
/mnt/c/Users/rdurl/OneDrive/Documentos/cesta-de-precos-pncp

PARÂMETROS: 
 - PRIMEIRO_DIA='2025-01-15' - é a data de início da coleta
 - ULTIMO_DIA='2025-01-31' - é a data final da coleta
 - ALIAS_COLETA='2025-01-Q2' - é um alias para identificar a coleta e apontar um destino no diretório de /coletas

---
## CONTRATAÇÃO

Script:
 - 'src/ETL/coletores/coleta-contratacoes.R'

Diretório de saída:
 - 'coleta/contratacoes/2025-01-Q2'

Screen criada para coletar contratações:
 - 'coletor-contratacoes-2025-01-15-ate-2025-01-31'

Saída sendo registrada em:
 - 'coleta/contratacoes/2025-01-Q2/run-coletor-contratacoes-2025-01-15-ate-2025-01-31.log'.

Parâmetros do coletor: 
 - PATH_OUTPUT_DIR="coleta/contratacoes/2025-01-Q2"
 - PRIMEIRO_DIA="2025-01-15"
 - ULTIMO_DIA="2025-01-31"

Coleta de CONTRATAÇÕES em execução...

There is a screen on:
	8473.coletor-contratacoes-2025-01-15-ate-2025-01-31	(04/09/25 15:13:38)	(Detached)
1 Socket in /run/screen/S-rdurl0.


Aguardando a screen 'coletor-contratacoes-2025-01-15-ate-2025-01-31' encerrar...
Screen 'coletor-contratacoes-2025-01-15-ate-2025-01-31' encerrada

Coleta de CONTRATAÇÕES concluída!

---
## ITENS

Script:
 - 'src/ETL/coletores/coleta-itens.R'

Diretório de saída:
 - 'coleta/itens/2025-01-Q2'

Screen criada para coletar itens:
 - 'coletor-itens-2025-01-15-ate-2025-01-31'

Saída sendo registrada em:
 - 'coleta/itens/2025-01-Q2/run-coletor-itens-2025-01-15-ate-2025-01-31.log'.

Parâmetro do coletor:
 - CONTRATACOES='coleta/contratacoes/2025-01-Q2/dados.csv'

Coleta de ITENS em execução...

There is a screen on:
	9247.coletor-itens-2025-01-15-ate-2025-01-31	(04/09/25 15:58:02)	(Detached)
1 Socket in /run/screen/S-rdurl0.

Aguardando a screen 'coletor-itens-2025-01-15-ate-2025-01-31' encerrar...
Screen 'coletor-itens-2025-01-15-ate-2025-01-31' encerrada
