---
# COLETORES
---

INÍCIO DA COLETA ÀS '14-Aug-2025 19:23:08'

Diretório: ENTRADA
/mnt/c/Users/rdurl/OneDrive/Documentos/cesta-de-precos-pncp/src/ETL


Diretório:
/mnt/c/Users/rdurl/OneDrive/Documentos/cesta-de-precos-pncp

PARÂMETROS: 
 - PRIMEIRO_DIA='2025-07-16' - é a data de início da coleta
 - ULTIMO_DIA='2025-07-31' - é a data final da coleta
 - ALIAS_COLETA='2025-07/QUINZENA-2' - é um alias para identificar a coleta e apontar um destino no diretório de /coletas

---
## CONTRATAÇÃO

O arquivo 'coleta/contratacoes/2025-07/QUINZENA-2/dados.csv' já existe. Deseja executar o coletor/classificador novamente? (s/n): 
Resposta: n

Execução do coletor ignorada.

Coleta de CONTRATAÇÕES concluída!

---
## ITENS

O arquivo 'coleta/itens/2025-07/QUINZENA-2/dados.csv' já existe. Deseja executar o coletor/classificador novamente? (s/n): 
Resposta: n

Execução do coletor ignorada.

Coleta de ITENS concluída!

---
## CLASSIFICADOR - FILTRA MEDICAMENTOS

Script:
 - 'src/ETL/classificador/filtra-medicamentos.py'

Diretório de saída:
 - 'coleta/itens/2025-07/QUINZENA-2'

Screen criada para coletar contratações:
 - 'classificador-2025-07-16-ate-2025-07-31'

Saída sendo registrada em:
 - 'coleta/itens/2025-07/QUINZENA-2/run-classificador-2025-07-16-ate-2025-07-31.log'.

Parâmetros do classificador:
ITENS='coleta/itens/2025-07/QUINZENA-2/dados.csv'
CATALOGO='data/catmat/catmat.csv'

Filtragem e classificação de MEDICAMENTOS em execução...

There is a screen on:
	27873.classificador-2025-07-16-ate-2025-07-31	(08/14/25 19:23:49)	(Detached)
1 Socket in /run/screen/S-rdurl0.


Aguardando o arquivo 'coleta/itens/2025-07/QUINZENA-2/medicamentos.csv' ser criado...

Arquivo coleta/itens/2025-07/QUINZENA-2/medicamentos.csv criado.
Classificação e filtragem de MEDICAMENTOS de ITENS concluída!

---
## RESULTADOS

Script:
 - 'src/ETL/coletores/coleta-resultados.R'

Diretório de saída:
 - 'coleta/resultados/2025-07/QUINZENA-2'

Screen criada para coletar resultados:
 - 'coletor-resultados-2025-07-16-ate-2025-07-31'

Saída sendo registrada em:
 - 'coleta/resultados/2025-07/QUINZENA-2/run-coletor-resultados-2025-07-16-ate-2025-07-31.log'.

Parâmetro do coletor:
 - 'coleta/itens/2025-07/QUINZENA-2/medicamentos.csv'

Coleta de RESULTADOS em execução...

There is a screen on:
	28230.coletor-resultados-2025-07-16-ate-2025-07-31	(08/14/25 20:10:22)	(Detached)
1 Socket in /run/screen/S-rdurl0.
coletando resultados das contratações de medicamentos

Aguardando a screen 'coletor-resultados-2025-07-16-ate-2025-07-31' encerrar...
Screen coletor-resultados-2025-07-16-ate-2025-07-31 encerrada

Coleta de RESULTADOS de MEDICAMENTOS concluída!


COLETA ENCERRADA ÀS '14-Aug-2025 20:33:53'!
---
## PACOTE DE DADOS

Diretório 'coleta/data-package/2025/7 - Julho/QUINZENA-2/DATA' criado.
Diretório 'coleta/data-package/2025/7 - Julho/QUINZENA-2/LOG' criado.

Arquivos csv copiados para coleta/data-package/2025/7 - Julho/QUINZENA-2/DATA

Estrutura do pacote de dados:

[ 512]  coleta/data-package/2025/7 - Julho/QUINZENA-2
├── [ 512]  DATA
│   ├── [ 16K]  contratacoes-erros.csv
│   ├── [ 205]  contratacoes-monitoramento.csv
│   ├── [ 68M]  contratacoes.csv
│   ├── [9.2K]  itens-erros.csv
│   ├── [113K]  itens-medicamentos-resultados-erros.csv
│   ├── [ 285]  itens-medicamentos-resultados-monitoramento.csv
│   ├── [541K]  itens-medicamentos-resultados.csv
│   ├── [1.1M]  itens-medicamentos.csv
│   ├── [4.6K]  itens-monitoramento.csv
│   └── [ 59M]  itens.csv
└── [ 512]  LOG
    ├── [ 416]  run-classificador-2025-07-16-ate-2025-07-31.log
    ├── [ 31K]  run-coletor-contratacoes-2025-07-16-ate-2025-07-31.log
    ├── [1.3M]  run-coletor-itens-2025-07-16-ate-2025-07-31.log
    └── [ 86K]  run-coletor-resultados-2025-07-16-ate-2025-07-31.log

3 directories, 14 files

Arquivos de log copiados para coleta/data-package/2025/7 - Julho/QUINZENA-2/LOG

Fim! =)
