---
# COLETORES
---

INÍCIO DA COLETA ÀS '13-Apr-2026 14:49:33'

Diretório: ENTRADA
/mnt/c/Users/rdurl/OneDrive/Documentos/cesta-de-precos-pncp/src/ETL


Diretório:
/mnt/c/Users/rdurl/OneDrive/Documentos/cesta-de-precos-pncp

PARÂMETROS: 
 - PRIMEIRO_DIA='2026-02-01' - é a data de início da coleta
 - ULTIMO_DIA='2026-02-15' - é a data final da coleta
 - ALIAS_COLETA='2026-02/QUINZENA-1' - é um alias para identificar a coleta e apontar um destino no diretório de /coletas

Deseja executar a RECOLETA DE ITENS NÃO HOMOLOGADOS (recoleta de resultados)? (S/N): 
Resposta: N

---
## CONTRATAÇÃO

Script:
 - 'src/ETL/coletores/coleta-contratacoes.R'

Diretório de saída:
 - 'coleta/contratacoes/2026-02/QUINZENA-1'

Screen criada para coletar contratações:
 - 'coletor-contratacoes-2026-02-01-ate-2026-02-15'

Saída sendo registrada em:
 - 'coleta/contratacoes/2026-02/QUINZENA-1/run-coletor-contratacoes-2026-02-01-ate-2026-02-15.log'.

Parâmetros do coletor: 
 - PATH_OUTPUT_DIR="coleta/contratacoes/2026-02/QUINZENA-1"
 - PRIMEIRO_DIA="2026-02-01"
 - ULTIMO_DIA="2026-02-15"

Coleta de CONTRATAÇÕES em execução...

There is a screen on:
	1672.coletor-contratacoes-2026-02-01-ate-2026-02-15	(04/13/26 14:49:38)	(Detached)
1 Socket in /run/screen/S-rdurl0.


Aguardando a screen 'coletor-contratacoes-2026-02-01-ate-2026-02-15' encerrar...
Screen coletor-contratacoes-2026-02-01-ate-2026-02-15 encerrada

Coleta de CONTRATAÇÕES concluída!

---
## ITENS

Script:
 - 'src/ETL/coletores/coleta-itens.R'

Diretório de saída:
 - 'coleta/itens/2026-02/QUINZENA-1'

Screen criada para coletar itens:
 - 'coletor-itens-2026-02-01-ate-2026-02-15'

Saída sendo registrada em:
 - 'coleta/itens/2026-02/QUINZENA-1/run-coletor-itens-2026-02-01-ate-2026-02-15.log'.

Parâmetro do coletor:
 - CONTRATACOES='coleta/contratacoes/2026-02/QUINZENA-1/dados.csv'

Coleta de ITENS em execução...

There is a screen on:
	9169.coletor-itens-2026-02-01-ate-2026-02-15	(04/13/26 21:50:37)	(Detached)
1 Socket in /run/screen/S-rdurl0.

Aguardando a screen 'coletor-itens-2026-02-01-ate-2026-02-15' encerrar...
Screen coletor-itens-2026-02-01-ate-2026-02-15 encerrada

Coleta de ITENS concluída!

---
## CLASSIFICADOR - FILTRA MEDICAMENTOS

Script:
 - 'src/ETL/classificador/filtra-medicamentos.py'

Diretório de saída:
 - 'coleta/itens/2026-02/QUINZENA-1'

Screen criada para coletar contratações:
 - 'classificador-2026-02-01-ate-2026-02-15'

Saída sendo registrada em:
 - 'coleta/itens/2026-02/QUINZENA-1/run-classificador-2026-02-01-ate-2026-02-15.log'.

Parâmetros do classificador:
ITENS='coleta/itens/2026-02/QUINZENA-1/dados.csv'
CATALOGO='data/catmat/catmat.csv'

Python a ser utilizado:
 - './.venv/Scripts/python.exe'

Filtragem e classificação de MEDICAMENTOS em execução...

There is a screen on:
	22796.classificador-2026-02-01-ate-2026-02-15	(04/14/26 17:21:48)	(Detached)
1 Socket in /run/screen/S-rdurl0.


Aguardando o arquivo 'coleta/itens/2026-02/QUINZENA-1/medicamentos.csv' ser criado...

Arquivo coleta/itens/2026-02/QUINZENA-1/medicamentos.csv criado.
Classificação e filtragem de MEDICAMENTOS de ITENS concluída!

---
## RESULTADOS

Script:
 - 'src/ETL/coletores/coleta-resultados.R'

Diretório de saída:
 - 'coleta/resultados/2026-02/QUINZENA-1'

Screen criada para coletar resultados:
 - 'coletor-resultados-2026-02-01-ate-2026-02-15'

Saída sendo registrada em:
 - 'coleta/resultados/2026-02/QUINZENA-1/run-coletor-resultados-2026-02-01-ate-2026-02-15.log'.

Parâmetro do coletor:
 - 'coleta/itens/2026-02/QUINZENA-1/medicamentos.csv'

Coleta de RESULTADOS em execução...

There is a screen on:
	23705.coletor-resultados-2026-02-01-ate-2026-02-15	(04/14/26 19:29:26)	(Detached)
1 Socket in /run/screen/S-rdurl0.
coletando resultados das contratações de medicamentos

Aguardando a screen 'coletor-resultados-2026-02-01-ate-2026-02-15' encerrar...
Screen coletor-resultados-2026-02-01-ate-2026-02-15 encerrada

Coleta de RESULTADOS de MEDICAMENTOS concluída!

---
## RECOLETA DE RESULTADOS


Recoleta de RESULTADOS ignorada (usuário optou por não executar).


COLETA ENCERRADA ÀS '14-Apr-2026 20:22:48'!
---
## PACOTE DE DADOS

Diretório 'coleta/data-package/2026/2 - Fevereiro/QUINZENA-1/DATA' criado.
Diretório 'coleta/data-package/2026/2 - Fevereiro/QUINZENA-1/LOG' criado.

Arquivos csv copiados para coleta/data-package/2026/2 - Fevereiro/QUINZENA-1/DATA

Estrutura do pacote de dados:

[ 512]  coleta/data-package/2026/2 - Fevereiro/QUINZENA-1
├── [ 512]  DATA
│   ├── [ 23K]  contratacoes-erros.csv
│   ├── [ 204]  contratacoes-monitoramento.csv
│   ├── [ 73M]  contratacoes.csv
│   ├── [2.7K]  itens-erros.csv
│   ├── [311K]  itens-medicamentos-resultados-erros.csv
│   ├── [ 529]  itens-medicamentos-resultados-monitoramento.csv
│   ├── [1.2M]  itens-medicamentos-resultados.csv
│   ├── [2.6M]  itens-medicamentos.csv
│   ├── [4.8K]  itens-monitoramento.csv
│   └── [ 88M]  itens.csv
└── [ 512]  LOG
    ├── [ 655]  run-classificador-2026-02-01-ate-2026-02-15.log
    ├── [ 34K]  run-coletor-contratacoes-2026-02-01-ate-2026-02-15.log
    ├── [1.4M]  run-coletor-itens-2026-02-01-ate-2026-02-15.log
    └── [218K]  run-coletor-resultados-2026-02-01-ate-2026-02-15.log

3 directories, 14 files

Arquivos de log copiados para coleta/data-package/2026/2 - Fevereiro/QUINZENA-1/LOG

Fim! =)
