---
# COLETORES
---

INÍCIO DA COLETA ÀS '12-Apr-2025 00:00:34'

Diretório:
/mnt/c/Users/rdurl/OneDrive/Documentos/cesta-de-precos-pncp

PARÂMETROS: 
 - PRIMEIRO_DIA='2025-02-16' - é a data de início da coleta
 - ULTIMO_DIA='2025-02-28' - é a data final da coleta
 - ALIAS_COLETA='2025-02-Q2' - é um alias para identificar a coleta e apontar um destino no diretório de /coletas

---
## CONTRATAÇÃO

Script:
 - 'src/ETL/coletores/coleta-contratacoes.R'

Diretório de saída:
 - 'coleta/contratacoes/2025-02-Q2'

Screen criada para coletar contratações:
 - 'coletor-contratacoes-2025-02-16-ate-2025-02-28'

Saída sendo registrada em:
 - 'coleta/contratacoes/2025-02-Q2/run-coletor-contratacoes-2025-02-16-ate-2025-02-28.log'.

Parâmetros do coletor: 
 - PATH_OUTPUT_DIR="coleta/contratacoes/2025-02-Q2"
 - PRIMEIRO_DIA="2025-02-16"
 - ULTIMO_DIA="2025-02-28"

Coleta de CONTRATAÇÕES em execução...

There is a screen on:
	49784.coletor-contratacoes-2025-02-16-ate-2025-02-28	(04/12/25 00:00:34)	(Detached)
1 Socket in /run/screen/S-rdurl0.


Aguardando a screen 'coletor-contratacoes-2025-02-16-ate-2025-02-28' encerrar...
Screen coletor-contratacoes-2025-02-16-ate-2025-02-28 encerrada

Coleta de CONTRATAÇÕES concluída!

---
## ITENS

Script:
 - 'src/ETL/coletores/coleta-itens.R'

Diretório de saída:
 - 'coleta/itens/2025-02-Q2'

Screen criada para coletar itens:
 - 'coletor-itens-2025-02-16-ate-2025-02-28'

Saída sendo registrada em:
 - 'coleta/itens/2025-02-Q2/run-coletor-itens-2025-02-16-ate-2025-02-28.log'.

Parâmetro do coletor:
 - CONTRATACOES='coleta/contratacoes/2025-02-Q2/dados.csv'

Coleta de ITENS em execução...

There is a screen on:
	50761.coletor-itens-2025-02-16-ate-2025-02-28	(04/12/25 00:56:42)	(Detached)
1 Socket in /run/screen/S-rdurl0.

Aguardando a screen 'coletor-itens-2025-02-16-ate-2025-02-28' encerrar...
Screen coletor-itens-2025-02-16-ate-2025-02-28 encerrada

Coleta de ITENS concluída!

---
## CLASSIFICADOR - FILTRA MEDICAMENTOS

Script:
 - 'src/ETL/classificador/filtra-medicamentos.py'

Diretório de saída:
 - 'coleta/itens/2025-02-Q2'

Screen criada para coletar contratações:
 - 'classificador-2025-02-16-ate-2025-02-28'

Saída sendo registrada em:
 - 'coleta/itens/2025-02-Q2/run-classificador-2025-02-16-ate-2025-02-28.log'.

Parâmetros do classificador:
ITENS='coleta/itens/2025-02-Q2/dados.csv'
CATALOGO='data/catmat/catmat.csv'

Filtragem e classificação de MEDICAMENTOS em execução...

There is a screen on:
	64221.classificador-2025-02-16-ate-2025-02-28	(04/12/25 13:55:49)	(Detached)
1 Socket in /run/screen/S-rdurl0.

Execução do classificador concluída!

Aguardando o arquivo 'coleta/itens/2025-02-Q2/medicamentos.csv' ser criado...

Arquivo coleta/itens/2025-02-Q2/medicamentos.csv criado.
Classificação e filtragem de MEDICAMENTOS de ITENS concluída!

---
## RESULTADOS

Script:
 - 'src/ETL/coletores/coleta-resultados.R'

Diretório de saída:
 - 'coleta/resultados/2025-02-Q2'

Screen criada para coletar resultados:
 - 'coletor-resultados-2025-02-16-ate-2025-02-28'

Saída sendo registrada em:
 - 'coleta/resultados/2025-02-Q2/run-coletor-resultados-2025-02-16-ate-2025-02-28.log'.

Parâmetro do coletor:
 - 'coleta/itens/2025-02-Q2/medicamentos.csv'

Coleta de RESULTADOS em execução...

There is a screen on:
	64976.coletor-resultados-2025-02-16-ate-2025-02-28	(04/12/25 16:03:58)	(Detached)
1 Socket in /run/screen/S-rdurl0.
coletando resultados das contratações de medicamentos

Aguardando a screen 'coletor-resultados-2025-02-16-ate-2025-02-28' encerrar...
Screen coletor-resultados-2025-02-16-ate-2025-02-28 encerrada

Coleta de RESULTADOS de MEDICAMENTOS concluída!


COLETA ENCERRADA ÀS '12-Apr-2025 17:49:33'!
