---
# COLETORES
---

INÍCIO DA COLETA ÀS '09-Apr-2025 07:53:51'

Diretório:
/mnt/c/Users/rdurl/OneDrive/Documentos/cesta-de-precos-pncp

PARÂMETROS:
 - PRIMEIRO_DIA='2025-01-01' - é a data de início da coleta
 - ULTIMO_DIA='2025-01-15' - é a data final da coleta
 - ALIAS_COLETA='2025-01-Q1' - é um alias para identificar a coleta e apontar um destino no diretório de /coletas

---
## CONTRATAÇÃO

Script:
 - 'src/ETL/coletores/coleta-contratacoes.R'

Diretório de saída:
 - 'coleta/contratacoes/2025-01-Q1'

Screen criada para coletar contratações:
 - 'coletor-contratacoes-2025-01-01-ate-2025-01-15'

Saída sendo registrada em:
 - 'coleta/contratacoes/2025-01-Q1/run-coletor-contratacoes-2025-01-01-ate-2025-01-15.log'.

Parâmetros do coletor:
 - PATH_OUTPUT_DIR="coleta/contratacoes/2025-01-Q1"
 - PRIMEIRO_DIA="2025-01-01"
 - ULTIMO_DIA="2025-01-15"

Coleta de CONTRATAÇÕES em execução...

There is a screen on:
	835.coletor-contratacoes-2025-01-01-ate-2025-01-15	(04/09/25 07:53:51)	(Detached)
1 Socket in /run/screen/S-rdurl0.


Aguardando a screen 'coletor-contratacoes-2025-01-01-ate-2025-01-15' encerrar...
Screen 'coletor-contratacoes-2025-01-01-ate-2025-01-15' encerrada

Coleta de CONTRATAÇÕES concluída!

---
## ITENS

Script:
 - 'src/ETL/coletores/coleta-itens.R'

Diretório de saída:
 - 'coleta/itens/2025-01-Q1'

Screen criada para coletar itens:
 - 'coletor-itens-2025-01-01-ate-2025-01-15'

Saída sendo registrada em:
 - 'coleta/itens/2025-01-Q1/run-coletor-itens-2025-01-01-ate-2025-01-15.log'.

Parâmetro do coletor:
 - CONTRATACOES='coleta/contratacoes/2025-01-Q1/dados.csv'

Coleta de ITENS em execução...

There is a screen on:
	1684.coletor-itens-2025-01-01-ate-2025-01-15	(04/09/25 08:16:49)	(Detached)
1 Socket in /run/screen/S-rdurl0.

Aguardando a screen 'coletor-itens-2025-01-01-ate-2025-01-15' encerrar...
Screen 'coletor-itens-2025-01-01-ate-2025-01-15' encerrada

Coleta de ITENS concluída!

---
## CLASSIFICADOR - FILTRA MEDICAMENTOS

Script:
 - 'src/ETL/classificador/filtra-medicamentos.py'

Diretório de saída:
 - 'coleta/itens/2025-01-Q1'

Screen criada para coletar contratações:
 - 'classificador-2025-01-01-ate-2025-01-15'

Saída sendo registrada em:
 - 'coleta/itens/2025-01-Q1/run-classificador-2025-01-01-ate-2025-01-15.log'.

Parâmetros do classificador:
ITENS='coleta/itens/2025-01-Q1/dados.csv'
CATALOGO='data/catmat/catmat.csv'

Filtragem e classificação de MEDICAMENTOS em execução...

There is a screen on:
	7116.classificador-2025-01-01-ate-2025-01-15	(04/09/25 13:12:04)	(Detached)
1 Socket in /run/screen/S-rdurl0.

Execução do classificador concluída!

Aguardando o arquivo 'coleta/itens/2025-01-Q1/medicamentos.csv' ser criado...

Arquivo 'coleta/itens/2025-01-Q1/medicamentos.csv' criado.
Classificação e filtragem de MEDICAMENTOS de ITENS concluída!

---
## RESULTADOS

Script:
 - 'src/ETL/coletores/coleta-resultados.R'

Diretório de saída:
 - 'coleta/resultados/2025-01-Q1'

Screen criada para coletar resultados:
 - 'coletor-resultados-2025-01-01-ate-2025-01-15'

Saída sendo registrada em:
 - 'coleta/resultados/2025-01-Q1/run-coletor-resultados-2025-01-01-ate-2025-01-15.log'.

Parâmetro do coletor:
 - 'coleta/itens/2025-01-Q1/medicamentos.csv'

Coleta de RESULTADOS em execução...

There is a screen on:
	7412.coletor-resultados-2025-01-01-ate-2025-01-15	(04/09/25 14:00:02)	(Detached)
1 Socket in /run/screen/S-rdurl0.
coletando resultados das contratações de medicamentos

Aguardando a screen 'coletor-resultados-2025-01-01-ate-2025-01-15' encerrar...
Screen 'coletor-resultados-2025-01-01-ate-2025-01-15' encerrada

Coleta de RESULTADOS de MEDICAMENTOS concluída!


COLETA ENCERRADA ÀS '09-Apr-2025 15:01:46'!
