---
# COLETORES
---

INÍCIO DA COLETA ÀS '30-Apr-2026 10:08:22'

Diretório: ENTRADA
/mnt/c/Users/rdurl/OneDrive/Documentos/cesta-de-precos-pncp/src/ETL


Diretório:
/mnt/c/Users/rdurl/OneDrive/Documentos/cesta-de-precos-pncp

PARÂMETROS: 
 - PRIMEIRO_DIA='2026-03-01' - é a data de início da coleta
 - ULTIMO_DIA='2026-03-15' - é a data final da coleta
 - ALIAS_COLETA='2026-03/QUINZENA-1' - é um alias para identificar a coleta e apontar um destino no diretório de /coletas

Deseja executar a RECOLETA DE ITENS NÃO HOMOLOGADOS (recoleta de resultados)? (S/N): 
Resposta: N

---
## CONTRATAÇÃO

Script:
 - 'src/ETL/coletores/coleta-contratacoes.R'

Diretório de saída:
 - 'coleta/contratacoes/2026-03/QUINZENA-1'

Screen criada para coletar contratações:
 - 'coletor-contratacoes-2026-03-01-ate-2026-03-15'

Saída sendo registrada em:
 - 'coleta/contratacoes/2026-03/QUINZENA-1/run-coletor-contratacoes-2026-03-01-ate-2026-03-15.log'.

Parâmetros do coletor: 
 - PATH_OUTPUT_DIR="coleta/contratacoes/2026-03/QUINZENA-1"
 - PRIMEIRO_DIA="2026-03-01"
 - ULTIMO_DIA="2026-03-15"

Coleta de CONTRATAÇÕES em execução...

There is a screen on:
	836.coletor-contratacoes-2026-03-01-ate-2026-03-15	(04/30/26 10:08:24)	(Detached)
1 Socket in /run/screen/S-rdurl0.


Aguardando a screen 'coletor-contratacoes-2026-03-01-ate-2026-03-15' encerrar...
Screen coletor-contratacoes-2026-03-01-ate-2026-03-15 encerrada

Coleta de CONTRATAÇÕES concluída!

---
## ITENS

Script:
 - 'src/ETL/coletores/coleta-itens.R'

Diretório de saída:
 - 'coleta/itens/2026-03/QUINZENA-1'

Screen criada para coletar itens:
 - 'coletor-itens-2026-03-01-ate-2026-03-15'

Saída sendo registrada em:
 - 'coleta/itens/2026-03/QUINZENA-1/run-coletor-itens-2026-03-01-ate-2026-03-15.log'.

Parâmetro do coletor:
 - CONTRATACOES='coleta/contratacoes/2026-03/QUINZENA-1/dados.csv'

Coleta de ITENS em execução...

There is a screen on:
	14234.coletor-itens-2026-03-01-ate-2026-03-15	(04/30/26 21:41:45)	(Detached)
1 Socket in /run/screen/S-rdurl0.

Aguardando a screen 'coletor-itens-2026-03-01-ate-2026-03-15' encerrar...
Screen coletor-itens-2026-03-01-ate-2026-03-15 encerrada

Coleta de ITENS concluída!

---
## CLASSIFICADOR - FILTRA MEDICAMENTOS

Script:
 - 'src/ETL/classificador/filtra-medicamentos.py'

Diretório de saída:
 - 'coleta/itens/2026-03/QUINZENA-1'

Screen criada para coletar contratações:
 - 'classificador-2026-03-01-ate-2026-03-15'

Saída sendo registrada em:
 - 'coleta/itens/2026-03/QUINZENA-1/run-classificador-2026-03-01-ate-2026-03-15.log'.

Parâmetros do classificador:
ITENS='coleta/itens/2026-03/QUINZENA-1/dados.csv'
CATALOGO='data/catmat/catmat.csv'

Python a ser utilizado:
 - './.venv/Scripts/python.exe'

Filtragem e classificação de MEDICAMENTOS em execução...

There is a screen on:
	25456.classificador-2026-03-01-ate-2026-03-15	(05/01/26 08:09:09)	(Detached)
1 Socket in /run/screen/S-rdurl0.


Aguardando o arquivo 'coleta/itens/2026-03/QUINZENA-1/medicamentos.csv' ser criado...

Arquivo coleta/itens/2026-03/QUINZENA-1/medicamentos.csv criado.
Classificação e filtragem de MEDICAMENTOS de ITENS concluída!

---
## RESULTADOS

Script:
 - 'src/ETL/coletores/coleta-resultados.R'

Diretório de saída:
 - 'coleta/resultados/2026-03/QUINZENA-1'

Screen criada para coletar resultados:
 - 'coletor-resultados-2026-03-01-ate-2026-03-15'

Saída sendo registrada em:
 - 'coleta/resultados/2026-03/QUINZENA-1/run-coletor-resultados-2026-03-01-ate-2026-03-15.log'.

Parâmetro do coletor:
 - 'coleta/itens/2026-03/QUINZENA-1/medicamentos.csv'

Coleta de RESULTADOS em execução...

There is a screen on:
	26147.coletor-resultados-2026-03-01-ate-2026-03-15	(05/01/26 10:03:55)	(Detached)
1 Socket in /run/screen/S-rdurl0.
coletando resultados das contratações de medicamentos

Aguardando a screen 'coletor-resultados-2026-03-01-ate-2026-03-15' encerrar...
Screen coletor-resultados-2026-03-01-ate-2026-03-15 encerrada

Coleta de RESULTADOS de MEDICAMENTOS concluída!

---
## RECOLETA DE RESULTADOS


Recoleta de RESULTADOS ignorada (usuário optou por não executar).


COLETA ENCERRADA ÀS '01-May-2026 11:08:45'!
---
## PACOTE DE DADOS

Diretório 'coleta/data-package/2026/3 - Março/QUINZENA-1/DATA' criado.
Diretório 'coleta/data-package/2026/3 - Março/QUINZENA-1/LOG' criado.

Arquivos csv copiados para coleta/data-package/2026/3 - Março/QUINZENA-1/DATA

Estrutura do pacote de dados:

[ 512]  coleta/data-package/2026/3 - Março/QUINZENA-1
├── [ 512]  DATA
│   ├── [6.3K]  contratacoes-erros.csv
│   ├── [ 205]  contratacoes-monitoramento.csv
│   ├── [ 84M]  contratacoes.csv
│   ├── [ 202]  itens-erros.csv
│   ├── [399K]  itens-medicamentos-resultados-erros.csv
│   ├── [ 610]  itens-medicamentos-resultados-monitoramento.csv
│   ├── [1.4M]  itens-medicamentos-resultados.csv
│   ├── [3.2M]  itens-medicamentos.csv
│   ├── [5.5K]  itens-monitoramento.csv
│   └── [106M]  itens.csv
└── [ 512]  LOG
    ├── [ 655]  run-classificador-2026-03-01-ate-2026-03-15.log
    ├── [132K]  run-coletor-contratacoes-2026-03-01-ate-2026-03-15.log
    ├── [1.6M]  run-coletor-itens-2026-03-01-ate-2026-03-15.log
    └── [275K]  run-coletor-resultados-2026-03-01-ate-2026-03-15.log

3 directories, 14 files

Arquivos de log copiados para coleta/data-package/2026/3 - Março/QUINZENA-1/LOG

Fim! =)
