---
# COLETORES
---

INÍCIO DA COLETA ÀS '15-Aug-2025 11:35:32'

Diretório: ENTRADA
/mnt/c/Users/rdurl/OneDrive/Documentos/cesta-de-precos-pncp/src/ETL


Diretório:
/mnt/c/Users/rdurl/OneDrive/Documentos/cesta-de-precos-pncp

PARÂMETROS:
 - PRIMEIRO_DIA='2025-07-01' - é a data de início da coleta
 - ULTIMO_DIA='2025-07-16' - é a data final da coleta
 - ALIAS_COLETA='2025-07/QUINZENA-1' - é um alias para identificar a coleta e apontar um destino no diretório de /coletas

---
## CONTRATAÇÃO

Script:
 - 'src/ETL/coletores/coleta-contratacoes.R'

Diretório de saída:
 - 'coleta/contratacoes/2025-07/QUINZENA-1'

Screen criada para coletar contratações:
 - 'coletor-contratacoes-2025-07-01-ate-2025-07-16'

Saída sendo registrada em:
 - 'coleta/contratacoes/2025-07/QUINZENA-1/run-coletor-contratacoes-2025-07-01-ate-2025-07-16.log'.

Parâmetros do coletor:
 - PATH_OUTPUT_DIR="coleta/contratacoes/2025-07/QUINZENA-1"
 - PRIMEIRO_DIA="2025-07-01"
 - ULTIMO_DIA="2025-07-16"

Coleta de CONTRATAÇÕES em execução...

There is a screen on:
	763.coletor-contratacoes-2025-07-01-ate-2025-07-16	(08/15/25 11:35:32)	(Detached)
1 Socket in /run/screen/S-rdurl0.


Aguardando a screen 'coletor-contratacoes-2025-07-01-ate-2025-07-16' encerrar...
Screen coletor-contratacoes-2025-07-01-ate-2025-07-16 encerrada

Coleta de CONTRATAÇÕES concluída!

---
## ITENS

Script:
 - 'src/ETL/coletores/coleta-itens.R'

Diretório de saída:
 - 'coleta/itens/2025-07/QUINZENA-1'

Screen criada para coletar itens:
 - 'coletor-itens-2025-07-01-ate-2025-07-16'

Saída sendo registrada em:
 - 'coleta/itens/2025-07/QUINZENA-1/run-coletor-itens-2025-07-01-ate-2025-07-16.log'.

Parâmetro do coletor:
 - CONTRATACOES='coleta/contratacoes/2025-07/QUINZENA-1/dados.csv'

Coleta de ITENS em execução...

There is a screen on:
	1951.coletor-itens-2025-07-01-ate-2025-07-16	(08/15/25 12:35:13)	(Detached)
1 Socket in /run/screen/S-rdurl0.

Aguardando a screen 'coletor-itens-2025-07-01-ate-2025-07-16' encerrar...
Screen coletor-itens-2025-07-01-ate-2025-07-16 encerrada

Coleta de ITENS concluída!

---
## CLASSIFICADOR - FILTRA MEDICAMENTOS

Script:
 - 'src/ETL/classificador/filtra-medicamentos.py'

Diretório de saída:
 - 'coleta/itens/2025-07/QUINZENA-1'

Screen criada para coletar contratações:
 - 'classificador-2025-07-01-ate-2025-07-16'

Saída sendo registrada em:
 - 'coleta/itens/2025-07/QUINZENA-1/run-classificador-2025-07-01-ate-2025-07-16.log'.

Parâmetros do classificador:
ITENS='coleta/itens/2025-07/QUINZENA-1/dados.csv'
CATALOGO='data/catmat/catmat.csv'

Filtragem e classificação de MEDICAMENTOS em execução...

There is a screen on:
	9810.classificador-2025-07-01-ate-2025-07-16	(08/15/25 19:29:30)	(Detached)
1 Socket in /run/screen/S-rdurl0.


Aguardando o arquivo 'coleta/itens/2025-07/QUINZENA-1/medicamentos.csv' ser criado...

Arquivo coleta/itens/2025-07/QUINZENA-1/medicamentos.csv criado.
Classificação e filtragem de MEDICAMENTOS de ITENS concluída!

---
## RESULTADOS

Script:
 - 'src/ETL/coletores/coleta-resultados.R'

Diretório de saída:
 - 'coleta/resultados/2025-07/QUINZENA-1'

Screen criada para coletar resultados:
 - 'coletor-resultados-2025-07-01-ate-2025-07-16'

Saída sendo registrada em:
 - 'coleta/resultados/2025-07/QUINZENA-1/run-coletor-resultados-2025-07-01-ate-2025-07-16.log'.

Parâmetro do coletor:
 - 'coleta/itens/2025-07/QUINZENA-1/medicamentos.csv'

Coleta de RESULTADOS em execução...

There are screens on:
	10649.coletor-resultados-2025-07-01-ate-2025-07-16	(08/15/25 21:31:04)	(Detached)
	9810.classificador-2025-07-01-ate-2025-07-16	(08/15/25 19:29:30)	(Detached)
2 Sockets in /run/screen/S-rdurl0.
coletando resultados das contratações de medicamentos

Aguardando a screen 'coletor-resultados-2025-07-01-ate-2025-07-16' encerrar...
Screen coletor-resultados-2025-07-01-ate-2025-07-16 encerrada

Coleta de RESULTADOS de MEDICAMENTOS concluída!


COLETA ENCERRADA ÀS '15-Aug-2025 22:45:58'!
---
## PACOTE DE DADOS

Diretório 'coleta/data-package/2025/7 - Julho/QUINZENA-1/DATA' criado.
Diretório 'coleta/data-package/2025/7 - Julho/QUINZENA-1/LOG' criado.

Arquivos csv copiados para coleta/data-package/2025/7 - Julho/QUINZENA-1/DATA

Estrutura do pacote de dados:

[ 512]  coleta/data-package/2025/7 - Julho/QUINZENA-1
├── [ 512]  DATA
│   ├── [ 20K]  contratacoes-erros.csv
│   ├── [ 124]  contratacoes-monitoramento.csv
│   ├── [ 50M]  contratacoes.csv
│   ├── [ 18K]  itens-erros.csv
│   ├── [543K]  itens-medicamentos-resultados-erros.csv
│   ├── [ 691]  itens-medicamentos-resultados-monitoramento.csv
│   ├── [1.2M]  itens-medicamentos-resultados.csv
│   ├── [3.4M]  itens-medicamentos.csv
│   ├── [3.4K]  itens-monitoramento.csv
│   └── [ 81M]  itens.csv
└── [ 512]  LOG
    ├── [ 416]  run-classificador-2025-07-01-ate-2025-07-16.log
    ├── [ 26K]  run-coletor-contratacoes-2025-07-01-ate-2025-07-16.log
    ├── [1014K]  run-coletor-itens-2025-07-01-ate-2025-07-16.log
    └── [330K]  run-coletor-resultados-2025-07-01-ate-2025-07-16.log

3 directories, 14 files

Arquivos de log copiados para coleta/data-package/2025/7 - Julho/QUINZENA-1/LOG

Fim! =)
