---
# COLETORES
---

INÍCIO DA COLETA ÀS '29-Apr-2026 10:34:36'

Diretório: ENTRADA
/mnt/c/Users/rdurl/OneDrive/Documentos/cesta-de-precos-pncp/src/ETL


Diretório:
/mnt/c/Users/rdurl/OneDrive/Documentos/cesta-de-precos-pncp

PARÂMETROS: 
 - PRIMEIRO_DIA='2026-02-16' - é a data de início da coleta
 - ULTIMO_DIA='2026-02-28' - é a data final da coleta
 - ALIAS_COLETA='2026-02/QUINZENA-2' - é um alias para identificar a coleta e apontar um destino no diretório de /coletas

Deseja executar a RECOLETA DE ITENS NÃO HOMOLOGADOS (recoleta de resultados)? (S/N): 
Resposta: N

---
## CONTRATAÇÃO

Script:
 - 'src/ETL/coletores/coleta-contratacoes.R'

Diretório de saída:
 - 'coleta/contratacoes/2026-02/QUINZENA-2'

Screen criada para coletar contratações:
 - 'coletor-contratacoes-2026-02-16-ate-2026-02-28'

Saída sendo registrada em:
 - 'coleta/contratacoes/2026-02/QUINZENA-2/run-coletor-contratacoes-2026-02-16-ate-2026-02-28.log'.

Parâmetros do coletor: 
 - PATH_OUTPUT_DIR="coleta/contratacoes/2026-02/QUINZENA-2"
 - PRIMEIRO_DIA="2026-02-16"
 - ULTIMO_DIA="2026-02-28"

Coleta de CONTRATAÇÕES em execução...

There is a screen on:
	1922.coletor-contratacoes-2026-02-16-ate-2026-02-28	(04/29/26 10:34:37)	(Detached)
1 Socket in /run/screen/S-rdurl0.


Aguardando a screen 'coletor-contratacoes-2026-02-16-ate-2026-02-28' encerrar...
Screen coletor-contratacoes-2026-02-16-ate-2026-02-28 encerrada

Coleta de CONTRATAÇÕES concluída!

---
## ITENS

Script:
 - 'src/ETL/coletores/coleta-itens.R'

Diretório de saída:
 - 'coleta/itens/2026-02/QUINZENA-2'

Screen criada para coletar itens:
 - 'coletor-itens-2026-02-16-ate-2026-02-28'

Saída sendo registrada em:
 - 'coleta/itens/2026-02/QUINZENA-2/run-coletor-itens-2026-02-16-ate-2026-02-28.log'.

Parâmetro do coletor:
 - CONTRATACOES='coleta/contratacoes/2026-02/QUINZENA-2/dados.csv'

Coleta de ITENS em execução...

There is a screen on:
	14355.coletor-itens-2026-02-16-ate-2026-02-28	(04/29/26 21:29:31)	(Detached)
1 Socket in /run/screen/S-rdurl0.

Aguardando a screen 'coletor-itens-2026-02-16-ate-2026-02-28' encerrar...
Screen coletor-itens-2026-02-16-ate-2026-02-28 encerrada

Coleta de ITENS concluída!

---
## CLASSIFICADOR - FILTRA MEDICAMENTOS

Script:
 - 'src/ETL/classificador/filtra-medicamentos.py'

Diretório de saída:
 - 'coleta/itens/2026-02/QUINZENA-2'

Screen criada para coletar contratações:
 - 'classificador-2026-02-16-ate-2026-02-28'

Saída sendo registrada em:
 - 'coleta/itens/2026-02/QUINZENA-2/run-classificador-2026-02-16-ate-2026-02-28.log'.

Parâmetros do classificador:
ITENS='coleta/itens/2026-02/QUINZENA-2/dados.csv'
CATALOGO='data/catmat/catmat.csv'

Python a ser utilizado:
 - './.venv/Scripts/python.exe'

Filtragem e classificação de MEDICAMENTOS em execução...

There is a screen on:
	22409.classificador-2026-02-16-ate-2026-02-28	(04/30/26 05:12:00)	(Detached)
1 Socket in /run/screen/S-rdurl0.


Aguardando o arquivo 'coleta/itens/2026-02/QUINZENA-2/medicamentos.csv' ser criado...

Arquivo coleta/itens/2026-02/QUINZENA-2/medicamentos.csv criado.
Classificação e filtragem de MEDICAMENTOS de ITENS concluída!

---
## RESULTADOS

Script:
 - 'src/ETL/coletores/coleta-resultados.R'

Diretório de saída:
 - 'coleta/resultados/2026-02/QUINZENA-2'

Screen criada para coletar resultados:
 - 'coletor-resultados-2026-02-16-ate-2026-02-28'

Saída sendo registrada em:
 - 'coleta/resultados/2026-02/QUINZENA-2/run-coletor-resultados-2026-02-16-ate-2026-02-28.log'.

Parâmetro do coletor:
 - 'coleta/itens/2026-02/QUINZENA-2/medicamentos.csv'

Coleta de RESULTADOS em execução...

There are screens on:
	23607.coletor-resultados-2026-02-16-ate-2026-02-28	(04/30/26 06:36:57)	(Detached)
	22409.classificador-2026-02-16-ate-2026-02-28	(04/30/26 05:18:15)	(Detached)
2 Sockets in /run/screen/S-rdurl0.
coletando resultados das contratações de medicamentos

Aguardando a screen 'coletor-resultados-2026-02-16-ate-2026-02-28' encerrar...
Screen coletor-resultados-2026-02-16-ate-2026-02-28 encerrada

Coleta de RESULTADOS de MEDICAMENTOS concluída!

---
## RECOLETA DE RESULTADOS


Recoleta de RESULTADOS ignorada (usuário optou por não executar).


COLETA ENCERRADA ÀS '30-Apr-2026 07:25:23'!
---
## PACOTE DE DADOS

Diretório 'coleta/data-package/2026/2 - Fevereiro/QUINZENA-2/DATA' criado.
Diretório 'coleta/data-package/2026/2 - Fevereiro/QUINZENA-2/LOG' criado.

Arquivos csv copiados para coleta/data-package/2026/2 - Fevereiro/QUINZENA-2/DATA

Estrutura do pacote de dados:

[ 512]  coleta/data-package/2026/2 - Fevereiro/QUINZENA-2
├── [ 512]  DATA
│   ├── [7.0K]  contratacoes-erros.csv
│   ├── [ 204]  contratacoes-monitoramento.csv
│   ├── [ 61M]  contratacoes.csv
│   ├── [ 308]  itens-erros.csv
│   ├── [284K]  itens-medicamentos-resultados-erros.csv
│   ├── [ 527]  itens-medicamentos-resultados-monitoramento.csv
│   ├── [1.2M]  itens-medicamentos-resultados.csv
│   ├── [2.4M]  itens-medicamentos.csv
│   ├── [4.0K]  itens-monitoramento.csv
│   └── [ 76M]  itens.csv
└── [ 512]  LOG
    ├── [ 655]  run-classificador-2026-02-16-ate-2026-02-28.log
    ├── [119K]  run-coletor-contratacoes-2026-02-16-ate-2026-02-28.log
    ├── [1.2M]  run-coletor-itens-2026-02-16-ate-2026-02-28.log
    └── [201K]  run-coletor-resultados-2026-02-16-ate-2026-02-28.log

3 directories, 14 files

Arquivos de log copiados para coleta/data-package/2026/2 - Fevereiro/QUINZENA-2/LOG

Fim! =)
