---
# COLETORES
---

INÍCIO DA COLETA ÀS '10-Apr-2025 12:06:49'

Diretório:
/mnt/c/Users/rdurl/OneDrive/Documentos/cesta-de-precos-pncp

PARÂMETROS: 
 - PRIMEIRO_DIA='2025-01-15' - é a data de início da coleta
 - ULTIMO_DIA='2025-01-31' - é a data final da coleta
 - ALIAS_COLETA='2025-01-Q2' - é um alias para identificar a coleta e apontar um destino no diretório de /coletas

---
## CONTRATAÇÃO

O arquivo 'coleta/contratacoes/2025-01-Q2/dados.csv' já existe. Deseja executar o coletor/classificador novamente? (s/n): 
Resposta: n

Execução do coletor ignorada.

Coleta de CONTRATAÇÕES concluída!

---
## ITENS

Script:
 - 'src/ETL/coletores/coleta-itens.R'

Diretório de saída:
 - 'coleta/itens/2025-01-Q2'

Screen criada para coletar itens:
 - 'coletor-itens-2025-01-15-ate-2025-01-31'

Saída sendo registrada em:
 - 'coleta/itens/2025-01-Q2/run-coletor-itens-2025-01-15-ate-2025-01-31.log'.

Parâmetro do coletor:
 - CONTRATACOES='coleta/contratacoes/2025-01-Q2/dados.csv'

Coleta de ITENS em execução...

There is a screen on:
	21881.coletor-itens-2025-01-15-ate-2025-01-31	(04/10/25 12:06:57)	(Detached)
1 Socket in /run/screen/S-rdurl0.

Aguardando a screen 'coletor-itens-2025-01-15-ate-2025-01-31' encerrar...
Screen 'coletor-itens-2025-01-15-ate-2025-01-31' encerrada

Coleta de ITENS concluída!

---
## CLASSIFICADOR - FILTRA MEDICAMENTOS

Script:
 - 'src/ETL/classificador/filtra-medicamentos.py'

Diretório de saída:
 - 'coleta/itens/2025-01-Q2'

Screen criada para coletar contratações:
 - 'classificador-2025-01-15-ate-2025-01-31'

Saída sendo registrada em:
 - 'coleta/itens/2025-01-Q2/run-classificador-2025-01-15-ate-2025-01-31.log'.

Parâmetros do classificador:
ITENS='coleta/itens/2025-01-Q2/dados.csv'
CATALOGO='data/catmat/catmat.csv'

Filtragem e classificação de MEDICAMENTOS em execução...

There is a screen on:
	34513.classificador-2025-01-15-ate-2025-01-31	(04/11/25 00:35:58)	(Detached)
1 Socket in /run/screen/S-rdurl0.

Execução do classificador concluída!

Aguardando o arquivo 'coleta/itens/2025-01-Q2/medicamentos.csv' ser criado...

Arquivo 'coleta/itens/2025-01-Q2/medicamentos.csv' criado.
Classificação e filtragem de MEDICAMENTOS de ITENS concluída!

---
## RESULTADOS

Script:
 - 'src/ETL/coletores/coleta-resultados.R'

Diretório de saída:
 - 'coleta/resultados/2025-01-Q2'

Screen criada para coletar resultados:
 - 'coletor-resultados-2025-01-15-ate-2025-01-31'

Saída sendo registrada em:
 - 'coleta/resultados/2025-01-Q2/run-coletor-resultados-2025-01-15-ate-2025-01-31.log'.

Parâmetro do coletor:
 - 'coleta/itens/2025-01-Q2/medicamentos.csv'

Coleta de RESULTADOS em execução...

There is a screen on:
	35103.coletor-resultados-2025-01-15-ate-2025-01-31	(04/11/25 02:09:52)	(Detached)
1 Socket in /run/screen/S-rdurl0.
coletando resultados das contratações de medicamentos

Aguardando a screen 'coletor-resultados-2025-01-15-ate-2025-01-31' encerrar...
Screen 'coletor-resultados-2025-01-15-ate-2025-01-31' encerrada

Coleta de RESULTADOS de MEDICAMENTOS concluída!


COLETA ENCERRADA ÀS '11-Apr-2025 03:29:31'!
