---
# COLETORES
---

INÍCIO DA COLETA ÀS '11-Apr-2025 06:54:34'

Diretório:
/mnt/c/Users/rdurl/OneDrive/Documentos/cesta-de-precos-pncp

PARÂMETROS: 
 - PRIMEIRO_DIA='2025-02-01' - é a data de início da coleta
 - ULTIMO_DIA='2025-02-15' - é a data final da coleta
 - ALIAS_COLETA='2025-02-Q1' - é um alias para identificar a coleta e apontar um destino no diretório de /coletas

---
## CONTRATAÇÃO

Script:
 - 'src/ETL/coletores/coleta-contratacoes.R'

Diretório de saída:
 - 'coleta/contratacoes/2025-02-Q1'

Screen criada para coletar contratações:
 - 'coletor-contratacoes-2025-02-01-ate-2025-02-15'

Saída sendo registrada em:
 - 'coleta/contratacoes/2025-02-Q1/run-coletor-contratacoes-2025-02-01-ate-2025-02-15.log'.

Parâmetros do coletor: 
 - PATH_OUTPUT_DIR="coleta/contratacoes/2025-02-Q1"
 - PRIMEIRO_DIA="2025-02-01"
 - ULTIMO_DIA="2025-02-15"

Coleta de CONTRATAÇÕES em execução...

There is a screen on:
	37066.coletor-contratacoes-2025-02-01-ate-2025-02-15	(04/11/25 06:54:34)	(Detached)
1 Socket in /run/screen/S-rdurl0.


Aguardando a screen 'coletor-contratacoes-2025-02-01-ate-2025-02-15' encerrar...
Screen 'coletor-contratacoes-2025-02-01-ate-2025-02-15' encerrada

Coleta de CONTRATAÇÕES concluída!

---
## ITENS

Script:
 - 'src/ETL/coletores/coleta-itens.R'

Diretório de saída:
 - 'coleta/itens/2025-02-Q1'

Screen criada para coletar itens:
 - 'coletor-itens-2025-02-01-ate-2025-02-15'

Saída sendo registrada em:
 - 'coleta/itens/2025-02-Q1/run-coletor-itens-2025-02-01-ate-2025-02-15.log'.

Parâmetro do coletor:
 - CONTRATACOES='coleta/contratacoes/2025-02-Q1/dados.csv'

Coleta de ITENS em execução...

There is a screen on:
	37768.coletor-itens-2025-02-01-ate-2025-02-15	(04/11/25 07:35:07)	(Detached)
1 Socket in /run/screen/S-rdurl0.

Aguardando a screen 'coletor-itens-2025-02-01-ate-2025-02-15' encerrar...
Screen 'coletor-itens-2025-02-01-ate-2025-02-15' encerrada
