---
# COLETORES
---

INÍCIO DA COLETA ÀS '10-Jul-2025 09:27:48'

Diretório: ENTRADA
/mnt/c/Users/rdurl/OneDrive/Documentos/cesta-de-precos-pncp/src/ETL


Diretório:
/mnt/c/Users/rdurl/OneDrive/Documentos/cesta-de-precos-pncp

PARÂMETROS: 
 - PRIMEIRO_DIA='2025-06-16' - é a data de início da coleta
 - ULTIMO_DIA='2025-06-30' - é a data final da coleta
 - ALIAS_COLETA='2025-06/QUINZENA-2' - é um alias para identificar a coleta e apontar um destino no diretório de /coletas

---
## CONTRATAÇÃO

O arquivo 'coleta/contratacoes/2025-06/QUINZENA-2/dados.csv' já existe. Deseja executar o coletor/classificador novamente? (s/n): 
Resposta: n

Execução do coletor ignorada.

Coleta de CONTRATAÇÕES concluída!

---
## ITENS

O arquivo 'coleta/itens/2025-06/QUINZENA-2/dados.csv' já existe. Deseja executar o coletor/classificador novamente? (s/n): 
Resposta: n

Execução do coletor ignorada.

Coleta de ITENS concluída!

---
## CLASSIFICADOR - FILTRA MEDICAMENTOS

Script:
 - 'src/ETL/classificador/filtra-medicamentos.py'

Diretório de saída:
 - 'coleta/itens/2025-06/QUINZENA-2'

Screen criada para coletar contratações:
 - 'classificador-2025-06-16-ate-2025-06-30'

Saída sendo registrada em:
 - 'coleta/itens/2025-06/QUINZENA-2/run-classificador-2025-06-16-ate-2025-06-30.log'.

Parâmetros do classificador:
ITENS='coleta/itens/2025-06/QUINZENA-2/dados.csv'
CATALOGO='data/catmat/catmat.csv'

Filtragem e classificação de MEDICAMENTOS em execução...

There is a screen on:
	1072.classificador-2025-06-16-ate-2025-06-30	(07/10/25 09:27:51)	(Detached)
1 Socket in /run/screen/S-rdurl0.


Aguardando o arquivo 'coleta/itens/2025-06/QUINZENA-2/medicamentos.csv' ser criado...

Arquivo coleta/itens/2025-06/QUINZENA-2/medicamentos.csv criado.
Classificação e filtragem de MEDICAMENTOS de ITENS concluída!

---
## RESULTADOS

Script:
 - 'src/ETL/coletores/coleta-resultados.R'

Diretório de saída:
 - 'coleta/resultados/2025-06/QUINZENA-2'

Screen criada para coletar resultados:
 - 'coletor-resultados-2025-06-16-ate-2025-06-30'

Saída sendo registrada em:
 - 'coleta/resultados/2025-06/QUINZENA-2/run-coletor-resultados-2025-06-16-ate-2025-06-30.log'.

Parâmetro do coletor:
 - 'coleta/itens/2025-06/QUINZENA-2/medicamentos.csv'

Coleta de RESULTADOS em execução...

There is a screen on:
	2594.coletor-resultados-2025-06-16-ate-2025-06-30	(07/10/25 12:21:42)	(Detached)
1 Socket in /run/screen/S-rdurl0.
coletando resultados das contratações de medicamentos

Aguardando a screen 'coletor-resultados-2025-06-16-ate-2025-06-30' encerrar...
Screen coletor-resultados-2025-06-16-ate-2025-06-30 encerrada

Coleta de RESULTADOS de MEDICAMENTOS concluída!


COLETA ENCERRADA ÀS '10-Jul-2025 14:33:58'!
---
## PACOTE DE DADOS

Diretório 'coleta/data-package/2025/6 - Junho/QUINZENA-2/DATA' criado.
Diretório 'coleta/data-package/2025/6 - Junho/QUINZENA-2/LOG' criado.

Arquivos csv copiados para coleta/data-package/2025/6 - Junho/QUINZENA-2/DATA

Estrutura do pacote de dados:

coleta/data-package/2025/6  [error opening dir]
-  [error opening dir]
Junho/QUINZENA-2  [error opening dir]

0 directories, 0 files

Arquivos de log copiados para coleta/data-package/2025/6 - Junho/QUINZENA-2/LOG

Fim! =)
