---
# COLETORES
---

INÍCIO DA COLETA ÀS '12-Jan-2026 12:24:24'

Diretório: ENTRADA
/mnt/c/Users/rdurl/OneDrive/Documentos/cesta-de-precos-pncp/src/ETL


Diretório:
/mnt/c/Users/rdurl/OneDrive/Documentos/cesta-de-precos-pncp

PARÂMETROS:
 - PRIMEIRO_DIA='2025-11-16' - é a data de início da coleta
 - ULTIMO_DIA='2025-11-30' - é a data final da coleta
 - ALIAS_COLETA='2025-11/QUINZENA-2' - é um alias para identificar a coleta e apontar um destino no diretório de /coletas

---
## CONTRATAÇÃO

Script:
 - 'src/ETL/coletores/coleta-contratacoes.R'

Diretório de saída:
 - 'coleta/contratacoes/2025-11/QUINZENA-2'

Screen criada para coletar contratações:
 - 'coletor-contratacoes-2025-11-16-ate-2025-11-30'

Saída sendo registrada em:
 - 'coleta/contratacoes/2025-11/QUINZENA-2/run-coletor-contratacoes-2025-11-16-ate-2025-11-30.log'.

Parâmetros do coletor:
 - PATH_OUTPUT_DIR="coleta/contratacoes/2025-11/QUINZENA-2"
 - PRIMEIRO_DIA="2025-11-16"
 - ULTIMO_DIA="2025-11-30"

Coleta de CONTRATAÇÕES em execução...

There is a screen on:
	862.coletor-contratacoes-2025-11-16-ate-2025-11-30	(01/12/26 12:24:24)	(Detached)
1 Socket in /run/screen/S-rdurl0.


Aguardando a screen 'coletor-contratacoes-2025-11-16-ate-2025-11-30' encerrar...
Screen coletor-contratacoes-2025-11-16-ate-2025-11-30 encerrada

Coleta de CONTRATAÇÕES concluída!

---
## ITENS

Script:
 - 'src/ETL/coletores/coleta-itens.R'

Diretório de saída:
 - 'coleta/itens/2025-11/QUINZENA-2'

Screen criada para coletar itens:
 - 'coletor-itens-2025-11-16-ate-2025-11-30'

Saída sendo registrada em:
 - 'coleta/itens/2025-11/QUINZENA-2/run-coletor-itens-2025-11-16-ate-2025-11-30.log'.

Parâmetro do coletor:
 - CONTRATACOES='coleta/contratacoes/2025-11/QUINZENA-2/dados.csv'

Coleta de ITENS em execução...

There is a screen on:
	1824.coletor-itens-2025-11-16-ate-2025-11-30	(01/12/26 13:11:37)	(Detached)
1 Socket in /run/screen/S-rdurl0.

Aguardando a screen 'coletor-itens-2025-11-16-ate-2025-11-30' encerrar...
Screen coletor-itens-2025-11-16-ate-2025-11-30 encerrada

Coleta de ITENS concluída!

---
## CLASSIFICADOR - FILTRA MEDICAMENTOS

Script:
 - 'src/ETL/classificador/filtra-medicamentos.py'

Diretório de saída:
 - 'coleta/itens/2025-11/QUINZENA-2'

Screen criada para coletar contratações:
 - 'classificador-2025-11-16-ate-2025-11-30'

Saída sendo registrada em:
 - 'coleta/itens/2025-11/QUINZENA-2/run-classificador-2025-11-16-ate-2025-11-30.log'.

Parâmetros do classificador:
ITENS='coleta/itens/2025-11/QUINZENA-2/dados.csv'
CATALOGO='data/catmat/catmat.csv'

Python a ser utilizado:
 - './.venv/Scripts/python.exe'

Filtragem e classificação de MEDICAMENTOS em execução...

There is a screen on:
	18749.classificador-2025-11-16-ate-2025-11-30	(01/13/26 04:40:12)	(Detached)
1 Socket in /run/screen/S-rdurl0.


Aguardando o arquivo 'coleta/itens/2025-11/QUINZENA-2/medicamentos.csv' ser criado...

Arquivo coleta/itens/2025-11/QUINZENA-2/medicamentos.csv criado.
Classificação e filtragem de MEDICAMENTOS de ITENS concluída!

---
## RESULTADOS

Script:
 - 'src/ETL/coletores/coleta-resultados.R'

Diretório de saída:
 - 'coleta/resultados/2025-11/QUINZENA-2'

Screen criada para coletar resultados:
 - 'coletor-resultados-2025-11-16-ate-2025-11-30'

Saída sendo registrada em:
 - 'coleta/resultados/2025-11/QUINZENA-2/run-coletor-resultados-2025-11-16-ate-2025-11-30.log'.

Parâmetro do coletor:
 - 'coleta/itens/2025-11/QUINZENA-2/medicamentos.csv'

Coleta de RESULTADOS em execução...

There are screens on:
	20429.coletor-resultados-2025-11-16-ate-2025-11-30	(01/13/26 07:47:12)	(Detached)
	18749.classificador-2025-11-16-ate-2025-11-30	(01/13/26 04:55:39)	(Detached)
2 Sockets in /run/screen/S-rdurl0.
coletando resultados das contratações de medicamentos

Aguardando a screen 'coletor-resultados-2025-11-16-ate-2025-11-30' encerrar...
Screen coletor-resultados-2025-11-16-ate-2025-11-30 encerrada

Coleta de RESULTADOS de MEDICAMENTOS concluída!

---
## RECOLETA DE RESULTADOS

Script:
 - 'src/ETL/coletores/recoleta-resultados.R'

Diretório de saída:
 - 'coleta/resultados/2025-11/QUINZENA-2/recoleta'

Screen criada para RECOLETA de resultados:
 - 'recoletor-resultados-2025-11-16-ate-2025-11-30'

Saída sendo registrada em:
 - 'coleta/resultados/2025-11/QUINZENA-2/recoleta/run-recoletor-resultados-2025-11-16-ate-2025-11-30.log'.

Recoleta de RESULTADOS em execução...

There is a screen on:
	22034.recoletor-resultados-2025-11-16-ate-2025-11-30	(01/13/26 09:16:52)	(Detached)
1 Socket in /run/screen/S-rdurl0.


Aguardando a screen 'recoletor-resultados-2025-11-16-ate-2025-11-30' encerrar...
Screen recoletor-resultados-2025-11-16-ate-2025-11-30 encerrada

Recoleta de RESULTADOS concluída!

COLETA ENCERRADA ÀS '16-Jan-2026 11:18:02'!
---
## PACOTE DE DADOS

Diretório 'coleta/data-package/2025/11 - Novembro/QUINZENA-2/DATA' criado.
Diretório 'coleta/data-package/2025/11 - Novembro/QUINZENA-2/LOG' criado.

Arquivos csv copiados para coleta/data-package/2025/11 - Novembro/QUINZENA-2/DATA

Estrutura do pacote de dados:

[ 512]  coleta/data-package/2025/11 - Novembro/QUINZENA-2
├── [ 512]  DATA
│   ├── [ 613]  contratacoes-erros.csv
│   ├── [ 205]  contratacoes-monitoramento.csv
│   ├── [115M]  contratacoes.csv
│   ├── [ 727]  itens-erros.csv
│   ├── [524K]  itens-medicamentos-resultados-erros.csv
│   ├── [ 850]  itens-medicamentos-resultados-monitoramento.csv
│   ├── [2.1M]  itens-medicamentos-resultados.csv
│   ├── [4.4M]  itens-medicamentos.csv
│   ├── [7.9K]  itens-monitoramento.csv
│   └── [169M]  itens.csv
└── [ 512]  LOG
    ├── [ 655]  run-classificador-2025-11-16-ate-2025-11-30.log
    ├── [ 46K]  run-coletor-contratacoes-2025-11-16-ate-2025-11-30.log
    ├── [2.3M]  run-coletor-itens-2025-11-16-ate-2025-11-30.log
    ├── [367K]  run-coletor-resultados-2025-11-16-ate-2025-11-30.log
    └── [6.2M]  run-recoletor-resultados-2025-11-16-ate-2025-11-30.log

3 directories, 15 files

Arquivos de log copiados para coleta/data-package/2025/11 - Novembro/QUINZENA-2/LOG

Fim! =)
