---
# COLETORES
---

INÍCIO DA COLETA ÀS '25-Jun-2025 15:22:22'

Diretório: ENTRADA
/mnt/c/Users/rdurl/OneDrive/Documentos/cesta-de-precos-pncp/src/ETL


Diretório:
/mnt/c/Users/rdurl/OneDrive/Documentos/cesta-de-precos-pncp

PARÂMETROS: 
 - PRIMEIRO_DIA='2025-04-01' - é a data de início da coleta
 - ULTIMO_DIA='2025-04-15' - é a data final da coleta
 - ALIAS_COLETA='2025-04/QUINZENA-1' - é um alias para identificar a coleta e apontar um destino no diretório de /coletas

---
## CONTRATAÇÃO

Script:
 - 'src/ETL/coletores/coleta-contratacoes.R'

Diretório de saída:
 - 'coleta/contratacoes/2025-04/QUINZENA-1'

Screen criada para coletar contratações:
 - 'coletor-contratacoes-2025-04-01-ate-2025-04-15'

Saída sendo registrada em:
 - 'coleta/contratacoes/2025-04/QUINZENA-1/run-coletor-contratacoes-2025-04-01-ate-2025-04-15.log'.

Parâmetros do coletor: 
 - PATH_OUTPUT_DIR="coleta/contratacoes/2025-04/QUINZENA-1"
 - PRIMEIRO_DIA="2025-04-01"
 - ULTIMO_DIA="2025-04-15"

Coleta de CONTRATAÇÕES em execução...

There is a screen on:
	3507.coletor-contratacoes-2025-04-01-ate-2025-04-15	(06/25/25 15:22:22)	(Detached)
1 Socket in /run/screen/S-rdurl0.


Aguardando a screen 'coletor-contratacoes-2025-04-01-ate-2025-04-15' encerrar...
Screen coletor-contratacoes-2025-04-01-ate-2025-04-15 encerrada

Coleta de CONTRATAÇÕES concluída!

---
## ITENS

O arquivo 'coleta/itens/2025-04/QUINZENA-1/dados.csv' já existe. Deseja executar o coletor/classificador novamente? (s/n): 
