---
# COLETORES
---

INÍCIO DA COLETA ÀS '12-Jun-2025 14:37:32'

Diretório: ENTRADA
/mnt/c/Users/rdurl/OneDrive/Documentos/cesta-de-precos-pncp/src/ETL


Diretório:
/mnt/c/Users/rdurl/OneDrive/Documentos/cesta-de-precos-pncp

PARÂMETROS: 
 - PRIMEIRO_DIA='2025-04-16' - é a data de início da coleta
 - ULTIMO_DIA='2025-04-30' - é a data final da coleta
 - ALIAS_COLETA='2025-04/QUINZENA-2' - é um alias para identificar a coleta e apontar um destino no diretório de /coletas

---
## CONTRATAÇÃO

Script:
 - 'src/ETL/coletores/coleta-contratacoes.R'

Diretório de saída:
 - 'coleta/contratacoes/2025-04/QUINZENA-2'

Screen criada para coletar contratações:
 - 'coletor-contratacoes-2025-04-16-ate-2025-04-30'

Saída sendo registrada em:
 - 'coleta/contratacoes/2025-04/QUINZENA-2/run-coletor-contratacoes-2025-04-16-ate-2025-04-30.log'.

Parâmetros do coletor: 
 - PATH_OUTPUT_DIR="coleta/contratacoes/2025-04/QUINZENA-2"
 - PRIMEIRO_DIA="2025-04-16"
 - ULTIMO_DIA="2025-04-30"

Coleta de CONTRATAÇÕES em execução...

There is a screen on:
	7105.coletor-contratacoes-2025-04-16-ate-2025-04-30	(06/12/25 14:37:32)	(Detached)
1 Socket in /run/screen/S-rdurl0.


Aguardando a screen 'coletor-contratacoes-2025-04-16-ate-2025-04-30' encerrar...
Screen coletor-contratacoes-2025-04-16-ate-2025-04-30 encerrada

Coleta de CONTRATAÇÕES concluída!

---
## ITENS

Script:
 - 'src/ETL/coletores/coleta-itens.R'

Diretório de saída:
 - 'coleta/itens/2025-04/QUINZENA-2'

Screen criada para coletar itens:
 - 'coletor-itens-2025-04-16-ate-2025-04-30'

Saída sendo registrada em:
 - 'coleta/itens/2025-04/QUINZENA-2/run-coletor-itens-2025-04-16-ate-2025-04-30.log'.

Parâmetro do coletor:
 - CONTRATACOES='coleta/contratacoes/2025-04/QUINZENA-2/dados.csv'

Coleta de ITENS em execução...

There is a screen on:
	7992.coletor-itens-2025-04-16-ate-2025-04-30	(06/12/25 15:29:40)	(Detached)
1 Socket in /run/screen/S-rdurl0.

Aguardando a screen 'coletor-itens-2025-04-16-ate-2025-04-30' encerrar...
Screen coletor-itens-2025-04-16-ate-2025-04-30 encerrada

Coleta de ITENS concluída!

---
## CLASSIFICADOR - FILTRA MEDICAMENTOS

Script:
 - 'src/ETL/classificador/filtra-medicamentos.py'

Diretório de saída:
 - 'coleta/itens/2025-04/QUINZENA-2'

Screen criada para coletar contratações:
 - 'classificador-2025-04-16-ate-2025-04-30'

Saída sendo registrada em:
 - 'coleta/itens/2025-04/QUINZENA-2/run-classificador-2025-04-16-ate-2025-04-30.log'.

Parâmetros do classificador:
ITENS='coleta/itens/2025-04/QUINZENA-2/dados.csv'
CATALOGO='data/catmat/catmat.csv'

Filtragem e classificação de MEDICAMENTOS em execução...

There is a screen on:
	26753.classificador-2025-04-16-ate-2025-04-30	(06/13/25 09:44:14)	(Detached)
1 Socket in /run/screen/S-rdurl0.


Aguardando o arquivo 'coleta/itens/2025-04/QUINZENA-2/medicamentos.csv' ser criado...

Arquivo coleta/itens/2025-04/QUINZENA-2/medicamentos.csv criado.
Classificação e filtragem de MEDICAMENTOS de ITENS concluída!

---
## RESULTADOS

Script:
 - 'src/ETL/coletores/coleta-resultados.R'

Diretório de saída:
 - 'coleta/resultados/2025-04/QUINZENA-2'

Screen criada para coletar resultados:
 - 'coletor-resultados-2025-04-16-ate-2025-04-30'

Saída sendo registrada em:
 - 'coleta/resultados/2025-04/QUINZENA-2/run-coletor-resultados-2025-04-16-ate-2025-04-30.log'.

Parâmetro do coletor:
 - 'coleta/itens/2025-04/QUINZENA-2/medicamentos.csv'

Coleta de RESULTADOS em execução...

There is a screen on:
	27939.coletor-resultados-2025-04-16-ate-2025-04-30	(06/13/25 13:02:28)	(Detached)
1 Socket in /run/screen/S-rdurl0.
coletando resultados das contratações de medicamentos

Aguardando a screen 'coletor-resultados-2025-04-16-ate-2025-04-30' encerrar...
Screen coletor-resultados-2025-04-16-ate-2025-04-30 encerrada

Coleta de RESULTADOS de MEDICAMENTOS concluída!


COLETA ENCERRADA ÀS '13-Jun-2025 15:33:56'!
---
## PACOTE DE DADOS

Diretório 'coleta/data-package/2025/ABR/QUINZENA-2/DATA' criado.
Diretório 'coleta/data-package/2025/ABR/QUINZENA-2/LOG' criado.

Arquivos csv copiados para coleta/data-package/2025/ABR/QUINZENA-2/DATA

Estrutura do pacote de dados:

[ 512]  coleta/data-package/2025/ABR/QUINZENA-2
├── [ 512]  DATA
│   ├── [ 417]  contratacoes-erros.csv
│   ├── [ 286]  contratacoes-monitoramento.csv
│   ├── [130M]  contratacoes.csv
│   ├── [ 515]  itens-erros.csv
│   ├── [920K]  itens-medicamentos-resultados-erros.csv
│   ├── [1.2K]  itens-medicamentos-resultados-monitoramento.csv
│   ├── [2.8M]  itens-medicamentos-resultados.csv
│   ├── [6.5M]  itens-medicamentos.csv
│   ├── [8.9K]  itens-monitoramento.csv
│   └── [178M]  itens.csv
└── [ 512]  LOG
    ├── [2.6K]  run-classificador-2025-04-16-ate-2025-04-30.log
    ├── [ 29K]  run-coletor-contratacoes-2025-04-16-ate-2025-04-30.log
    ├── [2.6M]  run-coletor-itens-2025-04-16-ate-2025-04-30.log
    └── [609K]  run-coletor-resultados-2025-04-16-ate-2025-04-30.log

3 directories, 14 files
