---
# COLETORES
---

INÍCIO DA COLETA ÀS '16-Jan-2026 17:20:32'

Diretório: ENTRADA
/mnt/c/Users/rdurl/OneDrive/Documentos/cesta-de-precos-pncp/src/ETL


Diretório:
/mnt/c/Users/rdurl/OneDrive/Documentos/cesta-de-precos-pncp

PARÂMETROS: 
 - PRIMEIRO_DIA='2025-12-01' - é a data de início da coleta
 - ULTIMO_DIA='2025-12-15' - é a data final da coleta
 - ALIAS_COLETA='2025-12/QUINZENA-1' - é um alias para identificar a coleta e apontar um destino no diretório de /coletas

---
## CONTRATAÇÃO

Script:
 - 'src/ETL/coletores/coleta-contratacoes.R'

Diretório de saída:
 - 'coleta/contratacoes/2025-12/QUINZENA-1'

Screen criada para coletar contratações:
 - 'coletor-contratacoes-2025-12-01-ate-2025-12-15'

Saída sendo registrada em:
 - 'coleta/contratacoes/2025-12/QUINZENA-1/run-coletor-contratacoes-2025-12-01-ate-2025-12-15.log'.

Parâmetros do coletor: 
 - PATH_OUTPUT_DIR="coleta/contratacoes/2025-12/QUINZENA-1"
 - PRIMEIRO_DIA="2025-12-01"
 - ULTIMO_DIA="2025-12-15"

Coleta de CONTRATAÇÕES em execução...

There is a screen on:
	799.coletor-contratacoes-2025-12-01-ate-2025-12-15	(01/16/26 17:20:32)	(Detached)
1 Socket in /run/screen/S-rdurl0.


Aguardando a screen 'coletor-contratacoes-2025-12-01-ate-2025-12-15' encerrar...
Screen coletor-contratacoes-2025-12-01-ate-2025-12-15 encerrada

Coleta de CONTRATAÇÕES concluída!

---
## ITENS

Script:
 - 'src/ETL/coletores/coleta-itens.R'

Diretório de saída:
 - 'coleta/itens/2025-12/QUINZENA-1'

Screen criada para coletar itens:
 - 'coletor-itens-2025-12-01-ate-2025-12-15'

Saída sendo registrada em:
 - 'coleta/itens/2025-12/QUINZENA-1/run-coletor-itens-2025-12-01-ate-2025-12-15.log'.

Parâmetro do coletor:
 - CONTRATACOES='coleta/contratacoes/2025-12/QUINZENA-1/dados.csv'

Coleta de ITENS em execução...

There is a screen on:
	1621.coletor-itens-2025-12-01-ate-2025-12-15	(01/16/26 18:01:54)	(Detached)
1 Socket in /run/screen/S-rdurl0.

Aguardando a screen 'coletor-itens-2025-12-01-ate-2025-12-15' encerrar...
Screen coletor-itens-2025-12-01-ate-2025-12-15 encerrada

Coleta de ITENS concluída!

---
## CLASSIFICADOR - FILTRA MEDICAMENTOS

Script:
 - 'src/ETL/classificador/filtra-medicamentos.py'

Diretório de saída:
 - 'coleta/itens/2025-12/QUINZENA-1'

Screen criada para coletar contratações:
 - 'classificador-2025-12-01-ate-2025-12-15'

Saída sendo registrada em:
 - 'coleta/itens/2025-12/QUINZENA-1/run-classificador-2025-12-01-ate-2025-12-15.log'.

Parâmetros do classificador:
ITENS='coleta/itens/2025-12/QUINZENA-1/dados.csv'
CATALOGO='data/catmat/catmat.csv'

Python a ser utilizado:
 - './.venv/Scripts/python.exe'

Filtragem e classificação de MEDICAMENTOS em execução...

There is a screen on:
	16674.classificador-2025-12-01-ate-2025-12-15	(01/17/26 07:44:47)	(Detached)
1 Socket in /run/screen/S-rdurl0.


Aguardando o arquivo 'coleta/itens/2025-12/QUINZENA-1/medicamentos.csv' ser criado...

Arquivo coleta/itens/2025-12/QUINZENA-1/medicamentos.csv criado.
Classificação e filtragem de MEDICAMENTOS de ITENS concluída!

---
## RESULTADOS

Script:
 - 'src/ETL/coletores/coleta-resultados.R'

Diretório de saída:
 - 'coleta/resultados/2025-12/QUINZENA-1'

Screen criada para coletar resultados:
 - 'coletor-resultados-2025-12-01-ate-2025-12-15'

Saída sendo registrada em:
 - 'coleta/resultados/2025-12/QUINZENA-1/run-coletor-resultados-2025-12-01-ate-2025-12-15.log'.

Parâmetro do coletor:
 - 'coleta/itens/2025-12/QUINZENA-1/medicamentos.csv'

Coleta de RESULTADOS em execução...

There are screens on:
	17747.coletor-resultados-2025-12-01-ate-2025-12-15	(01/17/26 10:40:03)	(Detached)
	16674.classificador-2025-12-01-ate-2025-12-15	(01/17/26 07:59:21)	(Detached)
2 Sockets in /run/screen/S-rdurl0.
coletando resultados das contratações de medicamentos

Aguardando a screen 'coletor-resultados-2025-12-01-ate-2025-12-15' encerrar...
Screen coletor-resultados-2025-12-01-ate-2025-12-15 encerrada

Coleta de RESULTADOS de MEDICAMENTOS concluída!

---
## RECOLETA DE RESULTADOS

Script:
 - 'src/ETL/coletores/recoleta-resultados.R'

Diretório de saída:
 - 'coleta/resultados/2025-12/QUINZENA-1/recoleta'

Screen criada para RECOLETA de resultados:
 - 'recoletor-resultados-2025-12-01-ate-2025-12-15'

Saída sendo registrada em:
 - 'coleta/resultados/2025-12/QUINZENA-1/recoleta/run-recoletor-resultados-2025-12-01-ate-2025-12-15.log'.

Recoleta de RESULTADOS em execução...

There is a screen on:
	19391.recoletor-resultados-2025-12-01-ate-2025-12-15	(01/17/26 12:15:45)	(Detached)
1 Socket in /run/screen/S-rdurl0.


Aguardando a screen 'recoletor-resultados-2025-12-01-ate-2025-12-15' encerrar...
Screen recoletor-resultados-2025-12-01-ate-2025-12-15 encerrada

Recoleta de RESULTADOS concluída!


COLETA ENCERRADA ÀS '18-Jan-2026 22:44:56'!
---
## PACOTE DE DADOS

Diretório 'coleta/data-package/2025/12 - Dezembro/QUINZENA-1/DATA' criado.
Diretório 'coleta/data-package/2025/12 - Dezembro/QUINZENA-1/LOG' criado.

Arquivos csv copiados para coleta/data-package/2025/12 - Dezembro/QUINZENA-1/DATA

Estrutura do pacote de dados:

[ 512]  coleta/data-package/2025/12 - Dezembro/QUINZENA-1
├── [ 512]  DATA
│   ├── [ 213]  contratacoes-erros.csv
│   ├── [ 205]  contratacoes-monitoramento.csv
│   ├── [106M]  contratacoes.csv
│   ├── [ 102]  itens-erros.csv
│   ├── [623K]  itens-medicamentos-resultados-erros.csv
│   ├── [ 936]  itens-medicamentos-resultados-monitoramento.csv
│   ├── [ 16M]  itens-medicamentos-resultados-recoleta-erros.csv
│   ├── [ 12K]  itens-medicamentos-resultados-recoleta-monitoramento.csv
│   ├── [4.3M]  itens-medicamentos-resultados-recoleta.csv
│   ├── [2.0M]  itens-medicamentos-resultados.csv
│   ├── [4.7M]  itens-medicamentos.csv
│   ├── [7.2K]  itens-monitoramento.csv
│   └── [145M]  itens.csv
└── [ 512]  LOG
    ├── [ 655]  run-classificador-2025-12-01-ate-2025-12-15.log
    ├── [ 41K]  run-coletor-contratacoes-2025-12-01-ate-2025-12-15.log
    ├── [2.1M]  run-coletor-itens-2025-12-01-ate-2025-12-15.log
    ├── [413K]  run-coletor-resultados-2025-12-01-ate-2025-12-15.log
    └── [8.0M]  run-recoletor-resultados-2025-12-01-ate-2025-12-15.log

3 directories, 18 files
