---
# COLETORES
---

INÍCIO DA COLETA ÀS '19-Jan-2026 09:39:38'

Diretório: ENTRADA
/mnt/c/Users/rdurl/OneDrive/Documentos/cesta-de-precos-pncp/src/ETL


Diretório:
/mnt/c/Users/rdurl/OneDrive/Documentos/cesta-de-precos-pncp

PARÂMETROS: 
 - PRIMEIRO_DIA='2025-12-16' - é a data de início da coleta
 - ULTIMO_DIA='2025-12-31' - é a data final da coleta
 - ALIAS_COLETA='2025-12/QUINZENA-2' - é um alias para identificar a coleta e apontar um destino no diretório de /coletas

Resposta: N

---
## CONTRATAÇÃO

Script:
 - 'src/ETL/coletores/coleta-contratacoes.R'

Diretório de saída:
 - 'coleta/contratacoes/2025-12/QUINZENA-2'

Screen criada para coletar contratações:
 - 'coletor-contratacoes-2025-12-16-ate-2025-12-31'

Saída sendo registrada em:
 - 'coleta/contratacoes/2025-12/QUINZENA-2/run-coletor-contratacoes-2025-12-16-ate-2025-12-31.log'.

Parâmetros do coletor: 
 - PATH_OUTPUT_DIR="coleta/contratacoes/2025-12/QUINZENA-2"
 - PRIMEIRO_DIA="2025-12-16"
 - ULTIMO_DIA="2025-12-31"

Coleta de CONTRATAÇÕES em execução...

There is a screen on:
	1111.coletor-contratacoes-2025-12-16-ate-2025-12-31	(01/19/26 09:39:42)	(Detached)
1 Socket in /run/screen/S-rdurl0.


Aguardando a screen 'coletor-contratacoes-2025-12-16-ate-2025-12-31' encerrar...
Screen coletor-contratacoes-2025-12-16-ate-2025-12-31 encerrada

Coleta de CONTRATAÇÕES concluída!

---
## ITENS

Script:
 - 'src/ETL/coletores/coleta-itens.R'

Diretório de saída:
 - 'coleta/itens/2025-12/QUINZENA-2'

Screen criada para coletar itens:
 - 'coletor-itens-2025-12-16-ate-2025-12-31'

Saída sendo registrada em:
 - 'coleta/itens/2025-12/QUINZENA-2/run-coletor-itens-2025-12-16-ate-2025-12-31.log'.

Parâmetro do coletor:
 - CONTRATACOES='coleta/contratacoes/2025-12/QUINZENA-2/dados.csv'

Coleta de ITENS em execução...

There is a screen on:
	2270.coletor-itens-2025-12-16-ate-2025-12-31	(01/19/26 10:17:44)	(Detached)
1 Socket in /run/screen/S-rdurl0.

Aguardando a screen 'coletor-itens-2025-12-16-ate-2025-12-31' encerrar...
Screen coletor-itens-2025-12-16-ate-2025-12-31 encerrada

Coleta de ITENS concluída!

---
## CLASSIFICADOR - FILTRA MEDICAMENTOS

Script:
 - 'src/ETL/classificador/filtra-medicamentos.py'

Diretório de saída:
 - 'coleta/itens/2025-12/QUINZENA-2'

Screen criada para coletar contratações:
 - 'classificador-2025-12-16-ate-2025-12-31'

Saída sendo registrada em:
 - 'coleta/itens/2025-12/QUINZENA-2/run-classificador-2025-12-16-ate-2025-12-31.log'.

Parâmetros do classificador:
ITENS='coleta/itens/2025-12/QUINZENA-2/dados.csv'
CATALOGO='data/catmat/catmat.csv'

Python a ser utilizado:
 - './.venv/Scripts/python.exe'

Filtragem e classificação de MEDICAMENTOS em execução...

There is a screen on:
	18197.classificador-2025-12-16-ate-2025-12-31	(01/19/26 23:02:16)	(Detached)
1 Socket in /run/screen/S-rdurl0.


Aguardando o arquivo 'coleta/itens/2025-12/QUINZENA-2/medicamentos.csv' ser criado...

Arquivo coleta/itens/2025-12/QUINZENA-2/medicamentos.csv criado.
Classificação e filtragem de MEDICAMENTOS de ITENS concluída!

---
## RESULTADOS

Script:
 - 'src/ETL/coletores/coleta-resultados.R'

Diretório de saída:
 - 'coleta/resultados/2025-12/QUINZENA-2'

Screen criada para coletar resultados:
 - 'coletor-resultados-2025-12-16-ate-2025-12-31'

Saída sendo registrada em:
 - 'coleta/resultados/2025-12/QUINZENA-2/run-coletor-resultados-2025-12-16-ate-2025-12-31.log'.

Parâmetro do coletor:
 - 'coleta/itens/2025-12/QUINZENA-2/medicamentos.csv'

Coleta de RESULTADOS em execução...

There is a screen on:
	19198.coletor-resultados-2025-12-16-ate-2025-12-31	(01/20/26 01:36:46)	(Detached)
1 Socket in /run/screen/S-rdurl0.
coletando resultados das contratações de medicamentos

Aguardando a screen 'coletor-resultados-2025-12-16-ate-2025-12-31' encerrar...
Screen coletor-resultados-2025-12-16-ate-2025-12-31 encerrada

Coleta de RESULTADOS de MEDICAMENTOS concluída!

---
## RECOLETA DE RESULTADOS


Recoleta de RESULTADOS ignorada (usuário optou por não executar).


COLETA ENCERRADA ÀS '20-Jan-2026 03:06:03'!
---
## PACOTE DE DADOS

Diretório 'coleta/data-package/2025/12 - Dezembro/QUINZENA-2/DATA' criado.
Diretório 'coleta/data-package/2025/12 - Dezembro/QUINZENA-2/LOG' criado.

Arquivos csv copiados para coleta/data-package/2025/12 - Dezembro/QUINZENA-2/DATA

Estrutura do pacote de dados:

[ 512]  coleta/data-package/2025/12 - Dezembro/QUINZENA-2
├── [ 512]  DATA
│   ├── [   0]  contratacoes-erros.csv
│   ├── [ 205]  contratacoes-monitoramento.csv
│   ├── [ 94M]  contratacoes.csv
│   ├── [ 310]  itens-erros.csv
│   ├── [605K]  itens-medicamentos-resultados-erros.csv
│   ├── [ 854]  itens-medicamentos-resultados-monitoramento.csv
│   ├── [1.8M]  itens-medicamentos-resultados.csv
│   ├── [4.4M]  itens-medicamentos.csv
│   ├── [6.5K]  itens-monitoramento.csv
│   └── [125M]  itens.csv
└── [ 512]  LOG
    ├── [ 655]  run-classificador-2025-12-16-ate-2025-12-31.log
    ├── [ 38K]  run-coletor-contratacoes-2025-12-16-ate-2025-12-31.log
    ├── [1.9M]  run-coletor-itens-2025-12-16-ate-2025-12-31.log
    └── [390K]  run-coletor-resultados-2025-12-16-ate-2025-12-31.log

3 directories, 14 files
