---
# COLETORES
---

INÍCIO DA COLETA ÀS '16-Aug-2025 10:39:34'

Diretório: ENTRADA
/mnt/c/Users/rdurl/OneDrive/Documentos/cesta-de-precos-pncp/src/ETL


Diretório:
/mnt/c/Users/rdurl/OneDrive/Documentos/cesta-de-precos-pncp

PARÂMETROS: 
 - PRIMEIRO_DIA='2025-07-17' - é a data de início da coleta
 - ULTIMO_DIA='2025-07-31' - é a data final da coleta
 - ALIAS_COLETA='2025-07/QUINZENA-2' - é um alias para identificar a coleta e apontar um destino no diretório de /coletas

---
## CONTRATAÇÃO

Script:
 - 'src/ETL/coletores/coleta-contratacoes.R'

Diretório de saída:
 - 'coleta/contratacoes/2025-07/QUINZENA-2'

Screen criada para coletar contratações:
 - 'coletor-contratacoes-2025-07-17-ate-2025-07-31'

Saída sendo registrada em:
 - 'coleta/contratacoes/2025-07/QUINZENA-2/run-coletor-contratacoes-2025-07-17-ate-2025-07-31.log'.

Parâmetros do coletor: 
 - PATH_OUTPUT_DIR="coleta/contratacoes/2025-07/QUINZENA-2"
 - PRIMEIRO_DIA="2025-07-17"
 - ULTIMO_DIA="2025-07-31"

Coleta de CONTRATAÇÕES em execução...

There is a screen on:
	12914.coletor-contratacoes-2025-07-17-ate-2025-07-31	(08/16/25 10:39:34)	(Detached)
1 Socket in /run/screen/S-rdurl0.


Aguardando a screen 'coletor-contratacoes-2025-07-17-ate-2025-07-31' encerrar...
Screen coletor-contratacoes-2025-07-17-ate-2025-07-31 encerrada

Coleta de CONTRATAÇÕES concluída!

---
## ITENS

Script:
 - 'src/ETL/coletores/coleta-itens.R'

Diretório de saída:
 - 'coleta/itens/2025-07/QUINZENA-2'

Screen criada para coletar itens:
 - 'coletor-itens-2025-07-17-ate-2025-07-31'

Saída sendo registrada em:
 - 'coleta/itens/2025-07/QUINZENA-2/run-coletor-itens-2025-07-17-ate-2025-07-31.log'.

Parâmetro do coletor:
 - CONTRATACOES='coleta/contratacoes/2025-07/QUINZENA-2/dados.csv'

Coleta de ITENS em execução...

There is a screen on:
	14725.coletor-itens-2025-07-17-ate-2025-07-31	(08/16/25 12:17:20)	(Detached)
1 Socket in /run/screen/S-rdurl0.

Aguardando a screen 'coletor-itens-2025-07-17-ate-2025-07-31' encerrar...
Screen coletor-itens-2025-07-17-ate-2025-07-31 encerrada

Coleta de ITENS concluída!

---
## CLASSIFICADOR - FILTRA MEDICAMENTOS

Script:
 - 'src/ETL/classificador/filtra-medicamentos.py'

Diretório de saída:
 - 'coleta/itens/2025-07/QUINZENA-2'

Screen criada para coletar contratações:
 - 'classificador-2025-07-17-ate-2025-07-31'

Saída sendo registrada em:
 - 'coleta/itens/2025-07/QUINZENA-2/run-classificador-2025-07-17-ate-2025-07-31.log'.

Parâmetros do classificador:
ITENS='coleta/itens/2025-07/QUINZENA-2/dados.csv'
CATALOGO='data/catmat/catmat.csv'

Filtragem e classificação de MEDICAMENTOS em execução...

There is a screen on:
	125222.classificador-2025-07-17-ate-2025-07-31	(08/17/25 01:58:07)	(Detached)
1 Socket in /run/screen/S-rdurl0.


Aguardando o arquivo 'coleta/itens/2025-07/QUINZENA-2/medicamentos.csv' ser criado...

Arquivo coleta/itens/2025-07/QUINZENA-2/medicamentos.csv criado.
Classificação e filtragem de MEDICAMENTOS de ITENS concluída!

---
## RESULTADOS

Script:
 - 'src/ETL/coletores/coleta-resultados.R'

Diretório de saída:
 - 'coleta/resultados/2025-07/QUINZENA-2'

Screen criada para coletar resultados:
 - 'coletor-resultados-2025-07-17-ate-2025-07-31'

Saída sendo registrada em:
 - 'coleta/resultados/2025-07/QUINZENA-2/run-coletor-resultados-2025-07-17-ate-2025-07-31.log'.

Parâmetro do coletor:
 - 'coleta/itens/2025-07/QUINZENA-2/medicamentos.csv'

Coleta de RESULTADOS em execução...

There is a screen on:
	153552.coletor-resultados-2025-07-17-ate-2025-07-31	(08/17/25 04:37:20)	(Detached)
1 Socket in /run/screen/S-rdurl0.
coletando resultados das contratações de medicamentos

Aguardando a screen 'coletor-resultados-2025-07-17-ate-2025-07-31' encerrar...
Screen coletor-resultados-2025-07-17-ate-2025-07-31 encerrada

Coleta de RESULTADOS de MEDICAMENTOS concluída!


COLETA ENCERRADA ÀS '17-Aug-2025 06:28:45'!
---
## PACOTE DE DADOS

Diretório 'coleta/data-package/2025/7 - Julho/QUINZENA-2/DATA' criado.
Diretório 'coleta/data-package/2025/7 - Julho/QUINZENA-2/LOG' criado.

Arquivos csv copiados para coleta/data-package/2025/7 - Julho/QUINZENA-2/DATA

Estrutura do pacote de dados:

[ 512]  coleta/data-package/2025/7 - Julho/QUINZENA-2
├── [ 512]  DATA
│   ├── [1.6K]  contratacoes-erros.csv
│   ├── [ 205]  contratacoes-monitoramento.csv
│   ├── [101M]  contratacoes.csv
│   ├── [   0]  itens-erros.csv
│   ├── [805K]  itens-medicamentos-resultados-erros.csv
│   ├── [1016]  itens-medicamentos-resultados-monitoramento.csv
│   ├── [1.9M]  itens-medicamentos-resultados.csv
│   ├── [5.2M]  itens-medicamentos.csv
│   ├── [6.8K]  itens-monitoramento.csv
│   └── [137M]  itens.csv
└── [ 512]  LOG
    ├── [ 416]  run-classificador-2025-07-17-ate-2025-07-31.log
    ├── [ 40K]  run-coletor-contratacoes-2025-07-17-ate-2025-07-31.log
    ├── [2.0M]  run-coletor-itens-2025-07-17-ate-2025-07-31.log
    └── [494K]  run-coletor-resultados-2025-07-17-ate-2025-07-31.log

3 directories, 14 files

Arquivos de log copiados para coleta/data-package/2025/7 - Julho/QUINZENA-2/LOG

Fim! =)
