---
# COLETORES
---

INÍCIO DA COLETA ÀS '26-Jun-2025 10:48:34'

Diretório: ENTRADA
/mnt/c/Users/rdurl/OneDrive/Documentos/cesta-de-precos-pncp/src/ETL


Diretório:
/mnt/c/Users/rdurl/OneDrive/Documentos/cesta-de-precos-pncp

PARÂMETROS: 
 - PRIMEIRO_DIA='2025-04-01' - é a data de início da coleta
 - ULTIMO_DIA='2025-04-15' - é a data final da coleta
 - ALIAS_COLETA='2025-04/QUINZENA-1' - é um alias para identificar a coleta e apontar um destino no diretório de /coletas

---
## CONTRATAÇÃO

O arquivo 'coleta/contratacoes/2025-04/QUINZENA-1/dados.csv' já existe. Deseja executar o coletor/classificador novamente? (s/n): 
Resposta: n

Execução do coletor ignorada.

Coleta de CONTRATAÇÕES concluída!

---
## ITENS

Script:
 - 'src/ETL/coletores/coleta-itens.R'

Diretório de saída:
 - 'coleta/itens/2025-04/QUINZENA-1'

Screen criada para coletar itens:
 - 'coletor-itens-2025-04-01-ate-2025-04-15'

Saída sendo registrada em:
 - 'coleta/itens/2025-04/QUINZENA-1/run-coletor-itens-2025-04-01-ate-2025-04-15.log'.

Parâmetro do coletor:
 - CONTRATACOES='coleta/contratacoes/2025-04/QUINZENA-1/dados.csv'

Coleta de ITENS em execução...

There is a screen on:
	20354.coletor-itens-2025-04-01-ate-2025-04-15	(06/26/25 10:48:46)	(Detached)
1 Socket in /run/screen/S-rdurl0.

Aguardando a screen 'coletor-itens-2025-04-01-ate-2025-04-15' encerrar...
Screen coletor-itens-2025-04-01-ate-2025-04-15 encerrada

Coleta de ITENS concluída!

---
## CLASSIFICADOR - FILTRA MEDICAMENTOS

Script:
 - 'src/ETL/classificador/filtra-medicamentos.py'

Diretório de saída:
 - 'coleta/itens/2025-04/QUINZENA-1'

Screen criada para coletar contratações:
 - 'classificador-2025-04-01-ate-2025-04-15'

Saída sendo registrada em:
 - 'coleta/itens/2025-04/QUINZENA-1/run-classificador-2025-04-01-ate-2025-04-15.log'.

Parâmetros do classificador:
ITENS='coleta/itens/2025-04/QUINZENA-1/dados.csv'
CATALOGO='data/catmat/catmat.csv'

Filtragem e classificação de MEDICAMENTOS em execução...

There is a screen on:
	21413.classificador-2025-04-01-ate-2025-04-15	(06/26/25 11:51:48)	(Detached)
1 Socket in /run/screen/S-rdurl0.


Aguardando o arquivo 'coleta/itens/2025-04/QUINZENA-1/medicamentos.csv' ser criado...

Arquivo coleta/itens/2025-04/QUINZENA-1/medicamentos.csv criado.
Classificação e filtragem de MEDICAMENTOS de ITENS concluída!

---
## RESULTADOS

Script:
 - 'src/ETL/coletores/coleta-resultados.R'

Diretório de saída:
 - 'coleta/resultados/2025-04/QUINZENA-1'

Screen criada para coletar resultados:
 - 'coletor-resultados-2025-04-01-ate-2025-04-15'

Saída sendo registrada em:
 - 'coleta/resultados/2025-04/QUINZENA-1/run-coletor-resultados-2025-04-01-ate-2025-04-15.log'.

Parâmetro do coletor:
 - 'coleta/itens/2025-04/QUINZENA-1/medicamentos.csv'

Coleta de RESULTADOS em execução...

There is a screen on:
	22378.coletor-resultados-2025-04-01-ate-2025-04-15	(06/26/25 14:16:40)	(Detached)
1 Socket in /run/screen/S-rdurl0.
coletando resultados das contratações de medicamentos

Aguardando a screen 'coletor-resultados-2025-04-01-ate-2025-04-15' encerrar...
