---
# COLETORES
---

INÍCIO DA COLETA ÀS '04-Jul-2025 11:38:45'

Diretório: ENTRADA
/mnt/c/Users/rdurl/OneDrive/Documentos/cesta-de-precos-pncp/src/ETL


Diretório:
/mnt/c/Users/rdurl/OneDrive/Documentos/cesta-de-precos-pncp

PARÂMETROS: 
 - PRIMEIRO_DIA='2025-06-01' - é a data de início da coleta
 - ULTIMO_DIA='2025-06-15' - é a data final da coleta
 - ALIAS_COLETA='2025-06/QUINZENA-1' - é um alias para identificar a coleta e apontar um destino no diretório de /coletas

---
## CONTRATAÇÃO

Script:
 - 'src/ETL/coletores/coleta-contratacoes.R'

Diretório de saída:
 - 'coleta/contratacoes/2025-06/QUINZENA-1'

Screen criada para coletar contratações:
 - 'coletor-contratacoes-2025-06-01-ate-2025-06-15'

Saída sendo registrada em:
 - 'coleta/contratacoes/2025-06/QUINZENA-1/run-coletor-contratacoes-2025-06-01-ate-2025-06-15.log'.

Parâmetros do coletor: 
 - PATH_OUTPUT_DIR="coleta/contratacoes/2025-06/QUINZENA-1"
 - PRIMEIRO_DIA="2025-06-01"
 - ULTIMO_DIA="2025-06-15"

Coleta de CONTRATAÇÕES em execução...

There is a screen on:
	899.coletor-contratacoes-2025-06-01-ate-2025-06-15	(07/04/25 11:38:46)	(Detached)
1 Socket in /run/screen/S-rdurl0.


Aguardando a screen 'coletor-contratacoes-2025-06-01-ate-2025-06-15' encerrar...
Screen coletor-contratacoes-2025-06-01-ate-2025-06-15 encerrada

Coleta de CONTRATAÇÕES concluída!

---
## ITENS

Script:
 - 'src/ETL/coletores/coleta-itens.R'

Diretório de saída:
 - 'coleta/itens/2025-06/QUINZENA-1'

Screen criada para coletar itens:
 - 'coletor-itens-2025-06-01-ate-2025-06-15'

Saída sendo registrada em:
 - 'coleta/itens/2025-06/QUINZENA-1/run-coletor-itens-2025-06-01-ate-2025-06-15.log'.

Parâmetro do coletor:
 - CONTRATACOES='coleta/contratacoes/2025-06/QUINZENA-1/dados.csv'

Coleta de ITENS em execução...

There is a screen on:
	2921.coletor-itens-2025-06-01-ate-2025-06-15	(07/04/25 12:39:23)	(Detached)
1 Socket in /run/screen/S-rdurl0.

Aguardando a screen 'coletor-itens-2025-06-01-ate-2025-06-15' encerrar...
Screen coletor-itens-2025-06-01-ate-2025-06-15 encerrada

Coleta de ITENS concluída!

---
## CLASSIFICADOR - FILTRA MEDICAMENTOS

Script:
 - 'src/ETL/classificador/filtra-medicamentos.py'

Diretório de saída:
 - 'coleta/itens/2025-06/QUINZENA-1'

Screen criada para coletar contratações:
 - 'classificador-2025-06-01-ate-2025-06-15'

Saída sendo registrada em:
 - 'coleta/itens/2025-06/QUINZENA-1/run-classificador-2025-06-01-ate-2025-06-15.log'.

Parâmetros do classificador:
ITENS='coleta/itens/2025-06/QUINZENA-1/dados.csv'
CATALOGO='data/catmat/catmat.csv'

Filtragem e classificação de MEDICAMENTOS em execução...

There is a screen on:
	16846.classificador-2025-06-01-ate-2025-06-15	(07/05/25 02:20:37)	(Detached)
1 Socket in /run/screen/S-rdurl0.


Aguardando o arquivo 'coleta/itens/2025-06/QUINZENA-1/medicamentos.csv' ser criado...

Arquivo coleta/itens/2025-06/QUINZENA-1/medicamentos.csv criado.
Classificação e filtragem de MEDICAMENTOS de ITENS concluída!

---
## RESULTADOS

Script:
 - 'src/ETL/coletores/coleta-resultados.R'

Diretório de saída:
 - 'coleta/resultados/2025-06/QUINZENA-1'

Screen criada para coletar resultados:
 - 'coletor-resultados-2025-06-01-ate-2025-06-15'

Saída sendo registrada em:
 - 'coleta/resultados/2025-06/QUINZENA-1/run-coletor-resultados-2025-06-01-ate-2025-06-15.log'.

Parâmetro do coletor:
 - 'coleta/itens/2025-06/QUINZENA-1/medicamentos.csv'

Coleta de RESULTADOS em execução...

There is a screen on:
	17634.coletor-resultados-2025-06-01-ate-2025-06-15	(07/05/25 04:34:18)	(Detached)
1 Socket in /run/screen/S-rdurl0.
coletando resultados das contratações de medicamentos

Aguardando a screen 'coletor-resultados-2025-06-01-ate-2025-06-15' encerrar...
Screen coletor-resultados-2025-06-01-ate-2025-06-15 encerrada

Coleta de RESULTADOS de MEDICAMENTOS concluída!


COLETA ENCERRADA ÀS '05-Jul-2025 06:16:55'!
---
## PACOTE DE DADOS

Diretório 'coleta/data-package/2025/6 - Junho/QUINZENA-1/DATA' criado.
Diretório 'coleta/data-package/2025/6 - Junho/QUINZENA-1/LOG' criado.

Arquivos csv copiados para coleta/data-package/2025/6 - Junho/QUINZENA-1/DATA

Estrutura do pacote de dados:

coleta/data-package/2025/6  [error opening dir]
-  [error opening dir]
Junho/QUINZENA-1  [error opening dir]

0 directories, 0 files
