---
# COLETORES
---

INÍCIO DA COLETA ÀS '23-Sep-2025 17:20:30'

Diretório: ENTRADA
/mnt/c/Users/rdurl/OneDrive/Documentos/cesta-de-precos-pncp/src/ETL


Diretório:
/mnt/c/Users/rdurl/OneDrive/Documentos/cesta-de-precos-pncp

PARÂMETROS: 
 - PRIMEIRO_DIA='2025-08-01' - é a data de início da coleta
 - ULTIMO_DIA='2025-08-15' - é a data final da coleta
 - ALIAS_COLETA='2025-08/QUINZENA-1' - é um alias para identificar a coleta e apontar um destino no diretório de /coletas

---
## CONTRATAÇÃO

Script:
 - 'src/ETL/coletores/coleta-contratacoes.R'

Diretório de saída:
 - 'coleta/contratacoes/2025-08/QUINZENA-1'

Screen criada para coletar contratações:
 - 'coletor-contratacoes-2025-08-01-ate-2025-08-15'

Saída sendo registrada em:
 - 'coleta/contratacoes/2025-08/QUINZENA-1/run-coletor-contratacoes-2025-08-01-ate-2025-08-15.log'.

Parâmetros do coletor: 
 - PATH_OUTPUT_DIR="coleta/contratacoes/2025-08/QUINZENA-1"
 - PRIMEIRO_DIA="2025-08-01"
 - ULTIMO_DIA="2025-08-15"

Coleta de CONTRATAÇÕES em execução...

There is a screen on:
	906.coletor-contratacoes-2025-08-01-ate-2025-08-15	(09/23/25 17:20:30)	(Detached)
1 Socket in /run/screen/S-rdurl0.


Aguardando a screen 'coletor-contratacoes-2025-08-01-ate-2025-08-15' encerrar...
Screen coletor-contratacoes-2025-08-01-ate-2025-08-15 encerrada

Coleta de CONTRATAÇÕES concluída!

---
## ITENS

Script:
 - 'src/ETL/coletores/coleta-itens.R'

Diretório de saída:
 - 'coleta/itens/2025-08/QUINZENA-1'

Screen criada para coletar itens:
 - 'coletor-itens-2025-08-01-ate-2025-08-15'

Saída sendo registrada em:
 - 'coleta/itens/2025-08/QUINZENA-1/run-coletor-itens-2025-08-01-ate-2025-08-15.log'.

Parâmetro do coletor:
 - CONTRATACOES='coleta/contratacoes/2025-08/QUINZENA-1/dados.csv'

Coleta de ITENS em execução...

There is a screen on:
	4132.coletor-itens-2025-08-01-ate-2025-08-15	(09/23/25 19:05:58)	(Detached)
1 Socket in /run/screen/S-rdurl0.

Aguardando a screen 'coletor-itens-2025-08-01-ate-2025-08-15' encerrar...
Screen coletor-itens-2025-08-01-ate-2025-08-15 encerrada

Coleta de ITENS concluída!

---
## CLASSIFICADOR - FILTRA MEDICAMENTOS

Script:
 - 'src/ETL/classificador/filtra-medicamentos.py'

Diretório de saída:
 - 'coleta/itens/2025-08/QUINZENA-1'

Screen criada para coletar contratações:
 - 'classificador-2025-08-01-ate-2025-08-15'

Saída sendo registrada em:
 - 'coleta/itens/2025-08/QUINZENA-1/run-classificador-2025-08-01-ate-2025-08-15.log'.

Parâmetros do classificador:
ITENS='coleta/itens/2025-08/QUINZENA-1/dados.csv'
CATALOGO='data/catmat/catmat.csv'

Filtragem e classificação de MEDICAMENTOS em execução...

There is a screen on:
	18672.classificador-2025-08-01-ate-2025-08-15	(09/24/25 07:49:19)	(Detached)
1 Socket in /run/screen/S-rdurl0.


Aguardando o arquivo 'coleta/itens/2025-08/QUINZENA-1/medicamentos.csv' ser criado...

Arquivo coleta/itens/2025-08/QUINZENA-1/medicamentos.csv criado.
Classificação e filtragem de MEDICAMENTOS de ITENS concluída!

---
## RESULTADOS

Script:
 - 'src/ETL/coletores/coleta-resultados.R'

Diretório de saída:
 - 'coleta/resultados/2025-08/QUINZENA-1'

Screen criada para coletar resultados:
 - 'coletor-resultados-2025-08-01-ate-2025-08-15'

Saída sendo registrada em:
 - 'coleta/resultados/2025-08/QUINZENA-1/run-coletor-resultados-2025-08-01-ate-2025-08-15.log'.

Parâmetro do coletor:
 - 'coleta/itens/2025-08/QUINZENA-1/medicamentos.csv'

Coleta de RESULTADOS em execução...

There are screens on:
	19678.coletor-resultados-2025-08-01-ate-2025-08-15	(09/24/25 10:21:54)	(Detached)
	18672.classificador-2025-08-01-ate-2025-08-15	(09/24/25 08:04:32)	(Detached)
2 Sockets in /run/screen/S-rdurl0.
coletando resultados das contratações de medicamentos

Aguardando a screen 'coletor-resultados-2025-08-01-ate-2025-08-15' encerrar...
Screen coletor-resultados-2025-08-01-ate-2025-08-15 encerrada

Coleta de RESULTADOS de MEDICAMENTOS concluída!


COLETA ENCERRADA ÀS '24-Sep-2025 11:51:24'!
---
## PACOTE DE DADOS

Diretório 'coleta/data-package/2025/8 - Agosto/QUINZENA-1/DATA' criado.
Diretório 'coleta/data-package/2025/8 - Agosto/QUINZENA-1/LOG' criado.

Arquivos csv copiados para coleta/data-package/2025/8 - Agosto/QUINZENA-1/DATA

Estrutura do pacote de dados:

[ 512]  coleta/data-package/2025/8 - Agosto/QUINZENA-1
├── [ 512]  DATA
│   ├── [   0]  contratacoes-erros.csv
│   ├── [ 205]  contratacoes-monitoramento.csv
│   ├── [ 91M]  contratacoes.csv
│   ├── [ 115]  itens-erros.csv
│   ├── [548K]  itens-medicamentos-resultados-erros.csv
│   ├── [ 772]  itens-medicamentos-resultados-monitoramento.csv
│   ├── [1.6M]  itens-medicamentos-resultados.csv
│   ├── [3.9M]  itens-medicamentos.csv
│   ├── [6.1K]  itens-monitoramento.csv
│   └── [121M]  itens.csv
└── [ 512]  LOG
    ├── [ 416]  run-classificador-2025-08-01-ate-2025-08-15.log
    ├── [ 36K]  run-coletor-contratacoes-2025-08-01-ate-2025-08-15.log
    ├── [1.8M]  run-coletor-itens-2025-08-01-ate-2025-08-15.log
    └── [353K]  run-coletor-resultados-2025-08-01-ate-2025-08-15.log

3 directories, 14 files
