==== Inicio: Geracao de CSVs/ZIPs OCDS 2026-06-08T19:30:08-03:00 ====
28 JSONs em 27 grupos

[grupo 1/27] ac-2-2026 (1 arquivo(s))
  flatten: ac-2-2026
  zip: ac-2-2026-csv.zip
[grupo 2/27] al-2-2026 (1 arquivo(s))
  flatten: al-2-2026
  zip: al-2-2026-csv.zip
[grupo 3/27] am-2-2026 (1 arquivo(s))
  flatten: am-2-2026
  zip: am-2-2026-csv.zip
[grupo 4/27] ap-2-2026 (1 arquivo(s))
  flatten: ap-2-2026
  zip: ap-2-2026-csv.zip
[grupo 5/27] ba-2-2026 (1 arquivo(s))
  flatten: ba-2-2026
  zip: ba-2-2026-csv.zip
[grupo 6/27] ce-2-2026 (1 arquivo(s))
  flatten: ce-2-2026
  zip: ce-2-2026-csv.zip
[grupo 7/27] df-2-2026 (1 arquivo(s))
  flatten: df-2-2026
  zip: df-2-2026-csv.zip
[grupo 8/27] es-2-2026 (1 arquivo(s))
  flatten: es-2-2026
  zip: es-2-2026-csv.zip
[grupo 9/27] go-2-2026 (1 arquivo(s))
  flatten: go-2-2026
  zip: go-2-2026-csv.zip
[grupo 10/27] ma-2-2026 (1 arquivo(s))
  flatten: ma-2-2026
  zip: ma-2-2026-csv.zip
[grupo 11/27] mg-2-2026 (1 arquivo(s))
  flatten: mg-2-2026
  zip: mg-2-2026-csv.zip
[grupo 12/27] ms-2-2026 (1 arquivo(s))
  flatten: ms-2-2026
  zip: ms-2-2026-csv.zip
[grupo 13/27] mt-2-2026 (1 arquivo(s))
  flatten: mt-2-2026
  zip: mt-2-2026-csv.zip
[grupo 14/27] pa-2-2026 (1 arquivo(s))
  flatten: pa-2-2026
  zip: pa-2-2026-csv.zip
[grupo 15/27] pb-2-2026 (1 arquivo(s))
  flatten: pb-2-2026
  zip: pb-2-2026-csv.zip
[grupo 16/27] pe-2-2026 (1 arquivo(s))
  flatten: pe-2-2026
  zip: pe-2-2026-csv.zip
[grupo 17/27] pi-2-2026 (1 arquivo(s))
  flatten: pi-2-2026
  zip: pi-2-2026-csv.zip
[grupo 18/27] pr-2-2026 (1 arquivo(s))
  flatten: pr-2-2026
  zip: pr-2-2026-csv.zip
[grupo 19/27] rj-2-2026 (1 arquivo(s))
  flatten: rj-2-2026
  zip: rj-2-2026-csv.zip
[grupo 20/27] rn-2-2026 (1 arquivo(s))
  flatten: rn-2-2026
  zip: rn-2-2026-csv.zip
[grupo 21/27] ro-2-2026 (1 arquivo(s))
  flatten: ro-2-2026
  zip: ro-2-2026-csv.zip
[grupo 22/27] rr-2-2026 (1 arquivo(s))
  flatten: rr-2-2026
  zip: rr-2-2026-csv.zip
[grupo 23/27] rs-2-2026 (1 arquivo(s))
  flatten: rs-2-2026
  zip: rs-2-2026-csv.zip
[grupo 24/27] sc-2-2026 (1 arquivo(s))
  flatten: sc-2-2026
  zip: sc-2-2026-csv.zip
[grupo 25/27] se-2-2026 (1 arquivo(s))
  flatten: se-2-2026
  zip: se-2-2026-csv.zip
[grupo 26/27] sp-2-2026 (2 arquivo(s))
  flatten: sp-2-2026-1
  flatten: sp-2-2026-2
  zip: sp-2-2026-csv.zip
[grupo 27/27] to-2-2026 (1 arquivo(s))
  flatten: to-2-2026
  zip: to-2-2026-csv.zip
==== Fim: Geracao de CSVs/ZIPs OCDS 2026-06-08T19:30:15-03:00 ====

