==== Inicio: Geracao de CSVs/ZIPs OCDS 2026-06-08T19:01:52-03:00 ====
28 JSONs em 27 grupos

[grupo 1/27] ac-1-2025 (1 arquivo(s))
  flatten: ac-1-2025
  zip: ac-1-2025-csv.zip
[grupo 2/27] al-1-2025 (1 arquivo(s))
  flatten: al-1-2025
  zip: al-1-2025-csv.zip
[grupo 3/27] am-1-2025 (1 arquivo(s))
  flatten: am-1-2025
  zip: am-1-2025-csv.zip
[grupo 4/27] ap-1-2025 (1 arquivo(s))
  flatten: ap-1-2025
  zip: ap-1-2025-csv.zip
[grupo 5/27] ba-1-2025 (1 arquivo(s))
  flatten: ba-1-2025
  zip: ba-1-2025-csv.zip
[grupo 6/27] ce-1-2025 (1 arquivo(s))
  flatten: ce-1-2025
  zip: ce-1-2025-csv.zip
[grupo 7/27] df-1-2025 (1 arquivo(s))
  flatten: df-1-2025
  zip: df-1-2025-csv.zip
[grupo 8/27] es-1-2025 (1 arquivo(s))
  flatten: es-1-2025
  zip: es-1-2025-csv.zip
[grupo 9/27] go-1-2025 (1 arquivo(s))
  flatten: go-1-2025
  zip: go-1-2025-csv.zip
[grupo 10/27] ma-1-2025 (1 arquivo(s))
  flatten: ma-1-2025
  zip: ma-1-2025-csv.zip
[grupo 11/27] mg-1-2025 (1 arquivo(s))
  flatten: mg-1-2025
  zip: mg-1-2025-csv.zip
[grupo 12/27] ms-1-2025 (1 arquivo(s))
  flatten: ms-1-2025
  zip: ms-1-2025-csv.zip
[grupo 13/27] mt-1-2025 (1 arquivo(s))
  flatten: mt-1-2025
  zip: mt-1-2025-csv.zip
[grupo 14/27] pa-1-2025 (1 arquivo(s))
  flatten: pa-1-2025
  zip: pa-1-2025-csv.zip
[grupo 15/27] pb-1-2025 (1 arquivo(s))
  flatten: pb-1-2025
  zip: pb-1-2025-csv.zip
[grupo 16/27] pe-1-2025 (1 arquivo(s))
  flatten: pe-1-2025
  zip: pe-1-2025-csv.zip
[grupo 17/27] pi-1-2025 (1 arquivo(s))
  flatten: pi-1-2025
  zip: pi-1-2025-csv.zip
[grupo 18/27] pr-1-2025 (1 arquivo(s))
  flatten: pr-1-2025
  zip: pr-1-2025-csv.zip
[grupo 19/27] rj-1-2025 (1 arquivo(s))
  flatten: rj-1-2025
  zip: rj-1-2025-csv.zip
[grupo 20/27] rn-1-2025 (1 arquivo(s))
  flatten: rn-1-2025
  zip: rn-1-2025-csv.zip
[grupo 21/27] ro-1-2025 (1 arquivo(s))
  flatten: ro-1-2025
  zip: ro-1-2025-csv.zip
[grupo 22/27] rr-1-2025 (1 arquivo(s))
  flatten: rr-1-2025
  zip: rr-1-2025-csv.zip
[grupo 23/27] rs-1-2025 (1 arquivo(s))
  flatten: rs-1-2025
  zip: rs-1-2025-csv.zip
[grupo 24/27] sc-1-2025 (1 arquivo(s))
  flatten: sc-1-2025
  zip: sc-1-2025-csv.zip
[grupo 25/27] se-1-2025 (1 arquivo(s))
  flatten: se-1-2025
  zip: se-1-2025-csv.zip
[grupo 26/27] sp-1-2025 (2 arquivo(s))
  flatten: sp-1-2025-1
  flatten: sp-1-2025-2
  zip: sp-1-2025-csv.zip
[grupo 27/27] to-1-2025 (1 arquivo(s))
  flatten: to-1-2025
  zip: to-1-2025-csv.zip
==== Fim: Geracao de CSVs/ZIPs OCDS 2026-06-08T19:02:04-03:00 ====

