==== Inicio: Geracao de CSVs/ZIPs OCDS 2026-06-08T19:33:10-03:00 ====
31 JSONs em 27 grupos

[grupo 1/27] ac-4-2026 (1 arquivo(s))
  flatten: ac-4-2026
  zip: ac-4-2026-csv.zip
[grupo 2/27] al-4-2026 (1 arquivo(s))
  flatten: al-4-2026
  zip: al-4-2026-csv.zip
[grupo 3/27] am-4-2026 (1 arquivo(s))
  flatten: am-4-2026
  zip: am-4-2026-csv.zip
[grupo 4/27] ap-4-2026 (1 arquivo(s))
  flatten: ap-4-2026
  zip: ap-4-2026-csv.zip
[grupo 5/27] ba-4-2026 (2 arquivo(s))
  flatten: ba-4-2026-1
  flatten: ba-4-2026-2
  zip: ba-4-2026-csv.zip
[grupo 6/27] ce-4-2026 (1 arquivo(s))
  flatten: ce-4-2026
  zip: ce-4-2026-csv.zip
[grupo 7/27] df-4-2026 (1 arquivo(s))
  flatten: df-4-2026
  zip: df-4-2026-csv.zip
[grupo 8/27] es-4-2026 (1 arquivo(s))
  flatten: es-4-2026
  zip: es-4-2026-csv.zip
[grupo 9/27] go-4-2026 (1 arquivo(s))
  flatten: go-4-2026
  zip: go-4-2026-csv.zip
[grupo 10/27] ma-4-2026 (1 arquivo(s))
  flatten: ma-4-2026
  zip: ma-4-2026-csv.zip
[grupo 11/27] mg-4-2026 (2 arquivo(s))
  flatten: mg-4-2026-1
  flatten: mg-4-2026-2
  zip: mg-4-2026-csv.zip
[grupo 12/27] ms-4-2026 (1 arquivo(s))
  flatten: ms-4-2026
  zip: ms-4-2026-csv.zip
[grupo 13/27] mt-4-2026 (1 arquivo(s))
  flatten: mt-4-2026
  zip: mt-4-2026-csv.zip
[grupo 14/27] pa-4-2026 (1 arquivo(s))
  flatten: pa-4-2026
  zip: pa-4-2026-csv.zip
[grupo 15/27] pb-4-2026 (1 arquivo(s))
  flatten: pb-4-2026
  zip: pb-4-2026-csv.zip
[grupo 16/27] pe-4-2026 (1 arquivo(s))
  flatten: pe-4-2026
  zip: pe-4-2026-csv.zip
[grupo 17/27] pi-4-2026 (1 arquivo(s))
  flatten: pi-4-2026
  zip: pi-4-2026-csv.zip
[grupo 18/27] pr-4-2026 (1 arquivo(s))
  flatten: pr-4-2026
  zip: pr-4-2026-csv.zip
[grupo 19/27] rj-4-2026 (1 arquivo(s))
  flatten: rj-4-2026
  zip: rj-4-2026-csv.zip
[grupo 20/27] rn-4-2026 (1 arquivo(s))
  flatten: rn-4-2026
  zip: rn-4-2026-csv.zip
[grupo 21/27] ro-4-2026 (1 arquivo(s))
  flatten: ro-4-2026
  zip: ro-4-2026-csv.zip
[grupo 22/27] rr-4-2026 (1 arquivo(s))
  flatten: rr-4-2026
  zip: rr-4-2026-csv.zip
[grupo 23/27] rs-4-2026 (1 arquivo(s))
  flatten: rs-4-2026
  zip: rs-4-2026-csv.zip
[grupo 24/27] sc-4-2026 (1 arquivo(s))
  flatten: sc-4-2026
  zip: sc-4-2026-csv.zip
[grupo 25/27] se-4-2026 (1 arquivo(s))
  flatten: se-4-2026
  zip: se-4-2026-csv.zip
[grupo 26/27] sp-4-2026 (3 arquivo(s))
  flatten: sp-4-2026-1
  flatten: sp-4-2026-2
  flatten: sp-4-2026-3
  zip: sp-4-2026-csv.zip
[grupo 27/27] to-4-2026 (1 arquivo(s))
  flatten: to-4-2026
  zip: to-4-2026-csv.zip
==== Fim: Geracao de CSVs/ZIPs OCDS 2026-06-08T19:33:21-03:00 ====

