==== Inicio: Geracao de CSVs/ZIPs OCDS 2026-06-08T19:23:00-03:00 ====
38 JSONs em 27 grupos

[grupo 1/27] ac-9-2025 (1 arquivo(s))
  flatten: ac-9-2025
  zip: ac-9-2025-csv.zip
[grupo 2/27] al-9-2025 (1 arquivo(s))
  flatten: al-9-2025
  zip: al-9-2025-csv.zip
[grupo 3/27] am-9-2025 (1 arquivo(s))
  flatten: am-9-2025
  zip: am-9-2025-csv.zip
[grupo 4/27] ap-9-2025 (1 arquivo(s))
  flatten: ap-9-2025
  zip: ap-9-2025-csv.zip
[grupo 5/27] ba-9-2025 (2 arquivo(s))
  flatten: ba-9-2025-1
  flatten: ba-9-2025-2
  zip: ba-9-2025-csv.zip
[grupo 6/27] ce-9-2025 (1 arquivo(s))
  flatten: ce-9-2025
  zip: ce-9-2025-csv.zip
[grupo 7/27] df-9-2025 (1 arquivo(s))
  flatten: df-9-2025
  zip: df-9-2025-csv.zip
[grupo 8/27] es-9-2025 (1 arquivo(s))
  flatten: es-9-2025
  zip: es-9-2025-csv.zip
[grupo 9/27] go-9-2025 (1 arquivo(s))
  flatten: go-9-2025
  zip: go-9-2025-csv.zip
[grupo 10/27] ma-9-2025 (1 arquivo(s))
  flatten: ma-9-2025
  zip: ma-9-2025-csv.zip
[grupo 11/27] mg-9-2025 (2 arquivo(s))
  flatten: mg-9-2025-1
  flatten: mg-9-2025-2
  zip: mg-9-2025-csv.zip
[grupo 12/27] ms-9-2025 (1 arquivo(s))
  flatten: ms-9-2025
  zip: ms-9-2025-csv.zip
[grupo 13/27] mt-9-2025 (1 arquivo(s))
  flatten: mt-9-2025
  zip: mt-9-2025-csv.zip
[grupo 14/27] pa-9-2025 (1 arquivo(s))
  flatten: pa-9-2025
  zip: pa-9-2025-csv.zip
[grupo 15/27] pb-9-2025 (1 arquivo(s))
  flatten: pb-9-2025
  zip: pb-9-2025-csv.zip
[grupo 16/27] pe-9-2025 (1 arquivo(s))
  flatten: pe-9-2025
  zip: pe-9-2025-csv.zip
[grupo 17/27] pi-9-2025 (1 arquivo(s))
  flatten: pi-9-2025
  zip: pi-9-2025-csv.zip
[grupo 18/27] pr-9-2025 (2 arquivo(s))
  flatten: pr-9-2025-1
  flatten: pr-9-2025-2
  zip: pr-9-2025-csv.zip
[grupo 19/27] rj-9-2025 (2 arquivo(s))
  flatten: rj-9-2025-1
  flatten: rj-9-2025-2
  zip: rj-9-2025-csv.zip
[grupo 20/27] rn-9-2025 (1 arquivo(s))
  flatten: rn-9-2025
  zip: rn-9-2025-csv.zip
[grupo 21/27] ro-9-2025 (1 arquivo(s))
  flatten: ro-9-2025
  zip: ro-9-2025-csv.zip
[grupo 22/27] rr-9-2025 (1 arquivo(s))
  flatten: rr-9-2025
  zip: rr-9-2025-csv.zip
[grupo 23/27] rs-9-2025 (2 arquivo(s))
  flatten: rs-9-2025-1
  flatten: rs-9-2025-2
  zip: rs-9-2025-csv.zip
[grupo 24/27] sc-9-2025 (1 arquivo(s))
  flatten: sc-9-2025
  zip: sc-9-2025-csv.zip
[grupo 25/27] se-9-2025 (1 arquivo(s))
  flatten: se-9-2025
  zip: se-9-2025-csv.zip
[grupo 26/27] sp-9-2025 (7 arquivo(s))
  flatten: sp-9-2025-1
  flatten: sp-9-2025-2
  flatten: sp-9-2025-3
  flatten: sp-9-2025-4
  flatten: sp-9-2025-5
  flatten: sp-9-2025-6
  flatten: sp-9-2025-7
  zip: sp-9-2025-csv.zip
[grupo 27/27] to-9-2025 (1 arquivo(s))
  flatten: to-9-2025
  zip: to-9-2025-csv.zip
==== Fim: Geracao de CSVs/ZIPs OCDS 2026-06-08T19:23:29-03:00 ====

