==== Inicio: Geracao de CSVs/ZIPs OCDS 2026-06-08T19:15:45-03:00 ====
29 JSONs em 27 grupos

[grupo 1/27] ac-7-2025 (1 arquivo(s))
  flatten: ac-7-2025
  zip: ac-7-2025-csv.zip
[grupo 2/27] al-7-2025 (1 arquivo(s))
  flatten: al-7-2025
  zip: al-7-2025-csv.zip
[grupo 3/27] am-7-2025 (1 arquivo(s))
  flatten: am-7-2025
  zip: am-7-2025-csv.zip
[grupo 4/27] ap-7-2025 (1 arquivo(s))
  flatten: ap-7-2025
  zip: ap-7-2025-csv.zip
[grupo 5/27] ba-7-2025 (1 arquivo(s))
  flatten: ba-7-2025
  zip: ba-7-2025-csv.zip
[grupo 6/27] ce-7-2025 (1 arquivo(s))
  flatten: ce-7-2025
  zip: ce-7-2025-csv.zip
[grupo 7/27] df-7-2025 (1 arquivo(s))
  flatten: df-7-2025
  zip: df-7-2025-csv.zip
[grupo 8/27] es-7-2025 (1 arquivo(s))
  flatten: es-7-2025
  zip: es-7-2025-csv.zip
[grupo 9/27] go-7-2025 (1 arquivo(s))
  flatten: go-7-2025
  zip: go-7-2025-csv.zip
[grupo 10/27] ma-7-2025 (1 arquivo(s))
  flatten: ma-7-2025
  zip: ma-7-2025-csv.zip
[grupo 11/27] mg-7-2025 (1 arquivo(s))
  flatten: mg-7-2025
  zip: mg-7-2025-csv.zip
[grupo 12/27] ms-7-2025 (1 arquivo(s))
  flatten: ms-7-2025
  zip: ms-7-2025-csv.zip
[grupo 13/27] mt-7-2025 (1 arquivo(s))
  flatten: mt-7-2025
  zip: mt-7-2025-csv.zip
[grupo 14/27] pa-7-2025 (1 arquivo(s))
  flatten: pa-7-2025
  zip: pa-7-2025-csv.zip
[grupo 15/27] pb-7-2025 (1 arquivo(s))
  flatten: pb-7-2025
  zip: pb-7-2025-csv.zip
[grupo 16/27] pe-7-2025 (1 arquivo(s))
  flatten: pe-7-2025
  zip: pe-7-2025-csv.zip
[grupo 17/27] pi-7-2025 (1 arquivo(s))
  flatten: pi-7-2025
  zip: pi-7-2025-csv.zip
[grupo 18/27] pr-7-2025 (1 arquivo(s))
  flatten: pr-7-2025
  zip: pr-7-2025-csv.zip
[grupo 19/27] rj-7-2025 (1 arquivo(s))
  flatten: rj-7-2025
  zip: rj-7-2025-csv.zip
[grupo 20/27] rn-7-2025 (1 arquivo(s))
  flatten: rn-7-2025
  zip: rn-7-2025-csv.zip
[grupo 21/27] ro-7-2025 (1 arquivo(s))
  flatten: ro-7-2025
  zip: ro-7-2025-csv.zip
[grupo 22/27] rr-7-2025 (1 arquivo(s))
  flatten: rr-7-2025
  zip: rr-7-2025-csv.zip
[grupo 23/27] rs-7-2025 (1 arquivo(s))
  flatten: rs-7-2025
  zip: rs-7-2025-csv.zip
[grupo 24/27] sc-7-2025 (1 arquivo(s))
  flatten: sc-7-2025
  zip: sc-7-2025-csv.zip
[grupo 25/27] se-7-2025 (1 arquivo(s))
  flatten: se-7-2025
  zip: se-7-2025-csv.zip
[grupo 26/27] sp-7-2025 (3 arquivo(s))
  flatten: sp-7-2025-1
  flatten: sp-7-2025-2
  flatten: sp-7-2025-3
  zip: sp-7-2025-csv.zip
[grupo 27/27] to-7-2025 (1 arquivo(s))
  flatten: to-7-2025
  zip: to-7-2025-csv.zip
==== Fim: Geracao de CSVs/ZIPs OCDS 2026-06-08T19:15:57-03:00 ====

