==== Inicio: Geracao de CSVs/ZIPs OCDS 2026-06-08T19:12:28-03:00 ====
30 JSONs em 27 grupos

[grupo 1/27] ac-5-2025 (1 arquivo(s))
  flatten: ac-5-2025
  zip: ac-5-2025-csv.zip
[grupo 2/27] al-5-2025 (1 arquivo(s))
  flatten: al-5-2025
  zip: al-5-2025-csv.zip
[grupo 3/27] am-5-2025 (1 arquivo(s))
  flatten: am-5-2025
  zip: am-5-2025-csv.zip
[grupo 4/27] ap-5-2025 (1 arquivo(s))
  flatten: ap-5-2025
  zip: ap-5-2025-csv.zip
[grupo 5/27] ba-5-2025 (1 arquivo(s))
  flatten: ba-5-2025
  zip: ba-5-2025-csv.zip
[grupo 6/27] ce-5-2025 (1 arquivo(s))
  flatten: ce-5-2025
  zip: ce-5-2025-csv.zip
[grupo 7/27] df-5-2025 (1 arquivo(s))
  flatten: df-5-2025
  zip: df-5-2025-csv.zip
[grupo 8/27] es-5-2025 (1 arquivo(s))
  flatten: es-5-2025
  zip: es-5-2025-csv.zip
[grupo 9/27] go-5-2025 (1 arquivo(s))
  flatten: go-5-2025
  zip: go-5-2025-csv.zip
[grupo 10/27] ma-5-2025 (1 arquivo(s))
  flatten: ma-5-2025
  zip: ma-5-2025-csv.zip
[grupo 11/27] mg-5-2025 (1 arquivo(s))
  flatten: mg-5-2025
  zip: mg-5-2025-csv.zip
[grupo 12/27] ms-5-2025 (1 arquivo(s))
  flatten: ms-5-2025
  zip: ms-5-2025-csv.zip
[grupo 13/27] mt-5-2025 (1 arquivo(s))
  flatten: mt-5-2025
  zip: mt-5-2025-csv.zip
[grupo 14/27] pa-5-2025 (1 arquivo(s))
  flatten: pa-5-2025
  zip: pa-5-2025-csv.zip
[grupo 15/27] pb-5-2025 (1 arquivo(s))
  flatten: pb-5-2025
  zip: pb-5-2025-csv.zip
[grupo 16/27] pe-5-2025 (1 arquivo(s))
  flatten: pe-5-2025
  zip: pe-5-2025-csv.zip
[grupo 17/27] pi-5-2025 (1 arquivo(s))
  flatten: pi-5-2025
  zip: pi-5-2025-csv.zip
[grupo 18/27] pr-5-2025 (1 arquivo(s))
  flatten: pr-5-2025
  zip: pr-5-2025-csv.zip
[grupo 19/27] rj-5-2025 (1 arquivo(s))
  flatten: rj-5-2025
  zip: rj-5-2025-csv.zip
[grupo 20/27] rn-5-2025 (1 arquivo(s))
  flatten: rn-5-2025
  zip: rn-5-2025-csv.zip
[grupo 21/27] ro-5-2025 (1 arquivo(s))
  flatten: ro-5-2025
  zip: ro-5-2025-csv.zip
[grupo 22/27] rr-5-2025 (1 arquivo(s))
  flatten: rr-5-2025
  zip: rr-5-2025-csv.zip
[grupo 23/27] rs-5-2025 (1 arquivo(s))
  flatten: rs-5-2025
  zip: rs-5-2025-csv.zip
[grupo 24/27] sc-5-2025 (1 arquivo(s))
  flatten: sc-5-2025
  zip: sc-5-2025-csv.zip
[grupo 25/27] se-5-2025 (1 arquivo(s))
  flatten: se-5-2025
  zip: se-5-2025-csv.zip
[grupo 26/27] sp-5-2025 (4 arquivo(s))
  flatten: sp-5-2025-1
  flatten: sp-5-2025-2
  flatten: sp-5-2025-3
  flatten: sp-5-2025-4
  zip: sp-5-2025-csv.zip
[grupo 27/27] to-5-2025 (1 arquivo(s))
  flatten: to-5-2025
  zip: to-5-2025-csv.zip
==== Fim: Geracao de CSVs/ZIPs OCDS 2026-06-08T19:12:43-03:00 ====

