==== Inicio: Geracao de CSVs/ZIPs OCDS 2026-06-08T19:26:41-03:00 ====
29 JSONs em 27 grupos

[grupo 1/27] ac-11-2025 (1 arquivo(s))
  flatten: ac-11-2025
  zip: ac-11-2025-csv.zip
[grupo 2/27] al-11-2025 (1 arquivo(s))
  flatten: al-11-2025
  zip: al-11-2025-csv.zip
[grupo 3/27] am-11-2025 (1 arquivo(s))
  flatten: am-11-2025
  zip: am-11-2025-csv.zip
[grupo 4/27] ap-11-2025 (1 arquivo(s))
  flatten: ap-11-2025
  zip: ap-11-2025-csv.zip
[grupo 5/27] ba-11-2025 (1 arquivo(s))
  flatten: ba-11-2025
  zip: ba-11-2025-csv.zip
[grupo 6/27] ce-11-2025 (1 arquivo(s))
  flatten: ce-11-2025
  zip: ce-11-2025-csv.zip
[grupo 7/27] df-11-2025 (1 arquivo(s))
  flatten: df-11-2025
  zip: df-11-2025-csv.zip
[grupo 8/27] es-11-2025 (1 arquivo(s))
  flatten: es-11-2025
  zip: es-11-2025-csv.zip
[grupo 9/27] go-11-2025 (1 arquivo(s))
  flatten: go-11-2025
  zip: go-11-2025-csv.zip
[grupo 10/27] ma-11-2025 (1 arquivo(s))
  flatten: ma-11-2025
  zip: ma-11-2025-csv.zip
[grupo 11/27] mg-11-2025 (1 arquivo(s))
  flatten: mg-11-2025
  zip: mg-11-2025-csv.zip
[grupo 12/27] ms-11-2025 (1 arquivo(s))
  flatten: ms-11-2025
  zip: ms-11-2025-csv.zip
[grupo 13/27] mt-11-2025 (1 arquivo(s))
  flatten: mt-11-2025
  zip: mt-11-2025-csv.zip
[grupo 14/27] pa-11-2025 (1 arquivo(s))
  flatten: pa-11-2025
  zip: pa-11-2025-csv.zip
[grupo 15/27] pb-11-2025 (1 arquivo(s))
  flatten: pb-11-2025
  zip: pb-11-2025-csv.zip
[grupo 16/27] pe-11-2025 (1 arquivo(s))
  flatten: pe-11-2025
  zip: pe-11-2025-csv.zip
[grupo 17/27] pi-11-2025 (1 arquivo(s))
  flatten: pi-11-2025
  zip: pi-11-2025-csv.zip
[grupo 18/27] pr-11-2025 (1 arquivo(s))
  flatten: pr-11-2025
  zip: pr-11-2025-csv.zip
[grupo 19/27] rj-11-2025 (1 arquivo(s))
  flatten: rj-11-2025
  zip: rj-11-2025-csv.zip
[grupo 20/27] rn-11-2025 (1 arquivo(s))
  flatten: rn-11-2025
  zip: rn-11-2025-csv.zip
[grupo 21/27] ro-11-2025 (1 arquivo(s))
  flatten: ro-11-2025
  zip: ro-11-2025-csv.zip
[grupo 22/27] rr-11-2025 (1 arquivo(s))
  flatten: rr-11-2025
  zip: rr-11-2025-csv.zip
[grupo 23/27] rs-11-2025 (1 arquivo(s))
  flatten: rs-11-2025
  zip: rs-11-2025-csv.zip
[grupo 24/27] sc-11-2025 (1 arquivo(s))
  flatten: sc-11-2025
  zip: sc-11-2025-csv.zip
[grupo 25/27] se-11-2025 (1 arquivo(s))
  flatten: se-11-2025
  zip: se-11-2025-csv.zip
[grupo 26/27] sp-11-2025 (3 arquivo(s))
  flatten: sp-11-2025-1
  flatten: sp-11-2025-2
  flatten: sp-11-2025-3
  zip: sp-11-2025-csv.zip
[grupo 27/27] to-11-2025 (1 arquivo(s))
  flatten: to-11-2025
  zip: to-11-2025-csv.zip
==== Fim: Geracao de CSVs/ZIPs OCDS 2026-06-08T19:26:53-03:00 ====

