==== Inicio: Geracao de CSVs/ZIPs OCDS 2026-06-08T19:31:32-03:00 ====
29 JSONs em 27 grupos

[grupo 1/27] ac-3-2026 (1 arquivo(s))
  flatten: ac-3-2026
  zip: ac-3-2026-csv.zip
[grupo 2/27] al-3-2026 (1 arquivo(s))
  flatten: al-3-2026
  zip: al-3-2026-csv.zip
[grupo 3/27] am-3-2026 (1 arquivo(s))
  flatten: am-3-2026
  zip: am-3-2026-csv.zip
[grupo 4/27] ap-3-2026 (1 arquivo(s))
  flatten: ap-3-2026
  zip: ap-3-2026-csv.zip
[grupo 5/27] ba-3-2026 (1 arquivo(s))
  flatten: ba-3-2026
  zip: ba-3-2026-csv.zip
[grupo 6/27] ce-3-2026 (1 arquivo(s))
  flatten: ce-3-2026
  zip: ce-3-2026-csv.zip
[grupo 7/27] df-3-2026 (1 arquivo(s))
  flatten: df-3-2026
  zip: df-3-2026-csv.zip
[grupo 8/27] es-3-2026 (1 arquivo(s))
  flatten: es-3-2026
  zip: es-3-2026-csv.zip
[grupo 9/27] go-3-2026 (1 arquivo(s))
  flatten: go-3-2026
  zip: go-3-2026-csv.zip
[grupo 10/27] ma-3-2026 (1 arquivo(s))
  flatten: ma-3-2026
  zip: ma-3-2026-csv.zip
[grupo 11/27] mg-3-2026 (1 arquivo(s))
  flatten: mg-3-2026
  zip: mg-3-2026-csv.zip
[grupo 12/27] ms-3-2026 (1 arquivo(s))
  flatten: ms-3-2026
  zip: ms-3-2026-csv.zip
[grupo 13/27] mt-3-2026 (1 arquivo(s))
  flatten: mt-3-2026
  zip: mt-3-2026-csv.zip
[grupo 14/27] pa-3-2026 (1 arquivo(s))
  flatten: pa-3-2026
  zip: pa-3-2026-csv.zip
[grupo 15/27] pb-3-2026 (1 arquivo(s))
  flatten: pb-3-2026
  zip: pb-3-2026-csv.zip
[grupo 16/27] pe-3-2026 (1 arquivo(s))
  flatten: pe-3-2026
  zip: pe-3-2026-csv.zip
[grupo 17/27] pi-3-2026 (1 arquivo(s))
  flatten: pi-3-2026
  zip: pi-3-2026-csv.zip
[grupo 18/27] pr-3-2026 (1 arquivo(s))
  flatten: pr-3-2026
  zip: pr-3-2026-csv.zip
[grupo 19/27] rj-3-2026 (1 arquivo(s))
  flatten: rj-3-2026
  zip: rj-3-2026-csv.zip
[grupo 20/27] rn-3-2026 (1 arquivo(s))
  flatten: rn-3-2026
  zip: rn-3-2026-csv.zip
[grupo 21/27] ro-3-2026 (1 arquivo(s))
  flatten: ro-3-2026
  zip: ro-3-2026-csv.zip
[grupo 22/27] rr-3-2026 (1 arquivo(s))
  flatten: rr-3-2026
  zip: rr-3-2026-csv.zip
[grupo 23/27] rs-3-2026 (1 arquivo(s))
  flatten: rs-3-2026
  zip: rs-3-2026-csv.zip
[grupo 24/27] sc-3-2026 (1 arquivo(s))
  flatten: sc-3-2026
  zip: sc-3-2026-csv.zip
[grupo 25/27] se-3-2026 (1 arquivo(s))
  flatten: se-3-2026
  zip: se-3-2026-csv.zip
[grupo 26/27] sp-3-2026 (3 arquivo(s))
  flatten: sp-3-2026-1
  flatten: sp-3-2026-2
  flatten: sp-3-2026-3
  zip: sp-3-2026-csv.zip
[grupo 27/27] to-3-2026 (1 arquivo(s))
  flatten: to-3-2026
  zip: to-3-2026-csv.zip
==== Fim: Geracao de CSVs/ZIPs OCDS 2026-06-08T19:31:43-03:00 ====

