==== Inicio: Geracao de CSVs/ZIPs OCDS 2026-06-08T19:14:18-03:00 ====
31 JSONs em 27 grupos

[grupo 1/27] ac-6-2025 (1 arquivo(s))
  flatten: ac-6-2025
  zip: ac-6-2025-csv.zip
[grupo 2/27] al-6-2025 (1 arquivo(s))
  flatten: al-6-2025
  zip: al-6-2025-csv.zip
[grupo 3/27] am-6-2025 (1 arquivo(s))
  flatten: am-6-2025
  zip: am-6-2025-csv.zip
[grupo 4/27] ap-6-2025 (1 arquivo(s))
  flatten: ap-6-2025
  zip: ap-6-2025-csv.zip
[grupo 5/27] ba-6-2025 (1 arquivo(s))
  flatten: ba-6-2025
  zip: ba-6-2025-csv.zip
[grupo 6/27] ce-6-2025 (1 arquivo(s))
  flatten: ce-6-2025
  zip: ce-6-2025-csv.zip
[grupo 7/27] df-6-2025 (1 arquivo(s))
  flatten: df-6-2025
  zip: df-6-2025-csv.zip
[grupo 8/27] es-6-2025 (1 arquivo(s))
  flatten: es-6-2025
  zip: es-6-2025-csv.zip
[grupo 9/27] go-6-2025 (1 arquivo(s))
  flatten: go-6-2025
  zip: go-6-2025-csv.zip
[grupo 10/27] ma-6-2025 (1 arquivo(s))
  flatten: ma-6-2025
  zip: ma-6-2025-csv.zip
[grupo 11/27] mg-6-2025 (2 arquivo(s))
  flatten: mg-6-2025-1
  flatten: mg-6-2025-2
  zip: mg-6-2025-csv.zip
[grupo 12/27] ms-6-2025 (1 arquivo(s))
  flatten: ms-6-2025
  zip: ms-6-2025-csv.zip
[grupo 13/27] mt-6-2025 (1 arquivo(s))
  flatten: mt-6-2025
  zip: mt-6-2025-csv.zip
[grupo 14/27] pa-6-2025 (1 arquivo(s))
  flatten: pa-6-2025
  zip: pa-6-2025-csv.zip
[grupo 15/27] pb-6-2025 (1 arquivo(s))
  flatten: pb-6-2025
  zip: pb-6-2025-csv.zip
[grupo 16/27] pe-6-2025 (1 arquivo(s))
  flatten: pe-6-2025
  zip: pe-6-2025-csv.zip
[grupo 17/27] pi-6-2025 (1 arquivo(s))
  flatten: pi-6-2025
  zip: pi-6-2025-csv.zip
[grupo 18/27] pr-6-2025 (1 arquivo(s))
  flatten: pr-6-2025
  zip: pr-6-2025-csv.zip
[grupo 19/27] rj-6-2025 (1 arquivo(s))
  flatten: rj-6-2025
  zip: rj-6-2025-csv.zip
[grupo 20/27] rn-6-2025 (1 arquivo(s))
  flatten: rn-6-2025
  zip: rn-6-2025-csv.zip
[grupo 21/27] ro-6-2025 (1 arquivo(s))
  flatten: ro-6-2025
  zip: ro-6-2025-csv.zip
[grupo 22/27] rr-6-2025 (1 arquivo(s))
  flatten: rr-6-2025
  zip: rr-6-2025-csv.zip
[grupo 23/27] rs-6-2025 (1 arquivo(s))
  flatten: rs-6-2025
  zip: rs-6-2025-csv.zip
[grupo 24/27] sc-6-2025 (1 arquivo(s))
  flatten: sc-6-2025
  zip: sc-6-2025-csv.zip
[grupo 25/27] se-6-2025 (1 arquivo(s))
  flatten: se-6-2025
  zip: se-6-2025-csv.zip
[grupo 26/27] sp-6-2025 (4 arquivo(s))
  flatten: sp-6-2025-1
  flatten: sp-6-2025-2
  flatten: sp-6-2025-3
  flatten: sp-6-2025-4
  zip: sp-6-2025-csv.zip
[grupo 27/27] to-6-2025 (1 arquivo(s))
  flatten: to-6-2025
  zip: to-6-2025-csv.zip
==== Fim: Geracao de CSVs/ZIPs OCDS 2026-06-08T19:14:32-03:00 ====

