==== Inicio: Geracao de CSVs/ZIPs OCDS 2026-06-08T19:17:21-03:00 ====
30 JSONs em 27 grupos

[grupo 1/27] ac-8-2025 (1 arquivo(s))
  flatten: ac-8-2025
  zip: ac-8-2025-csv.zip
[grupo 2/27] al-8-2025 (1 arquivo(s))
  flatten: al-8-2025
  zip: al-8-2025-csv.zip
[grupo 3/27] am-8-2025 (1 arquivo(s))
  flatten: am-8-2025
  zip: am-8-2025-csv.zip
[grupo 4/27] ap-8-2025 (1 arquivo(s))
  flatten: ap-8-2025
  zip: ap-8-2025-csv.zip
[grupo 5/27] ba-8-2025 (1 arquivo(s))
  flatten: ba-8-2025
  zip: ba-8-2025-csv.zip
[grupo 6/27] ce-8-2025 (1 arquivo(s))
  flatten: ce-8-2025
  zip: ce-8-2025-csv.zip
[grupo 7/27] df-8-2025 (1 arquivo(s))
  flatten: df-8-2025
  zip: df-8-2025-csv.zip
[grupo 8/27] es-8-2025 (1 arquivo(s))
  flatten: es-8-2025
  zip: es-8-2025-csv.zip
[grupo 9/27] go-8-2025 (1 arquivo(s))
  flatten: go-8-2025
  zip: go-8-2025-csv.zip
[grupo 10/27] ma-8-2025 (1 arquivo(s))
  flatten: ma-8-2025
  zip: ma-8-2025-csv.zip
[grupo 11/27] mg-8-2025 (1 arquivo(s))
  flatten: mg-8-2025
  zip: mg-8-2025-csv.zip
[grupo 12/27] ms-8-2025 (1 arquivo(s))
  flatten: ms-8-2025
  zip: ms-8-2025-csv.zip
[grupo 13/27] mt-8-2025 (1 arquivo(s))
  flatten: mt-8-2025
  zip: mt-8-2025-csv.zip
[grupo 14/27] pa-8-2025 (1 arquivo(s))
  flatten: pa-8-2025
  zip: pa-8-2025-csv.zip
[grupo 15/27] pb-8-2025 (1 arquivo(s))
  flatten: pb-8-2025
  zip: pb-8-2025-csv.zip
[grupo 16/27] pe-8-2025 (1 arquivo(s))
  flatten: pe-8-2025
  zip: pe-8-2025-csv.zip
[grupo 17/27] pi-8-2025 (1 arquivo(s))
  flatten: pi-8-2025
  zip: pi-8-2025-csv.zip
[grupo 18/27] pr-8-2025 (1 arquivo(s))
  flatten: pr-8-2025
  zip: pr-8-2025-csv.zip
[grupo 19/27] rj-8-2025 (1 arquivo(s))
  flatten: rj-8-2025
  zip: rj-8-2025-csv.zip
[grupo 20/27] rn-8-2025 (1 arquivo(s))
  flatten: rn-8-2025
  zip: rn-8-2025-csv.zip
[grupo 21/27] ro-8-2025 (1 arquivo(s))
  flatten: ro-8-2025
  zip: ro-8-2025-csv.zip
[grupo 22/27] rr-8-2025 (1 arquivo(s))
  flatten: rr-8-2025
  zip: rr-8-2025-csv.zip
[grupo 23/27] rs-8-2025 (1 arquivo(s))
  flatten: rs-8-2025
  zip: rs-8-2025-csv.zip
[grupo 24/27] sc-8-2025 (1 arquivo(s))
  flatten: sc-8-2025
  zip: sc-8-2025-csv.zip
[grupo 25/27] se-8-2025 (1 arquivo(s))
  flatten: se-8-2025
  zip: se-8-2025-csv.zip
[grupo 26/27] sp-8-2025 (4 arquivo(s))
  flatten: sp-8-2025-1
  flatten: sp-8-2025-2
  flatten: sp-8-2025-3
  flatten: sp-8-2025-4
  zip: sp-8-2025-csv.zip
[grupo 27/27] to-8-2025 (1 arquivo(s))
  flatten: to-8-2025
  zip: to-8-2025-csv.zip
==== Fim: Geracao de CSVs/ZIPs OCDS 2026-06-08T19:17:36-03:00 ====

