==== Inicio: Upload dos ZIPs OCDS para S3 2026-06-08T19:12:43-03:00 ====
2026-06-08 19:12:45,363 INFO Raiz de output: C:\Users\rdurl\OneDrive\Documentos\cesta-de-precos-pncp\tasks\mapeamento-ocds\output
2026-06-08 19:12:45,363 INFO Bucket S3: medicamentos-transparentes-dados-abertos
2026-06-08 19:12:45,363 INFO Overwrite remoto: ativado
2026-06-08 19:12:45,412 INFO Found credentials in environment variables.
2026-06-08 19:12:45,951 WARNING OVERWRITE OK: C:\Users\rdurl\OneDrive\Documentos\cesta-de-precos-pncp\tasks\mapeamento-ocds\output\2025\5\ZIP\CSV\ac-5-2025-csv.zip -> s3://medicamentos-transparentes-dados-abertos/ac-5-2025-csv.zip
2026-06-08 19:12:46,038 WARNING OVERWRITE OK: C:\Users\rdurl\OneDrive\Documentos\cesta-de-precos-pncp\tasks\mapeamento-ocds\output\2025\5\ZIP\CSV\al-5-2025-csv.zip -> s3://medicamentos-transparentes-dados-abertos/al-5-2025-csv.zip
2026-06-08 19:12:46,118 WARNING OVERWRITE OK: C:\Users\rdurl\OneDrive\Documentos\cesta-de-precos-pncp\tasks\mapeamento-ocds\output\2025\5\ZIP\CSV\am-5-2025-csv.zip -> s3://medicamentos-transparentes-dados-abertos/am-5-2025-csv.zip
2026-06-08 19:12:46,200 WARNING OVERWRITE OK: C:\Users\rdurl\OneDrive\Documentos\cesta-de-precos-pncp\tasks\mapeamento-ocds\output\2025\5\ZIP\CSV\ap-5-2025-csv.zip -> s3://medicamentos-transparentes-dados-abertos/ap-5-2025-csv.zip
2026-06-08 19:12:46,296 WARNING OVERWRITE OK: C:\Users\rdurl\OneDrive\Documentos\cesta-de-precos-pncp\tasks\mapeamento-ocds\output\2025\5\ZIP\CSV\ba-5-2025-csv.zip -> s3://medicamentos-transparentes-dados-abertos/ba-5-2025-csv.zip
2026-06-08 19:12:46,391 WARNING OVERWRITE OK: C:\Users\rdurl\OneDrive\Documentos\cesta-de-precos-pncp\tasks\mapeamento-ocds\output\2025\5\ZIP\CSV\ce-5-2025-csv.zip -> s3://medicamentos-transparentes-dados-abertos/ce-5-2025-csv.zip
2026-06-08 19:12:46,474 WARNING OVERWRITE OK: C:\Users\rdurl\OneDrive\Documentos\cesta-de-precos-pncp\tasks\mapeamento-ocds\output\2025\5\ZIP\CSV\df-5-2025-csv.zip -> s3://medicamentos-transparentes-dados-abertos/df-5-2025-csv.zip
2026-06-08 19:12:46,561 WARNING OVERWRITE OK: C:\Users\rdurl\OneDrive\Documentos\cesta-de-precos-pncp\tasks\mapeamento-ocds\output\2025\5\ZIP\CSV\es-5-2025-csv.zip -> s3://medicamentos-transparentes-dados-abertos/es-5-2025-csv.zip
2026-06-08 19:12:46,659 WARNING OVERWRITE OK: C:\Users\rdurl\OneDrive\Documentos\cesta-de-precos-pncp\tasks\mapeamento-ocds\output\2025\5\ZIP\CSV\go-5-2025-csv.zip -> s3://medicamentos-transparentes-dados-abertos/go-5-2025-csv.zip
2026-06-08 19:12:46,744 WARNING OVERWRITE OK: C:\Users\rdurl\OneDrive\Documentos\cesta-de-precos-pncp\tasks\mapeamento-ocds\output\2025\5\ZIP\CSV\ma-5-2025-csv.zip -> s3://medicamentos-transparentes-dados-abertos/ma-5-2025-csv.zip
2026-06-08 19:12:46,850 WARNING OVERWRITE OK: C:\Users\rdurl\OneDrive\Documentos\cesta-de-precos-pncp\tasks\mapeamento-ocds\output\2025\5\ZIP\CSV\mg-5-2025-csv.zip -> s3://medicamentos-transparentes-dados-abertos/mg-5-2025-csv.zip
2026-06-08 19:12:46,981 WARNING OVERWRITE OK: C:\Users\rdurl\OneDrive\Documentos\cesta-de-precos-pncp\tasks\mapeamento-ocds\output\2025\5\ZIP\CSV\ms-5-2025-csv.zip -> s3://medicamentos-transparentes-dados-abertos/ms-5-2025-csv.zip
2026-06-08 19:12:47,064 WARNING OVERWRITE OK: C:\Users\rdurl\OneDrive\Documentos\cesta-de-precos-pncp\tasks\mapeamento-ocds\output\2025\5\ZIP\CSV\mt-5-2025-csv.zip -> s3://medicamentos-transparentes-dados-abertos/mt-5-2025-csv.zip
2026-06-08 19:12:47,155 WARNING OVERWRITE OK: C:\Users\rdurl\OneDrive\Documentos\cesta-de-precos-pncp\tasks\mapeamento-ocds\output\2025\5\ZIP\CSV\pa-5-2025-csv.zip -> s3://medicamentos-transparentes-dados-abertos/pa-5-2025-csv.zip
2026-06-08 19:12:47,242 WARNING OVERWRITE OK: C:\Users\rdurl\OneDrive\Documentos\cesta-de-precos-pncp\tasks\mapeamento-ocds\output\2025\5\ZIP\CSV\pb-5-2025-csv.zip -> s3://medicamentos-transparentes-dados-abertos/pb-5-2025-csv.zip
2026-06-08 19:12:47,335 WARNING OVERWRITE OK: C:\Users\rdurl\OneDrive\Documentos\cesta-de-precos-pncp\tasks\mapeamento-ocds\output\2025\5\ZIP\CSV\pe-5-2025-csv.zip -> s3://medicamentos-transparentes-dados-abertos/pe-5-2025-csv.zip
2026-06-08 19:12:47,435 WARNING OVERWRITE OK: C:\Users\rdurl\OneDrive\Documentos\cesta-de-precos-pncp\tasks\mapeamento-ocds\output\2025\5\ZIP\CSV\pi-5-2025-csv.zip -> s3://medicamentos-transparentes-dados-abertos/pi-5-2025-csv.zip
2026-06-08 19:12:47,551 WARNING OVERWRITE OK: C:\Users\rdurl\OneDrive\Documentos\cesta-de-precos-pncp\tasks\mapeamento-ocds\output\2025\5\ZIP\CSV\pr-5-2025-csv.zip -> s3://medicamentos-transparentes-dados-abertos/pr-5-2025-csv.zip
2026-06-08 19:12:47,658 WARNING OVERWRITE OK: C:\Users\rdurl\OneDrive\Documentos\cesta-de-precos-pncp\tasks\mapeamento-ocds\output\2025\5\ZIP\CSV\rj-5-2025-csv.zip -> s3://medicamentos-transparentes-dados-abertos/rj-5-2025-csv.zip
2026-06-08 19:12:47,743 WARNING OVERWRITE OK: C:\Users\rdurl\OneDrive\Documentos\cesta-de-precos-pncp\tasks\mapeamento-ocds\output\2025\5\ZIP\CSV\rn-5-2025-csv.zip -> s3://medicamentos-transparentes-dados-abertos/rn-5-2025-csv.zip
2026-06-08 19:12:47,823 WARNING OVERWRITE OK: C:\Users\rdurl\OneDrive\Documentos\cesta-de-precos-pncp\tasks\mapeamento-ocds\output\2025\5\ZIP\CSV\ro-5-2025-csv.zip -> s3://medicamentos-transparentes-dados-abertos/ro-5-2025-csv.zip
2026-06-08 19:12:47,900 WARNING OVERWRITE OK: C:\Users\rdurl\OneDrive\Documentos\cesta-de-precos-pncp\tasks\mapeamento-ocds\output\2025\5\ZIP\CSV\rr-5-2025-csv.zip -> s3://medicamentos-transparentes-dados-abertos/rr-5-2025-csv.zip
2026-06-08 19:12:48,007 WARNING OVERWRITE OK: C:\Users\rdurl\OneDrive\Documentos\cesta-de-precos-pncp\tasks\mapeamento-ocds\output\2025\5\ZIP\CSV\rs-5-2025-csv.zip -> s3://medicamentos-transparentes-dados-abertos/rs-5-2025-csv.zip
2026-06-08 19:12:48,096 WARNING OVERWRITE OK: C:\Users\rdurl\OneDrive\Documentos\cesta-de-precos-pncp\tasks\mapeamento-ocds\output\2025\5\ZIP\CSV\sc-5-2025-csv.zip -> s3://medicamentos-transparentes-dados-abertos/sc-5-2025-csv.zip
2026-06-08 19:12:48,181 WARNING OVERWRITE OK: C:\Users\rdurl\OneDrive\Documentos\cesta-de-precos-pncp\tasks\mapeamento-ocds\output\2025\5\ZIP\CSV\se-5-2025-csv.zip -> s3://medicamentos-transparentes-dados-abertos/se-5-2025-csv.zip
2026-06-08 19:12:48,348 WARNING OVERWRITE OK: C:\Users\rdurl\OneDrive\Documentos\cesta-de-precos-pncp\tasks\mapeamento-ocds\output\2025\5\ZIP\CSV\sp-5-2025-csv.zip -> s3://medicamentos-transparentes-dados-abertos/sp-5-2025-csv.zip
2026-06-08 19:12:48,446 WARNING OVERWRITE OK: C:\Users\rdurl\OneDrive\Documentos\cesta-de-precos-pncp\tasks\mapeamento-ocds\output\2025\5\ZIP\CSV\to-5-2025-csv.zip -> s3://medicamentos-transparentes-dados-abertos/to-5-2025-csv.zip
2026-06-08 19:12:48,524 WARNING OVERWRITE OK: C:\Users\rdurl\OneDrive\Documentos\cesta-de-precos-pncp\tasks\mapeamento-ocds\output\2025\5\ZIP\JSON\ac-5-2025-json.zip -> s3://medicamentos-transparentes-dados-abertos/ac-5-2025-json.zip
2026-06-08 19:12:48,612 WARNING OVERWRITE OK: C:\Users\rdurl\OneDrive\Documentos\cesta-de-precos-pncp\tasks\mapeamento-ocds\output\2025\5\ZIP\JSON\al-5-2025-json.zip -> s3://medicamentos-transparentes-dados-abertos/al-5-2025-json.zip
2026-06-08 19:12:48,691 WARNING OVERWRITE OK: C:\Users\rdurl\OneDrive\Documentos\cesta-de-precos-pncp\tasks\mapeamento-ocds\output\2025\5\ZIP\JSON\am-5-2025-json.zip -> s3://medicamentos-transparentes-dados-abertos/am-5-2025-json.zip
2026-06-08 19:12:48,764 WARNING OVERWRITE OK: C:\Users\rdurl\OneDrive\Documentos\cesta-de-precos-pncp\tasks\mapeamento-ocds\output\2025\5\ZIP\JSON\ap-5-2025-json.zip -> s3://medicamentos-transparentes-dados-abertos/ap-5-2025-json.zip
2026-06-08 19:12:48,873 WARNING OVERWRITE OK: C:\Users\rdurl\OneDrive\Documentos\cesta-de-precos-pncp\tasks\mapeamento-ocds\output\2025\5\ZIP\JSON\ba-5-2025-json.zip -> s3://medicamentos-transparentes-dados-abertos/ba-5-2025-json.zip
2026-06-08 19:12:48,961 WARNING OVERWRITE OK: C:\Users\rdurl\OneDrive\Documentos\cesta-de-precos-pncp\tasks\mapeamento-ocds\output\2025\5\ZIP\JSON\ce-5-2025-json.zip -> s3://medicamentos-transparentes-dados-abertos/ce-5-2025-json.zip
2026-06-08 19:12:49,050 WARNING OVERWRITE OK: C:\Users\rdurl\OneDrive\Documentos\cesta-de-precos-pncp\tasks\mapeamento-ocds\output\2025\5\ZIP\JSON\df-5-2025-json.zip -> s3://medicamentos-transparentes-dados-abertos/df-5-2025-json.zip
2026-06-08 19:12:49,138 WARNING OVERWRITE OK: C:\Users\rdurl\OneDrive\Documentos\cesta-de-precos-pncp\tasks\mapeamento-ocds\output\2025\5\ZIP\JSON\es-5-2025-json.zip -> s3://medicamentos-transparentes-dados-abertos/es-5-2025-json.zip
2026-06-08 19:12:49,241 WARNING OVERWRITE OK: C:\Users\rdurl\OneDrive\Documentos\cesta-de-precos-pncp\tasks\mapeamento-ocds\output\2025\5\ZIP\JSON\go-5-2025-json.zip -> s3://medicamentos-transparentes-dados-abertos/go-5-2025-json.zip
2026-06-08 19:12:49,331 WARNING OVERWRITE OK: C:\Users\rdurl\OneDrive\Documentos\cesta-de-precos-pncp\tasks\mapeamento-ocds\output\2025\5\ZIP\JSON\ma-5-2025-json.zip -> s3://medicamentos-transparentes-dados-abertos/ma-5-2025-json.zip
2026-06-08 19:12:49,458 WARNING OVERWRITE OK: C:\Users\rdurl\OneDrive\Documentos\cesta-de-precos-pncp\tasks\mapeamento-ocds\output\2025\5\ZIP\JSON\mg-5-2025-json.zip -> s3://medicamentos-transparentes-dados-abertos/mg-5-2025-json.zip
2026-06-08 19:12:49,550 WARNING OVERWRITE OK: C:\Users\rdurl\OneDrive\Documentos\cesta-de-precos-pncp\tasks\mapeamento-ocds\output\2025\5\ZIP\JSON\ms-5-2025-json.zip -> s3://medicamentos-transparentes-dados-abertos/ms-5-2025-json.zip
2026-06-08 19:12:49,634 WARNING OVERWRITE OK: C:\Users\rdurl\OneDrive\Documentos\cesta-de-precos-pncp\tasks\mapeamento-ocds\output\2025\5\ZIP\JSON\mt-5-2025-json.zip -> s3://medicamentos-transparentes-dados-abertos/mt-5-2025-json.zip
2026-06-08 19:12:49,724 WARNING OVERWRITE OK: C:\Users\rdurl\OneDrive\Documentos\cesta-de-precos-pncp\tasks\mapeamento-ocds\output\2025\5\ZIP\JSON\pa-5-2025-json.zip -> s3://medicamentos-transparentes-dados-abertos/pa-5-2025-json.zip
2026-06-08 19:12:49,814 WARNING OVERWRITE OK: C:\Users\rdurl\OneDrive\Documentos\cesta-de-precos-pncp\tasks\mapeamento-ocds\output\2025\5\ZIP\JSON\pb-5-2025-json.zip -> s3://medicamentos-transparentes-dados-abertos/pb-5-2025-json.zip
2026-06-08 19:12:49,939 WARNING OVERWRITE OK: C:\Users\rdurl\OneDrive\Documentos\cesta-de-precos-pncp\tasks\mapeamento-ocds\output\2025\5\ZIP\JSON\pe-5-2025-json.zip -> s3://medicamentos-transparentes-dados-abertos/pe-5-2025-json.zip
2026-06-08 19:12:50,017 WARNING OVERWRITE OK: C:\Users\rdurl\OneDrive\Documentos\cesta-de-precos-pncp\tasks\mapeamento-ocds\output\2025\5\ZIP\JSON\pi-5-2025-json.zip -> s3://medicamentos-transparentes-dados-abertos/pi-5-2025-json.zip
2026-06-08 19:12:50,126 WARNING OVERWRITE OK: C:\Users\rdurl\OneDrive\Documentos\cesta-de-precos-pncp\tasks\mapeamento-ocds\output\2025\5\ZIP\JSON\pr-5-2025-json.zip -> s3://medicamentos-transparentes-dados-abertos/pr-5-2025-json.zip
2026-06-08 19:12:50,226 WARNING OVERWRITE OK: C:\Users\rdurl\OneDrive\Documentos\cesta-de-precos-pncp\tasks\mapeamento-ocds\output\2025\5\ZIP\JSON\rj-5-2025-json.zip -> s3://medicamentos-transparentes-dados-abertos/rj-5-2025-json.zip
2026-06-08 19:12:50,324 WARNING OVERWRITE OK: C:\Users\rdurl\OneDrive\Documentos\cesta-de-precos-pncp\tasks\mapeamento-ocds\output\2025\5\ZIP\JSON\rn-5-2025-json.zip -> s3://medicamentos-transparentes-dados-abertos/rn-5-2025-json.zip
2026-06-08 19:12:50,404 WARNING OVERWRITE OK: C:\Users\rdurl\OneDrive\Documentos\cesta-de-precos-pncp\tasks\mapeamento-ocds\output\2025\5\ZIP\JSON\ro-5-2025-json.zip -> s3://medicamentos-transparentes-dados-abertos/ro-5-2025-json.zip
2026-06-08 19:12:50,483 WARNING OVERWRITE OK: C:\Users\rdurl\OneDrive\Documentos\cesta-de-precos-pncp\tasks\mapeamento-ocds\output\2025\5\ZIP\JSON\rr-5-2025-json.zip -> s3://medicamentos-transparentes-dados-abertos/rr-5-2025-json.zip
2026-06-08 19:12:50,592 WARNING OVERWRITE OK: C:\Users\rdurl\OneDrive\Documentos\cesta-de-precos-pncp\tasks\mapeamento-ocds\output\2025\5\ZIP\JSON\rs-5-2025-json.zip -> s3://medicamentos-transparentes-dados-abertos/rs-5-2025-json.zip
2026-06-08 19:12:51,017 WARNING OVERWRITE OK: C:\Users\rdurl\OneDrive\Documentos\cesta-de-precos-pncp\tasks\mapeamento-ocds\output\2025\5\ZIP\JSON\sc-5-2025-json.zip -> s3://medicamentos-transparentes-dados-abertos/sc-5-2025-json.zip
2026-06-08 19:12:51,125 WARNING OVERWRITE OK: C:\Users\rdurl\OneDrive\Documentos\cesta-de-precos-pncp\tasks\mapeamento-ocds\output\2025\5\ZIP\JSON\se-5-2025-json.zip -> s3://medicamentos-transparentes-dados-abertos/se-5-2025-json.zip
2026-06-08 19:12:51,310 WARNING OVERWRITE OK: C:\Users\rdurl\OneDrive\Documentos\cesta-de-precos-pncp\tasks\mapeamento-ocds\output\2025\5\ZIP\JSON\sp-5-2025-json.zip -> s3://medicamentos-transparentes-dados-abertos/sp-5-2025-json.zip
2026-06-08 19:12:51,406 WARNING OVERWRITE OK: C:\Users\rdurl\OneDrive\Documentos\cesta-de-precos-pncp\tasks\mapeamento-ocds\output\2025\5\ZIP\JSON\to-5-2025-json.zip -> s3://medicamentos-transparentes-dados-abertos/to-5-2025-json.zip
2026-06-08 19:12:51,406 INFO Resumo: encontrados=54 enviados=0 sobrescritos=54 pulados=0 invalidos=0 falhas=0
==== Fim: Upload dos ZIPs OCDS para S3 2026-06-08T19:12:47-03:00 ====

