==== Inicio: Upload dos ZIPs OCDS para S3 2026-06-08T19:28:35-03:00 ====
2026-06-08 19:28:37,352 INFO Raiz de output: C:\Users\rdurl\OneDrive\Documentos\cesta-de-precos-pncp\tasks\mapeamento-ocds\output
2026-06-08 19:28:37,352 INFO Bucket S3: medicamentos-transparentes-dados-abertos
2026-06-08 19:28:37,352 INFO Overwrite remoto: ativado
2026-06-08 19:28:37,526 INFO Found credentials in environment variables.
2026-06-08 19:28:38,072 WARNING OVERWRITE OK: C:\Users\rdurl\OneDrive\Documentos\cesta-de-precos-pncp\tasks\mapeamento-ocds\output\2025\12\ZIP\CSV\ac-12-2025-csv.zip -> s3://medicamentos-transparentes-dados-abertos/ac-12-2025-csv.zip
2026-06-08 19:28:38,172 WARNING OVERWRITE OK: C:\Users\rdurl\OneDrive\Documentos\cesta-de-precos-pncp\tasks\mapeamento-ocds\output\2025\12\ZIP\CSV\al-12-2025-csv.zip -> s3://medicamentos-transparentes-dados-abertos/al-12-2025-csv.zip
2026-06-08 19:28:38,278 WARNING OVERWRITE OK: C:\Users\rdurl\OneDrive\Documentos\cesta-de-precos-pncp\tasks\mapeamento-ocds\output\2025\12\ZIP\CSV\am-12-2025-csv.zip -> s3://medicamentos-transparentes-dados-abertos/am-12-2025-csv.zip
2026-06-08 19:28:38,367 WARNING OVERWRITE OK: C:\Users\rdurl\OneDrive\Documentos\cesta-de-precos-pncp\tasks\mapeamento-ocds\output\2025\12\ZIP\CSV\ap-12-2025-csv.zip -> s3://medicamentos-transparentes-dados-abertos/ap-12-2025-csv.zip
2026-06-08 19:28:38,492 WARNING OVERWRITE OK: C:\Users\rdurl\OneDrive\Documentos\cesta-de-precos-pncp\tasks\mapeamento-ocds\output\2025\12\ZIP\CSV\ba-12-2025-csv.zip -> s3://medicamentos-transparentes-dados-abertos/ba-12-2025-csv.zip
2026-06-08 19:28:38,591 WARNING OVERWRITE OK: C:\Users\rdurl\OneDrive\Documentos\cesta-de-precos-pncp\tasks\mapeamento-ocds\output\2025\12\ZIP\CSV\ce-12-2025-csv.zip -> s3://medicamentos-transparentes-dados-abertos/ce-12-2025-csv.zip
2026-06-08 19:28:38,682 WARNING OVERWRITE OK: C:\Users\rdurl\OneDrive\Documentos\cesta-de-precos-pncp\tasks\mapeamento-ocds\output\2025\12\ZIP\CSV\df-12-2025-csv.zip -> s3://medicamentos-transparentes-dados-abertos/df-12-2025-csv.zip
2026-06-08 19:28:38,789 WARNING OVERWRITE OK: C:\Users\rdurl\OneDrive\Documentos\cesta-de-precos-pncp\tasks\mapeamento-ocds\output\2025\12\ZIP\CSV\es-12-2025-csv.zip -> s3://medicamentos-transparentes-dados-abertos/es-12-2025-csv.zip
2026-06-08 19:28:38,896 WARNING OVERWRITE OK: C:\Users\rdurl\OneDrive\Documentos\cesta-de-precos-pncp\tasks\mapeamento-ocds\output\2025\12\ZIP\CSV\go-12-2025-csv.zip -> s3://medicamentos-transparentes-dados-abertos/go-12-2025-csv.zip
2026-06-08 19:28:39,031 WARNING OVERWRITE OK: C:\Users\rdurl\OneDrive\Documentos\cesta-de-precos-pncp\tasks\mapeamento-ocds\output\2025\12\ZIP\CSV\ma-12-2025-csv.zip -> s3://medicamentos-transparentes-dados-abertos/ma-12-2025-csv.zip
2026-06-08 19:28:39,163 WARNING OVERWRITE OK: C:\Users\rdurl\OneDrive\Documentos\cesta-de-precos-pncp\tasks\mapeamento-ocds\output\2025\12\ZIP\CSV\mg-12-2025-csv.zip -> s3://medicamentos-transparentes-dados-abertos/mg-12-2025-csv.zip
2026-06-08 19:28:39,259 WARNING OVERWRITE OK: C:\Users\rdurl\OneDrive\Documentos\cesta-de-precos-pncp\tasks\mapeamento-ocds\output\2025\12\ZIP\CSV\ms-12-2025-csv.zip -> s3://medicamentos-transparentes-dados-abertos/ms-12-2025-csv.zip
2026-06-08 19:28:39,353 WARNING OVERWRITE OK: C:\Users\rdurl\OneDrive\Documentos\cesta-de-precos-pncp\tasks\mapeamento-ocds\output\2025\12\ZIP\CSV\mt-12-2025-csv.zip -> s3://medicamentos-transparentes-dados-abertos/mt-12-2025-csv.zip
2026-06-08 19:28:39,451 WARNING OVERWRITE OK: C:\Users\rdurl\OneDrive\Documentos\cesta-de-precos-pncp\tasks\mapeamento-ocds\output\2025\12\ZIP\CSV\pa-12-2025-csv.zip -> s3://medicamentos-transparentes-dados-abertos/pa-12-2025-csv.zip
2026-06-08 19:28:39,547 WARNING OVERWRITE OK: C:\Users\rdurl\OneDrive\Documentos\cesta-de-precos-pncp\tasks\mapeamento-ocds\output\2025\12\ZIP\CSV\pb-12-2025-csv.zip -> s3://medicamentos-transparentes-dados-abertos/pb-12-2025-csv.zip
2026-06-08 19:28:39,661 WARNING OVERWRITE OK: C:\Users\rdurl\OneDrive\Documentos\cesta-de-precos-pncp\tasks\mapeamento-ocds\output\2025\12\ZIP\CSV\pe-12-2025-csv.zip -> s3://medicamentos-transparentes-dados-abertos/pe-12-2025-csv.zip
2026-06-08 19:28:39,750 WARNING OVERWRITE OK: C:\Users\rdurl\OneDrive\Documentos\cesta-de-precos-pncp\tasks\mapeamento-ocds\output\2025\12\ZIP\CSV\pi-12-2025-csv.zip -> s3://medicamentos-transparentes-dados-abertos/pi-12-2025-csv.zip
2026-06-08 19:28:39,872 WARNING OVERWRITE OK: C:\Users\rdurl\OneDrive\Documentos\cesta-de-precos-pncp\tasks\mapeamento-ocds\output\2025\12\ZIP\CSV\pr-12-2025-csv.zip -> s3://medicamentos-transparentes-dados-abertos/pr-12-2025-csv.zip
2026-06-08 19:28:39,983 WARNING OVERWRITE OK: C:\Users\rdurl\OneDrive\Documentos\cesta-de-precos-pncp\tasks\mapeamento-ocds\output\2025\12\ZIP\CSV\rj-12-2025-csv.zip -> s3://medicamentos-transparentes-dados-abertos/rj-12-2025-csv.zip
2026-06-08 19:28:40,082 WARNING OVERWRITE OK: C:\Users\rdurl\OneDrive\Documentos\cesta-de-precos-pncp\tasks\mapeamento-ocds\output\2025\12\ZIP\CSV\rn-12-2025-csv.zip -> s3://medicamentos-transparentes-dados-abertos/rn-12-2025-csv.zip
2026-06-08 19:28:40,172 WARNING OVERWRITE OK: C:\Users\rdurl\OneDrive\Documentos\cesta-de-precos-pncp\tasks\mapeamento-ocds\output\2025\12\ZIP\CSV\ro-12-2025-csv.zip -> s3://medicamentos-transparentes-dados-abertos/ro-12-2025-csv.zip
2026-06-08 19:28:40,293 WARNING OVERWRITE OK: C:\Users\rdurl\OneDrive\Documentos\cesta-de-precos-pncp\tasks\mapeamento-ocds\output\2025\12\ZIP\CSV\rr-12-2025-csv.zip -> s3://medicamentos-transparentes-dados-abertos/rr-12-2025-csv.zip
2026-06-08 19:28:40,409 WARNING OVERWRITE OK: C:\Users\rdurl\OneDrive\Documentos\cesta-de-precos-pncp\tasks\mapeamento-ocds\output\2025\12\ZIP\CSV\rs-12-2025-csv.zip -> s3://medicamentos-transparentes-dados-abertos/rs-12-2025-csv.zip
2026-06-08 19:28:40,505 WARNING OVERWRITE OK: C:\Users\rdurl\OneDrive\Documentos\cesta-de-precos-pncp\tasks\mapeamento-ocds\output\2025\12\ZIP\CSV\sc-12-2025-csv.zip -> s3://medicamentos-transparentes-dados-abertos/sc-12-2025-csv.zip
2026-06-08 19:28:40,604 WARNING OVERWRITE OK: C:\Users\rdurl\OneDrive\Documentos\cesta-de-precos-pncp\tasks\mapeamento-ocds\output\2025\12\ZIP\CSV\se-12-2025-csv.zip -> s3://medicamentos-transparentes-dados-abertos/se-12-2025-csv.zip
2026-06-08 19:28:40,767 WARNING OVERWRITE OK: C:\Users\rdurl\OneDrive\Documentos\cesta-de-precos-pncp\tasks\mapeamento-ocds\output\2025\12\ZIP\CSV\sp-12-2025-csv.zip -> s3://medicamentos-transparentes-dados-abertos/sp-12-2025-csv.zip
2026-06-08 19:28:40,856 WARNING OVERWRITE OK: C:\Users\rdurl\OneDrive\Documentos\cesta-de-precos-pncp\tasks\mapeamento-ocds\output\2025\12\ZIP\CSV\to-12-2025-csv.zip -> s3://medicamentos-transparentes-dados-abertos/to-12-2025-csv.zip
2026-06-08 19:28:40,945 WARNING OVERWRITE OK: C:\Users\rdurl\OneDrive\Documentos\cesta-de-precos-pncp\tasks\mapeamento-ocds\output\2025\12\ZIP\JSON\ac-12-2025-json.zip -> s3://medicamentos-transparentes-dados-abertos/ac-12-2025-json.zip
2026-06-08 19:28:41,052 WARNING OVERWRITE OK: C:\Users\rdurl\OneDrive\Documentos\cesta-de-precos-pncp\tasks\mapeamento-ocds\output\2025\12\ZIP\JSON\al-12-2025-json.zip -> s3://medicamentos-transparentes-dados-abertos/al-12-2025-json.zip
2026-06-08 19:28:41,150 WARNING OVERWRITE OK: C:\Users\rdurl\OneDrive\Documentos\cesta-de-precos-pncp\tasks\mapeamento-ocds\output\2025\12\ZIP\JSON\am-12-2025-json.zip -> s3://medicamentos-transparentes-dados-abertos/am-12-2025-json.zip
2026-06-08 19:28:41,242 WARNING OVERWRITE OK: C:\Users\rdurl\OneDrive\Documentos\cesta-de-precos-pncp\tasks\mapeamento-ocds\output\2025\12\ZIP\JSON\ap-12-2025-json.zip -> s3://medicamentos-transparentes-dados-abertos/ap-12-2025-json.zip
2026-06-08 19:28:41,372 WARNING OVERWRITE OK: C:\Users\rdurl\OneDrive\Documentos\cesta-de-precos-pncp\tasks\mapeamento-ocds\output\2025\12\ZIP\JSON\ba-12-2025-json.zip -> s3://medicamentos-transparentes-dados-abertos/ba-12-2025-json.zip
2026-06-08 19:28:41,477 WARNING OVERWRITE OK: C:\Users\rdurl\OneDrive\Documentos\cesta-de-precos-pncp\tasks\mapeamento-ocds\output\2025\12\ZIP\JSON\ce-12-2025-json.zip -> s3://medicamentos-transparentes-dados-abertos/ce-12-2025-json.zip
2026-06-08 19:28:41,587 WARNING OVERWRITE OK: C:\Users\rdurl\OneDrive\Documentos\cesta-de-precos-pncp\tasks\mapeamento-ocds\output\2025\12\ZIP\JSON\df-12-2025-json.zip -> s3://medicamentos-transparentes-dados-abertos/df-12-2025-json.zip
2026-06-08 19:28:41,695 WARNING OVERWRITE OK: C:\Users\rdurl\OneDrive\Documentos\cesta-de-precos-pncp\tasks\mapeamento-ocds\output\2025\12\ZIP\JSON\es-12-2025-json.zip -> s3://medicamentos-transparentes-dados-abertos/es-12-2025-json.zip
2026-06-08 19:28:41,817 WARNING OVERWRITE OK: C:\Users\rdurl\OneDrive\Documentos\cesta-de-precos-pncp\tasks\mapeamento-ocds\output\2025\12\ZIP\JSON\go-12-2025-json.zip -> s3://medicamentos-transparentes-dados-abertos/go-12-2025-json.zip
2026-06-08 19:28:41,913 WARNING OVERWRITE OK: C:\Users\rdurl\OneDrive\Documentos\cesta-de-precos-pncp\tasks\mapeamento-ocds\output\2025\12\ZIP\JSON\ma-12-2025-json.zip -> s3://medicamentos-transparentes-dados-abertos/ma-12-2025-json.zip
2026-06-08 19:28:42,056 WARNING OVERWRITE OK: C:\Users\rdurl\OneDrive\Documentos\cesta-de-precos-pncp\tasks\mapeamento-ocds\output\2025\12\ZIP\JSON\mg-12-2025-json.zip -> s3://medicamentos-transparentes-dados-abertos/mg-12-2025-json.zip
2026-06-08 19:28:42,169 WARNING OVERWRITE OK: C:\Users\rdurl\OneDrive\Documentos\cesta-de-precos-pncp\tasks\mapeamento-ocds\output\2025\12\ZIP\JSON\ms-12-2025-json.zip -> s3://medicamentos-transparentes-dados-abertos/ms-12-2025-json.zip
2026-06-08 19:28:42,255 WARNING OVERWRITE OK: C:\Users\rdurl\OneDrive\Documentos\cesta-de-precos-pncp\tasks\mapeamento-ocds\output\2025\12\ZIP\JSON\mt-12-2025-json.zip -> s3://medicamentos-transparentes-dados-abertos/mt-12-2025-json.zip
2026-06-08 19:28:42,350 WARNING OVERWRITE OK: C:\Users\rdurl\OneDrive\Documentos\cesta-de-precos-pncp\tasks\mapeamento-ocds\output\2025\12\ZIP\JSON\pa-12-2025-json.zip -> s3://medicamentos-transparentes-dados-abertos/pa-12-2025-json.zip
2026-06-08 19:28:42,447 WARNING OVERWRITE OK: C:\Users\rdurl\OneDrive\Documentos\cesta-de-precos-pncp\tasks\mapeamento-ocds\output\2025\12\ZIP\JSON\pb-12-2025-json.zip -> s3://medicamentos-transparentes-dados-abertos/pb-12-2025-json.zip
2026-06-08 19:28:42,544 WARNING OVERWRITE OK: C:\Users\rdurl\OneDrive\Documentos\cesta-de-precos-pncp\tasks\mapeamento-ocds\output\2025\12\ZIP\JSON\pe-12-2025-json.zip -> s3://medicamentos-transparentes-dados-abertos/pe-12-2025-json.zip
2026-06-08 19:28:42,622 WARNING OVERWRITE OK: C:\Users\rdurl\OneDrive\Documentos\cesta-de-precos-pncp\tasks\mapeamento-ocds\output\2025\12\ZIP\JSON\pi-12-2025-json.zip -> s3://medicamentos-transparentes-dados-abertos/pi-12-2025-json.zip
2026-06-08 19:28:42,743 WARNING OVERWRITE OK: C:\Users\rdurl\OneDrive\Documentos\cesta-de-precos-pncp\tasks\mapeamento-ocds\output\2025\12\ZIP\JSON\pr-12-2025-json.zip -> s3://medicamentos-transparentes-dados-abertos/pr-12-2025-json.zip
2026-06-08 19:28:42,861 WARNING OVERWRITE OK: C:\Users\rdurl\OneDrive\Documentos\cesta-de-precos-pncp\tasks\mapeamento-ocds\output\2025\12\ZIP\JSON\rj-12-2025-json.zip -> s3://medicamentos-transparentes-dados-abertos/rj-12-2025-json.zip
2026-06-08 19:28:42,959 WARNING OVERWRITE OK: C:\Users\rdurl\OneDrive\Documentos\cesta-de-precos-pncp\tasks\mapeamento-ocds\output\2025\12\ZIP\JSON\rn-12-2025-json.zip -> s3://medicamentos-transparentes-dados-abertos/rn-12-2025-json.zip
2026-06-08 19:28:43,056 WARNING OVERWRITE OK: C:\Users\rdurl\OneDrive\Documentos\cesta-de-precos-pncp\tasks\mapeamento-ocds\output\2025\12\ZIP\JSON\ro-12-2025-json.zip -> s3://medicamentos-transparentes-dados-abertos/ro-12-2025-json.zip
2026-06-08 19:28:43,150 WARNING OVERWRITE OK: C:\Users\rdurl\OneDrive\Documentos\cesta-de-precos-pncp\tasks\mapeamento-ocds\output\2025\12\ZIP\JSON\rr-12-2025-json.zip -> s3://medicamentos-transparentes-dados-abertos/rr-12-2025-json.zip
2026-06-08 19:28:43,277 WARNING OVERWRITE OK: C:\Users\rdurl\OneDrive\Documentos\cesta-de-precos-pncp\tasks\mapeamento-ocds\output\2025\12\ZIP\JSON\rs-12-2025-json.zip -> s3://medicamentos-transparentes-dados-abertos/rs-12-2025-json.zip
2026-06-08 19:28:43,669 WARNING OVERWRITE OK: C:\Users\rdurl\OneDrive\Documentos\cesta-de-precos-pncp\tasks\mapeamento-ocds\output\2025\12\ZIP\JSON\sc-12-2025-json.zip -> s3://medicamentos-transparentes-dados-abertos/sc-12-2025-json.zip
2026-06-08 19:28:43,752 WARNING OVERWRITE OK: C:\Users\rdurl\OneDrive\Documentos\cesta-de-precos-pncp\tasks\mapeamento-ocds\output\2025\12\ZIP\JSON\se-12-2025-json.zip -> s3://medicamentos-transparentes-dados-abertos/se-12-2025-json.zip
2026-06-08 19:28:43,916 WARNING OVERWRITE OK: C:\Users\rdurl\OneDrive\Documentos\cesta-de-precos-pncp\tasks\mapeamento-ocds\output\2025\12\ZIP\JSON\sp-12-2025-json.zip -> s3://medicamentos-transparentes-dados-abertos/sp-12-2025-json.zip
2026-06-08 19:28:44,001 WARNING OVERWRITE OK: C:\Users\rdurl\OneDrive\Documentos\cesta-de-precos-pncp\tasks\mapeamento-ocds\output\2025\12\ZIP\JSON\to-12-2025-json.zip -> s3://medicamentos-transparentes-dados-abertos/to-12-2025-json.zip
2026-06-08 19:28:44,002 INFO Resumo: encontrados=54 enviados=0 sobrescritos=54 pulados=0 invalidos=0 falhas=0
==== Fim: Upload dos ZIPs OCDS para S3 2026-06-08T19:28:42-03:00 ====

