==== Inicio: Upload dos ZIPs OCDS para S3 2026-06-08T19:09:45-03:00 ====
2026-06-08 19:09:47,757 INFO Raiz de output: C:\Users\rdurl\OneDrive\Documentos\cesta-de-precos-pncp\tasks\mapeamento-ocds\output
2026-06-08 19:09:47,757 INFO Bucket S3: medicamentos-transparentes-dados-abertos
2026-06-08 19:09:47,757 INFO Overwrite remoto: ativado
2026-06-08 19:09:47,804 INFO Found credentials in environment variables.
2026-06-08 19:09:48,360 WARNING OVERWRITE OK: C:\Users\rdurl\OneDrive\Documentos\cesta-de-precos-pncp\tasks\mapeamento-ocds\output\2025\3\ZIP\CSV\ac-3-2025-csv.zip -> s3://medicamentos-transparentes-dados-abertos/ac-3-2025-csv.zip
2026-06-08 19:09:48,459 WARNING OVERWRITE OK: C:\Users\rdurl\OneDrive\Documentos\cesta-de-precos-pncp\tasks\mapeamento-ocds\output\2025\3\ZIP\CSV\al-3-2025-csv.zip -> s3://medicamentos-transparentes-dados-abertos/al-3-2025-csv.zip
2026-06-08 19:09:48,553 WARNING OVERWRITE OK: C:\Users\rdurl\OneDrive\Documentos\cesta-de-precos-pncp\tasks\mapeamento-ocds\output\2025\3\ZIP\CSV\am-3-2025-csv.zip -> s3://medicamentos-transparentes-dados-abertos/am-3-2025-csv.zip
2026-06-08 19:09:48,640 WARNING OVERWRITE OK: C:\Users\rdurl\OneDrive\Documentos\cesta-de-precos-pncp\tasks\mapeamento-ocds\output\2025\3\ZIP\CSV\ap-3-2025-csv.zip -> s3://medicamentos-transparentes-dados-abertos/ap-3-2025-csv.zip
2026-06-08 19:09:48,744 WARNING OVERWRITE OK: C:\Users\rdurl\OneDrive\Documentos\cesta-de-precos-pncp\tasks\mapeamento-ocds\output\2025\3\ZIP\CSV\ba-3-2025-csv.zip -> s3://medicamentos-transparentes-dados-abertos/ba-3-2025-csv.zip
2026-06-08 19:09:48,864 WARNING OVERWRITE OK: C:\Users\rdurl\OneDrive\Documentos\cesta-de-precos-pncp\tasks\mapeamento-ocds\output\2025\3\ZIP\CSV\ce-3-2025-csv.zip -> s3://medicamentos-transparentes-dados-abertos/ce-3-2025-csv.zip
2026-06-08 19:09:49,036 WARNING OVERWRITE OK: C:\Users\rdurl\OneDrive\Documentos\cesta-de-precos-pncp\tasks\mapeamento-ocds\output\2025\3\ZIP\CSV\df-3-2025-csv.zip -> s3://medicamentos-transparentes-dados-abertos/df-3-2025-csv.zip
2026-06-08 19:09:49,171 WARNING OVERWRITE OK: C:\Users\rdurl\OneDrive\Documentos\cesta-de-precos-pncp\tasks\mapeamento-ocds\output\2025\3\ZIP\CSV\es-3-2025-csv.zip -> s3://medicamentos-transparentes-dados-abertos/es-3-2025-csv.zip
2026-06-08 19:09:49,291 WARNING OVERWRITE OK: C:\Users\rdurl\OneDrive\Documentos\cesta-de-precos-pncp\tasks\mapeamento-ocds\output\2025\3\ZIP\CSV\go-3-2025-csv.zip -> s3://medicamentos-transparentes-dados-abertos/go-3-2025-csv.zip
2026-06-08 19:09:49,390 WARNING OVERWRITE OK: C:\Users\rdurl\OneDrive\Documentos\cesta-de-precos-pncp\tasks\mapeamento-ocds\output\2025\3\ZIP\CSV\ma-3-2025-csv.zip -> s3://medicamentos-transparentes-dados-abertos/ma-3-2025-csv.zip
2026-06-08 19:09:49,551 WARNING OVERWRITE OK: C:\Users\rdurl\OneDrive\Documentos\cesta-de-precos-pncp\tasks\mapeamento-ocds\output\2025\3\ZIP\CSV\mg-3-2025-csv.zip -> s3://medicamentos-transparentes-dados-abertos/mg-3-2025-csv.zip
2026-06-08 19:09:49,651 WARNING OVERWRITE OK: C:\Users\rdurl\OneDrive\Documentos\cesta-de-precos-pncp\tasks\mapeamento-ocds\output\2025\3\ZIP\CSV\ms-3-2025-csv.zip -> s3://medicamentos-transparentes-dados-abertos/ms-3-2025-csv.zip
2026-06-08 19:09:49,755 WARNING OVERWRITE OK: C:\Users\rdurl\OneDrive\Documentos\cesta-de-precos-pncp\tasks\mapeamento-ocds\output\2025\3\ZIP\CSV\mt-3-2025-csv.zip -> s3://medicamentos-transparentes-dados-abertos/mt-3-2025-csv.zip
2026-06-08 19:09:49,870 WARNING OVERWRITE OK: C:\Users\rdurl\OneDrive\Documentos\cesta-de-precos-pncp\tasks\mapeamento-ocds\output\2025\3\ZIP\CSV\pa-3-2025-csv.zip -> s3://medicamentos-transparentes-dados-abertos/pa-3-2025-csv.zip
2026-06-08 19:09:49,988 WARNING OVERWRITE OK: C:\Users\rdurl\OneDrive\Documentos\cesta-de-precos-pncp\tasks\mapeamento-ocds\output\2025\3\ZIP\CSV\pb-3-2025-csv.zip -> s3://medicamentos-transparentes-dados-abertos/pb-3-2025-csv.zip
2026-06-08 19:09:50,100 WARNING OVERWRITE OK: C:\Users\rdurl\OneDrive\Documentos\cesta-de-precos-pncp\tasks\mapeamento-ocds\output\2025\3\ZIP\CSV\pe-3-2025-csv.zip -> s3://medicamentos-transparentes-dados-abertos/pe-3-2025-csv.zip
2026-06-08 19:09:50,193 WARNING OVERWRITE OK: C:\Users\rdurl\OneDrive\Documentos\cesta-de-precos-pncp\tasks\mapeamento-ocds\output\2025\3\ZIP\CSV\pi-3-2025-csv.zip -> s3://medicamentos-transparentes-dados-abertos/pi-3-2025-csv.zip
2026-06-08 19:09:50,368 WARNING OVERWRITE OK: C:\Users\rdurl\OneDrive\Documentos\cesta-de-precos-pncp\tasks\mapeamento-ocds\output\2025\3\ZIP\CSV\pr-3-2025-csv.zip -> s3://medicamentos-transparentes-dados-abertos/pr-3-2025-csv.zip
2026-06-08 19:09:50,519 WARNING OVERWRITE OK: C:\Users\rdurl\OneDrive\Documentos\cesta-de-precos-pncp\tasks\mapeamento-ocds\output\2025\3\ZIP\CSV\rj-3-2025-csv.zip -> s3://medicamentos-transparentes-dados-abertos/rj-3-2025-csv.zip
2026-06-08 19:09:50,620 WARNING OVERWRITE OK: C:\Users\rdurl\OneDrive\Documentos\cesta-de-precos-pncp\tasks\mapeamento-ocds\output\2025\3\ZIP\CSV\rn-3-2025-csv.zip -> s3://medicamentos-transparentes-dados-abertos/rn-3-2025-csv.zip
2026-06-08 19:09:50,722 WARNING OVERWRITE OK: C:\Users\rdurl\OneDrive\Documentos\cesta-de-precos-pncp\tasks\mapeamento-ocds\output\2025\3\ZIP\CSV\ro-3-2025-csv.zip -> s3://medicamentos-transparentes-dados-abertos/ro-3-2025-csv.zip
2026-06-08 19:09:50,803 WARNING OVERWRITE OK: C:\Users\rdurl\OneDrive\Documentos\cesta-de-precos-pncp\tasks\mapeamento-ocds\output\2025\3\ZIP\CSV\rr-3-2025-csv.zip -> s3://medicamentos-transparentes-dados-abertos/rr-3-2025-csv.zip
2026-06-08 19:09:50,931 WARNING OVERWRITE OK: C:\Users\rdurl\OneDrive\Documentos\cesta-de-precos-pncp\tasks\mapeamento-ocds\output\2025\3\ZIP\CSV\rs-3-2025-csv.zip -> s3://medicamentos-transparentes-dados-abertos/rs-3-2025-csv.zip
2026-06-08 19:09:51,031 WARNING OVERWRITE OK: C:\Users\rdurl\OneDrive\Documentos\cesta-de-precos-pncp\tasks\mapeamento-ocds\output\2025\3\ZIP\CSV\sc-3-2025-csv.zip -> s3://medicamentos-transparentes-dados-abertos/sc-3-2025-csv.zip
2026-06-08 19:09:51,129 WARNING OVERWRITE OK: C:\Users\rdurl\OneDrive\Documentos\cesta-de-precos-pncp\tasks\mapeamento-ocds\output\2025\3\ZIP\CSV\se-3-2025-csv.zip -> s3://medicamentos-transparentes-dados-abertos/se-3-2025-csv.zip
2026-06-08 19:09:51,345 WARNING OVERWRITE OK: C:\Users\rdurl\OneDrive\Documentos\cesta-de-precos-pncp\tasks\mapeamento-ocds\output\2025\3\ZIP\CSV\sp-3-2025-csv.zip -> s3://medicamentos-transparentes-dados-abertos/sp-3-2025-csv.zip
2026-06-08 19:09:51,445 WARNING OVERWRITE OK: C:\Users\rdurl\OneDrive\Documentos\cesta-de-precos-pncp\tasks\mapeamento-ocds\output\2025\3\ZIP\CSV\to-3-2025-csv.zip -> s3://medicamentos-transparentes-dados-abertos/to-3-2025-csv.zip
2026-06-08 19:09:51,536 WARNING OVERWRITE OK: C:\Users\rdurl\OneDrive\Documentos\cesta-de-precos-pncp\tasks\mapeamento-ocds\output\2025\3\ZIP\JSON\ac-3-2025-json.zip -> s3://medicamentos-transparentes-dados-abertos/ac-3-2025-json.zip
2026-06-08 19:09:51,641 WARNING OVERWRITE OK: C:\Users\rdurl\OneDrive\Documentos\cesta-de-precos-pncp\tasks\mapeamento-ocds\output\2025\3\ZIP\JSON\al-3-2025-json.zip -> s3://medicamentos-transparentes-dados-abertos/al-3-2025-json.zip
2026-06-08 19:09:51,740 WARNING OVERWRITE OK: C:\Users\rdurl\OneDrive\Documentos\cesta-de-precos-pncp\tasks\mapeamento-ocds\output\2025\3\ZIP\JSON\am-3-2025-json.zip -> s3://medicamentos-transparentes-dados-abertos/am-3-2025-json.zip
2026-06-08 19:09:51,827 WARNING OVERWRITE OK: C:\Users\rdurl\OneDrive\Documentos\cesta-de-precos-pncp\tasks\mapeamento-ocds\output\2025\3\ZIP\JSON\ap-3-2025-json.zip -> s3://medicamentos-transparentes-dados-abertos/ap-3-2025-json.zip
2026-06-08 19:09:51,947 WARNING OVERWRITE OK: C:\Users\rdurl\OneDrive\Documentos\cesta-de-precos-pncp\tasks\mapeamento-ocds\output\2025\3\ZIP\JSON\ba-3-2025-json.zip -> s3://medicamentos-transparentes-dados-abertos/ba-3-2025-json.zip
2026-06-08 19:09:52,096 WARNING OVERWRITE OK: C:\Users\rdurl\OneDrive\Documentos\cesta-de-precos-pncp\tasks\mapeamento-ocds\output\2025\3\ZIP\JSON\ce-3-2025-json.zip -> s3://medicamentos-transparentes-dados-abertos/ce-3-2025-json.zip
2026-06-08 19:09:52,217 WARNING OVERWRITE OK: C:\Users\rdurl\OneDrive\Documentos\cesta-de-precos-pncp\tasks\mapeamento-ocds\output\2025\3\ZIP\JSON\df-3-2025-json.zip -> s3://medicamentos-transparentes-dados-abertos/df-3-2025-json.zip
2026-06-08 19:09:52,331 WARNING OVERWRITE OK: C:\Users\rdurl\OneDrive\Documentos\cesta-de-precos-pncp\tasks\mapeamento-ocds\output\2025\3\ZIP\JSON\es-3-2025-json.zip -> s3://medicamentos-transparentes-dados-abertos/es-3-2025-json.zip
2026-06-08 19:09:52,446 WARNING OVERWRITE OK: C:\Users\rdurl\OneDrive\Documentos\cesta-de-precos-pncp\tasks\mapeamento-ocds\output\2025\3\ZIP\JSON\go-3-2025-json.zip -> s3://medicamentos-transparentes-dados-abertos/go-3-2025-json.zip
2026-06-08 19:09:52,574 WARNING OVERWRITE OK: C:\Users\rdurl\OneDrive\Documentos\cesta-de-precos-pncp\tasks\mapeamento-ocds\output\2025\3\ZIP\JSON\ma-3-2025-json.zip -> s3://medicamentos-transparentes-dados-abertos/ma-3-2025-json.zip
2026-06-08 19:09:52,728 WARNING OVERWRITE OK: C:\Users\rdurl\OneDrive\Documentos\cesta-de-precos-pncp\tasks\mapeamento-ocds\output\2025\3\ZIP\JSON\mg-3-2025-json.zip -> s3://medicamentos-transparentes-dados-abertos/mg-3-2025-json.zip
2026-06-08 19:09:52,833 WARNING OVERWRITE OK: C:\Users\rdurl\OneDrive\Documentos\cesta-de-precos-pncp\tasks\mapeamento-ocds\output\2025\3\ZIP\JSON\ms-3-2025-json.zip -> s3://medicamentos-transparentes-dados-abertos/ms-3-2025-json.zip
2026-06-08 19:09:52,921 WARNING OVERWRITE OK: C:\Users\rdurl\OneDrive\Documentos\cesta-de-precos-pncp\tasks\mapeamento-ocds\output\2025\3\ZIP\JSON\mt-3-2025-json.zip -> s3://medicamentos-transparentes-dados-abertos/mt-3-2025-json.zip
2026-06-08 19:09:53,026 WARNING OVERWRITE OK: C:\Users\rdurl\OneDrive\Documentos\cesta-de-precos-pncp\tasks\mapeamento-ocds\output\2025\3\ZIP\JSON\pa-3-2025-json.zip -> s3://medicamentos-transparentes-dados-abertos/pa-3-2025-json.zip
2026-06-08 19:09:53,169 WARNING OVERWRITE OK: C:\Users\rdurl\OneDrive\Documentos\cesta-de-precos-pncp\tasks\mapeamento-ocds\output\2025\3\ZIP\JSON\pb-3-2025-json.zip -> s3://medicamentos-transparentes-dados-abertos/pb-3-2025-json.zip
2026-06-08 19:09:53,272 WARNING OVERWRITE OK: C:\Users\rdurl\OneDrive\Documentos\cesta-de-precos-pncp\tasks\mapeamento-ocds\output\2025\3\ZIP\JSON\pe-3-2025-json.zip -> s3://medicamentos-transparentes-dados-abertos/pe-3-2025-json.zip
2026-06-08 19:09:53,362 WARNING OVERWRITE OK: C:\Users\rdurl\OneDrive\Documentos\cesta-de-precos-pncp\tasks\mapeamento-ocds\output\2025\3\ZIP\JSON\pi-3-2025-json.zip -> s3://medicamentos-transparentes-dados-abertos/pi-3-2025-json.zip
2026-06-08 19:09:53,507 WARNING OVERWRITE OK: C:\Users\rdurl\OneDrive\Documentos\cesta-de-precos-pncp\tasks\mapeamento-ocds\output\2025\3\ZIP\JSON\pr-3-2025-json.zip -> s3://medicamentos-transparentes-dados-abertos/pr-3-2025-json.zip
2026-06-08 19:09:53,674 WARNING OVERWRITE OK: C:\Users\rdurl\OneDrive\Documentos\cesta-de-precos-pncp\tasks\mapeamento-ocds\output\2025\3\ZIP\JSON\rj-3-2025-json.zip -> s3://medicamentos-transparentes-dados-abertos/rj-3-2025-json.zip
2026-06-08 19:09:53,785 WARNING OVERWRITE OK: C:\Users\rdurl\OneDrive\Documentos\cesta-de-precos-pncp\tasks\mapeamento-ocds\output\2025\3\ZIP\JSON\rn-3-2025-json.zip -> s3://medicamentos-transparentes-dados-abertos/rn-3-2025-json.zip
2026-06-08 19:09:53,878 WARNING OVERWRITE OK: C:\Users\rdurl\OneDrive\Documentos\cesta-de-precos-pncp\tasks\mapeamento-ocds\output\2025\3\ZIP\JSON\ro-3-2025-json.zip -> s3://medicamentos-transparentes-dados-abertos/ro-3-2025-json.zip
2026-06-08 19:09:53,967 WARNING OVERWRITE OK: C:\Users\rdurl\OneDrive\Documentos\cesta-de-precos-pncp\tasks\mapeamento-ocds\output\2025\3\ZIP\JSON\rr-3-2025-json.zip -> s3://medicamentos-transparentes-dados-abertos/rr-3-2025-json.zip
2026-06-08 19:09:54,099 WARNING OVERWRITE OK: C:\Users\rdurl\OneDrive\Documentos\cesta-de-precos-pncp\tasks\mapeamento-ocds\output\2025\3\ZIP\JSON\rs-3-2025-json.zip -> s3://medicamentos-transparentes-dados-abertos/rs-3-2025-json.zip
2026-06-08 19:09:54,477 WARNING OVERWRITE OK: C:\Users\rdurl\OneDrive\Documentos\cesta-de-precos-pncp\tasks\mapeamento-ocds\output\2025\3\ZIP\JSON\sc-3-2025-json.zip -> s3://medicamentos-transparentes-dados-abertos/sc-3-2025-json.zip
2026-06-08 19:09:54,566 WARNING OVERWRITE OK: C:\Users\rdurl\OneDrive\Documentos\cesta-de-precos-pncp\tasks\mapeamento-ocds\output\2025\3\ZIP\JSON\se-3-2025-json.zip -> s3://medicamentos-transparentes-dados-abertos/se-3-2025-json.zip
2026-06-08 19:09:54,772 WARNING OVERWRITE OK: C:\Users\rdurl\OneDrive\Documentos\cesta-de-precos-pncp\tasks\mapeamento-ocds\output\2025\3\ZIP\JSON\sp-3-2025-json.zip -> s3://medicamentos-transparentes-dados-abertos/sp-3-2025-json.zip
2026-06-08 19:09:54,853 WARNING OVERWRITE OK: C:\Users\rdurl\OneDrive\Documentos\cesta-de-precos-pncp\tasks\mapeamento-ocds\output\2025\3\ZIP\JSON\to-3-2025-json.zip -> s3://medicamentos-transparentes-dados-abertos/to-3-2025-json.zip
2026-06-08 19:09:54,853 INFO Resumo: encontrados=54 enviados=0 sobrescritos=54 pulados=0 invalidos=0 falhas=0
==== Fim: Upload dos ZIPs OCDS para S3 2026-06-08T19:09:51-03:00 ====

