==== Inicio: Upload dos ZIPs OCDS para S3 2026-06-08T19:29:22-03:00 ====
2026-06-08 19:29:25,568 INFO Raiz de output: C:\Users\rdurl\OneDrive\Documentos\cesta-de-precos-pncp\tasks\mapeamento-ocds\output
2026-06-08 19:29:25,568 INFO Bucket S3: medicamentos-transparentes-dados-abertos
2026-06-08 19:29:25,568 INFO Overwrite remoto: ativado
2026-06-08 19:29:25,621 INFO Found credentials in environment variables.
2026-06-08 19:29:26,118 WARNING OVERWRITE OK: C:\Users\rdurl\OneDrive\Documentos\cesta-de-precos-pncp\tasks\mapeamento-ocds\output\2026\1\ZIP\CSV\ac-1-2026-csv.zip -> s3://medicamentos-transparentes-dados-abertos/ac-1-2026-csv.zip
2026-06-08 19:29:26,213 WARNING OVERWRITE OK: C:\Users\rdurl\OneDrive\Documentos\cesta-de-precos-pncp\tasks\mapeamento-ocds\output\2026\1\ZIP\CSV\al-1-2026-csv.zip -> s3://medicamentos-transparentes-dados-abertos/al-1-2026-csv.zip
2026-06-08 19:29:26,300 WARNING OVERWRITE OK: C:\Users\rdurl\OneDrive\Documentos\cesta-de-precos-pncp\tasks\mapeamento-ocds\output\2026\1\ZIP\CSV\am-1-2026-csv.zip -> s3://medicamentos-transparentes-dados-abertos/am-1-2026-csv.zip
2026-06-08 19:29:26,379 WARNING OVERWRITE OK: C:\Users\rdurl\OneDrive\Documentos\cesta-de-precos-pncp\tasks\mapeamento-ocds\output\2026\1\ZIP\CSV\ap-1-2026-csv.zip -> s3://medicamentos-transparentes-dados-abertos/ap-1-2026-csv.zip
2026-06-08 19:29:26,476 WARNING OVERWRITE OK: C:\Users\rdurl\OneDrive\Documentos\cesta-de-precos-pncp\tasks\mapeamento-ocds\output\2026\1\ZIP\CSV\ba-1-2026-csv.zip -> s3://medicamentos-transparentes-dados-abertos/ba-1-2026-csv.zip
2026-06-08 19:29:26,572 WARNING OVERWRITE OK: C:\Users\rdurl\OneDrive\Documentos\cesta-de-precos-pncp\tasks\mapeamento-ocds\output\2026\1\ZIP\CSV\ce-1-2026-csv.zip -> s3://medicamentos-transparentes-dados-abertos/ce-1-2026-csv.zip
2026-06-08 19:29:26,648 WARNING OVERWRITE OK: C:\Users\rdurl\OneDrive\Documentos\cesta-de-precos-pncp\tasks\mapeamento-ocds\output\2026\1\ZIP\CSV\df-1-2026-csv.zip -> s3://medicamentos-transparentes-dados-abertos/df-1-2026-csv.zip
2026-06-08 19:29:26,753 WARNING OVERWRITE OK: C:\Users\rdurl\OneDrive\Documentos\cesta-de-precos-pncp\tasks\mapeamento-ocds\output\2026\1\ZIP\CSV\es-1-2026-csv.zip -> s3://medicamentos-transparentes-dados-abertos/es-1-2026-csv.zip
2026-06-08 19:29:26,837 WARNING OVERWRITE OK: C:\Users\rdurl\OneDrive\Documentos\cesta-de-precos-pncp\tasks\mapeamento-ocds\output\2026\1\ZIP\CSV\go-1-2026-csv.zip -> s3://medicamentos-transparentes-dados-abertos/go-1-2026-csv.zip
2026-06-08 19:29:26,922 WARNING OVERWRITE OK: C:\Users\rdurl\OneDrive\Documentos\cesta-de-precos-pncp\tasks\mapeamento-ocds\output\2026\1\ZIP\CSV\ma-1-2026-csv.zip -> s3://medicamentos-transparentes-dados-abertos/ma-1-2026-csv.zip
2026-06-08 19:29:27,051 WARNING OVERWRITE OK: C:\Users\rdurl\OneDrive\Documentos\cesta-de-precos-pncp\tasks\mapeamento-ocds\output\2026\1\ZIP\CSV\mg-1-2026-csv.zip -> s3://medicamentos-transparentes-dados-abertos/mg-1-2026-csv.zip
2026-06-08 19:29:27,129 WARNING OVERWRITE OK: C:\Users\rdurl\OneDrive\Documentos\cesta-de-precos-pncp\tasks\mapeamento-ocds\output\2026\1\ZIP\CSV\ms-1-2026-csv.zip -> s3://medicamentos-transparentes-dados-abertos/ms-1-2026-csv.zip
2026-06-08 19:29:27,207 WARNING OVERWRITE OK: C:\Users\rdurl\OneDrive\Documentos\cesta-de-precos-pncp\tasks\mapeamento-ocds\output\2026\1\ZIP\CSV\mt-1-2026-csv.zip -> s3://medicamentos-transparentes-dados-abertos/mt-1-2026-csv.zip
2026-06-08 19:29:27,291 WARNING OVERWRITE OK: C:\Users\rdurl\OneDrive\Documentos\cesta-de-precos-pncp\tasks\mapeamento-ocds\output\2026\1\ZIP\CSV\pa-1-2026-csv.zip -> s3://medicamentos-transparentes-dados-abertos/pa-1-2026-csv.zip
2026-06-08 19:29:27,376 WARNING OVERWRITE OK: C:\Users\rdurl\OneDrive\Documentos\cesta-de-precos-pncp\tasks\mapeamento-ocds\output\2026\1\ZIP\CSV\pb-1-2026-csv.zip -> s3://medicamentos-transparentes-dados-abertos/pb-1-2026-csv.zip
2026-06-08 19:29:27,482 WARNING OVERWRITE OK: C:\Users\rdurl\OneDrive\Documentos\cesta-de-precos-pncp\tasks\mapeamento-ocds\output\2026\1\ZIP\CSV\pe-1-2026-csv.zip -> s3://medicamentos-transparentes-dados-abertos/pe-1-2026-csv.zip
2026-06-08 19:29:27,563 WARNING OVERWRITE OK: C:\Users\rdurl\OneDrive\Documentos\cesta-de-precos-pncp\tasks\mapeamento-ocds\output\2026\1\ZIP\CSV\pi-1-2026-csv.zip -> s3://medicamentos-transparentes-dados-abertos/pi-1-2026-csv.zip
2026-06-08 19:29:27,658 WARNING OVERWRITE OK: C:\Users\rdurl\OneDrive\Documentos\cesta-de-precos-pncp\tasks\mapeamento-ocds\output\2026\1\ZIP\CSV\pr-1-2026-csv.zip -> s3://medicamentos-transparentes-dados-abertos/pr-1-2026-csv.zip
2026-06-08 19:29:27,754 WARNING OVERWRITE OK: C:\Users\rdurl\OneDrive\Documentos\cesta-de-precos-pncp\tasks\mapeamento-ocds\output\2026\1\ZIP\CSV\rj-1-2026-csv.zip -> s3://medicamentos-transparentes-dados-abertos/rj-1-2026-csv.zip
2026-06-08 19:29:27,849 WARNING OVERWRITE OK: C:\Users\rdurl\OneDrive\Documentos\cesta-de-precos-pncp\tasks\mapeamento-ocds\output\2026\1\ZIP\CSV\rn-1-2026-csv.zip -> s3://medicamentos-transparentes-dados-abertos/rn-1-2026-csv.zip
2026-06-08 19:29:27,939 WARNING OVERWRITE OK: C:\Users\rdurl\OneDrive\Documentos\cesta-de-precos-pncp\tasks\mapeamento-ocds\output\2026\1\ZIP\CSV\ro-1-2026-csv.zip -> s3://medicamentos-transparentes-dados-abertos/ro-1-2026-csv.zip
2026-06-08 19:29:28,020 WARNING OVERWRITE OK: C:\Users\rdurl\OneDrive\Documentos\cesta-de-precos-pncp\tasks\mapeamento-ocds\output\2026\1\ZIP\CSV\rr-1-2026-csv.zip -> s3://medicamentos-transparentes-dados-abertos/rr-1-2026-csv.zip
2026-06-08 19:29:28,127 WARNING OVERWRITE OK: C:\Users\rdurl\OneDrive\Documentos\cesta-de-precos-pncp\tasks\mapeamento-ocds\output\2026\1\ZIP\CSV\rs-1-2026-csv.zip -> s3://medicamentos-transparentes-dados-abertos/rs-1-2026-csv.zip
2026-06-08 19:29:28,212 WARNING OVERWRITE OK: C:\Users\rdurl\OneDrive\Documentos\cesta-de-precos-pncp\tasks\mapeamento-ocds\output\2026\1\ZIP\CSV\sc-1-2026-csv.zip -> s3://medicamentos-transparentes-dados-abertos/sc-1-2026-csv.zip
2026-06-08 19:29:28,297 WARNING OVERWRITE OK: C:\Users\rdurl\OneDrive\Documentos\cesta-de-precos-pncp\tasks\mapeamento-ocds\output\2026\1\ZIP\CSV\se-1-2026-csv.zip -> s3://medicamentos-transparentes-dados-abertos/se-1-2026-csv.zip
2026-06-08 19:29:28,423 WARNING OVERWRITE OK: C:\Users\rdurl\OneDrive\Documentos\cesta-de-precos-pncp\tasks\mapeamento-ocds\output\2026\1\ZIP\CSV\sp-1-2026-csv.zip -> s3://medicamentos-transparentes-dados-abertos/sp-1-2026-csv.zip
2026-06-08 19:29:28,515 WARNING OVERWRITE OK: C:\Users\rdurl\OneDrive\Documentos\cesta-de-precos-pncp\tasks\mapeamento-ocds\output\2026\1\ZIP\CSV\to-1-2026-csv.zip -> s3://medicamentos-transparentes-dados-abertos/to-1-2026-csv.zip
2026-06-08 19:29:28,591 WARNING OVERWRITE OK: C:\Users\rdurl\OneDrive\Documentos\cesta-de-precos-pncp\tasks\mapeamento-ocds\output\2026\1\ZIP\JSON\ac-1-2026-json.zip -> s3://medicamentos-transparentes-dados-abertos/ac-1-2026-json.zip
2026-06-08 19:29:28,676 WARNING OVERWRITE OK: C:\Users\rdurl\OneDrive\Documentos\cesta-de-precos-pncp\tasks\mapeamento-ocds\output\2026\1\ZIP\JSON\al-1-2026-json.zip -> s3://medicamentos-transparentes-dados-abertos/al-1-2026-json.zip
2026-06-08 19:29:28,852 WARNING OVERWRITE OK: C:\Users\rdurl\OneDrive\Documentos\cesta-de-precos-pncp\tasks\mapeamento-ocds\output\2026\1\ZIP\JSON\am-1-2026-json.zip -> s3://medicamentos-transparentes-dados-abertos/am-1-2026-json.zip
2026-06-08 19:29:28,941 WARNING OVERWRITE OK: C:\Users\rdurl\OneDrive\Documentos\cesta-de-precos-pncp\tasks\mapeamento-ocds\output\2026\1\ZIP\JSON\ap-1-2026-json.zip -> s3://medicamentos-transparentes-dados-abertos/ap-1-2026-json.zip
2026-06-08 19:29:29,313 WARNING OVERWRITE OK: C:\Users\rdurl\OneDrive\Documentos\cesta-de-precos-pncp\tasks\mapeamento-ocds\output\2026\1\ZIP\JSON\ba-1-2026-json.zip -> s3://medicamentos-transparentes-dados-abertos/ba-1-2026-json.zip
2026-06-08 19:29:29,473 WARNING OVERWRITE OK: C:\Users\rdurl\OneDrive\Documentos\cesta-de-precos-pncp\tasks\mapeamento-ocds\output\2026\1\ZIP\JSON\ce-1-2026-json.zip -> s3://medicamentos-transparentes-dados-abertos/ce-1-2026-json.zip
2026-06-08 19:29:29,593 WARNING OVERWRITE OK: C:\Users\rdurl\OneDrive\Documentos\cesta-de-precos-pncp\tasks\mapeamento-ocds\output\2026\1\ZIP\JSON\df-1-2026-json.zip -> s3://medicamentos-transparentes-dados-abertos/df-1-2026-json.zip
2026-06-08 19:29:29,708 WARNING OVERWRITE OK: C:\Users\rdurl\OneDrive\Documentos\cesta-de-precos-pncp\tasks\mapeamento-ocds\output\2026\1\ZIP\JSON\es-1-2026-json.zip -> s3://medicamentos-transparentes-dados-abertos/es-1-2026-json.zip
2026-06-08 19:29:30,129 WARNING OVERWRITE OK: C:\Users\rdurl\OneDrive\Documentos\cesta-de-precos-pncp\tasks\mapeamento-ocds\output\2026\1\ZIP\JSON\go-1-2026-json.zip -> s3://medicamentos-transparentes-dados-abertos/go-1-2026-json.zip
2026-06-08 19:29:30,337 WARNING OVERWRITE OK: C:\Users\rdurl\OneDrive\Documentos\cesta-de-precos-pncp\tasks\mapeamento-ocds\output\2026\1\ZIP\JSON\ma-1-2026-json.zip -> s3://medicamentos-transparentes-dados-abertos/ma-1-2026-json.zip
2026-06-08 19:29:30,761 WARNING OVERWRITE OK: C:\Users\rdurl\OneDrive\Documentos\cesta-de-precos-pncp\tasks\mapeamento-ocds\output\2026\1\ZIP\JSON\mg-1-2026-json.zip -> s3://medicamentos-transparentes-dados-abertos/mg-1-2026-json.zip
2026-06-08 19:29:31,016 WARNING OVERWRITE OK: C:\Users\rdurl\OneDrive\Documentos\cesta-de-precos-pncp\tasks\mapeamento-ocds\output\2026\1\ZIP\JSON\ms-1-2026-json.zip -> s3://medicamentos-transparentes-dados-abertos/ms-1-2026-json.zip
2026-06-08 19:29:31,102 WARNING OVERWRITE OK: C:\Users\rdurl\OneDrive\Documentos\cesta-de-precos-pncp\tasks\mapeamento-ocds\output\2026\1\ZIP\JSON\mt-1-2026-json.zip -> s3://medicamentos-transparentes-dados-abertos/mt-1-2026-json.zip
2026-06-08 19:29:31,188 WARNING OVERWRITE OK: C:\Users\rdurl\OneDrive\Documentos\cesta-de-precos-pncp\tasks\mapeamento-ocds\output\2026\1\ZIP\JSON\pa-1-2026-json.zip -> s3://medicamentos-transparentes-dados-abertos/pa-1-2026-json.zip
2026-06-08 19:29:31,279 WARNING OVERWRITE OK: C:\Users\rdurl\OneDrive\Documentos\cesta-de-precos-pncp\tasks\mapeamento-ocds\output\2026\1\ZIP\JSON\pb-1-2026-json.zip -> s3://medicamentos-transparentes-dados-abertos/pb-1-2026-json.zip
2026-06-08 19:29:31,387 WARNING OVERWRITE OK: C:\Users\rdurl\OneDrive\Documentos\cesta-de-precos-pncp\tasks\mapeamento-ocds\output\2026\1\ZIP\JSON\pe-1-2026-json.zip -> s3://medicamentos-transparentes-dados-abertos/pe-1-2026-json.zip
2026-06-08 19:29:31,468 WARNING OVERWRITE OK: C:\Users\rdurl\OneDrive\Documentos\cesta-de-precos-pncp\tasks\mapeamento-ocds\output\2026\1\ZIP\JSON\pi-1-2026-json.zip -> s3://medicamentos-transparentes-dados-abertos/pi-1-2026-json.zip
2026-06-08 19:29:31,563 WARNING OVERWRITE OK: C:\Users\rdurl\OneDrive\Documentos\cesta-de-precos-pncp\tasks\mapeamento-ocds\output\2026\1\ZIP\JSON\pr-1-2026-json.zip -> s3://medicamentos-transparentes-dados-abertos/pr-1-2026-json.zip
2026-06-08 19:29:31,685 WARNING OVERWRITE OK: C:\Users\rdurl\OneDrive\Documentos\cesta-de-precos-pncp\tasks\mapeamento-ocds\output\2026\1\ZIP\JSON\rj-1-2026-json.zip -> s3://medicamentos-transparentes-dados-abertos/rj-1-2026-json.zip
2026-06-08 19:29:31,794 WARNING OVERWRITE OK: C:\Users\rdurl\OneDrive\Documentos\cesta-de-precos-pncp\tasks\mapeamento-ocds\output\2026\1\ZIP\JSON\rn-1-2026-json.zip -> s3://medicamentos-transparentes-dados-abertos/rn-1-2026-json.zip
2026-06-08 19:29:31,885 WARNING OVERWRITE OK: C:\Users\rdurl\OneDrive\Documentos\cesta-de-precos-pncp\tasks\mapeamento-ocds\output\2026\1\ZIP\JSON\ro-1-2026-json.zip -> s3://medicamentos-transparentes-dados-abertos/ro-1-2026-json.zip
2026-06-08 19:29:31,968 WARNING OVERWRITE OK: C:\Users\rdurl\OneDrive\Documentos\cesta-de-precos-pncp\tasks\mapeamento-ocds\output\2026\1\ZIP\JSON\rr-1-2026-json.zip -> s3://medicamentos-transparentes-dados-abertos/rr-1-2026-json.zip
2026-06-08 19:29:32,067 WARNING OVERWRITE OK: C:\Users\rdurl\OneDrive\Documentos\cesta-de-precos-pncp\tasks\mapeamento-ocds\output\2026\1\ZIP\JSON\rs-1-2026-json.zip -> s3://medicamentos-transparentes-dados-abertos/rs-1-2026-json.zip
2026-06-08 19:29:32,424 WARNING OVERWRITE OK: C:\Users\rdurl\OneDrive\Documentos\cesta-de-precos-pncp\tasks\mapeamento-ocds\output\2026\1\ZIP\JSON\sc-1-2026-json.zip -> s3://medicamentos-transparentes-dados-abertos/sc-1-2026-json.zip
2026-06-08 19:29:32,512 WARNING OVERWRITE OK: C:\Users\rdurl\OneDrive\Documentos\cesta-de-precos-pncp\tasks\mapeamento-ocds\output\2026\1\ZIP\JSON\se-1-2026-json.zip -> s3://medicamentos-transparentes-dados-abertos/se-1-2026-json.zip
2026-06-08 19:29:32,642 WARNING OVERWRITE OK: C:\Users\rdurl\OneDrive\Documentos\cesta-de-precos-pncp\tasks\mapeamento-ocds\output\2026\1\ZIP\JSON\sp-1-2026-json.zip -> s3://medicamentos-transparentes-dados-abertos/sp-1-2026-json.zip
2026-06-08 19:29:32,721 WARNING OVERWRITE OK: C:\Users\rdurl\OneDrive\Documentos\cesta-de-precos-pncp\tasks\mapeamento-ocds\output\2026\1\ZIP\JSON\to-1-2026-json.zip -> s3://medicamentos-transparentes-dados-abertos/to-1-2026-json.zip
2026-06-08 19:29:32,721 INFO Resumo: encontrados=54 enviados=0 sobrescritos=54 pulados=0 invalidos=0 falhas=0
==== Fim: Upload dos ZIPs OCDS para S3 2026-06-08T19:29:30-03:00 ====

