==== Inicio: Upload dos ZIPs OCDS para S3 2026-06-08T19:11:06-03:00 ====
2026-06-08 19:11:08,643 INFO Raiz de output: C:\Users\rdurl\OneDrive\Documentos\cesta-de-precos-pncp\tasks\mapeamento-ocds\output
2026-06-08 19:11:08,643 INFO Bucket S3: medicamentos-transparentes-dados-abertos
2026-06-08 19:11:08,643 INFO Overwrite remoto: ativado
2026-06-08 19:11:08,698 INFO Found credentials in environment variables.
2026-06-08 19:11:09,229 WARNING OVERWRITE OK: C:\Users\rdurl\OneDrive\Documentos\cesta-de-precos-pncp\tasks\mapeamento-ocds\output\2025\4\ZIP\CSV\ac-4-2025-csv.zip -> s3://medicamentos-transparentes-dados-abertos/ac-4-2025-csv.zip
2026-06-08 19:11:09,320 WARNING OVERWRITE OK: C:\Users\rdurl\OneDrive\Documentos\cesta-de-precos-pncp\tasks\mapeamento-ocds\output\2025\4\ZIP\CSV\al-4-2025-csv.zip -> s3://medicamentos-transparentes-dados-abertos/al-4-2025-csv.zip
2026-06-08 19:11:09,401 WARNING OVERWRITE OK: C:\Users\rdurl\OneDrive\Documentos\cesta-de-precos-pncp\tasks\mapeamento-ocds\output\2025\4\ZIP\CSV\am-4-2025-csv.zip -> s3://medicamentos-transparentes-dados-abertos/am-4-2025-csv.zip
2026-06-08 19:11:09,484 WARNING OVERWRITE OK: C:\Users\rdurl\OneDrive\Documentos\cesta-de-precos-pncp\tasks\mapeamento-ocds\output\2025\4\ZIP\CSV\ap-4-2025-csv.zip -> s3://medicamentos-transparentes-dados-abertos/ap-4-2025-csv.zip
2026-06-08 19:11:09,578 WARNING OVERWRITE OK: C:\Users\rdurl\OneDrive\Documentos\cesta-de-precos-pncp\tasks\mapeamento-ocds\output\2025\4\ZIP\CSV\ba-4-2025-csv.zip -> s3://medicamentos-transparentes-dados-abertos/ba-4-2025-csv.zip
2026-06-08 19:11:09,678 WARNING OVERWRITE OK: C:\Users\rdurl\OneDrive\Documentos\cesta-de-precos-pncp\tasks\mapeamento-ocds\output\2025\4\ZIP\CSV\ce-4-2025-csv.zip -> s3://medicamentos-transparentes-dados-abertos/ce-4-2025-csv.zip
2026-06-08 19:11:09,768 WARNING OVERWRITE OK: C:\Users\rdurl\OneDrive\Documentos\cesta-de-precos-pncp\tasks\mapeamento-ocds\output\2025\4\ZIP\CSV\df-4-2025-csv.zip -> s3://medicamentos-transparentes-dados-abertos/df-4-2025-csv.zip
2026-06-08 19:11:09,858 WARNING OVERWRITE OK: C:\Users\rdurl\OneDrive\Documentos\cesta-de-precos-pncp\tasks\mapeamento-ocds\output\2025\4\ZIP\CSV\es-4-2025-csv.zip -> s3://medicamentos-transparentes-dados-abertos/es-4-2025-csv.zip
2026-06-08 19:11:09,998 WARNING OVERWRITE OK: C:\Users\rdurl\OneDrive\Documentos\cesta-de-precos-pncp\tasks\mapeamento-ocds\output\2025\4\ZIP\CSV\go-4-2025-csv.zip -> s3://medicamentos-transparentes-dados-abertos/go-4-2025-csv.zip
2026-06-08 19:11:10,074 WARNING OVERWRITE OK: C:\Users\rdurl\OneDrive\Documentos\cesta-de-precos-pncp\tasks\mapeamento-ocds\output\2025\4\ZIP\CSV\ma-4-2025-csv.zip -> s3://medicamentos-transparentes-dados-abertos/ma-4-2025-csv.zip
2026-06-08 19:11:10,189 WARNING OVERWRITE OK: C:\Users\rdurl\OneDrive\Documentos\cesta-de-precos-pncp\tasks\mapeamento-ocds\output\2025\4\ZIP\CSV\mg-4-2025-csv.zip -> s3://medicamentos-transparentes-dados-abertos/mg-4-2025-csv.zip
2026-06-08 19:11:10,284 WARNING OVERWRITE OK: C:\Users\rdurl\OneDrive\Documentos\cesta-de-precos-pncp\tasks\mapeamento-ocds\output\2025\4\ZIP\CSV\ms-4-2025-csv.zip -> s3://medicamentos-transparentes-dados-abertos/ms-4-2025-csv.zip
2026-06-08 19:11:10,366 WARNING OVERWRITE OK: C:\Users\rdurl\OneDrive\Documentos\cesta-de-precos-pncp\tasks\mapeamento-ocds\output\2025\4\ZIP\CSV\mt-4-2025-csv.zip -> s3://medicamentos-transparentes-dados-abertos/mt-4-2025-csv.zip
2026-06-08 19:11:10,457 WARNING OVERWRITE OK: C:\Users\rdurl\OneDrive\Documentos\cesta-de-precos-pncp\tasks\mapeamento-ocds\output\2025\4\ZIP\CSV\pa-4-2025-csv.zip -> s3://medicamentos-transparentes-dados-abertos/pa-4-2025-csv.zip
2026-06-08 19:11:10,556 WARNING OVERWRITE OK: C:\Users\rdurl\OneDrive\Documentos\cesta-de-precos-pncp\tasks\mapeamento-ocds\output\2025\4\ZIP\CSV\pb-4-2025-csv.zip -> s3://medicamentos-transparentes-dados-abertos/pb-4-2025-csv.zip
2026-06-08 19:11:10,640 WARNING OVERWRITE OK: C:\Users\rdurl\OneDrive\Documentos\cesta-de-precos-pncp\tasks\mapeamento-ocds\output\2025\4\ZIP\CSV\pe-4-2025-csv.zip -> s3://medicamentos-transparentes-dados-abertos/pe-4-2025-csv.zip
2026-06-08 19:11:10,725 WARNING OVERWRITE OK: C:\Users\rdurl\OneDrive\Documentos\cesta-de-precos-pncp\tasks\mapeamento-ocds\output\2025\4\ZIP\CSV\pi-4-2025-csv.zip -> s3://medicamentos-transparentes-dados-abertos/pi-4-2025-csv.zip
2026-06-08 19:11:10,825 WARNING OVERWRITE OK: C:\Users\rdurl\OneDrive\Documentos\cesta-de-precos-pncp\tasks\mapeamento-ocds\output\2025\4\ZIP\CSV\pr-4-2025-csv.zip -> s3://medicamentos-transparentes-dados-abertos/pr-4-2025-csv.zip
2026-06-08 19:11:10,952 WARNING OVERWRITE OK: C:\Users\rdurl\OneDrive\Documentos\cesta-de-precos-pncp\tasks\mapeamento-ocds\output\2025\4\ZIP\CSV\rj-4-2025-csv.zip -> s3://medicamentos-transparentes-dados-abertos/rj-4-2025-csv.zip
2026-06-08 19:11:11,044 WARNING OVERWRITE OK: C:\Users\rdurl\OneDrive\Documentos\cesta-de-precos-pncp\tasks\mapeamento-ocds\output\2025\4\ZIP\CSV\rn-4-2025-csv.zip -> s3://medicamentos-transparentes-dados-abertos/rn-4-2025-csv.zip
2026-06-08 19:11:11,141 WARNING OVERWRITE OK: C:\Users\rdurl\OneDrive\Documentos\cesta-de-precos-pncp\tasks\mapeamento-ocds\output\2025\4\ZIP\CSV\ro-4-2025-csv.zip -> s3://medicamentos-transparentes-dados-abertos/ro-4-2025-csv.zip
2026-06-08 19:11:11,215 WARNING OVERWRITE OK: C:\Users\rdurl\OneDrive\Documentos\cesta-de-precos-pncp\tasks\mapeamento-ocds\output\2025\4\ZIP\CSV\rr-4-2025-csv.zip -> s3://medicamentos-transparentes-dados-abertos/rr-4-2025-csv.zip
2026-06-08 19:11:11,338 WARNING OVERWRITE OK: C:\Users\rdurl\OneDrive\Documentos\cesta-de-precos-pncp\tasks\mapeamento-ocds\output\2025\4\ZIP\CSV\rs-4-2025-csv.zip -> s3://medicamentos-transparentes-dados-abertos/rs-4-2025-csv.zip
2026-06-08 19:11:11,435 WARNING OVERWRITE OK: C:\Users\rdurl\OneDrive\Documentos\cesta-de-precos-pncp\tasks\mapeamento-ocds\output\2025\4\ZIP\CSV\sc-4-2025-csv.zip -> s3://medicamentos-transparentes-dados-abertos/sc-4-2025-csv.zip
2026-06-08 19:11:11,534 WARNING OVERWRITE OK: C:\Users\rdurl\OneDrive\Documentos\cesta-de-precos-pncp\tasks\mapeamento-ocds\output\2025\4\ZIP\CSV\se-4-2025-csv.zip -> s3://medicamentos-transparentes-dados-abertos/se-4-2025-csv.zip
2026-06-08 19:11:11,689 WARNING OVERWRITE OK: C:\Users\rdurl\OneDrive\Documentos\cesta-de-precos-pncp\tasks\mapeamento-ocds\output\2025\4\ZIP\CSV\sp-4-2025-csv.zip -> s3://medicamentos-transparentes-dados-abertos/sp-4-2025-csv.zip
2026-06-08 19:11:11,768 WARNING OVERWRITE OK: C:\Users\rdurl\OneDrive\Documentos\cesta-de-precos-pncp\tasks\mapeamento-ocds\output\2025\4\ZIP\CSV\to-4-2025-csv.zip -> s3://medicamentos-transparentes-dados-abertos/to-4-2025-csv.zip
2026-06-08 19:11:11,845 WARNING OVERWRITE OK: C:\Users\rdurl\OneDrive\Documentos\cesta-de-precos-pncp\tasks\mapeamento-ocds\output\2025\4\ZIP\JSON\ac-4-2025-json.zip -> s3://medicamentos-transparentes-dados-abertos/ac-4-2025-json.zip
2026-06-08 19:11:11,936 WARNING OVERWRITE OK: C:\Users\rdurl\OneDrive\Documentos\cesta-de-precos-pncp\tasks\mapeamento-ocds\output\2025\4\ZIP\JSON\al-4-2025-json.zip -> s3://medicamentos-transparentes-dados-abertos/al-4-2025-json.zip
2026-06-08 19:11:12,017 WARNING OVERWRITE OK: C:\Users\rdurl\OneDrive\Documentos\cesta-de-precos-pncp\tasks\mapeamento-ocds\output\2025\4\ZIP\JSON\am-4-2025-json.zip -> s3://medicamentos-transparentes-dados-abertos/am-4-2025-json.zip
2026-06-08 19:11:12,101 WARNING OVERWRITE OK: C:\Users\rdurl\OneDrive\Documentos\cesta-de-precos-pncp\tasks\mapeamento-ocds\output\2025\4\ZIP\JSON\ap-4-2025-json.zip -> s3://medicamentos-transparentes-dados-abertos/ap-4-2025-json.zip
2026-06-08 19:11:12,204 WARNING OVERWRITE OK: C:\Users\rdurl\OneDrive\Documentos\cesta-de-precos-pncp\tasks\mapeamento-ocds\output\2025\4\ZIP\JSON\ba-4-2025-json.zip -> s3://medicamentos-transparentes-dados-abertos/ba-4-2025-json.zip
2026-06-08 19:11:12,305 WARNING OVERWRITE OK: C:\Users\rdurl\OneDrive\Documentos\cesta-de-precos-pncp\tasks\mapeamento-ocds\output\2025\4\ZIP\JSON\ce-4-2025-json.zip -> s3://medicamentos-transparentes-dados-abertos/ce-4-2025-json.zip
2026-06-08 19:11:12,397 WARNING OVERWRITE OK: C:\Users\rdurl\OneDrive\Documentos\cesta-de-precos-pncp\tasks\mapeamento-ocds\output\2025\4\ZIP\JSON\df-4-2025-json.zip -> s3://medicamentos-transparentes-dados-abertos/df-4-2025-json.zip
2026-06-08 19:11:12,504 WARNING OVERWRITE OK: C:\Users\rdurl\OneDrive\Documentos\cesta-de-precos-pncp\tasks\mapeamento-ocds\output\2025\4\ZIP\JSON\es-4-2025-json.zip -> s3://medicamentos-transparentes-dados-abertos/es-4-2025-json.zip
2026-06-08 19:11:12,609 WARNING OVERWRITE OK: C:\Users\rdurl\OneDrive\Documentos\cesta-de-precos-pncp\tasks\mapeamento-ocds\output\2025\4\ZIP\JSON\go-4-2025-json.zip -> s3://medicamentos-transparentes-dados-abertos/go-4-2025-json.zip
2026-06-08 19:11:12,695 WARNING OVERWRITE OK: C:\Users\rdurl\OneDrive\Documentos\cesta-de-precos-pncp\tasks\mapeamento-ocds\output\2025\4\ZIP\JSON\ma-4-2025-json.zip -> s3://medicamentos-transparentes-dados-abertos/ma-4-2025-json.zip
2026-06-08 19:11:12,826 WARNING OVERWRITE OK: C:\Users\rdurl\OneDrive\Documentos\cesta-de-precos-pncp\tasks\mapeamento-ocds\output\2025\4\ZIP\JSON\mg-4-2025-json.zip -> s3://medicamentos-transparentes-dados-abertos/mg-4-2025-json.zip
2026-06-08 19:11:12,922 WARNING OVERWRITE OK: C:\Users\rdurl\OneDrive\Documentos\cesta-de-precos-pncp\tasks\mapeamento-ocds\output\2025\4\ZIP\JSON\ms-4-2025-json.zip -> s3://medicamentos-transparentes-dados-abertos/ms-4-2025-json.zip
2026-06-08 19:11:13,009 WARNING OVERWRITE OK: C:\Users\rdurl\OneDrive\Documentos\cesta-de-precos-pncp\tasks\mapeamento-ocds\output\2025\4\ZIP\JSON\mt-4-2025-json.zip -> s3://medicamentos-transparentes-dados-abertos/mt-4-2025-json.zip
2026-06-08 19:11:13,094 WARNING OVERWRITE OK: C:\Users\rdurl\OneDrive\Documentos\cesta-de-precos-pncp\tasks\mapeamento-ocds\output\2025\4\ZIP\JSON\pa-4-2025-json.zip -> s3://medicamentos-transparentes-dados-abertos/pa-4-2025-json.zip
2026-06-08 19:11:13,191 WARNING OVERWRITE OK: C:\Users\rdurl\OneDrive\Documentos\cesta-de-precos-pncp\tasks\mapeamento-ocds\output\2025\4\ZIP\JSON\pb-4-2025-json.zip -> s3://medicamentos-transparentes-dados-abertos/pb-4-2025-json.zip
2026-06-08 19:11:13,290 WARNING OVERWRITE OK: C:\Users\rdurl\OneDrive\Documentos\cesta-de-precos-pncp\tasks\mapeamento-ocds\output\2025\4\ZIP\JSON\pe-4-2025-json.zip -> s3://medicamentos-transparentes-dados-abertos/pe-4-2025-json.zip
2026-06-08 19:11:13,378 WARNING OVERWRITE OK: C:\Users\rdurl\OneDrive\Documentos\cesta-de-precos-pncp\tasks\mapeamento-ocds\output\2025\4\ZIP\JSON\pi-4-2025-json.zip -> s3://medicamentos-transparentes-dados-abertos/pi-4-2025-json.zip
2026-06-08 19:11:13,486 WARNING OVERWRITE OK: C:\Users\rdurl\OneDrive\Documentos\cesta-de-precos-pncp\tasks\mapeamento-ocds\output\2025\4\ZIP\JSON\pr-4-2025-json.zip -> s3://medicamentos-transparentes-dados-abertos/pr-4-2025-json.zip
2026-06-08 19:11:13,606 WARNING OVERWRITE OK: C:\Users\rdurl\OneDrive\Documentos\cesta-de-precos-pncp\tasks\mapeamento-ocds\output\2025\4\ZIP\JSON\rj-4-2025-json.zip -> s3://medicamentos-transparentes-dados-abertos/rj-4-2025-json.zip
2026-06-08 19:11:13,701 WARNING OVERWRITE OK: C:\Users\rdurl\OneDrive\Documentos\cesta-de-precos-pncp\tasks\mapeamento-ocds\output\2025\4\ZIP\JSON\rn-4-2025-json.zip -> s3://medicamentos-transparentes-dados-abertos/rn-4-2025-json.zip
2026-06-08 19:11:13,782 WARNING OVERWRITE OK: C:\Users\rdurl\OneDrive\Documentos\cesta-de-precos-pncp\tasks\mapeamento-ocds\output\2025\4\ZIP\JSON\ro-4-2025-json.zip -> s3://medicamentos-transparentes-dados-abertos/ro-4-2025-json.zip
2026-06-08 19:11:13,869 WARNING OVERWRITE OK: C:\Users\rdurl\OneDrive\Documentos\cesta-de-precos-pncp\tasks\mapeamento-ocds\output\2025\4\ZIP\JSON\rr-4-2025-json.zip -> s3://medicamentos-transparentes-dados-abertos/rr-4-2025-json.zip
2026-06-08 19:11:13,978 WARNING OVERWRITE OK: C:\Users\rdurl\OneDrive\Documentos\cesta-de-precos-pncp\tasks\mapeamento-ocds\output\2025\4\ZIP\JSON\rs-4-2025-json.zip -> s3://medicamentos-transparentes-dados-abertos/rs-4-2025-json.zip
2026-06-08 19:11:14,395 WARNING OVERWRITE OK: C:\Users\rdurl\OneDrive\Documentos\cesta-de-precos-pncp\tasks\mapeamento-ocds\output\2025\4\ZIP\JSON\sc-4-2025-json.zip -> s3://medicamentos-transparentes-dados-abertos/sc-4-2025-json.zip
2026-06-08 19:11:14,494 WARNING OVERWRITE OK: C:\Users\rdurl\OneDrive\Documentos\cesta-de-precos-pncp\tasks\mapeamento-ocds\output\2025\4\ZIP\JSON\se-4-2025-json.zip -> s3://medicamentos-transparentes-dados-abertos/se-4-2025-json.zip
2026-06-08 19:11:14,661 WARNING OVERWRITE OK: C:\Users\rdurl\OneDrive\Documentos\cesta-de-precos-pncp\tasks\mapeamento-ocds\output\2025\4\ZIP\JSON\sp-4-2025-json.zip -> s3://medicamentos-transparentes-dados-abertos/sp-4-2025-json.zip
2026-06-08 19:11:14,743 WARNING OVERWRITE OK: C:\Users\rdurl\OneDrive\Documentos\cesta-de-precos-pncp\tasks\mapeamento-ocds\output\2025\4\ZIP\JSON\to-4-2025-json.zip -> s3://medicamentos-transparentes-dados-abertos/to-4-2025-json.zip
2026-06-08 19:11:14,743 INFO Resumo: encontrados=54 enviados=0 sobrescritos=54 pulados=0 invalidos=0 falhas=0
==== Fim: Upload dos ZIPs OCDS para S3 2026-06-08T19:11:13-03:00 ====

