==== Inicio: Upload dos ZIPs OCDS para S3 2026-06-08T19:31:43-03:00 ====
2026-06-08 19:31:47,530 INFO Raiz de output: C:\Users\rdurl\OneDrive\Documentos\cesta-de-precos-pncp\tasks\mapeamento-ocds\output
2026-06-08 19:31:47,531 INFO Bucket S3: medicamentos-transparentes-dados-abertos
2026-06-08 19:31:47,531 INFO Overwrite remoto: ativado
2026-06-08 19:31:47,714 INFO Found credentials in environment variables.
2026-06-08 19:31:48,238 WARNING OVERWRITE OK: C:\Users\rdurl\OneDrive\Documentos\cesta-de-precos-pncp\tasks\mapeamento-ocds\output\2026\3\ZIP\CSV\ac-3-2026-csv.zip -> s3://medicamentos-transparentes-dados-abertos/ac-3-2026-csv.zip
2026-06-08 19:31:48,357 WARNING OVERWRITE OK: C:\Users\rdurl\OneDrive\Documentos\cesta-de-precos-pncp\tasks\mapeamento-ocds\output\2026\3\ZIP\CSV\al-3-2026-csv.zip -> s3://medicamentos-transparentes-dados-abertos/al-3-2026-csv.zip
2026-06-08 19:31:48,431 WARNING OVERWRITE OK: C:\Users\rdurl\OneDrive\Documentos\cesta-de-precos-pncp\tasks\mapeamento-ocds\output\2026\3\ZIP\CSV\am-3-2026-csv.zip -> s3://medicamentos-transparentes-dados-abertos/am-3-2026-csv.zip
2026-06-08 19:31:48,512 WARNING OVERWRITE OK: C:\Users\rdurl\OneDrive\Documentos\cesta-de-precos-pncp\tasks\mapeamento-ocds\output\2026\3\ZIP\CSV\ap-3-2026-csv.zip -> s3://medicamentos-transparentes-dados-abertos/ap-3-2026-csv.zip
2026-06-08 19:31:48,590 WARNING OVERWRITE OK: C:\Users\rdurl\OneDrive\Documentos\cesta-de-precos-pncp\tasks\mapeamento-ocds\output\2026\3\ZIP\CSV\ba-3-2026-csv.zip -> s3://medicamentos-transparentes-dados-abertos/ba-3-2026-csv.zip
2026-06-08 19:31:48,689 WARNING OVERWRITE OK: C:\Users\rdurl\OneDrive\Documentos\cesta-de-precos-pncp\tasks\mapeamento-ocds\output\2026\3\ZIP\CSV\ce-3-2026-csv.zip -> s3://medicamentos-transparentes-dados-abertos/ce-3-2026-csv.zip
2026-06-08 19:31:48,776 WARNING OVERWRITE OK: C:\Users\rdurl\OneDrive\Documentos\cesta-de-precos-pncp\tasks\mapeamento-ocds\output\2026\3\ZIP\CSV\df-3-2026-csv.zip -> s3://medicamentos-transparentes-dados-abertos/df-3-2026-csv.zip
2026-06-08 19:31:48,879 WARNING OVERWRITE OK: C:\Users\rdurl\OneDrive\Documentos\cesta-de-precos-pncp\tasks\mapeamento-ocds\output\2026\3\ZIP\CSV\es-3-2026-csv.zip -> s3://medicamentos-transparentes-dados-abertos/es-3-2026-csv.zip
2026-06-08 19:31:49,015 WARNING OVERWRITE OK: C:\Users\rdurl\OneDrive\Documentos\cesta-de-precos-pncp\tasks\mapeamento-ocds\output\2026\3\ZIP\CSV\go-3-2026-csv.zip -> s3://medicamentos-transparentes-dados-abertos/go-3-2026-csv.zip
2026-06-08 19:31:49,097 WARNING OVERWRITE OK: C:\Users\rdurl\OneDrive\Documentos\cesta-de-precos-pncp\tasks\mapeamento-ocds\output\2026\3\ZIP\CSV\ma-3-2026-csv.zip -> s3://medicamentos-transparentes-dados-abertos/ma-3-2026-csv.zip
2026-06-08 19:31:49,218 WARNING OVERWRITE OK: C:\Users\rdurl\OneDrive\Documentos\cesta-de-precos-pncp\tasks\mapeamento-ocds\output\2026\3\ZIP\CSV\mg-3-2026-csv.zip -> s3://medicamentos-transparentes-dados-abertos/mg-3-2026-csv.zip
2026-06-08 19:31:49,306 WARNING OVERWRITE OK: C:\Users\rdurl\OneDrive\Documentos\cesta-de-precos-pncp\tasks\mapeamento-ocds\output\2026\3\ZIP\CSV\ms-3-2026-csv.zip -> s3://medicamentos-transparentes-dados-abertos/ms-3-2026-csv.zip
2026-06-08 19:31:49,389 WARNING OVERWRITE OK: C:\Users\rdurl\OneDrive\Documentos\cesta-de-precos-pncp\tasks\mapeamento-ocds\output\2026\3\ZIP\CSV\mt-3-2026-csv.zip -> s3://medicamentos-transparentes-dados-abertos/mt-3-2026-csv.zip
2026-06-08 19:31:49,475 WARNING OVERWRITE OK: C:\Users\rdurl\OneDrive\Documentos\cesta-de-precos-pncp\tasks\mapeamento-ocds\output\2026\3\ZIP\CSV\pa-3-2026-csv.zip -> s3://medicamentos-transparentes-dados-abertos/pa-3-2026-csv.zip
2026-06-08 19:31:49,561 WARNING OVERWRITE OK: C:\Users\rdurl\OneDrive\Documentos\cesta-de-precos-pncp\tasks\mapeamento-ocds\output\2026\3\ZIP\CSV\pb-3-2026-csv.zip -> s3://medicamentos-transparentes-dados-abertos/pb-3-2026-csv.zip
2026-06-08 19:31:49,674 WARNING OVERWRITE OK: C:\Users\rdurl\OneDrive\Documentos\cesta-de-precos-pncp\tasks\mapeamento-ocds\output\2026\3\ZIP\CSV\pe-3-2026-csv.zip -> s3://medicamentos-transparentes-dados-abertos/pe-3-2026-csv.zip
2026-06-08 19:31:49,756 WARNING OVERWRITE OK: C:\Users\rdurl\OneDrive\Documentos\cesta-de-precos-pncp\tasks\mapeamento-ocds\output\2026\3\ZIP\CSV\pi-3-2026-csv.zip -> s3://medicamentos-transparentes-dados-abertos/pi-3-2026-csv.zip
2026-06-08 19:31:49,858 WARNING OVERWRITE OK: C:\Users\rdurl\OneDrive\Documentos\cesta-de-precos-pncp\tasks\mapeamento-ocds\output\2026\3\ZIP\CSV\pr-3-2026-csv.zip -> s3://medicamentos-transparentes-dados-abertos/pr-3-2026-csv.zip
2026-06-08 19:31:49,950 WARNING OVERWRITE OK: C:\Users\rdurl\OneDrive\Documentos\cesta-de-precos-pncp\tasks\mapeamento-ocds\output\2026\3\ZIP\CSV\rj-3-2026-csv.zip -> s3://medicamentos-transparentes-dados-abertos/rj-3-2026-csv.zip
2026-06-08 19:31:50,037 WARNING OVERWRITE OK: C:\Users\rdurl\OneDrive\Documentos\cesta-de-precos-pncp\tasks\mapeamento-ocds\output\2026\3\ZIP\CSV\rn-3-2026-csv.zip -> s3://medicamentos-transparentes-dados-abertos/rn-3-2026-csv.zip
2026-06-08 19:31:50,115 WARNING OVERWRITE OK: C:\Users\rdurl\OneDrive\Documentos\cesta-de-precos-pncp\tasks\mapeamento-ocds\output\2026\3\ZIP\CSV\ro-3-2026-csv.zip -> s3://medicamentos-transparentes-dados-abertos/ro-3-2026-csv.zip
2026-06-08 19:31:50,193 WARNING OVERWRITE OK: C:\Users\rdurl\OneDrive\Documentos\cesta-de-precos-pncp\tasks\mapeamento-ocds\output\2026\3\ZIP\CSV\rr-3-2026-csv.zip -> s3://medicamentos-transparentes-dados-abertos/rr-3-2026-csv.zip
2026-06-08 19:31:50,308 WARNING OVERWRITE OK: C:\Users\rdurl\OneDrive\Documentos\cesta-de-precos-pncp\tasks\mapeamento-ocds\output\2026\3\ZIP\CSV\rs-3-2026-csv.zip -> s3://medicamentos-transparentes-dados-abertos/rs-3-2026-csv.zip
2026-06-08 19:31:50,395 WARNING OVERWRITE OK: C:\Users\rdurl\OneDrive\Documentos\cesta-de-precos-pncp\tasks\mapeamento-ocds\output\2026\3\ZIP\CSV\sc-3-2026-csv.zip -> s3://medicamentos-transparentes-dados-abertos/sc-3-2026-csv.zip
2026-06-08 19:31:50,478 WARNING OVERWRITE OK: C:\Users\rdurl\OneDrive\Documentos\cesta-de-precos-pncp\tasks\mapeamento-ocds\output\2026\3\ZIP\CSV\se-3-2026-csv.zip -> s3://medicamentos-transparentes-dados-abertos/se-3-2026-csv.zip
2026-06-08 19:31:50,634 WARNING OVERWRITE OK: C:\Users\rdurl\OneDrive\Documentos\cesta-de-precos-pncp\tasks\mapeamento-ocds\output\2026\3\ZIP\CSV\sp-3-2026-csv.zip -> s3://medicamentos-transparentes-dados-abertos/sp-3-2026-csv.zip
2026-06-08 19:31:50,706 WARNING OVERWRITE OK: C:\Users\rdurl\OneDrive\Documentos\cesta-de-precos-pncp\tasks\mapeamento-ocds\output\2026\3\ZIP\CSV\to-3-2026-csv.zip -> s3://medicamentos-transparentes-dados-abertos/to-3-2026-csv.zip
2026-06-08 19:31:50,782 WARNING OVERWRITE OK: C:\Users\rdurl\OneDrive\Documentos\cesta-de-precos-pncp\tasks\mapeamento-ocds\output\2026\3\ZIP\JSON\ac-3-2026-json.zip -> s3://medicamentos-transparentes-dados-abertos/ac-3-2026-json.zip
2026-06-08 19:31:50,873 WARNING OVERWRITE OK: C:\Users\rdurl\OneDrive\Documentos\cesta-de-precos-pncp\tasks\mapeamento-ocds\output\2026\3\ZIP\JSON\al-3-2026-json.zip -> s3://medicamentos-transparentes-dados-abertos/al-3-2026-json.zip
2026-06-08 19:31:50,958 WARNING OVERWRITE OK: C:\Users\rdurl\OneDrive\Documentos\cesta-de-precos-pncp\tasks\mapeamento-ocds\output\2026\3\ZIP\JSON\am-3-2026-json.zip -> s3://medicamentos-transparentes-dados-abertos/am-3-2026-json.zip
2026-06-08 19:31:51,040 WARNING OVERWRITE OK: C:\Users\rdurl\OneDrive\Documentos\cesta-de-precos-pncp\tasks\mapeamento-ocds\output\2026\3\ZIP\JSON\ap-3-2026-json.zip -> s3://medicamentos-transparentes-dados-abertos/ap-3-2026-json.zip
2026-06-08 19:31:51,128 WARNING OVERWRITE OK: C:\Users\rdurl\OneDrive\Documentos\cesta-de-precos-pncp\tasks\mapeamento-ocds\output\2026\3\ZIP\JSON\ba-3-2026-json.zip -> s3://medicamentos-transparentes-dados-abertos/ba-3-2026-json.zip
2026-06-08 19:31:51,228 WARNING OVERWRITE OK: C:\Users\rdurl\OneDrive\Documentos\cesta-de-precos-pncp\tasks\mapeamento-ocds\output\2026\3\ZIP\JSON\ce-3-2026-json.zip -> s3://medicamentos-transparentes-dados-abertos/ce-3-2026-json.zip
2026-06-08 19:31:51,317 WARNING OVERWRITE OK: C:\Users\rdurl\OneDrive\Documentos\cesta-de-precos-pncp\tasks\mapeamento-ocds\output\2026\3\ZIP\JSON\df-3-2026-json.zip -> s3://medicamentos-transparentes-dados-abertos/df-3-2026-json.zip
2026-06-08 19:31:51,409 WARNING OVERWRITE OK: C:\Users\rdurl\OneDrive\Documentos\cesta-de-precos-pncp\tasks\mapeamento-ocds\output\2026\3\ZIP\JSON\es-3-2026-json.zip -> s3://medicamentos-transparentes-dados-abertos/es-3-2026-json.zip
2026-06-08 19:31:51,507 WARNING OVERWRITE OK: C:\Users\rdurl\OneDrive\Documentos\cesta-de-precos-pncp\tasks\mapeamento-ocds\output\2026\3\ZIP\JSON\go-3-2026-json.zip -> s3://medicamentos-transparentes-dados-abertos/go-3-2026-json.zip
2026-06-08 19:31:51,587 WARNING OVERWRITE OK: C:\Users\rdurl\OneDrive\Documentos\cesta-de-precos-pncp\tasks\mapeamento-ocds\output\2026\3\ZIP\JSON\ma-3-2026-json.zip -> s3://medicamentos-transparentes-dados-abertos/ma-3-2026-json.zip
2026-06-08 19:31:51,711 WARNING OVERWRITE OK: C:\Users\rdurl\OneDrive\Documentos\cesta-de-precos-pncp\tasks\mapeamento-ocds\output\2026\3\ZIP\JSON\mg-3-2026-json.zip -> s3://medicamentos-transparentes-dados-abertos/mg-3-2026-json.zip
2026-06-08 19:31:51,798 WARNING OVERWRITE OK: C:\Users\rdurl\OneDrive\Documentos\cesta-de-precos-pncp\tasks\mapeamento-ocds\output\2026\3\ZIP\JSON\ms-3-2026-json.zip -> s3://medicamentos-transparentes-dados-abertos/ms-3-2026-json.zip
2026-06-08 19:31:51,888 WARNING OVERWRITE OK: C:\Users\rdurl\OneDrive\Documentos\cesta-de-precos-pncp\tasks\mapeamento-ocds\output\2026\3\ZIP\JSON\mt-3-2026-json.zip -> s3://medicamentos-transparentes-dados-abertos/mt-3-2026-json.zip
2026-06-08 19:31:51,976 WARNING OVERWRITE OK: C:\Users\rdurl\OneDrive\Documentos\cesta-de-precos-pncp\tasks\mapeamento-ocds\output\2026\3\ZIP\JSON\pa-3-2026-json.zip -> s3://medicamentos-transparentes-dados-abertos/pa-3-2026-json.zip
2026-06-08 19:31:52,061 WARNING OVERWRITE OK: C:\Users\rdurl\OneDrive\Documentos\cesta-de-precos-pncp\tasks\mapeamento-ocds\output\2026\3\ZIP\JSON\pb-3-2026-json.zip -> s3://medicamentos-transparentes-dados-abertos/pb-3-2026-json.zip
2026-06-08 19:31:52,154 WARNING OVERWRITE OK: C:\Users\rdurl\OneDrive\Documentos\cesta-de-precos-pncp\tasks\mapeamento-ocds\output\2026\3\ZIP\JSON\pe-3-2026-json.zip -> s3://medicamentos-transparentes-dados-abertos/pe-3-2026-json.zip
2026-06-08 19:31:52,232 WARNING OVERWRITE OK: C:\Users\rdurl\OneDrive\Documentos\cesta-de-precos-pncp\tasks\mapeamento-ocds\output\2026\3\ZIP\JSON\pi-3-2026-json.zip -> s3://medicamentos-transparentes-dados-abertos/pi-3-2026-json.zip
2026-06-08 19:31:52,344 WARNING OVERWRITE OK: C:\Users\rdurl\OneDrive\Documentos\cesta-de-precos-pncp\tasks\mapeamento-ocds\output\2026\3\ZIP\JSON\pr-3-2026-json.zip -> s3://medicamentos-transparentes-dados-abertos/pr-3-2026-json.zip
2026-06-08 19:31:52,453 WARNING OVERWRITE OK: C:\Users\rdurl\OneDrive\Documentos\cesta-de-precos-pncp\tasks\mapeamento-ocds\output\2026\3\ZIP\JSON\rj-3-2026-json.zip -> s3://medicamentos-transparentes-dados-abertos/rj-3-2026-json.zip
2026-06-08 19:31:52,538 WARNING OVERWRITE OK: C:\Users\rdurl\OneDrive\Documentos\cesta-de-precos-pncp\tasks\mapeamento-ocds\output\2026\3\ZIP\JSON\rn-3-2026-json.zip -> s3://medicamentos-transparentes-dados-abertos/rn-3-2026-json.zip
2026-06-08 19:31:52,613 WARNING OVERWRITE OK: C:\Users\rdurl\OneDrive\Documentos\cesta-de-precos-pncp\tasks\mapeamento-ocds\output\2026\3\ZIP\JSON\ro-3-2026-json.zip -> s3://medicamentos-transparentes-dados-abertos/ro-3-2026-json.zip
2026-06-08 19:31:52,685 WARNING OVERWRITE OK: C:\Users\rdurl\OneDrive\Documentos\cesta-de-precos-pncp\tasks\mapeamento-ocds\output\2026\3\ZIP\JSON\rr-3-2026-json.zip -> s3://medicamentos-transparentes-dados-abertos/rr-3-2026-json.zip
2026-06-08 19:31:52,791 WARNING OVERWRITE OK: C:\Users\rdurl\OneDrive\Documentos\cesta-de-precos-pncp\tasks\mapeamento-ocds\output\2026\3\ZIP\JSON\rs-3-2026-json.zip -> s3://medicamentos-transparentes-dados-abertos/rs-3-2026-json.zip
2026-06-08 19:31:53,181 WARNING OVERWRITE OK: C:\Users\rdurl\OneDrive\Documentos\cesta-de-precos-pncp\tasks\mapeamento-ocds\output\2026\3\ZIP\JSON\sc-3-2026-json.zip -> s3://medicamentos-transparentes-dados-abertos/sc-3-2026-json.zip
2026-06-08 19:31:53,266 WARNING OVERWRITE OK: C:\Users\rdurl\OneDrive\Documentos\cesta-de-precos-pncp\tasks\mapeamento-ocds\output\2026\3\ZIP\JSON\se-3-2026-json.zip -> s3://medicamentos-transparentes-dados-abertos/se-3-2026-json.zip
2026-06-08 19:31:53,438 WARNING OVERWRITE OK: C:\Users\rdurl\OneDrive\Documentos\cesta-de-precos-pncp\tasks\mapeamento-ocds\output\2026\3\ZIP\JSON\sp-3-2026-json.zip -> s3://medicamentos-transparentes-dados-abertos/sp-3-2026-json.zip
2026-06-08 19:31:53,534 WARNING OVERWRITE OK: C:\Users\rdurl\OneDrive\Documentos\cesta-de-precos-pncp\tasks\mapeamento-ocds\output\2026\3\ZIP\JSON\to-3-2026-json.zip -> s3://medicamentos-transparentes-dados-abertos/to-3-2026-json.zip
2026-06-08 19:31:53,534 INFO Resumo: encontrados=54 enviados=0 sobrescritos=54 pulados=0 invalidos=0 falhas=0
==== Fim: Upload dos ZIPs OCDS para S3 2026-06-08T19:31:50-03:00 ====

