==== Inicio: Upload dos ZIPs OCDS para S3 2026-06-08T19:26:53-03:00 ====
2026-06-08 19:26:56,474 INFO Raiz de output: C:\Users\rdurl\OneDrive\Documentos\cesta-de-precos-pncp\tasks\mapeamento-ocds\output
2026-06-08 19:26:56,475 INFO Bucket S3: medicamentos-transparentes-dados-abertos
2026-06-08 19:26:56,475 INFO Overwrite remoto: ativado
2026-06-08 19:26:56,565 INFO Found credentials in environment variables.
2026-06-08 19:26:57,081 WARNING OVERWRITE OK: C:\Users\rdurl\OneDrive\Documentos\cesta-de-precos-pncp\tasks\mapeamento-ocds\output\2025\11\ZIP\CSV\ac-11-2025-csv.zip -> s3://medicamentos-transparentes-dados-abertos/ac-11-2025-csv.zip
2026-06-08 19:26:57,171 WARNING OVERWRITE OK: C:\Users\rdurl\OneDrive\Documentos\cesta-de-precos-pncp\tasks\mapeamento-ocds\output\2025\11\ZIP\CSV\al-11-2025-csv.zip -> s3://medicamentos-transparentes-dados-abertos/al-11-2025-csv.zip
2026-06-08 19:26:57,294 WARNING OVERWRITE OK: C:\Users\rdurl\OneDrive\Documentos\cesta-de-precos-pncp\tasks\mapeamento-ocds\output\2025\11\ZIP\CSV\am-11-2025-csv.zip -> s3://medicamentos-transparentes-dados-abertos/am-11-2025-csv.zip
2026-06-08 19:26:57,380 WARNING OVERWRITE OK: C:\Users\rdurl\OneDrive\Documentos\cesta-de-precos-pncp\tasks\mapeamento-ocds\output\2025\11\ZIP\CSV\ap-11-2025-csv.zip -> s3://medicamentos-transparentes-dados-abertos/ap-11-2025-csv.zip
2026-06-08 19:26:57,487 WARNING OVERWRITE OK: C:\Users\rdurl\OneDrive\Documentos\cesta-de-precos-pncp\tasks\mapeamento-ocds\output\2025\11\ZIP\CSV\ba-11-2025-csv.zip -> s3://medicamentos-transparentes-dados-abertos/ba-11-2025-csv.zip
2026-06-08 19:26:57,594 WARNING OVERWRITE OK: C:\Users\rdurl\OneDrive\Documentos\cesta-de-precos-pncp\tasks\mapeamento-ocds\output\2025\11\ZIP\CSV\ce-11-2025-csv.zip -> s3://medicamentos-transparentes-dados-abertos/ce-11-2025-csv.zip
2026-06-08 19:26:57,686 WARNING OVERWRITE OK: C:\Users\rdurl\OneDrive\Documentos\cesta-de-precos-pncp\tasks\mapeamento-ocds\output\2025\11\ZIP\CSV\df-11-2025-csv.zip -> s3://medicamentos-transparentes-dados-abertos/df-11-2025-csv.zip
2026-06-08 19:26:57,786 WARNING OVERWRITE OK: C:\Users\rdurl\OneDrive\Documentos\cesta-de-precos-pncp\tasks\mapeamento-ocds\output\2025\11\ZIP\CSV\es-11-2025-csv.zip -> s3://medicamentos-transparentes-dados-abertos/es-11-2025-csv.zip
2026-06-08 19:26:57,886 WARNING OVERWRITE OK: C:\Users\rdurl\OneDrive\Documentos\cesta-de-precos-pncp\tasks\mapeamento-ocds\output\2025\11\ZIP\CSV\go-11-2025-csv.zip -> s3://medicamentos-transparentes-dados-abertos/go-11-2025-csv.zip
2026-06-08 19:26:58,024 WARNING OVERWRITE OK: C:\Users\rdurl\OneDrive\Documentos\cesta-de-precos-pncp\tasks\mapeamento-ocds\output\2025\11\ZIP\CSV\ma-11-2025-csv.zip -> s3://medicamentos-transparentes-dados-abertos/ma-11-2025-csv.zip
2026-06-08 19:26:58,142 WARNING OVERWRITE OK: C:\Users\rdurl\OneDrive\Documentos\cesta-de-precos-pncp\tasks\mapeamento-ocds\output\2025\11\ZIP\CSV\mg-11-2025-csv.zip -> s3://medicamentos-transparentes-dados-abertos/mg-11-2025-csv.zip
2026-06-08 19:26:58,239 WARNING OVERWRITE OK: C:\Users\rdurl\OneDrive\Documentos\cesta-de-precos-pncp\tasks\mapeamento-ocds\output\2025\11\ZIP\CSV\ms-11-2025-csv.zip -> s3://medicamentos-transparentes-dados-abertos/ms-11-2025-csv.zip
2026-06-08 19:26:58,338 WARNING OVERWRITE OK: C:\Users\rdurl\OneDrive\Documentos\cesta-de-precos-pncp\tasks\mapeamento-ocds\output\2025\11\ZIP\CSV\mt-11-2025-csv.zip -> s3://medicamentos-transparentes-dados-abertos/mt-11-2025-csv.zip
2026-06-08 19:26:58,433 WARNING OVERWRITE OK: C:\Users\rdurl\OneDrive\Documentos\cesta-de-precos-pncp\tasks\mapeamento-ocds\output\2025\11\ZIP\CSV\pa-11-2025-csv.zip -> s3://medicamentos-transparentes-dados-abertos/pa-11-2025-csv.zip
2026-06-08 19:26:58,540 WARNING OVERWRITE OK: C:\Users\rdurl\OneDrive\Documentos\cesta-de-precos-pncp\tasks\mapeamento-ocds\output\2025\11\ZIP\CSV\pb-11-2025-csv.zip -> s3://medicamentos-transparentes-dados-abertos/pb-11-2025-csv.zip
2026-06-08 19:26:58,650 WARNING OVERWRITE OK: C:\Users\rdurl\OneDrive\Documentos\cesta-de-precos-pncp\tasks\mapeamento-ocds\output\2025\11\ZIP\CSV\pe-11-2025-csv.zip -> s3://medicamentos-transparentes-dados-abertos/pe-11-2025-csv.zip
2026-06-08 19:26:58,736 WARNING OVERWRITE OK: C:\Users\rdurl\OneDrive\Documentos\cesta-de-precos-pncp\tasks\mapeamento-ocds\output\2025\11\ZIP\CSV\pi-11-2025-csv.zip -> s3://medicamentos-transparentes-dados-abertos/pi-11-2025-csv.zip
2026-06-08 19:26:58,856 WARNING OVERWRITE OK: C:\Users\rdurl\OneDrive\Documentos\cesta-de-precos-pncp\tasks\mapeamento-ocds\output\2025\11\ZIP\CSV\pr-11-2025-csv.zip -> s3://medicamentos-transparentes-dados-abertos/pr-11-2025-csv.zip
2026-06-08 19:26:58,966 WARNING OVERWRITE OK: C:\Users\rdurl\OneDrive\Documentos\cesta-de-precos-pncp\tasks\mapeamento-ocds\output\2025\11\ZIP\CSV\rj-11-2025-csv.zip -> s3://medicamentos-transparentes-dados-abertos/rj-11-2025-csv.zip
2026-06-08 19:26:59,056 WARNING OVERWRITE OK: C:\Users\rdurl\OneDrive\Documentos\cesta-de-precos-pncp\tasks\mapeamento-ocds\output\2025\11\ZIP\CSV\rn-11-2025-csv.zip -> s3://medicamentos-transparentes-dados-abertos/rn-11-2025-csv.zip
2026-06-08 19:26:59,137 WARNING OVERWRITE OK: C:\Users\rdurl\OneDrive\Documentos\cesta-de-precos-pncp\tasks\mapeamento-ocds\output\2025\11\ZIP\CSV\ro-11-2025-csv.zip -> s3://medicamentos-transparentes-dados-abertos/ro-11-2025-csv.zip
2026-06-08 19:26:59,212 WARNING OVERWRITE OK: C:\Users\rdurl\OneDrive\Documentos\cesta-de-precos-pncp\tasks\mapeamento-ocds\output\2025\11\ZIP\CSV\rr-11-2025-csv.zip -> s3://medicamentos-transparentes-dados-abertos/rr-11-2025-csv.zip
2026-06-08 19:26:59,324 WARNING OVERWRITE OK: C:\Users\rdurl\OneDrive\Documentos\cesta-de-precos-pncp\tasks\mapeamento-ocds\output\2025\11\ZIP\CSV\rs-11-2025-csv.zip -> s3://medicamentos-transparentes-dados-abertos/rs-11-2025-csv.zip
2026-06-08 19:26:59,417 WARNING OVERWRITE OK: C:\Users\rdurl\OneDrive\Documentos\cesta-de-precos-pncp\tasks\mapeamento-ocds\output\2025\11\ZIP\CSV\sc-11-2025-csv.zip -> s3://medicamentos-transparentes-dados-abertos/sc-11-2025-csv.zip
2026-06-08 19:26:59,498 WARNING OVERWRITE OK: C:\Users\rdurl\OneDrive\Documentos\cesta-de-precos-pncp\tasks\mapeamento-ocds\output\2025\11\ZIP\CSV\se-11-2025-csv.zip -> s3://medicamentos-transparentes-dados-abertos/se-11-2025-csv.zip
2026-06-08 19:26:59,653 WARNING OVERWRITE OK: C:\Users\rdurl\OneDrive\Documentos\cesta-de-precos-pncp\tasks\mapeamento-ocds\output\2025\11\ZIP\CSV\sp-11-2025-csv.zip -> s3://medicamentos-transparentes-dados-abertos/sp-11-2025-csv.zip
2026-06-08 19:26:59,741 WARNING OVERWRITE OK: C:\Users\rdurl\OneDrive\Documentos\cesta-de-precos-pncp\tasks\mapeamento-ocds\output\2025\11\ZIP\CSV\to-11-2025-csv.zip -> s3://medicamentos-transparentes-dados-abertos/to-11-2025-csv.zip
2026-06-08 19:26:59,827 WARNING OVERWRITE OK: C:\Users\rdurl\OneDrive\Documentos\cesta-de-precos-pncp\tasks\mapeamento-ocds\output\2025\11\ZIP\JSON\ac-11-2025-json.zip -> s3://medicamentos-transparentes-dados-abertos/ac-11-2025-json.zip
2026-06-08 19:26:59,924 WARNING OVERWRITE OK: C:\Users\rdurl\OneDrive\Documentos\cesta-de-precos-pncp\tasks\mapeamento-ocds\output\2025\11\ZIP\JSON\al-11-2025-json.zip -> s3://medicamentos-transparentes-dados-abertos/al-11-2025-json.zip
2026-06-08 19:27:00,016 WARNING OVERWRITE OK: C:\Users\rdurl\OneDrive\Documentos\cesta-de-precos-pncp\tasks\mapeamento-ocds\output\2025\11\ZIP\JSON\am-11-2025-json.zip -> s3://medicamentos-transparentes-dados-abertos/am-11-2025-json.zip
2026-06-08 19:27:00,093 WARNING OVERWRITE OK: C:\Users\rdurl\OneDrive\Documentos\cesta-de-precos-pncp\tasks\mapeamento-ocds\output\2025\11\ZIP\JSON\ap-11-2025-json.zip -> s3://medicamentos-transparentes-dados-abertos/ap-11-2025-json.zip
2026-06-08 19:27:00,190 WARNING OVERWRITE OK: C:\Users\rdurl\OneDrive\Documentos\cesta-de-precos-pncp\tasks\mapeamento-ocds\output\2025\11\ZIP\JSON\ba-11-2025-json.zip -> s3://medicamentos-transparentes-dados-abertos/ba-11-2025-json.zip
2026-06-08 19:27:00,299 WARNING OVERWRITE OK: C:\Users\rdurl\OneDrive\Documentos\cesta-de-precos-pncp\tasks\mapeamento-ocds\output\2025\11\ZIP\JSON\ce-11-2025-json.zip -> s3://medicamentos-transparentes-dados-abertos/ce-11-2025-json.zip
2026-06-08 19:27:00,381 WARNING OVERWRITE OK: C:\Users\rdurl\OneDrive\Documentos\cesta-de-precos-pncp\tasks\mapeamento-ocds\output\2025\11\ZIP\JSON\df-11-2025-json.zip -> s3://medicamentos-transparentes-dados-abertos/df-11-2025-json.zip
2026-06-08 19:27:00,480 WARNING OVERWRITE OK: C:\Users\rdurl\OneDrive\Documentos\cesta-de-precos-pncp\tasks\mapeamento-ocds\output\2025\11\ZIP\JSON\es-11-2025-json.zip -> s3://medicamentos-transparentes-dados-abertos/es-11-2025-json.zip
2026-06-08 19:27:00,587 WARNING OVERWRITE OK: C:\Users\rdurl\OneDrive\Documentos\cesta-de-precos-pncp\tasks\mapeamento-ocds\output\2025\11\ZIP\JSON\go-11-2025-json.zip -> s3://medicamentos-transparentes-dados-abertos/go-11-2025-json.zip
2026-06-08 19:27:00,682 WARNING OVERWRITE OK: C:\Users\rdurl\OneDrive\Documentos\cesta-de-precos-pncp\tasks\mapeamento-ocds\output\2025\11\ZIP\JSON\ma-11-2025-json.zip -> s3://medicamentos-transparentes-dados-abertos/ma-11-2025-json.zip
2026-06-08 19:27:00,798 WARNING OVERWRITE OK: C:\Users\rdurl\OneDrive\Documentos\cesta-de-precos-pncp\tasks\mapeamento-ocds\output\2025\11\ZIP\JSON\mg-11-2025-json.zip -> s3://medicamentos-transparentes-dados-abertos/mg-11-2025-json.zip
2026-06-08 19:27:00,886 WARNING OVERWRITE OK: C:\Users\rdurl\OneDrive\Documentos\cesta-de-precos-pncp\tasks\mapeamento-ocds\output\2025\11\ZIP\JSON\ms-11-2025-json.zip -> s3://medicamentos-transparentes-dados-abertos/ms-11-2025-json.zip
2026-06-08 19:27:00,978 WARNING OVERWRITE OK: C:\Users\rdurl\OneDrive\Documentos\cesta-de-precos-pncp\tasks\mapeamento-ocds\output\2025\11\ZIP\JSON\mt-11-2025-json.zip -> s3://medicamentos-transparentes-dados-abertos/mt-11-2025-json.zip
2026-06-08 19:27:01,076 WARNING OVERWRITE OK: C:\Users\rdurl\OneDrive\Documentos\cesta-de-precos-pncp\tasks\mapeamento-ocds\output\2025\11\ZIP\JSON\pa-11-2025-json.zip -> s3://medicamentos-transparentes-dados-abertos/pa-11-2025-json.zip
2026-06-08 19:27:01,165 WARNING OVERWRITE OK: C:\Users\rdurl\OneDrive\Documentos\cesta-de-precos-pncp\tasks\mapeamento-ocds\output\2025\11\ZIP\JSON\pb-11-2025-json.zip -> s3://medicamentos-transparentes-dados-abertos/pb-11-2025-json.zip
2026-06-08 19:27:01,261 WARNING OVERWRITE OK: C:\Users\rdurl\OneDrive\Documentos\cesta-de-precos-pncp\tasks\mapeamento-ocds\output\2025\11\ZIP\JSON\pe-11-2025-json.zip -> s3://medicamentos-transparentes-dados-abertos/pe-11-2025-json.zip
2026-06-08 19:27:01,336 WARNING OVERWRITE OK: C:\Users\rdurl\OneDrive\Documentos\cesta-de-precos-pncp\tasks\mapeamento-ocds\output\2025\11\ZIP\JSON\pi-11-2025-json.zip -> s3://medicamentos-transparentes-dados-abertos/pi-11-2025-json.zip
2026-06-08 19:27:01,455 WARNING OVERWRITE OK: C:\Users\rdurl\OneDrive\Documentos\cesta-de-precos-pncp\tasks\mapeamento-ocds\output\2025\11\ZIP\JSON\pr-11-2025-json.zip -> s3://medicamentos-transparentes-dados-abertos/pr-11-2025-json.zip
2026-06-08 19:27:01,568 WARNING OVERWRITE OK: C:\Users\rdurl\OneDrive\Documentos\cesta-de-precos-pncp\tasks\mapeamento-ocds\output\2025\11\ZIP\JSON\rj-11-2025-json.zip -> s3://medicamentos-transparentes-dados-abertos/rj-11-2025-json.zip
2026-06-08 19:27:01,655 WARNING OVERWRITE OK: C:\Users\rdurl\OneDrive\Documentos\cesta-de-precos-pncp\tasks\mapeamento-ocds\output\2025\11\ZIP\JSON\rn-11-2025-json.zip -> s3://medicamentos-transparentes-dados-abertos/rn-11-2025-json.zip
2026-06-08 19:27:01,732 WARNING OVERWRITE OK: C:\Users\rdurl\OneDrive\Documentos\cesta-de-precos-pncp\tasks\mapeamento-ocds\output\2025\11\ZIP\JSON\ro-11-2025-json.zip -> s3://medicamentos-transparentes-dados-abertos/ro-11-2025-json.zip
2026-06-08 19:27:01,821 WARNING OVERWRITE OK: C:\Users\rdurl\OneDrive\Documentos\cesta-de-precos-pncp\tasks\mapeamento-ocds\output\2025\11\ZIP\JSON\rr-11-2025-json.zip -> s3://medicamentos-transparentes-dados-abertos/rr-11-2025-json.zip
2026-06-08 19:27:01,946 WARNING OVERWRITE OK: C:\Users\rdurl\OneDrive\Documentos\cesta-de-precos-pncp\tasks\mapeamento-ocds\output\2025\11\ZIP\JSON\rs-11-2025-json.zip -> s3://medicamentos-transparentes-dados-abertos/rs-11-2025-json.zip
2026-06-08 19:27:02,312 WARNING OVERWRITE OK: C:\Users\rdurl\OneDrive\Documentos\cesta-de-precos-pncp\tasks\mapeamento-ocds\output\2025\11\ZIP\JSON\sc-11-2025-json.zip -> s3://medicamentos-transparentes-dados-abertos/sc-11-2025-json.zip
2026-06-08 19:27:02,413 WARNING OVERWRITE OK: C:\Users\rdurl\OneDrive\Documentos\cesta-de-precos-pncp\tasks\mapeamento-ocds\output\2025\11\ZIP\JSON\se-11-2025-json.zip -> s3://medicamentos-transparentes-dados-abertos/se-11-2025-json.zip
2026-06-08 19:27:02,574 WARNING OVERWRITE OK: C:\Users\rdurl\OneDrive\Documentos\cesta-de-precos-pncp\tasks\mapeamento-ocds\output\2025\11\ZIP\JSON\sp-11-2025-json.zip -> s3://medicamentos-transparentes-dados-abertos/sp-11-2025-json.zip
2026-06-08 19:27:02,664 WARNING OVERWRITE OK: C:\Users\rdurl\OneDrive\Documentos\cesta-de-precos-pncp\tasks\mapeamento-ocds\output\2025\11\ZIP\JSON\to-11-2025-json.zip -> s3://medicamentos-transparentes-dados-abertos/to-11-2025-json.zip
2026-06-08 19:27:02,664 INFO Resumo: encontrados=54 enviados=0 sobrescritos=54 pulados=0 invalidos=0 falhas=0
==== Fim: Upload dos ZIPs OCDS para S3 2026-06-08T19:27:00-03:00 ====

