==== Inicio: Upload dos ZIPs OCDS para S3 2026-06-08T19:03:35-03:00 ====
2026-06-08 19:03:38,052 INFO Raiz de output: C:\Users\rdurl\OneDrive\Documentos\cesta-de-precos-pncp\tasks\mapeamento-ocds\output
2026-06-08 19:03:38,052 INFO Bucket S3: medicamentos-transparentes-dados-abertos
2026-06-08 19:03:38,052 INFO Overwrite remoto: ativado
2026-06-08 19:03:38,104 INFO Found credentials in environment variables.
2026-06-08 19:03:38,626 WARNING OVERWRITE OK: C:\Users\rdurl\OneDrive\Documentos\cesta-de-precos-pncp\tasks\mapeamento-ocds\output\2025\2\ZIP\CSV\ac-2-2025-csv.zip -> s3://medicamentos-transparentes-dados-abertos/ac-2-2025-csv.zip
2026-06-08 19:03:38,703 WARNING OVERWRITE OK: C:\Users\rdurl\OneDrive\Documentos\cesta-de-precos-pncp\tasks\mapeamento-ocds\output\2025\2\ZIP\CSV\al-2-2025-csv.zip -> s3://medicamentos-transparentes-dados-abertos/al-2-2025-csv.zip
2026-06-08 19:03:38,781 WARNING OVERWRITE OK: C:\Users\rdurl\OneDrive\Documentos\cesta-de-precos-pncp\tasks\mapeamento-ocds\output\2025\2\ZIP\CSV\am-2-2025-csv.zip -> s3://medicamentos-transparentes-dados-abertos/am-2-2025-csv.zip
2026-06-08 19:03:38,858 WARNING OVERWRITE OK: C:\Users\rdurl\OneDrive\Documentos\cesta-de-precos-pncp\tasks\mapeamento-ocds\output\2025\2\ZIP\CSV\ap-2-2025-csv.zip -> s3://medicamentos-transparentes-dados-abertos/ap-2-2025-csv.zip
2026-06-08 19:03:38,944 WARNING OVERWRITE OK: C:\Users\rdurl\OneDrive\Documentos\cesta-de-precos-pncp\tasks\mapeamento-ocds\output\2025\2\ZIP\CSV\ba-2-2025-csv.zip -> s3://medicamentos-transparentes-dados-abertos/ba-2-2025-csv.zip
2026-06-08 19:03:39,075 WARNING OVERWRITE OK: C:\Users\rdurl\OneDrive\Documentos\cesta-de-precos-pncp\tasks\mapeamento-ocds\output\2025\2\ZIP\CSV\ce-2-2025-csv.zip -> s3://medicamentos-transparentes-dados-abertos/ce-2-2025-csv.zip
2026-06-08 19:03:39,152 WARNING OVERWRITE OK: C:\Users\rdurl\OneDrive\Documentos\cesta-de-precos-pncp\tasks\mapeamento-ocds\output\2025\2\ZIP\CSV\df-2-2025-csv.zip -> s3://medicamentos-transparentes-dados-abertos/df-2-2025-csv.zip
2026-06-08 19:03:39,237 WARNING OVERWRITE OK: C:\Users\rdurl\OneDrive\Documentos\cesta-de-precos-pncp\tasks\mapeamento-ocds\output\2025\2\ZIP\CSV\es-2-2025-csv.zip -> s3://medicamentos-transparentes-dados-abertos/es-2-2025-csv.zip
2026-06-08 19:03:39,337 WARNING OVERWRITE OK: C:\Users\rdurl\OneDrive\Documentos\cesta-de-precos-pncp\tasks\mapeamento-ocds\output\2025\2\ZIP\CSV\go-2-2025-csv.zip -> s3://medicamentos-transparentes-dados-abertos/go-2-2025-csv.zip
2026-06-08 19:03:39,409 WARNING OVERWRITE OK: C:\Users\rdurl\OneDrive\Documentos\cesta-de-precos-pncp\tasks\mapeamento-ocds\output\2025\2\ZIP\CSV\ma-2-2025-csv.zip -> s3://medicamentos-transparentes-dados-abertos/ma-2-2025-csv.zip
2026-06-08 19:03:39,530 WARNING OVERWRITE OK: C:\Users\rdurl\OneDrive\Documentos\cesta-de-precos-pncp\tasks\mapeamento-ocds\output\2025\2\ZIP\CSV\mg-2-2025-csv.zip -> s3://medicamentos-transparentes-dados-abertos/mg-2-2025-csv.zip
2026-06-08 19:03:39,620 WARNING OVERWRITE OK: C:\Users\rdurl\OneDrive\Documentos\cesta-de-precos-pncp\tasks\mapeamento-ocds\output\2025\2\ZIP\CSV\ms-2-2025-csv.zip -> s3://medicamentos-transparentes-dados-abertos/ms-2-2025-csv.zip
2026-06-08 19:03:39,696 WARNING OVERWRITE OK: C:\Users\rdurl\OneDrive\Documentos\cesta-de-precos-pncp\tasks\mapeamento-ocds\output\2025\2\ZIP\CSV\mt-2-2025-csv.zip -> s3://medicamentos-transparentes-dados-abertos/mt-2-2025-csv.zip
2026-06-08 19:03:39,780 WARNING OVERWRITE OK: C:\Users\rdurl\OneDrive\Documentos\cesta-de-precos-pncp\tasks\mapeamento-ocds\output\2025\2\ZIP\CSV\pa-2-2025-csv.zip -> s3://medicamentos-transparentes-dados-abertos/pa-2-2025-csv.zip
2026-06-08 19:03:39,893 WARNING OVERWRITE OK: C:\Users\rdurl\OneDrive\Documentos\cesta-de-precos-pncp\tasks\mapeamento-ocds\output\2025\2\ZIP\CSV\pb-2-2025-csv.zip -> s3://medicamentos-transparentes-dados-abertos/pb-2-2025-csv.zip
2026-06-08 19:03:39,991 WARNING OVERWRITE OK: C:\Users\rdurl\OneDrive\Documentos\cesta-de-precos-pncp\tasks\mapeamento-ocds\output\2025\2\ZIP\CSV\pe-2-2025-csv.zip -> s3://medicamentos-transparentes-dados-abertos/pe-2-2025-csv.zip
2026-06-08 19:03:40,071 WARNING OVERWRITE OK: C:\Users\rdurl\OneDrive\Documentos\cesta-de-precos-pncp\tasks\mapeamento-ocds\output\2025\2\ZIP\CSV\pi-2-2025-csv.zip -> s3://medicamentos-transparentes-dados-abertos/pi-2-2025-csv.zip
2026-06-08 19:03:40,168 WARNING OVERWRITE OK: C:\Users\rdurl\OneDrive\Documentos\cesta-de-precos-pncp\tasks\mapeamento-ocds\output\2025\2\ZIP\CSV\pr-2-2025-csv.zip -> s3://medicamentos-transparentes-dados-abertos/pr-2-2025-csv.zip
2026-06-08 19:03:40,268 WARNING OVERWRITE OK: C:\Users\rdurl\OneDrive\Documentos\cesta-de-precos-pncp\tasks\mapeamento-ocds\output\2025\2\ZIP\CSV\rj-2-2025-csv.zip -> s3://medicamentos-transparentes-dados-abertos/rj-2-2025-csv.zip
2026-06-08 19:03:40,360 WARNING OVERWRITE OK: C:\Users\rdurl\OneDrive\Documentos\cesta-de-precos-pncp\tasks\mapeamento-ocds\output\2025\2\ZIP\CSV\rn-2-2025-csv.zip -> s3://medicamentos-transparentes-dados-abertos/rn-2-2025-csv.zip
2026-06-08 19:03:40,438 WARNING OVERWRITE OK: C:\Users\rdurl\OneDrive\Documentos\cesta-de-precos-pncp\tasks\mapeamento-ocds\output\2025\2\ZIP\CSV\ro-2-2025-csv.zip -> s3://medicamentos-transparentes-dados-abertos/ro-2-2025-csv.zip
2026-06-08 19:03:40,515 WARNING OVERWRITE OK: C:\Users\rdurl\OneDrive\Documentos\cesta-de-precos-pncp\tasks\mapeamento-ocds\output\2025\2\ZIP\CSV\rr-2-2025-csv.zip -> s3://medicamentos-transparentes-dados-abertos/rr-2-2025-csv.zip
2026-06-08 19:03:40,622 WARNING OVERWRITE OK: C:\Users\rdurl\OneDrive\Documentos\cesta-de-precos-pncp\tasks\mapeamento-ocds\output\2025\2\ZIP\CSV\rs-2-2025-csv.zip -> s3://medicamentos-transparentes-dados-abertos/rs-2-2025-csv.zip
2026-06-08 19:03:40,695 WARNING OVERWRITE OK: C:\Users\rdurl\OneDrive\Documentos\cesta-de-precos-pncp\tasks\mapeamento-ocds\output\2025\2\ZIP\CSV\sc-2-2025-csv.zip -> s3://medicamentos-transparentes-dados-abertos/sc-2-2025-csv.zip
2026-06-08 19:03:40,777 WARNING OVERWRITE OK: C:\Users\rdurl\OneDrive\Documentos\cesta-de-precos-pncp\tasks\mapeamento-ocds\output\2025\2\ZIP\CSV\se-2-2025-csv.zip -> s3://medicamentos-transparentes-dados-abertos/se-2-2025-csv.zip
2026-06-08 19:03:40,914 WARNING OVERWRITE OK: C:\Users\rdurl\OneDrive\Documentos\cesta-de-precos-pncp\tasks\mapeamento-ocds\output\2025\2\ZIP\CSV\sp-2-2025-csv.zip -> s3://medicamentos-transparentes-dados-abertos/sp-2-2025-csv.zip
2026-06-08 19:03:40,990 WARNING OVERWRITE OK: C:\Users\rdurl\OneDrive\Documentos\cesta-de-precos-pncp\tasks\mapeamento-ocds\output\2025\2\ZIP\CSV\to-2-2025-csv.zip -> s3://medicamentos-transparentes-dados-abertos/to-2-2025-csv.zip
2026-06-08 19:03:41,054 WARNING OVERWRITE OK: C:\Users\rdurl\OneDrive\Documentos\cesta-de-precos-pncp\tasks\mapeamento-ocds\output\2025\2\ZIP\JSON\ac-2-2025-json.zip -> s3://medicamentos-transparentes-dados-abertos/ac-2-2025-json.zip
2026-06-08 19:03:41,126 WARNING OVERWRITE OK: C:\Users\rdurl\OneDrive\Documentos\cesta-de-precos-pncp\tasks\mapeamento-ocds\output\2025\2\ZIP\JSON\al-2-2025-json.zip -> s3://medicamentos-transparentes-dados-abertos/al-2-2025-json.zip
2026-06-08 19:03:41,211 WARNING OVERWRITE OK: C:\Users\rdurl\OneDrive\Documentos\cesta-de-precos-pncp\tasks\mapeamento-ocds\output\2025\2\ZIP\JSON\am-2-2025-json.zip -> s3://medicamentos-transparentes-dados-abertos/am-2-2025-json.zip
2026-06-08 19:03:41,290 WARNING OVERWRITE OK: C:\Users\rdurl\OneDrive\Documentos\cesta-de-precos-pncp\tasks\mapeamento-ocds\output\2025\2\ZIP\JSON\ap-2-2025-json.zip -> s3://medicamentos-transparentes-dados-abertos/ap-2-2025-json.zip
2026-06-08 19:03:41,379 WARNING OVERWRITE OK: C:\Users\rdurl\OneDrive\Documentos\cesta-de-precos-pncp\tasks\mapeamento-ocds\output\2025\2\ZIP\JSON\ba-2-2025-json.zip -> s3://medicamentos-transparentes-dados-abertos/ba-2-2025-json.zip
2026-06-08 19:03:41,471 WARNING OVERWRITE OK: C:\Users\rdurl\OneDrive\Documentos\cesta-de-precos-pncp\tasks\mapeamento-ocds\output\2025\2\ZIP\JSON\ce-2-2025-json.zip -> s3://medicamentos-transparentes-dados-abertos/ce-2-2025-json.zip
2026-06-08 19:03:41,559 WARNING OVERWRITE OK: C:\Users\rdurl\OneDrive\Documentos\cesta-de-precos-pncp\tasks\mapeamento-ocds\output\2025\2\ZIP\JSON\df-2-2025-json.zip -> s3://medicamentos-transparentes-dados-abertos/df-2-2025-json.zip
2026-06-08 19:03:41,656 WARNING OVERWRITE OK: C:\Users\rdurl\OneDrive\Documentos\cesta-de-precos-pncp\tasks\mapeamento-ocds\output\2025\2\ZIP\JSON\es-2-2025-json.zip -> s3://medicamentos-transparentes-dados-abertos/es-2-2025-json.zip
2026-06-08 19:03:41,753 WARNING OVERWRITE OK: C:\Users\rdurl\OneDrive\Documentos\cesta-de-precos-pncp\tasks\mapeamento-ocds\output\2025\2\ZIP\JSON\go-2-2025-json.zip -> s3://medicamentos-transparentes-dados-abertos/go-2-2025-json.zip
2026-06-08 19:03:41,828 WARNING OVERWRITE OK: C:\Users\rdurl\OneDrive\Documentos\cesta-de-precos-pncp\tasks\mapeamento-ocds\output\2025\2\ZIP\JSON\ma-2-2025-json.zip -> s3://medicamentos-transparentes-dados-abertos/ma-2-2025-json.zip
2026-06-08 19:03:41,940 WARNING OVERWRITE OK: C:\Users\rdurl\OneDrive\Documentos\cesta-de-precos-pncp\tasks\mapeamento-ocds\output\2025\2\ZIP\JSON\mg-2-2025-json.zip -> s3://medicamentos-transparentes-dados-abertos/mg-2-2025-json.zip
2026-06-08 19:03:42,030 WARNING OVERWRITE OK: C:\Users\rdurl\OneDrive\Documentos\cesta-de-precos-pncp\tasks\mapeamento-ocds\output\2025\2\ZIP\JSON\ms-2-2025-json.zip -> s3://medicamentos-transparentes-dados-abertos/ms-2-2025-json.zip
2026-06-08 19:03:42,113 WARNING OVERWRITE OK: C:\Users\rdurl\OneDrive\Documentos\cesta-de-precos-pncp\tasks\mapeamento-ocds\output\2025\2\ZIP\JSON\mt-2-2025-json.zip -> s3://medicamentos-transparentes-dados-abertos/mt-2-2025-json.zip
2026-06-08 19:03:42,200 WARNING OVERWRITE OK: C:\Users\rdurl\OneDrive\Documentos\cesta-de-precos-pncp\tasks\mapeamento-ocds\output\2025\2\ZIP\JSON\pa-2-2025-json.zip -> s3://medicamentos-transparentes-dados-abertos/pa-2-2025-json.zip
2026-06-08 19:03:42,292 WARNING OVERWRITE OK: C:\Users\rdurl\OneDrive\Documentos\cesta-de-precos-pncp\tasks\mapeamento-ocds\output\2025\2\ZIP\JSON\pb-2-2025-json.zip -> s3://medicamentos-transparentes-dados-abertos/pb-2-2025-json.zip
2026-06-08 19:03:42,387 WARNING OVERWRITE OK: C:\Users\rdurl\OneDrive\Documentos\cesta-de-precos-pncp\tasks\mapeamento-ocds\output\2025\2\ZIP\JSON\pe-2-2025-json.zip -> s3://medicamentos-transparentes-dados-abertos/pe-2-2025-json.zip
2026-06-08 19:03:42,471 WARNING OVERWRITE OK: C:\Users\rdurl\OneDrive\Documentos\cesta-de-precos-pncp\tasks\mapeamento-ocds\output\2025\2\ZIP\JSON\pi-2-2025-json.zip -> s3://medicamentos-transparentes-dados-abertos/pi-2-2025-json.zip
2026-06-08 19:03:42,576 WARNING OVERWRITE OK: C:\Users\rdurl\OneDrive\Documentos\cesta-de-precos-pncp\tasks\mapeamento-ocds\output\2025\2\ZIP\JSON\pr-2-2025-json.zip -> s3://medicamentos-transparentes-dados-abertos/pr-2-2025-json.zip
2026-06-08 19:03:42,675 WARNING OVERWRITE OK: C:\Users\rdurl\OneDrive\Documentos\cesta-de-precos-pncp\tasks\mapeamento-ocds\output\2025\2\ZIP\JSON\rj-2-2025-json.zip -> s3://medicamentos-transparentes-dados-abertos/rj-2-2025-json.zip
2026-06-08 19:03:42,757 WARNING OVERWRITE OK: C:\Users\rdurl\OneDrive\Documentos\cesta-de-precos-pncp\tasks\mapeamento-ocds\output\2025\2\ZIP\JSON\rn-2-2025-json.zip -> s3://medicamentos-transparentes-dados-abertos/rn-2-2025-json.zip
2026-06-08 19:03:42,835 WARNING OVERWRITE OK: C:\Users\rdurl\OneDrive\Documentos\cesta-de-precos-pncp\tasks\mapeamento-ocds\output\2025\2\ZIP\JSON\ro-2-2025-json.zip -> s3://medicamentos-transparentes-dados-abertos/ro-2-2025-json.zip
2026-06-08 19:03:42,911 WARNING OVERWRITE OK: C:\Users\rdurl\OneDrive\Documentos\cesta-de-precos-pncp\tasks\mapeamento-ocds\output\2025\2\ZIP\JSON\rr-2-2025-json.zip -> s3://medicamentos-transparentes-dados-abertos/rr-2-2025-json.zip
2026-06-08 19:03:43,055 WARNING OVERWRITE OK: C:\Users\rdurl\OneDrive\Documentos\cesta-de-precos-pncp\tasks\mapeamento-ocds\output\2025\2\ZIP\JSON\rs-2-2025-json.zip -> s3://medicamentos-transparentes-dados-abertos/rs-2-2025-json.zip
2026-06-08 19:03:43,421 WARNING OVERWRITE OK: C:\Users\rdurl\OneDrive\Documentos\cesta-de-precos-pncp\tasks\mapeamento-ocds\output\2025\2\ZIP\JSON\sc-2-2025-json.zip -> s3://medicamentos-transparentes-dados-abertos/sc-2-2025-json.zip
2026-06-08 19:03:43,508 WARNING OVERWRITE OK: C:\Users\rdurl\OneDrive\Documentos\cesta-de-precos-pncp\tasks\mapeamento-ocds\output\2025\2\ZIP\JSON\se-2-2025-json.zip -> s3://medicamentos-transparentes-dados-abertos/se-2-2025-json.zip
2026-06-08 19:03:43,662 WARNING OVERWRITE OK: C:\Users\rdurl\OneDrive\Documentos\cesta-de-precos-pncp\tasks\mapeamento-ocds\output\2025\2\ZIP\JSON\sp-2-2025-json.zip -> s3://medicamentos-transparentes-dados-abertos/sp-2-2025-json.zip
2026-06-08 19:03:43,747 WARNING OVERWRITE OK: C:\Users\rdurl\OneDrive\Documentos\cesta-de-precos-pncp\tasks\mapeamento-ocds\output\2025\2\ZIP\JSON\to-2-2025-json.zip -> s3://medicamentos-transparentes-dados-abertos/to-2-2025-json.zip
2026-06-08 19:03:43,748 INFO Resumo: encontrados=54 enviados=0 sobrescritos=54 pulados=0 invalidos=0 falhas=0
==== Fim: Upload dos ZIPs OCDS para S3 2026-06-08T19:03:41-03:00 ====

