==== Inicio: Upload dos ZIPs OCDS para S3 2026-06-08T19:30:15-03:00 ====
2026-06-08 19:30:19,118 INFO Raiz de output: C:\Users\rdurl\OneDrive\Documentos\cesta-de-precos-pncp\tasks\mapeamento-ocds\output
2026-06-08 19:30:19,119 INFO Bucket S3: medicamentos-transparentes-dados-abertos
2026-06-08 19:30:19,119 INFO Overwrite remoto: ativado
2026-06-08 19:30:19,185 INFO Found credentials in environment variables.
2026-06-08 19:30:19,709 WARNING OVERWRITE OK: C:\Users\rdurl\OneDrive\Documentos\cesta-de-precos-pncp\tasks\mapeamento-ocds\output\2026\2\ZIP\CSV\ac-2-2026-csv.zip -> s3://medicamentos-transparentes-dados-abertos/ac-2-2026-csv.zip
2026-06-08 19:30:19,805 WARNING OVERWRITE OK: C:\Users\rdurl\OneDrive\Documentos\cesta-de-precos-pncp\tasks\mapeamento-ocds\output\2026\2\ZIP\CSV\al-2-2026-csv.zip -> s3://medicamentos-transparentes-dados-abertos/al-2-2026-csv.zip
2026-06-08 19:30:19,890 WARNING OVERWRITE OK: C:\Users\rdurl\OneDrive\Documentos\cesta-de-precos-pncp\tasks\mapeamento-ocds\output\2026\2\ZIP\CSV\am-2-2026-csv.zip -> s3://medicamentos-transparentes-dados-abertos/am-2-2026-csv.zip
2026-06-08 19:30:19,979 WARNING OVERWRITE OK: C:\Users\rdurl\OneDrive\Documentos\cesta-de-precos-pncp\tasks\mapeamento-ocds\output\2026\2\ZIP\CSV\ap-2-2026-csv.zip -> s3://medicamentos-transparentes-dados-abertos/ap-2-2026-csv.zip
2026-06-08 19:30:20,066 WARNING OVERWRITE OK: C:\Users\rdurl\OneDrive\Documentos\cesta-de-precos-pncp\tasks\mapeamento-ocds\output\2026\2\ZIP\CSV\ba-2-2026-csv.zip -> s3://medicamentos-transparentes-dados-abertos/ba-2-2026-csv.zip
2026-06-08 19:30:20,157 WARNING OVERWRITE OK: C:\Users\rdurl\OneDrive\Documentos\cesta-de-precos-pncp\tasks\mapeamento-ocds\output\2026\2\ZIP\CSV\ce-2-2026-csv.zip -> s3://medicamentos-transparentes-dados-abertos/ce-2-2026-csv.zip
2026-06-08 19:30:20,247 WARNING OVERWRITE OK: C:\Users\rdurl\OneDrive\Documentos\cesta-de-precos-pncp\tasks\mapeamento-ocds\output\2026\2\ZIP\CSV\df-2-2026-csv.zip -> s3://medicamentos-transparentes-dados-abertos/df-2-2026-csv.zip
2026-06-08 19:30:20,342 WARNING OVERWRITE OK: C:\Users\rdurl\OneDrive\Documentos\cesta-de-precos-pncp\tasks\mapeamento-ocds\output\2026\2\ZIP\CSV\es-2-2026-csv.zip -> s3://medicamentos-transparentes-dados-abertos/es-2-2026-csv.zip
2026-06-08 19:30:20,425 WARNING OVERWRITE OK: C:\Users\rdurl\OneDrive\Documentos\cesta-de-precos-pncp\tasks\mapeamento-ocds\output\2026\2\ZIP\CSV\go-2-2026-csv.zip -> s3://medicamentos-transparentes-dados-abertos/go-2-2026-csv.zip
2026-06-08 19:30:20,522 WARNING OVERWRITE OK: C:\Users\rdurl\OneDrive\Documentos\cesta-de-precos-pncp\tasks\mapeamento-ocds\output\2026\2\ZIP\CSV\ma-2-2026-csv.zip -> s3://medicamentos-transparentes-dados-abertos/ma-2-2026-csv.zip
2026-06-08 19:30:20,673 WARNING OVERWRITE OK: C:\Users\rdurl\OneDrive\Documentos\cesta-de-precos-pncp\tasks\mapeamento-ocds\output\2026\2\ZIP\CSV\mg-2-2026-csv.zip -> s3://medicamentos-transparentes-dados-abertos/mg-2-2026-csv.zip
2026-06-08 19:30:20,767 WARNING OVERWRITE OK: C:\Users\rdurl\OneDrive\Documentos\cesta-de-precos-pncp\tasks\mapeamento-ocds\output\2026\2\ZIP\CSV\ms-2-2026-csv.zip -> s3://medicamentos-transparentes-dados-abertos/ms-2-2026-csv.zip
2026-06-08 19:30:20,860 WARNING OVERWRITE OK: C:\Users\rdurl\OneDrive\Documentos\cesta-de-precos-pncp\tasks\mapeamento-ocds\output\2026\2\ZIP\CSV\mt-2-2026-csv.zip -> s3://medicamentos-transparentes-dados-abertos/mt-2-2026-csv.zip
2026-06-08 19:30:20,960 WARNING OVERWRITE OK: C:\Users\rdurl\OneDrive\Documentos\cesta-de-precos-pncp\tasks\mapeamento-ocds\output\2026\2\ZIP\CSV\pa-2-2026-csv.zip -> s3://medicamentos-transparentes-dados-abertos/pa-2-2026-csv.zip
2026-06-08 19:30:21,048 WARNING OVERWRITE OK: C:\Users\rdurl\OneDrive\Documentos\cesta-de-precos-pncp\tasks\mapeamento-ocds\output\2026\2\ZIP\CSV\pb-2-2026-csv.zip -> s3://medicamentos-transparentes-dados-abertos/pb-2-2026-csv.zip
2026-06-08 19:30:21,149 WARNING OVERWRITE OK: C:\Users\rdurl\OneDrive\Documentos\cesta-de-precos-pncp\tasks\mapeamento-ocds\output\2026\2\ZIP\CSV\pe-2-2026-csv.zip -> s3://medicamentos-transparentes-dados-abertos/pe-2-2026-csv.zip
2026-06-08 19:30:21,237 WARNING OVERWRITE OK: C:\Users\rdurl\OneDrive\Documentos\cesta-de-precos-pncp\tasks\mapeamento-ocds\output\2026\2\ZIP\CSV\pi-2-2026-csv.zip -> s3://medicamentos-transparentes-dados-abertos/pi-2-2026-csv.zip
2026-06-08 19:30:21,340 WARNING OVERWRITE OK: C:\Users\rdurl\OneDrive\Documentos\cesta-de-precos-pncp\tasks\mapeamento-ocds\output\2026\2\ZIP\CSV\pr-2-2026-csv.zip -> s3://medicamentos-transparentes-dados-abertos/pr-2-2026-csv.zip
2026-06-08 19:30:21,430 WARNING OVERWRITE OK: C:\Users\rdurl\OneDrive\Documentos\cesta-de-precos-pncp\tasks\mapeamento-ocds\output\2026\2\ZIP\CSV\rj-2-2026-csv.zip -> s3://medicamentos-transparentes-dados-abertos/rj-2-2026-csv.zip
2026-06-08 19:30:21,517 WARNING OVERWRITE OK: C:\Users\rdurl\OneDrive\Documentos\cesta-de-precos-pncp\tasks\mapeamento-ocds\output\2026\2\ZIP\CSV\rn-2-2026-csv.zip -> s3://medicamentos-transparentes-dados-abertos/rn-2-2026-csv.zip
2026-06-08 19:30:21,605 WARNING OVERWRITE OK: C:\Users\rdurl\OneDrive\Documentos\cesta-de-precos-pncp\tasks\mapeamento-ocds\output\2026\2\ZIP\CSV\ro-2-2026-csv.zip -> s3://medicamentos-transparentes-dados-abertos/ro-2-2026-csv.zip
2026-06-08 19:30:21,692 WARNING OVERWRITE OK: C:\Users\rdurl\OneDrive\Documentos\cesta-de-precos-pncp\tasks\mapeamento-ocds\output\2026\2\ZIP\CSV\rr-2-2026-csv.zip -> s3://medicamentos-transparentes-dados-abertos/rr-2-2026-csv.zip
2026-06-08 19:30:21,798 WARNING OVERWRITE OK: C:\Users\rdurl\OneDrive\Documentos\cesta-de-precos-pncp\tasks\mapeamento-ocds\output\2026\2\ZIP\CSV\rs-2-2026-csv.zip -> s3://medicamentos-transparentes-dados-abertos/rs-2-2026-csv.zip
2026-06-08 19:30:21,888 WARNING OVERWRITE OK: C:\Users\rdurl\OneDrive\Documentos\cesta-de-precos-pncp\tasks\mapeamento-ocds\output\2026\2\ZIP\CSV\sc-2-2026-csv.zip -> s3://medicamentos-transparentes-dados-abertos/sc-2-2026-csv.zip
2026-06-08 19:30:21,980 WARNING OVERWRITE OK: C:\Users\rdurl\OneDrive\Documentos\cesta-de-precos-pncp\tasks\mapeamento-ocds\output\2026\2\ZIP\CSV\se-2-2026-csv.zip -> s3://medicamentos-transparentes-dados-abertos/se-2-2026-csv.zip
2026-06-08 19:30:22,130 WARNING OVERWRITE OK: C:\Users\rdurl\OneDrive\Documentos\cesta-de-precos-pncp\tasks\mapeamento-ocds\output\2026\2\ZIP\CSV\sp-2-2026-csv.zip -> s3://medicamentos-transparentes-dados-abertos/sp-2-2026-csv.zip
2026-06-08 19:30:22,231 WARNING OVERWRITE OK: C:\Users\rdurl\OneDrive\Documentos\cesta-de-precos-pncp\tasks\mapeamento-ocds\output\2026\2\ZIP\CSV\to-2-2026-csv.zip -> s3://medicamentos-transparentes-dados-abertos/to-2-2026-csv.zip
2026-06-08 19:30:22,315 WARNING OVERWRITE OK: C:\Users\rdurl\OneDrive\Documentos\cesta-de-precos-pncp\tasks\mapeamento-ocds\output\2026\2\ZIP\JSON\ac-2-2026-json.zip -> s3://medicamentos-transparentes-dados-abertos/ac-2-2026-json.zip
2026-06-08 19:30:22,412 WARNING OVERWRITE OK: C:\Users\rdurl\OneDrive\Documentos\cesta-de-precos-pncp\tasks\mapeamento-ocds\output\2026\2\ZIP\JSON\al-2-2026-json.zip -> s3://medicamentos-transparentes-dados-abertos/al-2-2026-json.zip
2026-06-08 19:30:22,501 WARNING OVERWRITE OK: C:\Users\rdurl\OneDrive\Documentos\cesta-de-precos-pncp\tasks\mapeamento-ocds\output\2026\2\ZIP\JSON\am-2-2026-json.zip -> s3://medicamentos-transparentes-dados-abertos/am-2-2026-json.zip
2026-06-08 19:30:22,580 WARNING OVERWRITE OK: C:\Users\rdurl\OneDrive\Documentos\cesta-de-precos-pncp\tasks\mapeamento-ocds\output\2026\2\ZIP\JSON\ap-2-2026-json.zip -> s3://medicamentos-transparentes-dados-abertos/ap-2-2026-json.zip
2026-06-08 19:30:22,673 WARNING OVERWRITE OK: C:\Users\rdurl\OneDrive\Documentos\cesta-de-precos-pncp\tasks\mapeamento-ocds\output\2026\2\ZIP\JSON\ba-2-2026-json.zip -> s3://medicamentos-transparentes-dados-abertos/ba-2-2026-json.zip
2026-06-08 19:30:22,777 WARNING OVERWRITE OK: C:\Users\rdurl\OneDrive\Documentos\cesta-de-precos-pncp\tasks\mapeamento-ocds\output\2026\2\ZIP\JSON\ce-2-2026-json.zip -> s3://medicamentos-transparentes-dados-abertos/ce-2-2026-json.zip
2026-06-08 19:30:22,876 WARNING OVERWRITE OK: C:\Users\rdurl\OneDrive\Documentos\cesta-de-precos-pncp\tasks\mapeamento-ocds\output\2026\2\ZIP\JSON\df-2-2026-json.zip -> s3://medicamentos-transparentes-dados-abertos/df-2-2026-json.zip
2026-06-08 19:30:23,015 WARNING OVERWRITE OK: C:\Users\rdurl\OneDrive\Documentos\cesta-de-precos-pncp\tasks\mapeamento-ocds\output\2026\2\ZIP\JSON\es-2-2026-json.zip -> s3://medicamentos-transparentes-dados-abertos/es-2-2026-json.zip
2026-06-08 19:30:23,127 WARNING OVERWRITE OK: C:\Users\rdurl\OneDrive\Documentos\cesta-de-precos-pncp\tasks\mapeamento-ocds\output\2026\2\ZIP\JSON\go-2-2026-json.zip -> s3://medicamentos-transparentes-dados-abertos/go-2-2026-json.zip
2026-06-08 19:30:23,227 WARNING OVERWRITE OK: C:\Users\rdurl\OneDrive\Documentos\cesta-de-precos-pncp\tasks\mapeamento-ocds\output\2026\2\ZIP\JSON\ma-2-2026-json.zip -> s3://medicamentos-transparentes-dados-abertos/ma-2-2026-json.zip
2026-06-08 19:30:23,347 WARNING OVERWRITE OK: C:\Users\rdurl\OneDrive\Documentos\cesta-de-precos-pncp\tasks\mapeamento-ocds\output\2026\2\ZIP\JSON\mg-2-2026-json.zip -> s3://medicamentos-transparentes-dados-abertos/mg-2-2026-json.zip
2026-06-08 19:30:23,451 WARNING OVERWRITE OK: C:\Users\rdurl\OneDrive\Documentos\cesta-de-precos-pncp\tasks\mapeamento-ocds\output\2026\2\ZIP\JSON\ms-2-2026-json.zip -> s3://medicamentos-transparentes-dados-abertos/ms-2-2026-json.zip
2026-06-08 19:30:23,562 WARNING OVERWRITE OK: C:\Users\rdurl\OneDrive\Documentos\cesta-de-precos-pncp\tasks\mapeamento-ocds\output\2026\2\ZIP\JSON\mt-2-2026-json.zip -> s3://medicamentos-transparentes-dados-abertos/mt-2-2026-json.zip
2026-06-08 19:30:23,665 WARNING OVERWRITE OK: C:\Users\rdurl\OneDrive\Documentos\cesta-de-precos-pncp\tasks\mapeamento-ocds\output\2026\2\ZIP\JSON\pa-2-2026-json.zip -> s3://medicamentos-transparentes-dados-abertos/pa-2-2026-json.zip
2026-06-08 19:30:23,752 WARNING OVERWRITE OK: C:\Users\rdurl\OneDrive\Documentos\cesta-de-precos-pncp\tasks\mapeamento-ocds\output\2026\2\ZIP\JSON\pb-2-2026-json.zip -> s3://medicamentos-transparentes-dados-abertos/pb-2-2026-json.zip
2026-06-08 19:30:23,850 WARNING OVERWRITE OK: C:\Users\rdurl\OneDrive\Documentos\cesta-de-precos-pncp\tasks\mapeamento-ocds\output\2026\2\ZIP\JSON\pe-2-2026-json.zip -> s3://medicamentos-transparentes-dados-abertos/pe-2-2026-json.zip
2026-06-08 19:30:23,942 WARNING OVERWRITE OK: C:\Users\rdurl\OneDrive\Documentos\cesta-de-precos-pncp\tasks\mapeamento-ocds\output\2026\2\ZIP\JSON\pi-2-2026-json.zip -> s3://medicamentos-transparentes-dados-abertos/pi-2-2026-json.zip
2026-06-08 19:30:24,049 WARNING OVERWRITE OK: C:\Users\rdurl\OneDrive\Documentos\cesta-de-precos-pncp\tasks\mapeamento-ocds\output\2026\2\ZIP\JSON\pr-2-2026-json.zip -> s3://medicamentos-transparentes-dados-abertos/pr-2-2026-json.zip
2026-06-08 19:30:24,206 WARNING OVERWRITE OK: C:\Users\rdurl\OneDrive\Documentos\cesta-de-precos-pncp\tasks\mapeamento-ocds\output\2026\2\ZIP\JSON\rj-2-2026-json.zip -> s3://medicamentos-transparentes-dados-abertos/rj-2-2026-json.zip
2026-06-08 19:30:24,307 WARNING OVERWRITE OK: C:\Users\rdurl\OneDrive\Documentos\cesta-de-precos-pncp\tasks\mapeamento-ocds\output\2026\2\ZIP\JSON\rn-2-2026-json.zip -> s3://medicamentos-transparentes-dados-abertos/rn-2-2026-json.zip
2026-06-08 19:30:24,403 WARNING OVERWRITE OK: C:\Users\rdurl\OneDrive\Documentos\cesta-de-precos-pncp\tasks\mapeamento-ocds\output\2026\2\ZIP\JSON\ro-2-2026-json.zip -> s3://medicamentos-transparentes-dados-abertos/ro-2-2026-json.zip
2026-06-08 19:30:24,489 WARNING OVERWRITE OK: C:\Users\rdurl\OneDrive\Documentos\cesta-de-precos-pncp\tasks\mapeamento-ocds\output\2026\2\ZIP\JSON\rr-2-2026-json.zip -> s3://medicamentos-transparentes-dados-abertos/rr-2-2026-json.zip
2026-06-08 19:30:24,601 WARNING OVERWRITE OK: C:\Users\rdurl\OneDrive\Documentos\cesta-de-precos-pncp\tasks\mapeamento-ocds\output\2026\2\ZIP\JSON\rs-2-2026-json.zip -> s3://medicamentos-transparentes-dados-abertos/rs-2-2026-json.zip
2026-06-08 19:30:24,970 WARNING OVERWRITE OK: C:\Users\rdurl\OneDrive\Documentos\cesta-de-precos-pncp\tasks\mapeamento-ocds\output\2026\2\ZIP\JSON\sc-2-2026-json.zip -> s3://medicamentos-transparentes-dados-abertos/sc-2-2026-json.zip
2026-06-08 19:30:25,055 WARNING OVERWRITE OK: C:\Users\rdurl\OneDrive\Documentos\cesta-de-precos-pncp\tasks\mapeamento-ocds\output\2026\2\ZIP\JSON\se-2-2026-json.zip -> s3://medicamentos-transparentes-dados-abertos/se-2-2026-json.zip
2026-06-08 19:30:25,208 WARNING OVERWRITE OK: C:\Users\rdurl\OneDrive\Documentos\cesta-de-precos-pncp\tasks\mapeamento-ocds\output\2026\2\ZIP\JSON\sp-2-2026-json.zip -> s3://medicamentos-transparentes-dados-abertos/sp-2-2026-json.zip
2026-06-08 19:30:25,283 WARNING OVERWRITE OK: C:\Users\rdurl\OneDrive\Documentos\cesta-de-precos-pncp\tasks\mapeamento-ocds\output\2026\2\ZIP\JSON\to-2-2026-json.zip -> s3://medicamentos-transparentes-dados-abertos/to-2-2026-json.zip
2026-06-08 19:30:25,283 INFO Resumo: encontrados=54 enviados=0 sobrescritos=54 pulados=0 invalidos=0 falhas=0
==== Fim: Upload dos ZIPs OCDS para S3 2026-06-08T19:30:22-03:00 ====

