==== Inicio: Upload dos ZIPs OCDS para S3 2026-06-08T19:33:21-03:00 ====
2026-06-08 19:33:25,039 INFO Raiz de output: C:\Users\rdurl\OneDrive\Documentos\cesta-de-precos-pncp\tasks\mapeamento-ocds\output
2026-06-08 19:33:25,039 INFO Bucket S3: medicamentos-transparentes-dados-abertos
2026-06-08 19:33:25,040 INFO Overwrite remoto: ativado
2026-06-08 19:33:25,098 INFO Found credentials in environment variables.
2026-06-08 19:33:25,608 WARNING OVERWRITE OK: C:\Users\rdurl\OneDrive\Documentos\cesta-de-precos-pncp\tasks\mapeamento-ocds\output\2026\4\ZIP\CSV\ac-4-2026-csv.zip -> s3://medicamentos-transparentes-dados-abertos/ac-4-2026-csv.zip
2026-06-08 19:33:25,702 WARNING OVERWRITE OK: C:\Users\rdurl\OneDrive\Documentos\cesta-de-precos-pncp\tasks\mapeamento-ocds\output\2026\4\ZIP\CSV\al-4-2026-csv.zip -> s3://medicamentos-transparentes-dados-abertos/al-4-2026-csv.zip
2026-06-08 19:33:25,796 WARNING OVERWRITE OK: C:\Users\rdurl\OneDrive\Documentos\cesta-de-precos-pncp\tasks\mapeamento-ocds\output\2026\4\ZIP\CSV\am-4-2026-csv.zip -> s3://medicamentos-transparentes-dados-abertos/am-4-2026-csv.zip
2026-06-08 19:33:25,881 WARNING OVERWRITE OK: C:\Users\rdurl\OneDrive\Documentos\cesta-de-precos-pncp\tasks\mapeamento-ocds\output\2026\4\ZIP\CSV\ap-4-2026-csv.zip -> s3://medicamentos-transparentes-dados-abertos/ap-4-2026-csv.zip
2026-06-08 19:33:26,006 WARNING OVERWRITE OK: C:\Users\rdurl\OneDrive\Documentos\cesta-de-precos-pncp\tasks\mapeamento-ocds\output\2026\4\ZIP\CSV\ba-4-2026-csv.zip -> s3://medicamentos-transparentes-dados-abertos/ba-4-2026-csv.zip
2026-06-08 19:33:26,114 WARNING OVERWRITE OK: C:\Users\rdurl\OneDrive\Documentos\cesta-de-precos-pncp\tasks\mapeamento-ocds\output\2026\4\ZIP\CSV\ce-4-2026-csv.zip -> s3://medicamentos-transparentes-dados-abertos/ce-4-2026-csv.zip
2026-06-08 19:33:26,207 WARNING OVERWRITE OK: C:\Users\rdurl\OneDrive\Documentos\cesta-de-precos-pncp\tasks\mapeamento-ocds\output\2026\4\ZIP\CSV\df-4-2026-csv.zip -> s3://medicamentos-transparentes-dados-abertos/df-4-2026-csv.zip
2026-06-08 19:33:26,308 WARNING OVERWRITE OK: C:\Users\rdurl\OneDrive\Documentos\cesta-de-precos-pncp\tasks\mapeamento-ocds\output\2026\4\ZIP\CSV\es-4-2026-csv.zip -> s3://medicamentos-transparentes-dados-abertos/es-4-2026-csv.zip
2026-06-08 19:33:26,412 WARNING OVERWRITE OK: C:\Users\rdurl\OneDrive\Documentos\cesta-de-precos-pncp\tasks\mapeamento-ocds\output\2026\4\ZIP\CSV\go-4-2026-csv.zip -> s3://medicamentos-transparentes-dados-abertos/go-4-2026-csv.zip
2026-06-08 19:33:26,503 WARNING OVERWRITE OK: C:\Users\rdurl\OneDrive\Documentos\cesta-de-precos-pncp\tasks\mapeamento-ocds\output\2026\4\ZIP\CSV\ma-4-2026-csv.zip -> s3://medicamentos-transparentes-dados-abertos/ma-4-2026-csv.zip
2026-06-08 19:33:26,629 WARNING OVERWRITE OK: C:\Users\rdurl\OneDrive\Documentos\cesta-de-precos-pncp\tasks\mapeamento-ocds\output\2026\4\ZIP\CSV\mg-4-2026-csv.zip -> s3://medicamentos-transparentes-dados-abertos/mg-4-2026-csv.zip
2026-06-08 19:33:26,724 WARNING OVERWRITE OK: C:\Users\rdurl\OneDrive\Documentos\cesta-de-precos-pncp\tasks\mapeamento-ocds\output\2026\4\ZIP\CSV\ms-4-2026-csv.zip -> s3://medicamentos-transparentes-dados-abertos/ms-4-2026-csv.zip
2026-06-08 19:33:26,824 WARNING OVERWRITE OK: C:\Users\rdurl\OneDrive\Documentos\cesta-de-precos-pncp\tasks\mapeamento-ocds\output\2026\4\ZIP\CSV\mt-4-2026-csv.zip -> s3://medicamentos-transparentes-dados-abertos/mt-4-2026-csv.zip
2026-06-08 19:33:26,926 WARNING OVERWRITE OK: C:\Users\rdurl\OneDrive\Documentos\cesta-de-precos-pncp\tasks\mapeamento-ocds\output\2026\4\ZIP\CSV\pa-4-2026-csv.zip -> s3://medicamentos-transparentes-dados-abertos/pa-4-2026-csv.zip
2026-06-08 19:33:27,017 WARNING OVERWRITE OK: C:\Users\rdurl\OneDrive\Documentos\cesta-de-precos-pncp\tasks\mapeamento-ocds\output\2026\4\ZIP\CSV\pb-4-2026-csv.zip -> s3://medicamentos-transparentes-dados-abertos/pb-4-2026-csv.zip
2026-06-08 19:33:27,185 WARNING OVERWRITE OK: C:\Users\rdurl\OneDrive\Documentos\cesta-de-precos-pncp\tasks\mapeamento-ocds\output\2026\4\ZIP\CSV\pe-4-2026-csv.zip -> s3://medicamentos-transparentes-dados-abertos/pe-4-2026-csv.zip
2026-06-08 19:33:27,280 WARNING OVERWRITE OK: C:\Users\rdurl\OneDrive\Documentos\cesta-de-precos-pncp\tasks\mapeamento-ocds\output\2026\4\ZIP\CSV\pi-4-2026-csv.zip -> s3://medicamentos-transparentes-dados-abertos/pi-4-2026-csv.zip
2026-06-08 19:33:27,393 WARNING OVERWRITE OK: C:\Users\rdurl\OneDrive\Documentos\cesta-de-precos-pncp\tasks\mapeamento-ocds\output\2026\4\ZIP\CSV\pr-4-2026-csv.zip -> s3://medicamentos-transparentes-dados-abertos/pr-4-2026-csv.zip
2026-06-08 19:33:27,517 WARNING OVERWRITE OK: C:\Users\rdurl\OneDrive\Documentos\cesta-de-precos-pncp\tasks\mapeamento-ocds\output\2026\4\ZIP\CSV\rj-4-2026-csv.zip -> s3://medicamentos-transparentes-dados-abertos/rj-4-2026-csv.zip
2026-06-08 19:33:27,613 WARNING OVERWRITE OK: C:\Users\rdurl\OneDrive\Documentos\cesta-de-precos-pncp\tasks\mapeamento-ocds\output\2026\4\ZIP\CSV\rn-4-2026-csv.zip -> s3://medicamentos-transparentes-dados-abertos/rn-4-2026-csv.zip
2026-06-08 19:33:27,703 WARNING OVERWRITE OK: C:\Users\rdurl\OneDrive\Documentos\cesta-de-precos-pncp\tasks\mapeamento-ocds\output\2026\4\ZIP\CSV\ro-4-2026-csv.zip -> s3://medicamentos-transparentes-dados-abertos/ro-4-2026-csv.zip
2026-06-08 19:33:27,790 WARNING OVERWRITE OK: C:\Users\rdurl\OneDrive\Documentos\cesta-de-precos-pncp\tasks\mapeamento-ocds\output\2026\4\ZIP\CSV\rr-4-2026-csv.zip -> s3://medicamentos-transparentes-dados-abertos/rr-4-2026-csv.zip
2026-06-08 19:33:27,916 WARNING OVERWRITE OK: C:\Users\rdurl\OneDrive\Documentos\cesta-de-precos-pncp\tasks\mapeamento-ocds\output\2026\4\ZIP\CSV\rs-4-2026-csv.zip -> s3://medicamentos-transparentes-dados-abertos/rs-4-2026-csv.zip
2026-06-08 19:33:28,408 WARNING OVERWRITE OK: C:\Users\rdurl\OneDrive\Documentos\cesta-de-precos-pncp\tasks\mapeamento-ocds\output\2026\4\ZIP\CSV\sc-4-2026-csv.zip -> s3://medicamentos-transparentes-dados-abertos/sc-4-2026-csv.zip
2026-06-08 19:33:28,503 WARNING OVERWRITE OK: C:\Users\rdurl\OneDrive\Documentos\cesta-de-precos-pncp\tasks\mapeamento-ocds\output\2026\4\ZIP\CSV\se-4-2026-csv.zip -> s3://medicamentos-transparentes-dados-abertos/se-4-2026-csv.zip
2026-06-08 19:33:28,658 WARNING OVERWRITE OK: C:\Users\rdurl\OneDrive\Documentos\cesta-de-precos-pncp\tasks\mapeamento-ocds\output\2026\4\ZIP\CSV\sp-4-2026-csv.zip -> s3://medicamentos-transparentes-dados-abertos/sp-4-2026-csv.zip
2026-06-08 19:33:28,758 WARNING OVERWRITE OK: C:\Users\rdurl\OneDrive\Documentos\cesta-de-precos-pncp\tasks\mapeamento-ocds\output\2026\4\ZIP\CSV\to-4-2026-csv.zip -> s3://medicamentos-transparentes-dados-abertos/to-4-2026-csv.zip
2026-06-08 19:33:28,847 WARNING OVERWRITE OK: C:\Users\rdurl\OneDrive\Documentos\cesta-de-precos-pncp\tasks\mapeamento-ocds\output\2026\4\ZIP\JSON\ac-4-2026-json.zip -> s3://medicamentos-transparentes-dados-abertos/ac-4-2026-json.zip
2026-06-08 19:33:28,949 WARNING OVERWRITE OK: C:\Users\rdurl\OneDrive\Documentos\cesta-de-precos-pncp\tasks\mapeamento-ocds\output\2026\4\ZIP\JSON\al-4-2026-json.zip -> s3://medicamentos-transparentes-dados-abertos/al-4-2026-json.zip
2026-06-08 19:33:29,043 WARNING OVERWRITE OK: C:\Users\rdurl\OneDrive\Documentos\cesta-de-precos-pncp\tasks\mapeamento-ocds\output\2026\4\ZIP\JSON\am-4-2026-json.zip -> s3://medicamentos-transparentes-dados-abertos/am-4-2026-json.zip
2026-06-08 19:33:29,141 WARNING OVERWRITE OK: C:\Users\rdurl\OneDrive\Documentos\cesta-de-precos-pncp\tasks\mapeamento-ocds\output\2026\4\ZIP\JSON\ap-4-2026-json.zip -> s3://medicamentos-transparentes-dados-abertos/ap-4-2026-json.zip
2026-06-08 19:33:29,261 WARNING OVERWRITE OK: C:\Users\rdurl\OneDrive\Documentos\cesta-de-precos-pncp\tasks\mapeamento-ocds\output\2026\4\ZIP\JSON\ba-4-2026-json.zip -> s3://medicamentos-transparentes-dados-abertos/ba-4-2026-json.zip
2026-06-08 19:33:29,376 WARNING OVERWRITE OK: C:\Users\rdurl\OneDrive\Documentos\cesta-de-precos-pncp\tasks\mapeamento-ocds\output\2026\4\ZIP\JSON\ce-4-2026-json.zip -> s3://medicamentos-transparentes-dados-abertos/ce-4-2026-json.zip
2026-06-08 19:33:29,470 WARNING OVERWRITE OK: C:\Users\rdurl\OneDrive\Documentos\cesta-de-precos-pncp\tasks\mapeamento-ocds\output\2026\4\ZIP\JSON\df-4-2026-json.zip -> s3://medicamentos-transparentes-dados-abertos/df-4-2026-json.zip
2026-06-08 19:33:29,569 WARNING OVERWRITE OK: C:\Users\rdurl\OneDrive\Documentos\cesta-de-precos-pncp\tasks\mapeamento-ocds\output\2026\4\ZIP\JSON\es-4-2026-json.zip -> s3://medicamentos-transparentes-dados-abertos/es-4-2026-json.zip
2026-06-08 19:33:29,670 WARNING OVERWRITE OK: C:\Users\rdurl\OneDrive\Documentos\cesta-de-precos-pncp\tasks\mapeamento-ocds\output\2026\4\ZIP\JSON\go-4-2026-json.zip -> s3://medicamentos-transparentes-dados-abertos/go-4-2026-json.zip
2026-06-08 19:33:29,762 WARNING OVERWRITE OK: C:\Users\rdurl\OneDrive\Documentos\cesta-de-precos-pncp\tasks\mapeamento-ocds\output\2026\4\ZIP\JSON\ma-4-2026-json.zip -> s3://medicamentos-transparentes-dados-abertos/ma-4-2026-json.zip
2026-06-08 19:33:29,891 WARNING OVERWRITE OK: C:\Users\rdurl\OneDrive\Documentos\cesta-de-precos-pncp\tasks\mapeamento-ocds\output\2026\4\ZIP\JSON\mg-4-2026-json.zip -> s3://medicamentos-transparentes-dados-abertos/mg-4-2026-json.zip
2026-06-08 19:33:29,987 WARNING OVERWRITE OK: C:\Users\rdurl\OneDrive\Documentos\cesta-de-precos-pncp\tasks\mapeamento-ocds\output\2026\4\ZIP\JSON\ms-4-2026-json.zip -> s3://medicamentos-transparentes-dados-abertos/ms-4-2026-json.zip
2026-06-08 19:33:30,085 WARNING OVERWRITE OK: C:\Users\rdurl\OneDrive\Documentos\cesta-de-precos-pncp\tasks\mapeamento-ocds\output\2026\4\ZIP\JSON\mt-4-2026-json.zip -> s3://medicamentos-transparentes-dados-abertos/mt-4-2026-json.zip
2026-06-08 19:33:30,189 WARNING OVERWRITE OK: C:\Users\rdurl\OneDrive\Documentos\cesta-de-precos-pncp\tasks\mapeamento-ocds\output\2026\4\ZIP\JSON\pa-4-2026-json.zip -> s3://medicamentos-transparentes-dados-abertos/pa-4-2026-json.zip
2026-06-08 19:33:30,299 WARNING OVERWRITE OK: C:\Users\rdurl\OneDrive\Documentos\cesta-de-precos-pncp\tasks\mapeamento-ocds\output\2026\4\ZIP\JSON\pb-4-2026-json.zip -> s3://medicamentos-transparentes-dados-abertos/pb-4-2026-json.zip
2026-06-08 19:33:30,399 WARNING OVERWRITE OK: C:\Users\rdurl\OneDrive\Documentos\cesta-de-precos-pncp\tasks\mapeamento-ocds\output\2026\4\ZIP\JSON\pe-4-2026-json.zip -> s3://medicamentos-transparentes-dados-abertos/pe-4-2026-json.zip
2026-06-08 19:33:30,487 WARNING OVERWRITE OK: C:\Users\rdurl\OneDrive\Documentos\cesta-de-precos-pncp\tasks\mapeamento-ocds\output\2026\4\ZIP\JSON\pi-4-2026-json.zip -> s3://medicamentos-transparentes-dados-abertos/pi-4-2026-json.zip
2026-06-08 19:33:30,601 WARNING OVERWRITE OK: C:\Users\rdurl\OneDrive\Documentos\cesta-de-precos-pncp\tasks\mapeamento-ocds\output\2026\4\ZIP\JSON\pr-4-2026-json.zip -> s3://medicamentos-transparentes-dados-abertos/pr-4-2026-json.zip
2026-06-08 19:33:30,711 WARNING OVERWRITE OK: C:\Users\rdurl\OneDrive\Documentos\cesta-de-precos-pncp\tasks\mapeamento-ocds\output\2026\4\ZIP\JSON\rj-4-2026-json.zip -> s3://medicamentos-transparentes-dados-abertos/rj-4-2026-json.zip
2026-06-08 19:33:30,793 WARNING OVERWRITE OK: C:\Users\rdurl\OneDrive\Documentos\cesta-de-precos-pncp\tasks\mapeamento-ocds\output\2026\4\ZIP\JSON\rn-4-2026-json.zip -> s3://medicamentos-transparentes-dados-abertos/rn-4-2026-json.zip
2026-06-08 19:33:30,882 WARNING OVERWRITE OK: C:\Users\rdurl\OneDrive\Documentos\cesta-de-precos-pncp\tasks\mapeamento-ocds\output\2026\4\ZIP\JSON\ro-4-2026-json.zip -> s3://medicamentos-transparentes-dados-abertos/ro-4-2026-json.zip
2026-06-08 19:33:30,972 WARNING OVERWRITE OK: C:\Users\rdurl\OneDrive\Documentos\cesta-de-precos-pncp\tasks\mapeamento-ocds\output\2026\4\ZIP\JSON\rr-4-2026-json.zip -> s3://medicamentos-transparentes-dados-abertos/rr-4-2026-json.zip
2026-06-08 19:33:31,109 WARNING OVERWRITE OK: C:\Users\rdurl\OneDrive\Documentos\cesta-de-precos-pncp\tasks\mapeamento-ocds\output\2026\4\ZIP\JSON\rs-4-2026-json.zip -> s3://medicamentos-transparentes-dados-abertos/rs-4-2026-json.zip
2026-06-08 19:33:31,496 WARNING OVERWRITE OK: C:\Users\rdurl\OneDrive\Documentos\cesta-de-precos-pncp\tasks\mapeamento-ocds\output\2026\4\ZIP\JSON\sc-4-2026-json.zip -> s3://medicamentos-transparentes-dados-abertos/sc-4-2026-json.zip
2026-06-08 19:33:31,604 WARNING OVERWRITE OK: C:\Users\rdurl\OneDrive\Documentos\cesta-de-precos-pncp\tasks\mapeamento-ocds\output\2026\4\ZIP\JSON\se-4-2026-json.zip -> s3://medicamentos-transparentes-dados-abertos/se-4-2026-json.zip
2026-06-08 19:33:31,782 WARNING OVERWRITE OK: C:\Users\rdurl\OneDrive\Documentos\cesta-de-precos-pncp\tasks\mapeamento-ocds\output\2026\4\ZIP\JSON\sp-4-2026-json.zip -> s3://medicamentos-transparentes-dados-abertos/sp-4-2026-json.zip
2026-06-08 19:33:31,871 WARNING OVERWRITE OK: C:\Users\rdurl\OneDrive\Documentos\cesta-de-precos-pncp\tasks\mapeamento-ocds\output\2026\4\ZIP\JSON\to-4-2026-json.zip -> s3://medicamentos-transparentes-dados-abertos/to-4-2026-json.zip
2026-06-08 19:33:31,871 INFO Resumo: encontrados=54 enviados=0 sobrescritos=54 pulados=0 invalidos=0 falhas=0
==== Fim: Upload dos ZIPs OCDS para S3 2026-06-08T19:33:29-03:00 ====

