==== Inicio: Upload dos ZIPs OCDS para S3 2026-06-08T19:17:36-03:00 ====
2026-06-08 19:17:38,944 INFO Raiz de output: C:\Users\rdurl\OneDrive\Documentos\cesta-de-precos-pncp\tasks\mapeamento-ocds\output
2026-06-08 19:17:38,944 INFO Bucket S3: medicamentos-transparentes-dados-abertos
2026-06-08 19:17:38,944 INFO Overwrite remoto: ativado
2026-06-08 19:17:38,996 INFO Found credentials in environment variables.
2026-06-08 19:17:39,527 WARNING OVERWRITE OK: C:\Users\rdurl\OneDrive\Documentos\cesta-de-precos-pncp\tasks\mapeamento-ocds\output\2025\8\ZIP\CSV\ac-8-2025-csv.zip -> s3://medicamentos-transparentes-dados-abertos/ac-8-2025-csv.zip
2026-06-08 19:17:39,623 WARNING OVERWRITE OK: C:\Users\rdurl\OneDrive\Documentos\cesta-de-precos-pncp\tasks\mapeamento-ocds\output\2025\8\ZIP\CSV\al-8-2025-csv.zip -> s3://medicamentos-transparentes-dados-abertos/al-8-2025-csv.zip
2026-06-08 19:17:39,721 WARNING OVERWRITE OK: C:\Users\rdurl\OneDrive\Documentos\cesta-de-precos-pncp\tasks\mapeamento-ocds\output\2025\8\ZIP\CSV\am-8-2025-csv.zip -> s3://medicamentos-transparentes-dados-abertos/am-8-2025-csv.zip
2026-06-08 19:17:39,798 WARNING OVERWRITE OK: C:\Users\rdurl\OneDrive\Documentos\cesta-de-precos-pncp\tasks\mapeamento-ocds\output\2025\8\ZIP\CSV\ap-8-2025-csv.zip -> s3://medicamentos-transparentes-dados-abertos/ap-8-2025-csv.zip
2026-06-08 19:17:39,905 WARNING OVERWRITE OK: C:\Users\rdurl\OneDrive\Documentos\cesta-de-precos-pncp\tasks\mapeamento-ocds\output\2025\8\ZIP\CSV\ba-8-2025-csv.zip -> s3://medicamentos-transparentes-dados-abertos/ba-8-2025-csv.zip
2026-06-08 19:17:40,006 WARNING OVERWRITE OK: C:\Users\rdurl\OneDrive\Documentos\cesta-de-precos-pncp\tasks\mapeamento-ocds\output\2025\8\ZIP\CSV\ce-8-2025-csv.zip -> s3://medicamentos-transparentes-dados-abertos/ce-8-2025-csv.zip
2026-06-08 19:17:40,096 WARNING OVERWRITE OK: C:\Users\rdurl\OneDrive\Documentos\cesta-de-precos-pncp\tasks\mapeamento-ocds\output\2025\8\ZIP\CSV\df-8-2025-csv.zip -> s3://medicamentos-transparentes-dados-abertos/df-8-2025-csv.zip
2026-06-08 19:17:40,190 WARNING OVERWRITE OK: C:\Users\rdurl\OneDrive\Documentos\cesta-de-precos-pncp\tasks\mapeamento-ocds\output\2025\8\ZIP\CSV\es-8-2025-csv.zip -> s3://medicamentos-transparentes-dados-abertos/es-8-2025-csv.zip
2026-06-08 19:17:40,288 WARNING OVERWRITE OK: C:\Users\rdurl\OneDrive\Documentos\cesta-de-precos-pncp\tasks\mapeamento-ocds\output\2025\8\ZIP\CSV\go-8-2025-csv.zip -> s3://medicamentos-transparentes-dados-abertos/go-8-2025-csv.zip
2026-06-08 19:17:40,380 WARNING OVERWRITE OK: C:\Users\rdurl\OneDrive\Documentos\cesta-de-precos-pncp\tasks\mapeamento-ocds\output\2025\8\ZIP\CSV\ma-8-2025-csv.zip -> s3://medicamentos-transparentes-dados-abertos/ma-8-2025-csv.zip
2026-06-08 19:17:40,498 WARNING OVERWRITE OK: C:\Users\rdurl\OneDrive\Documentos\cesta-de-precos-pncp\tasks\mapeamento-ocds\output\2025\8\ZIP\CSV\mg-8-2025-csv.zip -> s3://medicamentos-transparentes-dados-abertos/mg-8-2025-csv.zip
2026-06-08 19:17:40,597 WARNING OVERWRITE OK: C:\Users\rdurl\OneDrive\Documentos\cesta-de-precos-pncp\tasks\mapeamento-ocds\output\2025\8\ZIP\CSV\ms-8-2025-csv.zip -> s3://medicamentos-transparentes-dados-abertos/ms-8-2025-csv.zip
2026-06-08 19:17:40,706 WARNING OVERWRITE OK: C:\Users\rdurl\OneDrive\Documentos\cesta-de-precos-pncp\tasks\mapeamento-ocds\output\2025\8\ZIP\CSV\mt-8-2025-csv.zip -> s3://medicamentos-transparentes-dados-abertos/mt-8-2025-csv.zip
2026-06-08 19:17:40,797 WARNING OVERWRITE OK: C:\Users\rdurl\OneDrive\Documentos\cesta-de-precos-pncp\tasks\mapeamento-ocds\output\2025\8\ZIP\CSV\pa-8-2025-csv.zip -> s3://medicamentos-transparentes-dados-abertos/pa-8-2025-csv.zip
2026-06-08 19:17:40,885 WARNING OVERWRITE OK: C:\Users\rdurl\OneDrive\Documentos\cesta-de-precos-pncp\tasks\mapeamento-ocds\output\2025\8\ZIP\CSV\pb-8-2025-csv.zip -> s3://medicamentos-transparentes-dados-abertos/pb-8-2025-csv.zip
2026-06-08 19:17:41,019 WARNING OVERWRITE OK: C:\Users\rdurl\OneDrive\Documentos\cesta-de-precos-pncp\tasks\mapeamento-ocds\output\2025\8\ZIP\CSV\pe-8-2025-csv.zip -> s3://medicamentos-transparentes-dados-abertos/pe-8-2025-csv.zip
2026-06-08 19:17:41,097 WARNING OVERWRITE OK: C:\Users\rdurl\OneDrive\Documentos\cesta-de-precos-pncp\tasks\mapeamento-ocds\output\2025\8\ZIP\CSV\pi-8-2025-csv.zip -> s3://medicamentos-transparentes-dados-abertos/pi-8-2025-csv.zip
2026-06-08 19:17:41,201 WARNING OVERWRITE OK: C:\Users\rdurl\OneDrive\Documentos\cesta-de-precos-pncp\tasks\mapeamento-ocds\output\2025\8\ZIP\CSV\pr-8-2025-csv.zip -> s3://medicamentos-transparentes-dados-abertos/pr-8-2025-csv.zip
2026-06-08 19:17:41,305 WARNING OVERWRITE OK: C:\Users\rdurl\OneDrive\Documentos\cesta-de-precos-pncp\tasks\mapeamento-ocds\output\2025\8\ZIP\CSV\rj-8-2025-csv.zip -> s3://medicamentos-transparentes-dados-abertos/rj-8-2025-csv.zip
2026-06-08 19:17:41,401 WARNING OVERWRITE OK: C:\Users\rdurl\OneDrive\Documentos\cesta-de-precos-pncp\tasks\mapeamento-ocds\output\2025\8\ZIP\CSV\rn-8-2025-csv.zip -> s3://medicamentos-transparentes-dados-abertos/rn-8-2025-csv.zip
2026-06-08 19:17:41,483 WARNING OVERWRITE OK: C:\Users\rdurl\OneDrive\Documentos\cesta-de-precos-pncp\tasks\mapeamento-ocds\output\2025\8\ZIP\CSV\ro-8-2025-csv.zip -> s3://medicamentos-transparentes-dados-abertos/ro-8-2025-csv.zip
2026-06-08 19:17:41,559 WARNING OVERWRITE OK: C:\Users\rdurl\OneDrive\Documentos\cesta-de-precos-pncp\tasks\mapeamento-ocds\output\2025\8\ZIP\CSV\rr-8-2025-csv.zip -> s3://medicamentos-transparentes-dados-abertos/rr-8-2025-csv.zip
2026-06-08 19:17:41,676 WARNING OVERWRITE OK: C:\Users\rdurl\OneDrive\Documentos\cesta-de-precos-pncp\tasks\mapeamento-ocds\output\2025\8\ZIP\CSV\rs-8-2025-csv.zip -> s3://medicamentos-transparentes-dados-abertos/rs-8-2025-csv.zip
2026-06-08 19:17:41,771 WARNING OVERWRITE OK: C:\Users\rdurl\OneDrive\Documentos\cesta-de-precos-pncp\tasks\mapeamento-ocds\output\2025\8\ZIP\CSV\sc-8-2025-csv.zip -> s3://medicamentos-transparentes-dados-abertos/sc-8-2025-csv.zip
2026-06-08 19:17:41,863 WARNING OVERWRITE OK: C:\Users\rdurl\OneDrive\Documentos\cesta-de-precos-pncp\tasks\mapeamento-ocds\output\2025\8\ZIP\CSV\se-8-2025-csv.zip -> s3://medicamentos-transparentes-dados-abertos/se-8-2025-csv.zip
2026-06-08 19:17:42,030 WARNING OVERWRITE OK: C:\Users\rdurl\OneDrive\Documentos\cesta-de-precos-pncp\tasks\mapeamento-ocds\output\2025\8\ZIP\CSV\sp-8-2025-csv.zip -> s3://medicamentos-transparentes-dados-abertos/sp-8-2025-csv.zip
2026-06-08 19:17:42,118 WARNING OVERWRITE OK: C:\Users\rdurl\OneDrive\Documentos\cesta-de-precos-pncp\tasks\mapeamento-ocds\output\2025\8\ZIP\CSV\to-8-2025-csv.zip -> s3://medicamentos-transparentes-dados-abertos/to-8-2025-csv.zip
2026-06-08 19:17:42,333 WARNING OVERWRITE OK: C:\Users\rdurl\OneDrive\Documentos\cesta-de-precos-pncp\tasks\mapeamento-ocds\output\2025\8\ZIP\JSON\ac-8-2025-json.zip -> s3://medicamentos-transparentes-dados-abertos/ac-8-2025-json.zip
2026-06-08 19:17:42,487 WARNING OVERWRITE OK: C:\Users\rdurl\OneDrive\Documentos\cesta-de-precos-pncp\tasks\mapeamento-ocds\output\2025\8\ZIP\JSON\al-8-2025-json.zip -> s3://medicamentos-transparentes-dados-abertos/al-8-2025-json.zip
2026-06-08 19:17:42,577 WARNING OVERWRITE OK: C:\Users\rdurl\OneDrive\Documentos\cesta-de-precos-pncp\tasks\mapeamento-ocds\output\2025\8\ZIP\JSON\am-8-2025-json.zip -> s3://medicamentos-transparentes-dados-abertos/am-8-2025-json.zip
2026-06-08 19:17:42,651 WARNING OVERWRITE OK: C:\Users\rdurl\OneDrive\Documentos\cesta-de-precos-pncp\tasks\mapeamento-ocds\output\2025\8\ZIP\JSON\ap-8-2025-json.zip -> s3://medicamentos-transparentes-dados-abertos/ap-8-2025-json.zip
2026-06-08 19:17:42,749 WARNING OVERWRITE OK: C:\Users\rdurl\OneDrive\Documentos\cesta-de-precos-pncp\tasks\mapeamento-ocds\output\2025\8\ZIP\JSON\ba-8-2025-json.zip -> s3://medicamentos-transparentes-dados-abertos/ba-8-2025-json.zip
2026-06-08 19:17:42,941 WARNING OVERWRITE OK: C:\Users\rdurl\OneDrive\Documentos\cesta-de-precos-pncp\tasks\mapeamento-ocds\output\2025\8\ZIP\JSON\ce-8-2025-json.zip -> s3://medicamentos-transparentes-dados-abertos/ce-8-2025-json.zip
2026-06-08 19:17:43,042 WARNING OVERWRITE OK: C:\Users\rdurl\OneDrive\Documentos\cesta-de-precos-pncp\tasks\mapeamento-ocds\output\2025\8\ZIP\JSON\df-8-2025-json.zip -> s3://medicamentos-transparentes-dados-abertos/df-8-2025-json.zip
2026-06-08 19:17:43,145 WARNING OVERWRITE OK: C:\Users\rdurl\OneDrive\Documentos\cesta-de-precos-pncp\tasks\mapeamento-ocds\output\2025\8\ZIP\JSON\es-8-2025-json.zip -> s3://medicamentos-transparentes-dados-abertos/es-8-2025-json.zip
2026-06-08 19:17:43,250 WARNING OVERWRITE OK: C:\Users\rdurl\OneDrive\Documentos\cesta-de-precos-pncp\tasks\mapeamento-ocds\output\2025\8\ZIP\JSON\go-8-2025-json.zip -> s3://medicamentos-transparentes-dados-abertos/go-8-2025-json.zip
2026-06-08 19:17:43,346 WARNING OVERWRITE OK: C:\Users\rdurl\OneDrive\Documentos\cesta-de-precos-pncp\tasks\mapeamento-ocds\output\2025\8\ZIP\JSON\ma-8-2025-json.zip -> s3://medicamentos-transparentes-dados-abertos/ma-8-2025-json.zip
2026-06-08 19:17:43,469 WARNING OVERWRITE OK: C:\Users\rdurl\OneDrive\Documentos\cesta-de-precos-pncp\tasks\mapeamento-ocds\output\2025\8\ZIP\JSON\mg-8-2025-json.zip -> s3://medicamentos-transparentes-dados-abertos/mg-8-2025-json.zip
2026-06-08 19:17:43,575 WARNING OVERWRITE OK: C:\Users\rdurl\OneDrive\Documentos\cesta-de-precos-pncp\tasks\mapeamento-ocds\output\2025\8\ZIP\JSON\ms-8-2025-json.zip -> s3://medicamentos-transparentes-dados-abertos/ms-8-2025-json.zip
2026-06-08 19:17:43,662 WARNING OVERWRITE OK: C:\Users\rdurl\OneDrive\Documentos\cesta-de-precos-pncp\tasks\mapeamento-ocds\output\2025\8\ZIP\JSON\mt-8-2025-json.zip -> s3://medicamentos-transparentes-dados-abertos/mt-8-2025-json.zip
2026-06-08 19:17:43,757 WARNING OVERWRITE OK: C:\Users\rdurl\OneDrive\Documentos\cesta-de-precos-pncp\tasks\mapeamento-ocds\output\2025\8\ZIP\JSON\pa-8-2025-json.zip -> s3://medicamentos-transparentes-dados-abertos/pa-8-2025-json.zip
2026-06-08 19:17:43,848 WARNING OVERWRITE OK: C:\Users\rdurl\OneDrive\Documentos\cesta-de-precos-pncp\tasks\mapeamento-ocds\output\2025\8\ZIP\JSON\pb-8-2025-json.zip -> s3://medicamentos-transparentes-dados-abertos/pb-8-2025-json.zip
2026-06-08 19:17:43,941 WARNING OVERWRITE OK: C:\Users\rdurl\OneDrive\Documentos\cesta-de-precos-pncp\tasks\mapeamento-ocds\output\2025\8\ZIP\JSON\pe-8-2025-json.zip -> s3://medicamentos-transparentes-dados-abertos/pe-8-2025-json.zip
2026-06-08 19:17:44,030 WARNING OVERWRITE OK: C:\Users\rdurl\OneDrive\Documentos\cesta-de-precos-pncp\tasks\mapeamento-ocds\output\2025\8\ZIP\JSON\pi-8-2025-json.zip -> s3://medicamentos-transparentes-dados-abertos/pi-8-2025-json.zip
2026-06-08 19:17:44,146 WARNING OVERWRITE OK: C:\Users\rdurl\OneDrive\Documentos\cesta-de-precos-pncp\tasks\mapeamento-ocds\output\2025\8\ZIP\JSON\pr-8-2025-json.zip -> s3://medicamentos-transparentes-dados-abertos/pr-8-2025-json.zip
2026-06-08 19:17:44,251 WARNING OVERWRITE OK: C:\Users\rdurl\OneDrive\Documentos\cesta-de-precos-pncp\tasks\mapeamento-ocds\output\2025\8\ZIP\JSON\rj-8-2025-json.zip -> s3://medicamentos-transparentes-dados-abertos/rj-8-2025-json.zip
2026-06-08 19:17:44,333 WARNING OVERWRITE OK: C:\Users\rdurl\OneDrive\Documentos\cesta-de-precos-pncp\tasks\mapeamento-ocds\output\2025\8\ZIP\JSON\rn-8-2025-json.zip -> s3://medicamentos-transparentes-dados-abertos/rn-8-2025-json.zip
2026-06-08 19:17:44,417 WARNING OVERWRITE OK: C:\Users\rdurl\OneDrive\Documentos\cesta-de-precos-pncp\tasks\mapeamento-ocds\output\2025\8\ZIP\JSON\ro-8-2025-json.zip -> s3://medicamentos-transparentes-dados-abertos/ro-8-2025-json.zip
2026-06-08 19:17:44,498 WARNING OVERWRITE OK: C:\Users\rdurl\OneDrive\Documentos\cesta-de-precos-pncp\tasks\mapeamento-ocds\output\2025\8\ZIP\JSON\rr-8-2025-json.zip -> s3://medicamentos-transparentes-dados-abertos/rr-8-2025-json.zip
2026-06-08 19:17:44,629 WARNING OVERWRITE OK: C:\Users\rdurl\OneDrive\Documentos\cesta-de-precos-pncp\tasks\mapeamento-ocds\output\2025\8\ZIP\JSON\rs-8-2025-json.zip -> s3://medicamentos-transparentes-dados-abertos/rs-8-2025-json.zip
2026-06-08 19:17:45,060 WARNING OVERWRITE OK: C:\Users\rdurl\OneDrive\Documentos\cesta-de-precos-pncp\tasks\mapeamento-ocds\output\2025\8\ZIP\JSON\sc-8-2025-json.zip -> s3://medicamentos-transparentes-dados-abertos/sc-8-2025-json.zip
2026-06-08 19:17:45,156 WARNING OVERWRITE OK: C:\Users\rdurl\OneDrive\Documentos\cesta-de-precos-pncp\tasks\mapeamento-ocds\output\2025\8\ZIP\JSON\se-8-2025-json.zip -> s3://medicamentos-transparentes-dados-abertos/se-8-2025-json.zip
2026-06-08 19:17:45,326 WARNING OVERWRITE OK: C:\Users\rdurl\OneDrive\Documentos\cesta-de-precos-pncp\tasks\mapeamento-ocds\output\2025\8\ZIP\JSON\sp-8-2025-json.zip -> s3://medicamentos-transparentes-dados-abertos/sp-8-2025-json.zip
2026-06-08 19:17:45,408 WARNING OVERWRITE OK: C:\Users\rdurl\OneDrive\Documentos\cesta-de-precos-pncp\tasks\mapeamento-ocds\output\2025\8\ZIP\JSON\to-8-2025-json.zip -> s3://medicamentos-transparentes-dados-abertos/to-8-2025-json.zip
2026-06-08 19:17:45,408 INFO Resumo: encontrados=54 enviados=0 sobrescritos=54 pulados=0 invalidos=0 falhas=0
==== Fim: Upload dos ZIPs OCDS para S3 2026-06-08T19:17:44-03:00 ====

