==== Inicio: Upload dos ZIPs OCDS para S3 2026-06-08T19:15:57-03:00 ====
2026-06-08 19:16:00,447 INFO Raiz de output: C:\Users\rdurl\OneDrive\Documentos\cesta-de-precos-pncp\tasks\mapeamento-ocds\output
2026-06-08 19:16:00,447 INFO Bucket S3: medicamentos-transparentes-dados-abertos
2026-06-08 19:16:00,447 INFO Overwrite remoto: ativado
2026-06-08 19:16:00,525 INFO Found credentials in environment variables.
2026-06-08 19:16:01,063 WARNING OVERWRITE OK: C:\Users\rdurl\OneDrive\Documentos\cesta-de-precos-pncp\tasks\mapeamento-ocds\output\2025\7\ZIP\CSV\ac-7-2025-csv.zip -> s3://medicamentos-transparentes-dados-abertos/ac-7-2025-csv.zip
2026-06-08 19:16:01,155 WARNING OVERWRITE OK: C:\Users\rdurl\OneDrive\Documentos\cesta-de-precos-pncp\tasks\mapeamento-ocds\output\2025\7\ZIP\CSV\al-7-2025-csv.zip -> s3://medicamentos-transparentes-dados-abertos/al-7-2025-csv.zip
2026-06-08 19:16:01,230 WARNING OVERWRITE OK: C:\Users\rdurl\OneDrive\Documentos\cesta-de-precos-pncp\tasks\mapeamento-ocds\output\2025\7\ZIP\CSV\am-7-2025-csv.zip -> s3://medicamentos-transparentes-dados-abertos/am-7-2025-csv.zip
2026-06-08 19:16:01,309 WARNING OVERWRITE OK: C:\Users\rdurl\OneDrive\Documentos\cesta-de-precos-pncp\tasks\mapeamento-ocds\output\2025\7\ZIP\CSV\ap-7-2025-csv.zip -> s3://medicamentos-transparentes-dados-abertos/ap-7-2025-csv.zip
2026-06-08 19:16:01,414 WARNING OVERWRITE OK: C:\Users\rdurl\OneDrive\Documentos\cesta-de-precos-pncp\tasks\mapeamento-ocds\output\2025\7\ZIP\CSV\ba-7-2025-csv.zip -> s3://medicamentos-transparentes-dados-abertos/ba-7-2025-csv.zip
2026-06-08 19:16:01,512 WARNING OVERWRITE OK: C:\Users\rdurl\OneDrive\Documentos\cesta-de-precos-pncp\tasks\mapeamento-ocds\output\2025\7\ZIP\CSV\ce-7-2025-csv.zip -> s3://medicamentos-transparentes-dados-abertos/ce-7-2025-csv.zip
2026-06-08 19:16:01,604 WARNING OVERWRITE OK: C:\Users\rdurl\OneDrive\Documentos\cesta-de-precos-pncp\tasks\mapeamento-ocds\output\2025\7\ZIP\CSV\df-7-2025-csv.zip -> s3://medicamentos-transparentes-dados-abertos/df-7-2025-csv.zip
2026-06-08 19:16:01,690 WARNING OVERWRITE OK: C:\Users\rdurl\OneDrive\Documentos\cesta-de-precos-pncp\tasks\mapeamento-ocds\output\2025\7\ZIP\CSV\es-7-2025-csv.zip -> s3://medicamentos-transparentes-dados-abertos/es-7-2025-csv.zip
2026-06-08 19:16:01,795 WARNING OVERWRITE OK: C:\Users\rdurl\OneDrive\Documentos\cesta-de-precos-pncp\tasks\mapeamento-ocds\output\2025\7\ZIP\CSV\go-7-2025-csv.zip -> s3://medicamentos-transparentes-dados-abertos/go-7-2025-csv.zip
2026-06-08 19:16:01,878 WARNING OVERWRITE OK: C:\Users\rdurl\OneDrive\Documentos\cesta-de-precos-pncp\tasks\mapeamento-ocds\output\2025\7\ZIP\CSV\ma-7-2025-csv.zip -> s3://medicamentos-transparentes-dados-abertos/ma-7-2025-csv.zip
2026-06-08 19:16:02,043 WARNING OVERWRITE OK: C:\Users\rdurl\OneDrive\Documentos\cesta-de-precos-pncp\tasks\mapeamento-ocds\output\2025\7\ZIP\CSV\mg-7-2025-csv.zip -> s3://medicamentos-transparentes-dados-abertos/mg-7-2025-csv.zip
2026-06-08 19:16:02,158 WARNING OVERWRITE OK: C:\Users\rdurl\OneDrive\Documentos\cesta-de-precos-pncp\tasks\mapeamento-ocds\output\2025\7\ZIP\CSV\ms-7-2025-csv.zip -> s3://medicamentos-transparentes-dados-abertos/ms-7-2025-csv.zip
2026-06-08 19:16:02,268 WARNING OVERWRITE OK: C:\Users\rdurl\OneDrive\Documentos\cesta-de-precos-pncp\tasks\mapeamento-ocds\output\2025\7\ZIP\CSV\mt-7-2025-csv.zip -> s3://medicamentos-transparentes-dados-abertos/mt-7-2025-csv.zip
2026-06-08 19:16:02,359 WARNING OVERWRITE OK: C:\Users\rdurl\OneDrive\Documentos\cesta-de-precos-pncp\tasks\mapeamento-ocds\output\2025\7\ZIP\CSV\pa-7-2025-csv.zip -> s3://medicamentos-transparentes-dados-abertos/pa-7-2025-csv.zip
2026-06-08 19:16:02,444 WARNING OVERWRITE OK: C:\Users\rdurl\OneDrive\Documentos\cesta-de-precos-pncp\tasks\mapeamento-ocds\output\2025\7\ZIP\CSV\pb-7-2025-csv.zip -> s3://medicamentos-transparentes-dados-abertos/pb-7-2025-csv.zip
2026-06-08 19:16:02,531 WARNING OVERWRITE OK: C:\Users\rdurl\OneDrive\Documentos\cesta-de-precos-pncp\tasks\mapeamento-ocds\output\2025\7\ZIP\CSV\pe-7-2025-csv.zip -> s3://medicamentos-transparentes-dados-abertos/pe-7-2025-csv.zip
2026-06-08 19:16:02,604 WARNING OVERWRITE OK: C:\Users\rdurl\OneDrive\Documentos\cesta-de-precos-pncp\tasks\mapeamento-ocds\output\2025\7\ZIP\CSV\pi-7-2025-csv.zip -> s3://medicamentos-transparentes-dados-abertos/pi-7-2025-csv.zip
2026-06-08 19:16:02,713 WARNING OVERWRITE OK: C:\Users\rdurl\OneDrive\Documentos\cesta-de-precos-pncp\tasks\mapeamento-ocds\output\2025\7\ZIP\CSV\pr-7-2025-csv.zip -> s3://medicamentos-transparentes-dados-abertos/pr-7-2025-csv.zip
2026-06-08 19:16:02,819 WARNING OVERWRITE OK: C:\Users\rdurl\OneDrive\Documentos\cesta-de-precos-pncp\tasks\mapeamento-ocds\output\2025\7\ZIP\CSV\rj-7-2025-csv.zip -> s3://medicamentos-transparentes-dados-abertos/rj-7-2025-csv.zip
2026-06-08 19:16:02,907 WARNING OVERWRITE OK: C:\Users\rdurl\OneDrive\Documentos\cesta-de-precos-pncp\tasks\mapeamento-ocds\output\2025\7\ZIP\CSV\rn-7-2025-csv.zip -> s3://medicamentos-transparentes-dados-abertos/rn-7-2025-csv.zip
2026-06-08 19:16:03,007 WARNING OVERWRITE OK: C:\Users\rdurl\OneDrive\Documentos\cesta-de-precos-pncp\tasks\mapeamento-ocds\output\2025\7\ZIP\CSV\ro-7-2025-csv.zip -> s3://medicamentos-transparentes-dados-abertos/ro-7-2025-csv.zip
2026-06-08 19:16:03,086 WARNING OVERWRITE OK: C:\Users\rdurl\OneDrive\Documentos\cesta-de-precos-pncp\tasks\mapeamento-ocds\output\2025\7\ZIP\CSV\rr-7-2025-csv.zip -> s3://medicamentos-transparentes-dados-abertos/rr-7-2025-csv.zip
2026-06-08 19:16:03,236 WARNING OVERWRITE OK: C:\Users\rdurl\OneDrive\Documentos\cesta-de-precos-pncp\tasks\mapeamento-ocds\output\2025\7\ZIP\CSV\rs-7-2025-csv.zip -> s3://medicamentos-transparentes-dados-abertos/rs-7-2025-csv.zip
2026-06-08 19:16:03,315 WARNING OVERWRITE OK: C:\Users\rdurl\OneDrive\Documentos\cesta-de-precos-pncp\tasks\mapeamento-ocds\output\2025\7\ZIP\CSV\sc-7-2025-csv.zip -> s3://medicamentos-transparentes-dados-abertos/sc-7-2025-csv.zip
2026-06-08 19:16:03,398 WARNING OVERWRITE OK: C:\Users\rdurl\OneDrive\Documentos\cesta-de-precos-pncp\tasks\mapeamento-ocds\output\2025\7\ZIP\CSV\se-7-2025-csv.zip -> s3://medicamentos-transparentes-dados-abertos/se-7-2025-csv.zip
2026-06-08 19:16:03,552 WARNING OVERWRITE OK: C:\Users\rdurl\OneDrive\Documentos\cesta-de-precos-pncp\tasks\mapeamento-ocds\output\2025\7\ZIP\CSV\sp-7-2025-csv.zip -> s3://medicamentos-transparentes-dados-abertos/sp-7-2025-csv.zip
2026-06-08 19:16:03,637 WARNING OVERWRITE OK: C:\Users\rdurl\OneDrive\Documentos\cesta-de-precos-pncp\tasks\mapeamento-ocds\output\2025\7\ZIP\CSV\to-7-2025-csv.zip -> s3://medicamentos-transparentes-dados-abertos/to-7-2025-csv.zip
2026-06-08 19:16:03,718 WARNING OVERWRITE OK: C:\Users\rdurl\OneDrive\Documentos\cesta-de-precos-pncp\tasks\mapeamento-ocds\output\2025\7\ZIP\JSON\ac-7-2025-json.zip -> s3://medicamentos-transparentes-dados-abertos/ac-7-2025-json.zip
2026-06-08 19:16:03,800 WARNING OVERWRITE OK: C:\Users\rdurl\OneDrive\Documentos\cesta-de-precos-pncp\tasks\mapeamento-ocds\output\2025\7\ZIP\JSON\al-7-2025-json.zip -> s3://medicamentos-transparentes-dados-abertos/al-7-2025-json.zip
2026-06-08 19:16:03,883 WARNING OVERWRITE OK: C:\Users\rdurl\OneDrive\Documentos\cesta-de-precos-pncp\tasks\mapeamento-ocds\output\2025\7\ZIP\JSON\am-7-2025-json.zip -> s3://medicamentos-transparentes-dados-abertos/am-7-2025-json.zip
2026-06-08 19:16:03,968 WARNING OVERWRITE OK: C:\Users\rdurl\OneDrive\Documentos\cesta-de-precos-pncp\tasks\mapeamento-ocds\output\2025\7\ZIP\JSON\ap-7-2025-json.zip -> s3://medicamentos-transparentes-dados-abertos/ap-7-2025-json.zip
2026-06-08 19:16:04,069 WARNING OVERWRITE OK: C:\Users\rdurl\OneDrive\Documentos\cesta-de-precos-pncp\tasks\mapeamento-ocds\output\2025\7\ZIP\JSON\ba-7-2025-json.zip -> s3://medicamentos-transparentes-dados-abertos/ba-7-2025-json.zip
2026-06-08 19:16:04,170 WARNING OVERWRITE OK: C:\Users\rdurl\OneDrive\Documentos\cesta-de-precos-pncp\tasks\mapeamento-ocds\output\2025\7\ZIP\JSON\ce-7-2025-json.zip -> s3://medicamentos-transparentes-dados-abertos/ce-7-2025-json.zip
2026-06-08 19:16:04,259 WARNING OVERWRITE OK: C:\Users\rdurl\OneDrive\Documentos\cesta-de-precos-pncp\tasks\mapeamento-ocds\output\2025\7\ZIP\JSON\df-7-2025-json.zip -> s3://medicamentos-transparentes-dados-abertos/df-7-2025-json.zip
2026-06-08 19:16:04,344 WARNING OVERWRITE OK: C:\Users\rdurl\OneDrive\Documentos\cesta-de-precos-pncp\tasks\mapeamento-ocds\output\2025\7\ZIP\JSON\es-7-2025-json.zip -> s3://medicamentos-transparentes-dados-abertos/es-7-2025-json.zip
2026-06-08 19:16:04,439 WARNING OVERWRITE OK: C:\Users\rdurl\OneDrive\Documentos\cesta-de-precos-pncp\tasks\mapeamento-ocds\output\2025\7\ZIP\JSON\go-7-2025-json.zip -> s3://medicamentos-transparentes-dados-abertos/go-7-2025-json.zip
2026-06-08 19:16:04,522 WARNING OVERWRITE OK: C:\Users\rdurl\OneDrive\Documentos\cesta-de-precos-pncp\tasks\mapeamento-ocds\output\2025\7\ZIP\JSON\ma-7-2025-json.zip -> s3://medicamentos-transparentes-dados-abertos/ma-7-2025-json.zip
2026-06-08 19:16:04,644 WARNING OVERWRITE OK: C:\Users\rdurl\OneDrive\Documentos\cesta-de-precos-pncp\tasks\mapeamento-ocds\output\2025\7\ZIP\JSON\mg-7-2025-json.zip -> s3://medicamentos-transparentes-dados-abertos/mg-7-2025-json.zip
2026-06-08 19:16:04,738 WARNING OVERWRITE OK: C:\Users\rdurl\OneDrive\Documentos\cesta-de-precos-pncp\tasks\mapeamento-ocds\output\2025\7\ZIP\JSON\ms-7-2025-json.zip -> s3://medicamentos-transparentes-dados-abertos/ms-7-2025-json.zip
2026-06-08 19:16:04,821 WARNING OVERWRITE OK: C:\Users\rdurl\OneDrive\Documentos\cesta-de-precos-pncp\tasks\mapeamento-ocds\output\2025\7\ZIP\JSON\mt-7-2025-json.zip -> s3://medicamentos-transparentes-dados-abertos/mt-7-2025-json.zip
2026-06-08 19:16:04,918 WARNING OVERWRITE OK: C:\Users\rdurl\OneDrive\Documentos\cesta-de-precos-pncp\tasks\mapeamento-ocds\output\2025\7\ZIP\JSON\pa-7-2025-json.zip -> s3://medicamentos-transparentes-dados-abertos/pa-7-2025-json.zip
2026-06-08 19:16:05,009 WARNING OVERWRITE OK: C:\Users\rdurl\OneDrive\Documentos\cesta-de-precos-pncp\tasks\mapeamento-ocds\output\2025\7\ZIP\JSON\pb-7-2025-json.zip -> s3://medicamentos-transparentes-dados-abertos/pb-7-2025-json.zip
2026-06-08 19:16:05,099 WARNING OVERWRITE OK: C:\Users\rdurl\OneDrive\Documentos\cesta-de-precos-pncp\tasks\mapeamento-ocds\output\2025\7\ZIP\JSON\pe-7-2025-json.zip -> s3://medicamentos-transparentes-dados-abertos/pe-7-2025-json.zip
2026-06-08 19:16:05,174 WARNING OVERWRITE OK: C:\Users\rdurl\OneDrive\Documentos\cesta-de-precos-pncp\tasks\mapeamento-ocds\output\2025\7\ZIP\JSON\pi-7-2025-json.zip -> s3://medicamentos-transparentes-dados-abertos/pi-7-2025-json.zip
2026-06-08 19:16:05,286 WARNING OVERWRITE OK: C:\Users\rdurl\OneDrive\Documentos\cesta-de-precos-pncp\tasks\mapeamento-ocds\output\2025\7\ZIP\JSON\pr-7-2025-json.zip -> s3://medicamentos-transparentes-dados-abertos/pr-7-2025-json.zip
2026-06-08 19:16:05,402 WARNING OVERWRITE OK: C:\Users\rdurl\OneDrive\Documentos\cesta-de-precos-pncp\tasks\mapeamento-ocds\output\2025\7\ZIP\JSON\rj-7-2025-json.zip -> s3://medicamentos-transparentes-dados-abertos/rj-7-2025-json.zip
2026-06-08 19:16:05,489 WARNING OVERWRITE OK: C:\Users\rdurl\OneDrive\Documentos\cesta-de-precos-pncp\tasks\mapeamento-ocds\output\2025\7\ZIP\JSON\rn-7-2025-json.zip -> s3://medicamentos-transparentes-dados-abertos/rn-7-2025-json.zip
2026-06-08 19:16:05,592 WARNING OVERWRITE OK: C:\Users\rdurl\OneDrive\Documentos\cesta-de-precos-pncp\tasks\mapeamento-ocds\output\2025\7\ZIP\JSON\ro-7-2025-json.zip -> s3://medicamentos-transparentes-dados-abertos/ro-7-2025-json.zip
2026-06-08 19:16:05,671 WARNING OVERWRITE OK: C:\Users\rdurl\OneDrive\Documentos\cesta-de-precos-pncp\tasks\mapeamento-ocds\output\2025\7\ZIP\JSON\rr-7-2025-json.zip -> s3://medicamentos-transparentes-dados-abertos/rr-7-2025-json.zip
2026-06-08 19:16:05,802 WARNING OVERWRITE OK: C:\Users\rdurl\OneDrive\Documentos\cesta-de-precos-pncp\tasks\mapeamento-ocds\output\2025\7\ZIP\JSON\rs-7-2025-json.zip -> s3://medicamentos-transparentes-dados-abertos/rs-7-2025-json.zip
2026-06-08 19:16:06,213 WARNING OVERWRITE OK: C:\Users\rdurl\OneDrive\Documentos\cesta-de-precos-pncp\tasks\mapeamento-ocds\output\2025\7\ZIP\JSON\sc-7-2025-json.zip -> s3://medicamentos-transparentes-dados-abertos/sc-7-2025-json.zip
2026-06-08 19:16:06,318 WARNING OVERWRITE OK: C:\Users\rdurl\OneDrive\Documentos\cesta-de-precos-pncp\tasks\mapeamento-ocds\output\2025\7\ZIP\JSON\se-7-2025-json.zip -> s3://medicamentos-transparentes-dados-abertos/se-7-2025-json.zip
2026-06-08 19:16:06,493 WARNING OVERWRITE OK: C:\Users\rdurl\OneDrive\Documentos\cesta-de-precos-pncp\tasks\mapeamento-ocds\output\2025\7\ZIP\JSON\sp-7-2025-json.zip -> s3://medicamentos-transparentes-dados-abertos/sp-7-2025-json.zip
2026-06-08 19:16:06,586 WARNING OVERWRITE OK: C:\Users\rdurl\OneDrive\Documentos\cesta-de-precos-pncp\tasks\mapeamento-ocds\output\2025\7\ZIP\JSON\to-7-2025-json.zip -> s3://medicamentos-transparentes-dados-abertos/to-7-2025-json.zip
2026-06-08 19:16:06,587 INFO Resumo: encontrados=54 enviados=0 sobrescritos=54 pulados=0 invalidos=0 falhas=0
==== Fim: Upload dos ZIPs OCDS para S3 2026-06-08T19:16:04-03:00 ====

