==== Inicio: Upload dos ZIPs OCDS para S3 2026-06-08T19:02:04-03:00 ====
2026-06-08 19:02:07,874 INFO Raiz de output: C:\Users\rdurl\OneDrive\Documentos\cesta-de-precos-pncp\tasks\mapeamento-ocds\output
2026-06-08 19:02:07,874 INFO Bucket S3: medicamentos-transparentes-dados-abertos
2026-06-08 19:02:07,874 INFO Overwrite remoto: ativado
2026-06-08 19:02:08,072 INFO Found credentials in environment variables.
2026-06-08 19:02:08,974 WARNING OVERWRITE OK: C:\Users\rdurl\OneDrive\Documentos\cesta-de-precos-pncp\tasks\mapeamento-ocds\output\2025\1\ZIP\CSV\ac-1-2025-csv.zip -> s3://medicamentos-transparentes-dados-abertos/ac-1-2025-csv.zip
2026-06-08 19:02:09,077 WARNING OVERWRITE OK: C:\Users\rdurl\OneDrive\Documentos\cesta-de-precos-pncp\tasks\mapeamento-ocds\output\2025\1\ZIP\CSV\al-1-2025-csv.zip -> s3://medicamentos-transparentes-dados-abertos/al-1-2025-csv.zip
2026-06-08 19:02:09,154 WARNING OVERWRITE OK: C:\Users\rdurl\OneDrive\Documentos\cesta-de-precos-pncp\tasks\mapeamento-ocds\output\2025\1\ZIP\CSV\am-1-2025-csv.zip -> s3://medicamentos-transparentes-dados-abertos/am-1-2025-csv.zip
2026-06-08 19:02:09,232 WARNING OVERWRITE OK: C:\Users\rdurl\OneDrive\Documentos\cesta-de-precos-pncp\tasks\mapeamento-ocds\output\2025\1\ZIP\CSV\ap-1-2025-csv.zip -> s3://medicamentos-transparentes-dados-abertos/ap-1-2025-csv.zip
2026-06-08 19:02:09,328 WARNING OVERWRITE OK: C:\Users\rdurl\OneDrive\Documentos\cesta-de-precos-pncp\tasks\mapeamento-ocds\output\2025\1\ZIP\CSV\ba-1-2025-csv.zip -> s3://medicamentos-transparentes-dados-abertos/ba-1-2025-csv.zip
2026-06-08 19:02:09,423 WARNING OVERWRITE OK: C:\Users\rdurl\OneDrive\Documentos\cesta-de-precos-pncp\tasks\mapeamento-ocds\output\2025\1\ZIP\CSV\ce-1-2025-csv.zip -> s3://medicamentos-transparentes-dados-abertos/ce-1-2025-csv.zip
2026-06-08 19:02:09,508 WARNING OVERWRITE OK: C:\Users\rdurl\OneDrive\Documentos\cesta-de-precos-pncp\tasks\mapeamento-ocds\output\2025\1\ZIP\CSV\df-1-2025-csv.zip -> s3://medicamentos-transparentes-dados-abertos/df-1-2025-csv.zip
2026-06-08 19:02:09,604 WARNING OVERWRITE OK: C:\Users\rdurl\OneDrive\Documentos\cesta-de-precos-pncp\tasks\mapeamento-ocds\output\2025\1\ZIP\CSV\es-1-2025-csv.zip -> s3://medicamentos-transparentes-dados-abertos/es-1-2025-csv.zip
2026-06-08 19:02:09,709 WARNING OVERWRITE OK: C:\Users\rdurl\OneDrive\Documentos\cesta-de-precos-pncp\tasks\mapeamento-ocds\output\2025\1\ZIP\CSV\go-1-2025-csv.zip -> s3://medicamentos-transparentes-dados-abertos/go-1-2025-csv.zip
2026-06-08 19:02:09,799 WARNING OVERWRITE OK: C:\Users\rdurl\OneDrive\Documentos\cesta-de-precos-pncp\tasks\mapeamento-ocds\output\2025\1\ZIP\CSV\ma-1-2025-csv.zip -> s3://medicamentos-transparentes-dados-abertos/ma-1-2025-csv.zip
2026-06-08 19:02:09,917 WARNING OVERWRITE OK: C:\Users\rdurl\OneDrive\Documentos\cesta-de-precos-pncp\tasks\mapeamento-ocds\output\2025\1\ZIP\CSV\mg-1-2025-csv.zip -> s3://medicamentos-transparentes-dados-abertos/mg-1-2025-csv.zip
2026-06-08 19:02:10,004 WARNING OVERWRITE OK: C:\Users\rdurl\OneDrive\Documentos\cesta-de-precos-pncp\tasks\mapeamento-ocds\output\2025\1\ZIP\CSV\ms-1-2025-csv.zip -> s3://medicamentos-transparentes-dados-abertos/ms-1-2025-csv.zip
2026-06-08 19:02:10,088 WARNING OVERWRITE OK: C:\Users\rdurl\OneDrive\Documentos\cesta-de-precos-pncp\tasks\mapeamento-ocds\output\2025\1\ZIP\CSV\mt-1-2025-csv.zip -> s3://medicamentos-transparentes-dados-abertos/mt-1-2025-csv.zip
2026-06-08 19:02:10,174 WARNING OVERWRITE OK: C:\Users\rdurl\OneDrive\Documentos\cesta-de-precos-pncp\tasks\mapeamento-ocds\output\2025\1\ZIP\CSV\pa-1-2025-csv.zip -> s3://medicamentos-transparentes-dados-abertos/pa-1-2025-csv.zip
2026-06-08 19:02:10,276 WARNING OVERWRITE OK: C:\Users\rdurl\OneDrive\Documentos\cesta-de-precos-pncp\tasks\mapeamento-ocds\output\2025\1\ZIP\CSV\pb-1-2025-csv.zip -> s3://medicamentos-transparentes-dados-abertos/pb-1-2025-csv.zip
2026-06-08 19:02:10,368 WARNING OVERWRITE OK: C:\Users\rdurl\OneDrive\Documentos\cesta-de-precos-pncp\tasks\mapeamento-ocds\output\2025\1\ZIP\CSV\pe-1-2025-csv.zip -> s3://medicamentos-transparentes-dados-abertos/pe-1-2025-csv.zip
2026-06-08 19:02:10,441 WARNING OVERWRITE OK: C:\Users\rdurl\OneDrive\Documentos\cesta-de-precos-pncp\tasks\mapeamento-ocds\output\2025\1\ZIP\CSV\pi-1-2025-csv.zip -> s3://medicamentos-transparentes-dados-abertos/pi-1-2025-csv.zip
2026-06-08 19:02:10,541 WARNING OVERWRITE OK: C:\Users\rdurl\OneDrive\Documentos\cesta-de-precos-pncp\tasks\mapeamento-ocds\output\2025\1\ZIP\CSV\pr-1-2025-csv.zip -> s3://medicamentos-transparentes-dados-abertos/pr-1-2025-csv.zip
2026-06-08 19:02:10,668 WARNING OVERWRITE OK: C:\Users\rdurl\OneDrive\Documentos\cesta-de-precos-pncp\tasks\mapeamento-ocds\output\2025\1\ZIP\CSV\rj-1-2025-csv.zip -> s3://medicamentos-transparentes-dados-abertos/rj-1-2025-csv.zip
2026-06-08 19:02:10,767 WARNING OVERWRITE OK: C:\Users\rdurl\OneDrive\Documentos\cesta-de-precos-pncp\tasks\mapeamento-ocds\output\2025\1\ZIP\CSV\rn-1-2025-csv.zip -> s3://medicamentos-transparentes-dados-abertos/rn-1-2025-csv.zip
2026-06-08 19:02:10,859 WARNING OVERWRITE OK: C:\Users\rdurl\OneDrive\Documentos\cesta-de-precos-pncp\tasks\mapeamento-ocds\output\2025\1\ZIP\CSV\ro-1-2025-csv.zip -> s3://medicamentos-transparentes-dados-abertos/ro-1-2025-csv.zip
2026-06-08 19:02:10,944 WARNING OVERWRITE OK: C:\Users\rdurl\OneDrive\Documentos\cesta-de-precos-pncp\tasks\mapeamento-ocds\output\2025\1\ZIP\CSV\rr-1-2025-csv.zip -> s3://medicamentos-transparentes-dados-abertos/rr-1-2025-csv.zip
2026-06-08 19:02:11,056 WARNING OVERWRITE OK: C:\Users\rdurl\OneDrive\Documentos\cesta-de-precos-pncp\tasks\mapeamento-ocds\output\2025\1\ZIP\CSV\rs-1-2025-csv.zip -> s3://medicamentos-transparentes-dados-abertos/rs-1-2025-csv.zip
2026-06-08 19:02:11,140 WARNING OVERWRITE OK: C:\Users\rdurl\OneDrive\Documentos\cesta-de-precos-pncp\tasks\mapeamento-ocds\output\2025\1\ZIP\CSV\sc-1-2025-csv.zip -> s3://medicamentos-transparentes-dados-abertos/sc-1-2025-csv.zip
2026-06-08 19:02:11,272 WARNING OVERWRITE OK: C:\Users\rdurl\OneDrive\Documentos\cesta-de-precos-pncp\tasks\mapeamento-ocds\output\2025\1\ZIP\CSV\se-1-2025-csv.zip -> s3://medicamentos-transparentes-dados-abertos/se-1-2025-csv.zip
2026-06-08 19:02:11,408 WARNING OVERWRITE OK: C:\Users\rdurl\OneDrive\Documentos\cesta-de-precos-pncp\tasks\mapeamento-ocds\output\2025\1\ZIP\CSV\sp-1-2025-csv.zip -> s3://medicamentos-transparentes-dados-abertos/sp-1-2025-csv.zip
2026-06-08 19:02:11,492 WARNING OVERWRITE OK: C:\Users\rdurl\OneDrive\Documentos\cesta-de-precos-pncp\tasks\mapeamento-ocds\output\2025\1\ZIP\CSV\to-1-2025-csv.zip -> s3://medicamentos-transparentes-dados-abertos/to-1-2025-csv.zip
2026-06-08 19:02:11,561 WARNING OVERWRITE OK: C:\Users\rdurl\OneDrive\Documentos\cesta-de-precos-pncp\tasks\mapeamento-ocds\output\2025\1\ZIP\JSON\ac-1-2025-json.zip -> s3://medicamentos-transparentes-dados-abertos/ac-1-2025-json.zip
2026-06-08 19:02:11,644 WARNING OVERWRITE OK: C:\Users\rdurl\OneDrive\Documentos\cesta-de-precos-pncp\tasks\mapeamento-ocds\output\2025\1\ZIP\JSON\al-1-2025-json.zip -> s3://medicamentos-transparentes-dados-abertos/al-1-2025-json.zip
2026-06-08 19:02:11,733 WARNING OVERWRITE OK: C:\Users\rdurl\OneDrive\Documentos\cesta-de-precos-pncp\tasks\mapeamento-ocds\output\2025\1\ZIP\JSON\am-1-2025-json.zip -> s3://medicamentos-transparentes-dados-abertos/am-1-2025-json.zip
2026-06-08 19:02:11,813 WARNING OVERWRITE OK: C:\Users\rdurl\OneDrive\Documentos\cesta-de-precos-pncp\tasks\mapeamento-ocds\output\2025\1\ZIP\JSON\ap-1-2025-json.zip -> s3://medicamentos-transparentes-dados-abertos/ap-1-2025-json.zip
2026-06-08 19:02:11,906 WARNING OVERWRITE OK: C:\Users\rdurl\OneDrive\Documentos\cesta-de-precos-pncp\tasks\mapeamento-ocds\output\2025\1\ZIP\JSON\ba-1-2025-json.zip -> s3://medicamentos-transparentes-dados-abertos/ba-1-2025-json.zip
2026-06-08 19:02:11,996 WARNING OVERWRITE OK: C:\Users\rdurl\OneDrive\Documentos\cesta-de-precos-pncp\tasks\mapeamento-ocds\output\2025\1\ZIP\JSON\ce-1-2025-json.zip -> s3://medicamentos-transparentes-dados-abertos/ce-1-2025-json.zip
2026-06-08 19:02:12,080 WARNING OVERWRITE OK: C:\Users\rdurl\OneDrive\Documentos\cesta-de-precos-pncp\tasks\mapeamento-ocds\output\2025\1\ZIP\JSON\df-1-2025-json.zip -> s3://medicamentos-transparentes-dados-abertos/df-1-2025-json.zip
2026-06-08 19:02:12,177 WARNING OVERWRITE OK: C:\Users\rdurl\OneDrive\Documentos\cesta-de-precos-pncp\tasks\mapeamento-ocds\output\2025\1\ZIP\JSON\es-1-2025-json.zip -> s3://medicamentos-transparentes-dados-abertos/es-1-2025-json.zip
2026-06-08 19:02:12,280 WARNING OVERWRITE OK: C:\Users\rdurl\OneDrive\Documentos\cesta-de-precos-pncp\tasks\mapeamento-ocds\output\2025\1\ZIP\JSON\go-1-2025-json.zip -> s3://medicamentos-transparentes-dados-abertos/go-1-2025-json.zip
2026-06-08 19:02:12,370 WARNING OVERWRITE OK: C:\Users\rdurl\OneDrive\Documentos\cesta-de-precos-pncp\tasks\mapeamento-ocds\output\2025\1\ZIP\JSON\ma-1-2025-json.zip -> s3://medicamentos-transparentes-dados-abertos/ma-1-2025-json.zip
2026-06-08 19:02:12,484 WARNING OVERWRITE OK: C:\Users\rdurl\OneDrive\Documentos\cesta-de-precos-pncp\tasks\mapeamento-ocds\output\2025\1\ZIP\JSON\mg-1-2025-json.zip -> s3://medicamentos-transparentes-dados-abertos/mg-1-2025-json.zip
2026-06-08 19:02:12,575 WARNING OVERWRITE OK: C:\Users\rdurl\OneDrive\Documentos\cesta-de-precos-pncp\tasks\mapeamento-ocds\output\2025\1\ZIP\JSON\ms-1-2025-json.zip -> s3://medicamentos-transparentes-dados-abertos/ms-1-2025-json.zip
2026-06-08 19:02:12,686 WARNING OVERWRITE OK: C:\Users\rdurl\OneDrive\Documentos\cesta-de-precos-pncp\tasks\mapeamento-ocds\output\2025\1\ZIP\JSON\mt-1-2025-json.zip -> s3://medicamentos-transparentes-dados-abertos/mt-1-2025-json.zip
2026-06-08 19:02:12,768 WARNING OVERWRITE OK: C:\Users\rdurl\OneDrive\Documentos\cesta-de-precos-pncp\tasks\mapeamento-ocds\output\2025\1\ZIP\JSON\pa-1-2025-json.zip -> s3://medicamentos-transparentes-dados-abertos/pa-1-2025-json.zip
2026-06-08 19:02:12,864 WARNING OVERWRITE OK: C:\Users\rdurl\OneDrive\Documentos\cesta-de-precos-pncp\tasks\mapeamento-ocds\output\2025\1\ZIP\JSON\pb-1-2025-json.zip -> s3://medicamentos-transparentes-dados-abertos/pb-1-2025-json.zip
2026-06-08 19:02:12,958 WARNING OVERWRITE OK: C:\Users\rdurl\OneDrive\Documentos\cesta-de-precos-pncp\tasks\mapeamento-ocds\output\2025\1\ZIP\JSON\pe-1-2025-json.zip -> s3://medicamentos-transparentes-dados-abertos/pe-1-2025-json.zip
2026-06-08 19:02:13,033 WARNING OVERWRITE OK: C:\Users\rdurl\OneDrive\Documentos\cesta-de-precos-pncp\tasks\mapeamento-ocds\output\2025\1\ZIP\JSON\pi-1-2025-json.zip -> s3://medicamentos-transparentes-dados-abertos/pi-1-2025-json.zip
2026-06-08 19:02:13,148 WARNING OVERWRITE OK: C:\Users\rdurl\OneDrive\Documentos\cesta-de-precos-pncp\tasks\mapeamento-ocds\output\2025\1\ZIP\JSON\pr-1-2025-json.zip -> s3://medicamentos-transparentes-dados-abertos/pr-1-2025-json.zip
2026-06-08 19:02:13,266 WARNING OVERWRITE OK: C:\Users\rdurl\OneDrive\Documentos\cesta-de-precos-pncp\tasks\mapeamento-ocds\output\2025\1\ZIP\JSON\rj-1-2025-json.zip -> s3://medicamentos-transparentes-dados-abertos/rj-1-2025-json.zip
2026-06-08 19:02:13,354 WARNING OVERWRITE OK: C:\Users\rdurl\OneDrive\Documentos\cesta-de-precos-pncp\tasks\mapeamento-ocds\output\2025\1\ZIP\JSON\rn-1-2025-json.zip -> s3://medicamentos-transparentes-dados-abertos/rn-1-2025-json.zip
2026-06-08 19:02:13,432 WARNING OVERWRITE OK: C:\Users\rdurl\OneDrive\Documentos\cesta-de-precos-pncp\tasks\mapeamento-ocds\output\2025\1\ZIP\JSON\ro-1-2025-json.zip -> s3://medicamentos-transparentes-dados-abertos/ro-1-2025-json.zip
2026-06-08 19:02:13,514 WARNING OVERWRITE OK: C:\Users\rdurl\OneDrive\Documentos\cesta-de-precos-pncp\tasks\mapeamento-ocds\output\2025\1\ZIP\JSON\rr-1-2025-json.zip -> s3://medicamentos-transparentes-dados-abertos/rr-1-2025-json.zip
2026-06-08 19:02:13,627 WARNING OVERWRITE OK: C:\Users\rdurl\OneDrive\Documentos\cesta-de-precos-pncp\tasks\mapeamento-ocds\output\2025\1\ZIP\JSON\rs-1-2025-json.zip -> s3://medicamentos-transparentes-dados-abertos/rs-1-2025-json.zip
2026-06-08 19:02:14,045 WARNING OVERWRITE OK: C:\Users\rdurl\OneDrive\Documentos\cesta-de-precos-pncp\tasks\mapeamento-ocds\output\2025\1\ZIP\JSON\sc-1-2025-json.zip -> s3://medicamentos-transparentes-dados-abertos/sc-1-2025-json.zip
2026-06-08 19:02:14,140 WARNING OVERWRITE OK: C:\Users\rdurl\OneDrive\Documentos\cesta-de-precos-pncp\tasks\mapeamento-ocds\output\2025\1\ZIP\JSON\se-1-2025-json.zip -> s3://medicamentos-transparentes-dados-abertos/se-1-2025-json.zip
2026-06-08 19:02:14,308 WARNING OVERWRITE OK: C:\Users\rdurl\OneDrive\Documentos\cesta-de-precos-pncp\tasks\mapeamento-ocds\output\2025\1\ZIP\JSON\sp-1-2025-json.zip -> s3://medicamentos-transparentes-dados-abertos/sp-1-2025-json.zip
2026-06-08 19:02:14,389 WARNING OVERWRITE OK: C:\Users\rdurl\OneDrive\Documentos\cesta-de-precos-pncp\tasks\mapeamento-ocds\output\2025\1\ZIP\JSON\to-1-2025-json.zip -> s3://medicamentos-transparentes-dados-abertos/to-1-2025-json.zip
2026-06-08 19:02:14,389 INFO Resumo: encontrados=54 enviados=0 sobrescritos=54 pulados=0 invalidos=0 falhas=0
==== Fim: Upload dos ZIPs OCDS para S3 2026-06-08T19:02:12-03:00 ====

