==== Inicio: Upload dos ZIPs OCDS para S3 2026-06-08T19:25:16-03:00 ====
2026-06-08 19:25:20,313 INFO Raiz de output: C:\Users\rdurl\OneDrive\Documentos\cesta-de-precos-pncp\tasks\mapeamento-ocds\output
2026-06-08 19:25:20,313 INFO Bucket S3: medicamentos-transparentes-dados-abertos
2026-06-08 19:25:20,313 INFO Overwrite remoto: ativado
2026-06-08 19:25:20,362 INFO Found credentials in environment variables.
2026-06-08 19:25:20,907 WARNING OVERWRITE OK: C:\Users\rdurl\OneDrive\Documentos\cesta-de-precos-pncp\tasks\mapeamento-ocds\output\2025\10\ZIP\CSV\ac-10-2025-csv.zip -> s3://medicamentos-transparentes-dados-abertos/ac-10-2025-csv.zip
2026-06-08 19:25:20,999 WARNING OVERWRITE OK: C:\Users\rdurl\OneDrive\Documentos\cesta-de-precos-pncp\tasks\mapeamento-ocds\output\2025\10\ZIP\CSV\al-10-2025-csv.zip -> s3://medicamentos-transparentes-dados-abertos/al-10-2025-csv.zip
2026-06-08 19:25:21,093 WARNING OVERWRITE OK: C:\Users\rdurl\OneDrive\Documentos\cesta-de-precos-pncp\tasks\mapeamento-ocds\output\2025\10\ZIP\CSV\am-10-2025-csv.zip -> s3://medicamentos-transparentes-dados-abertos/am-10-2025-csv.zip
2026-06-08 19:25:21,168 WARNING OVERWRITE OK: C:\Users\rdurl\OneDrive\Documentos\cesta-de-precos-pncp\tasks\mapeamento-ocds\output\2025\10\ZIP\CSV\ap-10-2025-csv.zip -> s3://medicamentos-transparentes-dados-abertos/ap-10-2025-csv.zip
2026-06-08 19:25:21,271 WARNING OVERWRITE OK: C:\Users\rdurl\OneDrive\Documentos\cesta-de-precos-pncp\tasks\mapeamento-ocds\output\2025\10\ZIP\CSV\ba-10-2025-csv.zip -> s3://medicamentos-transparentes-dados-abertos/ba-10-2025-csv.zip
2026-06-08 19:25:21,370 WARNING OVERWRITE OK: C:\Users\rdurl\OneDrive\Documentos\cesta-de-precos-pncp\tasks\mapeamento-ocds\output\2025\10\ZIP\CSV\ce-10-2025-csv.zip -> s3://medicamentos-transparentes-dados-abertos/ce-10-2025-csv.zip
2026-06-08 19:25:21,461 WARNING OVERWRITE OK: C:\Users\rdurl\OneDrive\Documentos\cesta-de-precos-pncp\tasks\mapeamento-ocds\output\2025\10\ZIP\CSV\df-10-2025-csv.zip -> s3://medicamentos-transparentes-dados-abertos/df-10-2025-csv.zip
2026-06-08 19:25:21,561 WARNING OVERWRITE OK: C:\Users\rdurl\OneDrive\Documentos\cesta-de-precos-pncp\tasks\mapeamento-ocds\output\2025\10\ZIP\CSV\es-10-2025-csv.zip -> s3://medicamentos-transparentes-dados-abertos/es-10-2025-csv.zip
2026-06-08 19:25:21,661 WARNING OVERWRITE OK: C:\Users\rdurl\OneDrive\Documentos\cesta-de-precos-pncp\tasks\mapeamento-ocds\output\2025\10\ZIP\CSV\go-10-2025-csv.zip -> s3://medicamentos-transparentes-dados-abertos/go-10-2025-csv.zip
2026-06-08 19:25:21,752 WARNING OVERWRITE OK: C:\Users\rdurl\OneDrive\Documentos\cesta-de-precos-pncp\tasks\mapeamento-ocds\output\2025\10\ZIP\CSV\ma-10-2025-csv.zip -> s3://medicamentos-transparentes-dados-abertos/ma-10-2025-csv.zip
2026-06-08 19:25:21,878 WARNING OVERWRITE OK: C:\Users\rdurl\OneDrive\Documentos\cesta-de-precos-pncp\tasks\mapeamento-ocds\output\2025\10\ZIP\CSV\mg-10-2025-csv.zip -> s3://medicamentos-transparentes-dados-abertos/mg-10-2025-csv.zip
2026-06-08 19:25:22,019 WARNING OVERWRITE OK: C:\Users\rdurl\OneDrive\Documentos\cesta-de-precos-pncp\tasks\mapeamento-ocds\output\2025\10\ZIP\CSV\ms-10-2025-csv.zip -> s3://medicamentos-transparentes-dados-abertos/ms-10-2025-csv.zip
2026-06-08 19:25:22,102 WARNING OVERWRITE OK: C:\Users\rdurl\OneDrive\Documentos\cesta-de-precos-pncp\tasks\mapeamento-ocds\output\2025\10\ZIP\CSV\mt-10-2025-csv.zip -> s3://medicamentos-transparentes-dados-abertos/mt-10-2025-csv.zip
2026-06-08 19:25:22,236 WARNING OVERWRITE OK: C:\Users\rdurl\OneDrive\Documentos\cesta-de-precos-pncp\tasks\mapeamento-ocds\output\2025\10\ZIP\CSV\pa-10-2025-csv.zip -> s3://medicamentos-transparentes-dados-abertos/pa-10-2025-csv.zip
2026-06-08 19:25:22,326 WARNING OVERWRITE OK: C:\Users\rdurl\OneDrive\Documentos\cesta-de-precos-pncp\tasks\mapeamento-ocds\output\2025\10\ZIP\CSV\pb-10-2025-csv.zip -> s3://medicamentos-transparentes-dados-abertos/pb-10-2025-csv.zip
2026-06-08 19:25:22,423 WARNING OVERWRITE OK: C:\Users\rdurl\OneDrive\Documentos\cesta-de-precos-pncp\tasks\mapeamento-ocds\output\2025\10\ZIP\CSV\pe-10-2025-csv.zip -> s3://medicamentos-transparentes-dados-abertos/pe-10-2025-csv.zip
2026-06-08 19:25:22,512 WARNING OVERWRITE OK: C:\Users\rdurl\OneDrive\Documentos\cesta-de-precos-pncp\tasks\mapeamento-ocds\output\2025\10\ZIP\CSV\pi-10-2025-csv.zip -> s3://medicamentos-transparentes-dados-abertos/pi-10-2025-csv.zip
2026-06-08 19:25:22,679 WARNING OVERWRITE OK: C:\Users\rdurl\OneDrive\Documentos\cesta-de-precos-pncp\tasks\mapeamento-ocds\output\2025\10\ZIP\CSV\pr-10-2025-csv.zip -> s3://medicamentos-transparentes-dados-abertos/pr-10-2025-csv.zip
2026-06-08 19:25:22,784 WARNING OVERWRITE OK: C:\Users\rdurl\OneDrive\Documentos\cesta-de-precos-pncp\tasks\mapeamento-ocds\output\2025\10\ZIP\CSV\rj-10-2025-csv.zip -> s3://medicamentos-transparentes-dados-abertos/rj-10-2025-csv.zip
2026-06-08 19:25:22,869 WARNING OVERWRITE OK: C:\Users\rdurl\OneDrive\Documentos\cesta-de-precos-pncp\tasks\mapeamento-ocds\output\2025\10\ZIP\CSV\rn-10-2025-csv.zip -> s3://medicamentos-transparentes-dados-abertos/rn-10-2025-csv.zip
2026-06-08 19:25:22,943 WARNING OVERWRITE OK: C:\Users\rdurl\OneDrive\Documentos\cesta-de-precos-pncp\tasks\mapeamento-ocds\output\2025\10\ZIP\CSV\ro-10-2025-csv.zip -> s3://medicamentos-transparentes-dados-abertos/ro-10-2025-csv.zip
2026-06-08 19:25:23,023 WARNING OVERWRITE OK: C:\Users\rdurl\OneDrive\Documentos\cesta-de-precos-pncp\tasks\mapeamento-ocds\output\2025\10\ZIP\CSV\rr-10-2025-csv.zip -> s3://medicamentos-transparentes-dados-abertos/rr-10-2025-csv.zip
2026-06-08 19:25:23,140 WARNING OVERWRITE OK: C:\Users\rdurl\OneDrive\Documentos\cesta-de-precos-pncp\tasks\mapeamento-ocds\output\2025\10\ZIP\CSV\rs-10-2025-csv.zip -> s3://medicamentos-transparentes-dados-abertos/rs-10-2025-csv.zip
2026-06-08 19:25:23,234 WARNING OVERWRITE OK: C:\Users\rdurl\OneDrive\Documentos\cesta-de-precos-pncp\tasks\mapeamento-ocds\output\2025\10\ZIP\CSV\sc-10-2025-csv.zip -> s3://medicamentos-transparentes-dados-abertos/sc-10-2025-csv.zip
2026-06-08 19:25:23,332 WARNING OVERWRITE OK: C:\Users\rdurl\OneDrive\Documentos\cesta-de-precos-pncp\tasks\mapeamento-ocds\output\2025\10\ZIP\CSV\se-10-2025-csv.zip -> s3://medicamentos-transparentes-dados-abertos/se-10-2025-csv.zip
2026-06-08 19:25:23,499 WARNING OVERWRITE OK: C:\Users\rdurl\OneDrive\Documentos\cesta-de-precos-pncp\tasks\mapeamento-ocds\output\2025\10\ZIP\CSV\sp-10-2025-csv.zip -> s3://medicamentos-transparentes-dados-abertos/sp-10-2025-csv.zip
2026-06-08 19:25:23,583 WARNING OVERWRITE OK: C:\Users\rdurl\OneDrive\Documentos\cesta-de-precos-pncp\tasks\mapeamento-ocds\output\2025\10\ZIP\CSV\to-10-2025-csv.zip -> s3://medicamentos-transparentes-dados-abertos/to-10-2025-csv.zip
2026-06-08 19:25:23,661 WARNING OVERWRITE OK: C:\Users\rdurl\OneDrive\Documentos\cesta-de-precos-pncp\tasks\mapeamento-ocds\output\2025\10\ZIP\JSON\ac-10-2025-json.zip -> s3://medicamentos-transparentes-dados-abertos/ac-10-2025-json.zip
2026-06-08 19:25:23,767 WARNING OVERWRITE OK: C:\Users\rdurl\OneDrive\Documentos\cesta-de-precos-pncp\tasks\mapeamento-ocds\output\2025\10\ZIP\JSON\al-10-2025-json.zip -> s3://medicamentos-transparentes-dados-abertos/al-10-2025-json.zip
2026-06-08 19:25:23,856 WARNING OVERWRITE OK: C:\Users\rdurl\OneDrive\Documentos\cesta-de-precos-pncp\tasks\mapeamento-ocds\output\2025\10\ZIP\JSON\am-10-2025-json.zip -> s3://medicamentos-transparentes-dados-abertos/am-10-2025-json.zip
2026-06-08 19:25:23,936 WARNING OVERWRITE OK: C:\Users\rdurl\OneDrive\Documentos\cesta-de-precos-pncp\tasks\mapeamento-ocds\output\2025\10\ZIP\JSON\ap-10-2025-json.zip -> s3://medicamentos-transparentes-dados-abertos/ap-10-2025-json.zip
2026-06-08 19:25:24,046 WARNING OVERWRITE OK: C:\Users\rdurl\OneDrive\Documentos\cesta-de-precos-pncp\tasks\mapeamento-ocds\output\2025\10\ZIP\JSON\ba-10-2025-json.zip -> s3://medicamentos-transparentes-dados-abertos/ba-10-2025-json.zip
2026-06-08 19:25:24,145 WARNING OVERWRITE OK: C:\Users\rdurl\OneDrive\Documentos\cesta-de-precos-pncp\tasks\mapeamento-ocds\output\2025\10\ZIP\JSON\ce-10-2025-json.zip -> s3://medicamentos-transparentes-dados-abertos/ce-10-2025-json.zip
2026-06-08 19:25:24,259 WARNING OVERWRITE OK: C:\Users\rdurl\OneDrive\Documentos\cesta-de-precos-pncp\tasks\mapeamento-ocds\output\2025\10\ZIP\JSON\df-10-2025-json.zip -> s3://medicamentos-transparentes-dados-abertos/df-10-2025-json.zip
2026-06-08 19:25:24,368 WARNING OVERWRITE OK: C:\Users\rdurl\OneDrive\Documentos\cesta-de-precos-pncp\tasks\mapeamento-ocds\output\2025\10\ZIP\JSON\es-10-2025-json.zip -> s3://medicamentos-transparentes-dados-abertos/es-10-2025-json.zip
2026-06-08 19:25:24,510 WARNING OVERWRITE OK: C:\Users\rdurl\OneDrive\Documentos\cesta-de-precos-pncp\tasks\mapeamento-ocds\output\2025\10\ZIP\JSON\go-10-2025-json.zip -> s3://medicamentos-transparentes-dados-abertos/go-10-2025-json.zip
2026-06-08 19:25:24,599 WARNING OVERWRITE OK: C:\Users\rdurl\OneDrive\Documentos\cesta-de-precos-pncp\tasks\mapeamento-ocds\output\2025\10\ZIP\JSON\ma-10-2025-json.zip -> s3://medicamentos-transparentes-dados-abertos/ma-10-2025-json.zip
2026-06-08 19:25:24,754 WARNING OVERWRITE OK: C:\Users\rdurl\OneDrive\Documentos\cesta-de-precos-pncp\tasks\mapeamento-ocds\output\2025\10\ZIP\JSON\mg-10-2025-json.zip -> s3://medicamentos-transparentes-dados-abertos/mg-10-2025-json.zip
2026-06-08 19:25:24,843 WARNING OVERWRITE OK: C:\Users\rdurl\OneDrive\Documentos\cesta-de-precos-pncp\tasks\mapeamento-ocds\output\2025\10\ZIP\JSON\ms-10-2025-json.zip -> s3://medicamentos-transparentes-dados-abertos/ms-10-2025-json.zip
2026-06-08 19:25:24,951 WARNING OVERWRITE OK: C:\Users\rdurl\OneDrive\Documentos\cesta-de-precos-pncp\tasks\mapeamento-ocds\output\2025\10\ZIP\JSON\mt-10-2025-json.zip -> s3://medicamentos-transparentes-dados-abertos/mt-10-2025-json.zip
2026-06-08 19:25:25,056 WARNING OVERWRITE OK: C:\Users\rdurl\OneDrive\Documentos\cesta-de-precos-pncp\tasks\mapeamento-ocds\output\2025\10\ZIP\JSON\pa-10-2025-json.zip -> s3://medicamentos-transparentes-dados-abertos/pa-10-2025-json.zip
2026-06-08 19:25:25,144 WARNING OVERWRITE OK: C:\Users\rdurl\OneDrive\Documentos\cesta-de-precos-pncp\tasks\mapeamento-ocds\output\2025\10\ZIP\JSON\pb-10-2025-json.zip -> s3://medicamentos-transparentes-dados-abertos/pb-10-2025-json.zip
2026-06-08 19:25:25,250 WARNING OVERWRITE OK: C:\Users\rdurl\OneDrive\Documentos\cesta-de-precos-pncp\tasks\mapeamento-ocds\output\2025\10\ZIP\JSON\pe-10-2025-json.zip -> s3://medicamentos-transparentes-dados-abertos/pe-10-2025-json.zip
2026-06-08 19:25:25,338 WARNING OVERWRITE OK: C:\Users\rdurl\OneDrive\Documentos\cesta-de-precos-pncp\tasks\mapeamento-ocds\output\2025\10\ZIP\JSON\pi-10-2025-json.zip -> s3://medicamentos-transparentes-dados-abertos/pi-10-2025-json.zip
2026-06-08 19:25:25,451 WARNING OVERWRITE OK: C:\Users\rdurl\OneDrive\Documentos\cesta-de-precos-pncp\tasks\mapeamento-ocds\output\2025\10\ZIP\JSON\pr-10-2025-json.zip -> s3://medicamentos-transparentes-dados-abertos/pr-10-2025-json.zip
2026-06-08 19:25:25,557 WARNING OVERWRITE OK: C:\Users\rdurl\OneDrive\Documentos\cesta-de-precos-pncp\tasks\mapeamento-ocds\output\2025\10\ZIP\JSON\rj-10-2025-json.zip -> s3://medicamentos-transparentes-dados-abertos/rj-10-2025-json.zip
2026-06-08 19:25:25,662 WARNING OVERWRITE OK: C:\Users\rdurl\OneDrive\Documentos\cesta-de-precos-pncp\tasks\mapeamento-ocds\output\2025\10\ZIP\JSON\rn-10-2025-json.zip -> s3://medicamentos-transparentes-dados-abertos/rn-10-2025-json.zip
2026-06-08 19:25:25,751 WARNING OVERWRITE OK: C:\Users\rdurl\OneDrive\Documentos\cesta-de-precos-pncp\tasks\mapeamento-ocds\output\2025\10\ZIP\JSON\ro-10-2025-json.zip -> s3://medicamentos-transparentes-dados-abertos/ro-10-2025-json.zip
2026-06-08 19:25:25,843 WARNING OVERWRITE OK: C:\Users\rdurl\OneDrive\Documentos\cesta-de-precos-pncp\tasks\mapeamento-ocds\output\2025\10\ZIP\JSON\rr-10-2025-json.zip -> s3://medicamentos-transparentes-dados-abertos/rr-10-2025-json.zip
2026-06-08 19:25:25,990 WARNING OVERWRITE OK: C:\Users\rdurl\OneDrive\Documentos\cesta-de-precos-pncp\tasks\mapeamento-ocds\output\2025\10\ZIP\JSON\rs-10-2025-json.zip -> s3://medicamentos-transparentes-dados-abertos/rs-10-2025-json.zip
2026-06-08 19:25:26,378 WARNING OVERWRITE OK: C:\Users\rdurl\OneDrive\Documentos\cesta-de-precos-pncp\tasks\mapeamento-ocds\output\2025\10\ZIP\JSON\sc-10-2025-json.zip -> s3://medicamentos-transparentes-dados-abertos/sc-10-2025-json.zip
2026-06-08 19:25:26,483 WARNING OVERWRITE OK: C:\Users\rdurl\OneDrive\Documentos\cesta-de-precos-pncp\tasks\mapeamento-ocds\output\2025\10\ZIP\JSON\se-10-2025-json.zip -> s3://medicamentos-transparentes-dados-abertos/se-10-2025-json.zip
2026-06-08 19:25:26,797 WARNING OVERWRITE OK: C:\Users\rdurl\OneDrive\Documentos\cesta-de-precos-pncp\tasks\mapeamento-ocds\output\2025\10\ZIP\JSON\sp-10-2025-json.zip -> s3://medicamentos-transparentes-dados-abertos/sp-10-2025-json.zip
2026-06-08 19:25:27,443 WARNING OVERWRITE OK: C:\Users\rdurl\OneDrive\Documentos\cesta-de-precos-pncp\tasks\mapeamento-ocds\output\2025\10\ZIP\JSON\to-10-2025-json.zip -> s3://medicamentos-transparentes-dados-abertos/to-10-2025-json.zip
2026-06-08 19:25:27,443 INFO Resumo: encontrados=54 enviados=0 sobrescritos=54 pulados=0 invalidos=0 falhas=0
==== Fim: Upload dos ZIPs OCDS para S3 2026-06-08T19:25:24-03:00 ====

