==== Inicio: Upload dos ZIPs OCDS para S3 2026-06-01T21:50:18-03:00 ====
2026-06-01 21:50:22,145 INFO Raiz de output: C:\Users\rdurl\OneDrive\Documentos\cesta-de-precos-pncp\tasks\mapeamento-ocds\output
2026-06-01 21:50:22,145 INFO Bucket S3: medicamentos-transparentes-dados-abertos
2026-06-01 21:50:22,243 INFO Found credentials in environment variables.
2026-06-01 21:50:22,980 INFO UPLOAD OK: C:\Users\rdurl\OneDrive\Documentos\cesta-de-precos-pncp\tasks\mapeamento-ocds\output\2026\4\ZIP\CSV\ac-4-2026-csv.zip -> s3://medicamentos-transparentes-dados-abertos/ac-4-2026-csv.zip
2026-06-01 21:50:23,057 INFO UPLOAD OK: C:\Users\rdurl\OneDrive\Documentos\cesta-de-precos-pncp\tasks\mapeamento-ocds\output\2026\4\ZIP\CSV\al-4-2026-csv.zip -> s3://medicamentos-transparentes-dados-abertos/al-4-2026-csv.zip
2026-06-01 21:50:23,124 INFO UPLOAD OK: C:\Users\rdurl\OneDrive\Documentos\cesta-de-precos-pncp\tasks\mapeamento-ocds\output\2026\4\ZIP\CSV\am-4-2026-csv.zip -> s3://medicamentos-transparentes-dados-abertos/am-4-2026-csv.zip
2026-06-01 21:50:23,198 INFO UPLOAD OK: C:\Users\rdurl\OneDrive\Documentos\cesta-de-precos-pncp\tasks\mapeamento-ocds\output\2026\4\ZIP\CSV\ap-4-2026-csv.zip -> s3://medicamentos-transparentes-dados-abertos/ap-4-2026-csv.zip
2026-06-01 21:50:23,299 INFO UPLOAD OK: C:\Users\rdurl\OneDrive\Documentos\cesta-de-precos-pncp\tasks\mapeamento-ocds\output\2026\4\ZIP\CSV\ba-4-2026-csv.zip -> s3://medicamentos-transparentes-dados-abertos/ba-4-2026-csv.zip
2026-06-01 21:50:23,383 INFO UPLOAD OK: C:\Users\rdurl\OneDrive\Documentos\cesta-de-precos-pncp\tasks\mapeamento-ocds\output\2026\4\ZIP\CSV\ce-4-2026-csv.zip -> s3://medicamentos-transparentes-dados-abertos/ce-4-2026-csv.zip
2026-06-01 21:50:23,453 INFO UPLOAD OK: C:\Users\rdurl\OneDrive\Documentos\cesta-de-precos-pncp\tasks\mapeamento-ocds\output\2026\4\ZIP\CSV\df-4-2026-csv.zip -> s3://medicamentos-transparentes-dados-abertos/df-4-2026-csv.zip
2026-06-01 21:50:23,539 INFO UPLOAD OK: C:\Users\rdurl\OneDrive\Documentos\cesta-de-precos-pncp\tasks\mapeamento-ocds\output\2026\4\ZIP\CSV\es-4-2026-csv.zip -> s3://medicamentos-transparentes-dados-abertos/es-4-2026-csv.zip
2026-06-01 21:50:23,624 INFO UPLOAD OK: C:\Users\rdurl\OneDrive\Documentos\cesta-de-precos-pncp\tasks\mapeamento-ocds\output\2026\4\ZIP\CSV\go-4-2026-csv.zip -> s3://medicamentos-transparentes-dados-abertos/go-4-2026-csv.zip
2026-06-01 21:50:23,699 INFO UPLOAD OK: C:\Users\rdurl\OneDrive\Documentos\cesta-de-precos-pncp\tasks\mapeamento-ocds\output\2026\4\ZIP\CSV\ma-4-2026-csv.zip -> s3://medicamentos-transparentes-dados-abertos/ma-4-2026-csv.zip
2026-06-01 21:50:23,800 INFO UPLOAD OK: C:\Users\rdurl\OneDrive\Documentos\cesta-de-precos-pncp\tasks\mapeamento-ocds\output\2026\4\ZIP\CSV\mg-4-2026-csv.zip -> s3://medicamentos-transparentes-dados-abertos/mg-4-2026-csv.zip
2026-06-01 21:50:23,876 INFO UPLOAD OK: C:\Users\rdurl\OneDrive\Documentos\cesta-de-precos-pncp\tasks\mapeamento-ocds\output\2026\4\ZIP\CSV\ms-4-2026-csv.zip -> s3://medicamentos-transparentes-dados-abertos/ms-4-2026-csv.zip
2026-06-01 21:50:23,954 INFO UPLOAD OK: C:\Users\rdurl\OneDrive\Documentos\cesta-de-precos-pncp\tasks\mapeamento-ocds\output\2026\4\ZIP\CSV\mt-4-2026-csv.zip -> s3://medicamentos-transparentes-dados-abertos/mt-4-2026-csv.zip
2026-06-01 21:50:24,076 INFO UPLOAD OK: C:\Users\rdurl\OneDrive\Documentos\cesta-de-precos-pncp\tasks\mapeamento-ocds\output\2026\4\ZIP\CSV\pa-4-2026-csv.zip -> s3://medicamentos-transparentes-dados-abertos/pa-4-2026-csv.zip
2026-06-01 21:50:24,177 INFO UPLOAD OK: C:\Users\rdurl\OneDrive\Documentos\cesta-de-precos-pncp\tasks\mapeamento-ocds\output\2026\4\ZIP\CSV\pb-4-2026-csv.zip -> s3://medicamentos-transparentes-dados-abertos/pb-4-2026-csv.zip
2026-06-01 21:50:24,272 INFO UPLOAD OK: C:\Users\rdurl\OneDrive\Documentos\cesta-de-precos-pncp\tasks\mapeamento-ocds\output\2026\4\ZIP\CSV\pe-4-2026-csv.zip -> s3://medicamentos-transparentes-dados-abertos/pe-4-2026-csv.zip
2026-06-01 21:50:24,371 INFO UPLOAD OK: C:\Users\rdurl\OneDrive\Documentos\cesta-de-precos-pncp\tasks\mapeamento-ocds\output\2026\4\ZIP\CSV\pi-4-2026-csv.zip -> s3://medicamentos-transparentes-dados-abertos/pi-4-2026-csv.zip
2026-06-01 21:50:24,468 INFO UPLOAD OK: C:\Users\rdurl\OneDrive\Documentos\cesta-de-precos-pncp\tasks\mapeamento-ocds\output\2026\4\ZIP\CSV\pr-4-2026-csv.zip -> s3://medicamentos-transparentes-dados-abertos/pr-4-2026-csv.zip
2026-06-01 21:50:24,573 INFO UPLOAD OK: C:\Users\rdurl\OneDrive\Documentos\cesta-de-precos-pncp\tasks\mapeamento-ocds\output\2026\4\ZIP\CSV\rj-4-2026-csv.zip -> s3://medicamentos-transparentes-dados-abertos/rj-4-2026-csv.zip
2026-06-01 21:50:24,651 INFO UPLOAD OK: C:\Users\rdurl\OneDrive\Documentos\cesta-de-precos-pncp\tasks\mapeamento-ocds\output\2026\4\ZIP\CSV\rn-4-2026-csv.zip -> s3://medicamentos-transparentes-dados-abertos/rn-4-2026-csv.zip
2026-06-01 21:50:24,728 INFO UPLOAD OK: C:\Users\rdurl\OneDrive\Documentos\cesta-de-precos-pncp\tasks\mapeamento-ocds\output\2026\4\ZIP\CSV\ro-4-2026-csv.zip -> s3://medicamentos-transparentes-dados-abertos/ro-4-2026-csv.zip
2026-06-01 21:50:24,798 INFO UPLOAD OK: C:\Users\rdurl\OneDrive\Documentos\cesta-de-precos-pncp\tasks\mapeamento-ocds\output\2026\4\ZIP\CSV\rr-4-2026-csv.zip -> s3://medicamentos-transparentes-dados-abertos/rr-4-2026-csv.zip
2026-06-01 21:50:24,895 INFO UPLOAD OK: C:\Users\rdurl\OneDrive\Documentos\cesta-de-precos-pncp\tasks\mapeamento-ocds\output\2026\4\ZIP\CSV\rs-4-2026-csv.zip -> s3://medicamentos-transparentes-dados-abertos/rs-4-2026-csv.zip
2026-06-01 21:50:24,978 INFO UPLOAD OK: C:\Users\rdurl\OneDrive\Documentos\cesta-de-precos-pncp\tasks\mapeamento-ocds\output\2026\4\ZIP\CSV\sc-4-2026-csv.zip -> s3://medicamentos-transparentes-dados-abertos/sc-4-2026-csv.zip
2026-06-01 21:50:25,059 INFO UPLOAD OK: C:\Users\rdurl\OneDrive\Documentos\cesta-de-precos-pncp\tasks\mapeamento-ocds\output\2026\4\ZIP\CSV\se-4-2026-csv.zip -> s3://medicamentos-transparentes-dados-abertos/se-4-2026-csv.zip
2026-06-01 21:50:25,190 INFO UPLOAD OK: C:\Users\rdurl\OneDrive\Documentos\cesta-de-precos-pncp\tasks\mapeamento-ocds\output\2026\4\ZIP\CSV\sp-4-2026-csv.zip -> s3://medicamentos-transparentes-dados-abertos/sp-4-2026-csv.zip
2026-06-01 21:50:25,270 INFO UPLOAD OK: C:\Users\rdurl\OneDrive\Documentos\cesta-de-precos-pncp\tasks\mapeamento-ocds\output\2026\4\ZIP\CSV\to-4-2026-csv.zip -> s3://medicamentos-transparentes-dados-abertos/to-4-2026-csv.zip
2026-06-01 21:50:25,342 INFO UPLOAD OK: C:\Users\rdurl\OneDrive\Documentos\cesta-de-precos-pncp\tasks\mapeamento-ocds\output\2026\4\ZIP\JSON\ac-4-2026-json.zip -> s3://medicamentos-transparentes-dados-abertos/ac-4-2026-json.zip
2026-06-01 21:50:25,428 INFO UPLOAD OK: C:\Users\rdurl\OneDrive\Documentos\cesta-de-precos-pncp\tasks\mapeamento-ocds\output\2026\4\ZIP\JSON\al-4-2026-json.zip -> s3://medicamentos-transparentes-dados-abertos/al-4-2026-json.zip
2026-06-01 21:50:25,510 INFO UPLOAD OK: C:\Users\rdurl\OneDrive\Documentos\cesta-de-precos-pncp\tasks\mapeamento-ocds\output\2026\4\ZIP\JSON\am-4-2026-json.zip -> s3://medicamentos-transparentes-dados-abertos/am-4-2026-json.zip
2026-06-01 21:50:25,582 INFO UPLOAD OK: C:\Users\rdurl\OneDrive\Documentos\cesta-de-precos-pncp\tasks\mapeamento-ocds\output\2026\4\ZIP\JSON\ap-4-2026-json.zip -> s3://medicamentos-transparentes-dados-abertos/ap-4-2026-json.zip
2026-06-01 21:50:25,678 INFO UPLOAD OK: C:\Users\rdurl\OneDrive\Documentos\cesta-de-precos-pncp\tasks\mapeamento-ocds\output\2026\4\ZIP\JSON\ba-4-2026-json.zip -> s3://medicamentos-transparentes-dados-abertos/ba-4-2026-json.zip
2026-06-01 21:50:25,755 INFO UPLOAD OK: C:\Users\rdurl\OneDrive\Documentos\cesta-de-precos-pncp\tasks\mapeamento-ocds\output\2026\4\ZIP\JSON\ce-4-2026-json.zip -> s3://medicamentos-transparentes-dados-abertos/ce-4-2026-json.zip
2026-06-01 21:50:25,835 INFO UPLOAD OK: C:\Users\rdurl\OneDrive\Documentos\cesta-de-precos-pncp\tasks\mapeamento-ocds\output\2026\4\ZIP\JSON\df-4-2026-json.zip -> s3://medicamentos-transparentes-dados-abertos/df-4-2026-json.zip
2026-06-01 21:50:25,920 INFO UPLOAD OK: C:\Users\rdurl\OneDrive\Documentos\cesta-de-precos-pncp\tasks\mapeamento-ocds\output\2026\4\ZIP\JSON\es-4-2026-json.zip -> s3://medicamentos-transparentes-dados-abertos/es-4-2026-json.zip
2026-06-01 21:50:26,005 INFO UPLOAD OK: C:\Users\rdurl\OneDrive\Documentos\cesta-de-precos-pncp\tasks\mapeamento-ocds\output\2026\4\ZIP\JSON\go-4-2026-json.zip -> s3://medicamentos-transparentes-dados-abertos/go-4-2026-json.zip
2026-06-01 21:50:26,083 INFO UPLOAD OK: C:\Users\rdurl\OneDrive\Documentos\cesta-de-precos-pncp\tasks\mapeamento-ocds\output\2026\4\ZIP\JSON\ma-4-2026-json.zip -> s3://medicamentos-transparentes-dados-abertos/ma-4-2026-json.zip
2026-06-01 21:50:26,193 INFO UPLOAD OK: C:\Users\rdurl\OneDrive\Documentos\cesta-de-precos-pncp\tasks\mapeamento-ocds\output\2026\4\ZIP\JSON\mg-4-2026-json.zip -> s3://medicamentos-transparentes-dados-abertos/mg-4-2026-json.zip
2026-06-01 21:50:26,270 INFO UPLOAD OK: C:\Users\rdurl\OneDrive\Documentos\cesta-de-precos-pncp\tasks\mapeamento-ocds\output\2026\4\ZIP\JSON\ms-4-2026-json.zip -> s3://medicamentos-transparentes-dados-abertos/ms-4-2026-json.zip
2026-06-01 21:50:26,359 INFO UPLOAD OK: C:\Users\rdurl\OneDrive\Documentos\cesta-de-precos-pncp\tasks\mapeamento-ocds\output\2026\4\ZIP\JSON\mt-4-2026-json.zip -> s3://medicamentos-transparentes-dados-abertos/mt-4-2026-json.zip
2026-06-01 21:50:26,440 INFO UPLOAD OK: C:\Users\rdurl\OneDrive\Documentos\cesta-de-precos-pncp\tasks\mapeamento-ocds\output\2026\4\ZIP\JSON\pa-4-2026-json.zip -> s3://medicamentos-transparentes-dados-abertos/pa-4-2026-json.zip
2026-06-01 21:50:26,531 INFO UPLOAD OK: C:\Users\rdurl\OneDrive\Documentos\cesta-de-precos-pncp\tasks\mapeamento-ocds\output\2026\4\ZIP\JSON\pb-4-2026-json.zip -> s3://medicamentos-transparentes-dados-abertos/pb-4-2026-json.zip
2026-06-01 21:50:26,613 INFO UPLOAD OK: C:\Users\rdurl\OneDrive\Documentos\cesta-de-precos-pncp\tasks\mapeamento-ocds\output\2026\4\ZIP\JSON\pe-4-2026-json.zip -> s3://medicamentos-transparentes-dados-abertos/pe-4-2026-json.zip
2026-06-01 21:50:26,684 INFO UPLOAD OK: C:\Users\rdurl\OneDrive\Documentos\cesta-de-precos-pncp\tasks\mapeamento-ocds\output\2026\4\ZIP\JSON\pi-4-2026-json.zip -> s3://medicamentos-transparentes-dados-abertos/pi-4-2026-json.zip
2026-06-01 21:50:26,784 INFO UPLOAD OK: C:\Users\rdurl\OneDrive\Documentos\cesta-de-precos-pncp\tasks\mapeamento-ocds\output\2026\4\ZIP\JSON\pr-4-2026-json.zip -> s3://medicamentos-transparentes-dados-abertos/pr-4-2026-json.zip
2026-06-01 21:50:26,878 INFO UPLOAD OK: C:\Users\rdurl\OneDrive\Documentos\cesta-de-precos-pncp\tasks\mapeamento-ocds\output\2026\4\ZIP\JSON\rj-4-2026-json.zip -> s3://medicamentos-transparentes-dados-abertos/rj-4-2026-json.zip
2026-06-01 21:50:26,956 INFO UPLOAD OK: C:\Users\rdurl\OneDrive\Documentos\cesta-de-precos-pncp\tasks\mapeamento-ocds\output\2026\4\ZIP\JSON\rn-4-2026-json.zip -> s3://medicamentos-transparentes-dados-abertos/rn-4-2026-json.zip
2026-06-01 21:50:27,025 INFO UPLOAD OK: C:\Users\rdurl\OneDrive\Documentos\cesta-de-precos-pncp\tasks\mapeamento-ocds\output\2026\4\ZIP\JSON\ro-4-2026-json.zip -> s3://medicamentos-transparentes-dados-abertos/ro-4-2026-json.zip
2026-06-01 21:50:27,095 INFO UPLOAD OK: C:\Users\rdurl\OneDrive\Documentos\cesta-de-precos-pncp\tasks\mapeamento-ocds\output\2026\4\ZIP\JSON\rr-4-2026-json.zip -> s3://medicamentos-transparentes-dados-abertos/rr-4-2026-json.zip
2026-06-01 21:50:27,203 INFO UPLOAD OK: C:\Users\rdurl\OneDrive\Documentos\cesta-de-precos-pncp\tasks\mapeamento-ocds\output\2026\4\ZIP\JSON\rs-4-2026-json.zip -> s3://medicamentos-transparentes-dados-abertos/rs-4-2026-json.zip
2026-06-01 21:50:27,574 INFO UPLOAD OK: C:\Users\rdurl\OneDrive\Documentos\cesta-de-precos-pncp\tasks\mapeamento-ocds\output\2026\4\ZIP\JSON\sc-4-2026-json.zip -> s3://medicamentos-transparentes-dados-abertos/sc-4-2026-json.zip
2026-06-01 21:50:27,653 INFO UPLOAD OK: C:\Users\rdurl\OneDrive\Documentos\cesta-de-precos-pncp\tasks\mapeamento-ocds\output\2026\4\ZIP\JSON\se-4-2026-json.zip -> s3://medicamentos-transparentes-dados-abertos/se-4-2026-json.zip
2026-06-01 21:50:27,812 INFO UPLOAD OK: C:\Users\rdurl\OneDrive\Documentos\cesta-de-precos-pncp\tasks\mapeamento-ocds\output\2026\4\ZIP\JSON\sp-4-2026-json.zip -> s3://medicamentos-transparentes-dados-abertos/sp-4-2026-json.zip
2026-06-01 21:50:27,907 INFO UPLOAD OK: C:\Users\rdurl\OneDrive\Documentos\cesta-de-precos-pncp\tasks\mapeamento-ocds\output\2026\4\ZIP\JSON\to-4-2026-json.zip -> s3://medicamentos-transparentes-dados-abertos/to-4-2026-json.zip
2026-06-01 21:50:27,907 INFO Resumo: encontrados=54 enviados=54 pulados=0 invalidos=0 falhas=0
==== Fim: Upload dos ZIPs OCDS para S3 2026-06-01T21:50:25-03:00 ====

