==== Inicio: Upload dos ZIPs OCDS para S3 2026-05-04T17:27:48-03:00 ====
2026-05-04 17:27:43,542 INFO Raiz de output: C:\Users\rdurl\OneDrive\Documentos\cesta-de-precos-pncp\tasks\mapeamento-ocds\output
2026-05-04 17:27:43,543 INFO Bucket S3: medicamentos-transparentes-dados-abertos
2026-05-04 17:27:43,706 INFO Found credentials in environment variables.
2026-05-04 17:27:44,538 INFO UPLOAD OK: C:\Users\rdurl\OneDrive\Documentos\cesta-de-precos-pncp\tasks\mapeamento-ocds\output\2026\3\ZIP\CSV\ac-3-2026-csv.zip -> s3://medicamentos-transparentes-dados-abertos/ac-3-2026-csv.zip
2026-05-04 17:27:44,628 INFO UPLOAD OK: C:\Users\rdurl\OneDrive\Documentos\cesta-de-precos-pncp\tasks\mapeamento-ocds\output\2026\3\ZIP\CSV\al-3-2026-csv.zip -> s3://medicamentos-transparentes-dados-abertos/al-3-2026-csv.zip
2026-05-04 17:27:44,712 INFO UPLOAD OK: C:\Users\rdurl\OneDrive\Documentos\cesta-de-precos-pncp\tasks\mapeamento-ocds\output\2026\3\ZIP\CSV\am-3-2026-csv.zip -> s3://medicamentos-transparentes-dados-abertos/am-3-2026-csv.zip
2026-05-04 17:27:44,792 INFO UPLOAD OK: C:\Users\rdurl\OneDrive\Documentos\cesta-de-precos-pncp\tasks\mapeamento-ocds\output\2026\3\ZIP\CSV\ap-3-2026-csv.zip -> s3://medicamentos-transparentes-dados-abertos/ap-3-2026-csv.zip
2026-05-04 17:27:44,886 INFO UPLOAD OK: C:\Users\rdurl\OneDrive\Documentos\cesta-de-precos-pncp\tasks\mapeamento-ocds\output\2026\3\ZIP\CSV\ba-3-2026-csv.zip -> s3://medicamentos-transparentes-dados-abertos/ba-3-2026-csv.zip
2026-05-04 17:27:44,978 INFO UPLOAD OK: C:\Users\rdurl\OneDrive\Documentos\cesta-de-precos-pncp\tasks\mapeamento-ocds\output\2026\3\ZIP\CSV\ce-3-2026-csv.zip -> s3://medicamentos-transparentes-dados-abertos/ce-3-2026-csv.zip
2026-05-04 17:27:45,051 INFO UPLOAD OK: C:\Users\rdurl\OneDrive\Documentos\cesta-de-precos-pncp\tasks\mapeamento-ocds\output\2026\3\ZIP\CSV\df-3-2026-csv.zip -> s3://medicamentos-transparentes-dados-abertos/df-3-2026-csv.zip
2026-05-04 17:27:45,145 INFO UPLOAD OK: C:\Users\rdurl\OneDrive\Documentos\cesta-de-precos-pncp\tasks\mapeamento-ocds\output\2026\3\ZIP\CSV\es-3-2026-csv.zip -> s3://medicamentos-transparentes-dados-abertos/es-3-2026-csv.zip
2026-05-04 17:27:45,240 INFO UPLOAD OK: C:\Users\rdurl\OneDrive\Documentos\cesta-de-precos-pncp\tasks\mapeamento-ocds\output\2026\3\ZIP\CSV\go-3-2026-csv.zip -> s3://medicamentos-transparentes-dados-abertos/go-3-2026-csv.zip
2026-05-04 17:27:45,333 INFO UPLOAD OK: C:\Users\rdurl\OneDrive\Documentos\cesta-de-precos-pncp\tasks\mapeamento-ocds\output\2026\3\ZIP\CSV\ma-3-2026-csv.zip -> s3://medicamentos-transparentes-dados-abertos/ma-3-2026-csv.zip
2026-05-04 17:27:45,451 INFO UPLOAD OK: C:\Users\rdurl\OneDrive\Documentos\cesta-de-precos-pncp\tasks\mapeamento-ocds\output\2026\3\ZIP\CSV\mg-3-2026-csv.zip -> s3://medicamentos-transparentes-dados-abertos/mg-3-2026-csv.zip
2026-05-04 17:27:45,530 INFO UPLOAD OK: C:\Users\rdurl\OneDrive\Documentos\cesta-de-precos-pncp\tasks\mapeamento-ocds\output\2026\3\ZIP\CSV\ms-3-2026-csv.zip -> s3://medicamentos-transparentes-dados-abertos/ms-3-2026-csv.zip
2026-05-04 17:27:45,597 INFO UPLOAD OK: C:\Users\rdurl\OneDrive\Documentos\cesta-de-precos-pncp\tasks\mapeamento-ocds\output\2026\3\ZIP\CSV\mt-3-2026-csv.zip -> s3://medicamentos-transparentes-dados-abertos/mt-3-2026-csv.zip
2026-05-04 17:27:45,687 INFO UPLOAD OK: C:\Users\rdurl\OneDrive\Documentos\cesta-de-precos-pncp\tasks\mapeamento-ocds\output\2026\3\ZIP\CSV\pa-3-2026-csv.zip -> s3://medicamentos-transparentes-dados-abertos/pa-3-2026-csv.zip
2026-05-04 17:27:45,764 INFO UPLOAD OK: C:\Users\rdurl\OneDrive\Documentos\cesta-de-precos-pncp\tasks\mapeamento-ocds\output\2026\3\ZIP\CSV\pb-3-2026-csv.zip -> s3://medicamentos-transparentes-dados-abertos/pb-3-2026-csv.zip
2026-05-04 17:27:45,841 INFO UPLOAD OK: C:\Users\rdurl\OneDrive\Documentos\cesta-de-precos-pncp\tasks\mapeamento-ocds\output\2026\3\ZIP\CSV\pe-3-2026-csv.zip -> s3://medicamentos-transparentes-dados-abertos/pe-3-2026-csv.zip
2026-05-04 17:27:45,914 INFO UPLOAD OK: C:\Users\rdurl\OneDrive\Documentos\cesta-de-precos-pncp\tasks\mapeamento-ocds\output\2026\3\ZIP\CSV\pi-3-2026-csv.zip -> s3://medicamentos-transparentes-dados-abertos/pi-3-2026-csv.zip
2026-05-04 17:27:46,010 INFO UPLOAD OK: C:\Users\rdurl\OneDrive\Documentos\cesta-de-precos-pncp\tasks\mapeamento-ocds\output\2026\3\ZIP\CSV\pr-3-2026-csv.zip -> s3://medicamentos-transparentes-dados-abertos/pr-3-2026-csv.zip
2026-05-04 17:27:46,097 INFO UPLOAD OK: C:\Users\rdurl\OneDrive\Documentos\cesta-de-precos-pncp\tasks\mapeamento-ocds\output\2026\3\ZIP\CSV\rj-3-2026-csv.zip -> s3://medicamentos-transparentes-dados-abertos/rj-3-2026-csv.zip
2026-05-04 17:27:46,172 INFO UPLOAD OK: C:\Users\rdurl\OneDrive\Documentos\cesta-de-precos-pncp\tasks\mapeamento-ocds\output\2026\3\ZIP\CSV\rn-3-2026-csv.zip -> s3://medicamentos-transparentes-dados-abertos/rn-3-2026-csv.zip
2026-05-04 17:27:46,254 INFO UPLOAD OK: C:\Users\rdurl\OneDrive\Documentos\cesta-de-precos-pncp\tasks\mapeamento-ocds\output\2026\3\ZIP\CSV\ro-3-2026-csv.zip -> s3://medicamentos-transparentes-dados-abertos/ro-3-2026-csv.zip
2026-05-04 17:27:46,338 INFO UPLOAD OK: C:\Users\rdurl\OneDrive\Documentos\cesta-de-precos-pncp\tasks\mapeamento-ocds\output\2026\3\ZIP\CSV\rr-3-2026-csv.zip -> s3://medicamentos-transparentes-dados-abertos/rr-3-2026-csv.zip
2026-05-04 17:27:46,445 INFO UPLOAD OK: C:\Users\rdurl\OneDrive\Documentos\cesta-de-precos-pncp\tasks\mapeamento-ocds\output\2026\3\ZIP\CSV\rs-3-2026-csv.zip -> s3://medicamentos-transparentes-dados-abertos/rs-3-2026-csv.zip
2026-05-04 17:27:46,525 INFO UPLOAD OK: C:\Users\rdurl\OneDrive\Documentos\cesta-de-precos-pncp\tasks\mapeamento-ocds\output\2026\3\ZIP\CSV\sc-3-2026-csv.zip -> s3://medicamentos-transparentes-dados-abertos/sc-3-2026-csv.zip
2026-05-04 17:27:46,597 INFO UPLOAD OK: C:\Users\rdurl\OneDrive\Documentos\cesta-de-precos-pncp\tasks\mapeamento-ocds\output\2026\3\ZIP\CSV\se-3-2026-csv.zip -> s3://medicamentos-transparentes-dados-abertos/se-3-2026-csv.zip
2026-05-04 17:27:46,743 INFO UPLOAD OK: C:\Users\rdurl\OneDrive\Documentos\cesta-de-precos-pncp\tasks\mapeamento-ocds\output\2026\3\ZIP\CSV\sp-3-2026-csv.zip -> s3://medicamentos-transparentes-dados-abertos/sp-3-2026-csv.zip
2026-05-04 17:27:46,835 INFO UPLOAD OK: C:\Users\rdurl\OneDrive\Documentos\cesta-de-precos-pncp\tasks\mapeamento-ocds\output\2026\3\ZIP\CSV\to-3-2026-csv.zip -> s3://medicamentos-transparentes-dados-abertos/to-3-2026-csv.zip
2026-05-04 17:27:46,939 INFO UPLOAD OK: C:\Users\rdurl\OneDrive\Documentos\cesta-de-precos-pncp\tasks\mapeamento-ocds\output\2026\3\ZIP\JSON\ac-3-2026-json.zip -> s3://medicamentos-transparentes-dados-abertos/ac-3-2026-json.zip
2026-05-04 17:27:47,015 INFO UPLOAD OK: C:\Users\rdurl\OneDrive\Documentos\cesta-de-precos-pncp\tasks\mapeamento-ocds\output\2026\3\ZIP\JSON\al-3-2026-json.zip -> s3://medicamentos-transparentes-dados-abertos/al-3-2026-json.zip
2026-05-04 17:27:47,103 INFO UPLOAD OK: C:\Users\rdurl\OneDrive\Documentos\cesta-de-precos-pncp\tasks\mapeamento-ocds\output\2026\3\ZIP\JSON\am-3-2026-json.zip -> s3://medicamentos-transparentes-dados-abertos/am-3-2026-json.zip
2026-05-04 17:27:47,170 INFO UPLOAD OK: C:\Users\rdurl\OneDrive\Documentos\cesta-de-precos-pncp\tasks\mapeamento-ocds\output\2026\3\ZIP\JSON\ap-3-2026-json.zip -> s3://medicamentos-transparentes-dados-abertos/ap-3-2026-json.zip
2026-05-04 17:27:47,259 INFO UPLOAD OK: C:\Users\rdurl\OneDrive\Documentos\cesta-de-precos-pncp\tasks\mapeamento-ocds\output\2026\3\ZIP\JSON\ba-3-2026-json.zip -> s3://medicamentos-transparentes-dados-abertos/ba-3-2026-json.zip
2026-05-04 17:27:47,351 INFO UPLOAD OK: C:\Users\rdurl\OneDrive\Documentos\cesta-de-precos-pncp\tasks\mapeamento-ocds\output\2026\3\ZIP\JSON\ce-3-2026-json.zip -> s3://medicamentos-transparentes-dados-abertos/ce-3-2026-json.zip
2026-05-04 17:27:47,433 INFO UPLOAD OK: C:\Users\rdurl\OneDrive\Documentos\cesta-de-precos-pncp\tasks\mapeamento-ocds\output\2026\3\ZIP\JSON\df-3-2026-json.zip -> s3://medicamentos-transparentes-dados-abertos/df-3-2026-json.zip
2026-05-04 17:27:47,516 INFO UPLOAD OK: C:\Users\rdurl\OneDrive\Documentos\cesta-de-precos-pncp\tasks\mapeamento-ocds\output\2026\3\ZIP\JSON\es-3-2026-json.zip -> s3://medicamentos-transparentes-dados-abertos/es-3-2026-json.zip
2026-05-04 17:27:47,611 INFO UPLOAD OK: C:\Users\rdurl\OneDrive\Documentos\cesta-de-precos-pncp\tasks\mapeamento-ocds\output\2026\3\ZIP\JSON\go-3-2026-json.zip -> s3://medicamentos-transparentes-dados-abertos/go-3-2026-json.zip
2026-05-04 17:27:47,688 INFO UPLOAD OK: C:\Users\rdurl\OneDrive\Documentos\cesta-de-precos-pncp\tasks\mapeamento-ocds\output\2026\3\ZIP\JSON\ma-3-2026-json.zip -> s3://medicamentos-transparentes-dados-abertos/ma-3-2026-json.zip
2026-05-04 17:27:47,800 INFO UPLOAD OK: C:\Users\rdurl\OneDrive\Documentos\cesta-de-precos-pncp\tasks\mapeamento-ocds\output\2026\3\ZIP\JSON\mg-3-2026-json.zip -> s3://medicamentos-transparentes-dados-abertos/mg-3-2026-json.zip
2026-05-04 17:27:47,878 INFO UPLOAD OK: C:\Users\rdurl\OneDrive\Documentos\cesta-de-precos-pncp\tasks\mapeamento-ocds\output\2026\3\ZIP\JSON\ms-3-2026-json.zip -> s3://medicamentos-transparentes-dados-abertos/ms-3-2026-json.zip
2026-05-04 17:27:47,960 INFO UPLOAD OK: C:\Users\rdurl\OneDrive\Documentos\cesta-de-precos-pncp\tasks\mapeamento-ocds\output\2026\3\ZIP\JSON\mt-3-2026-json.zip -> s3://medicamentos-transparentes-dados-abertos/mt-3-2026-json.zip
2026-05-04 17:27:48,046 INFO UPLOAD OK: C:\Users\rdurl\OneDrive\Documentos\cesta-de-precos-pncp\tasks\mapeamento-ocds\output\2026\3\ZIP\JSON\pa-3-2026-json.zip -> s3://medicamentos-transparentes-dados-abertos/pa-3-2026-json.zip
2026-05-04 17:27:48,132 INFO UPLOAD OK: C:\Users\rdurl\OneDrive\Documentos\cesta-de-precos-pncp\tasks\mapeamento-ocds\output\2026\3\ZIP\JSON\pb-3-2026-json.zip -> s3://medicamentos-transparentes-dados-abertos/pb-3-2026-json.zip
2026-05-04 17:27:48,231 INFO UPLOAD OK: C:\Users\rdurl\OneDrive\Documentos\cesta-de-precos-pncp\tasks\mapeamento-ocds\output\2026\3\ZIP\JSON\pe-3-2026-json.zip -> s3://medicamentos-transparentes-dados-abertos/pe-3-2026-json.zip
2026-05-04 17:27:48,301 INFO UPLOAD OK: C:\Users\rdurl\OneDrive\Documentos\cesta-de-precos-pncp\tasks\mapeamento-ocds\output\2026\3\ZIP\JSON\pi-3-2026-json.zip -> s3://medicamentos-transparentes-dados-abertos/pi-3-2026-json.zip
2026-05-04 17:27:48,404 INFO UPLOAD OK: C:\Users\rdurl\OneDrive\Documentos\cesta-de-precos-pncp\tasks\mapeamento-ocds\output\2026\3\ZIP\JSON\pr-3-2026-json.zip -> s3://medicamentos-transparentes-dados-abertos/pr-3-2026-json.zip
2026-05-04 17:27:48,508 INFO UPLOAD OK: C:\Users\rdurl\OneDrive\Documentos\cesta-de-precos-pncp\tasks\mapeamento-ocds\output\2026\3\ZIP\JSON\rj-3-2026-json.zip -> s3://medicamentos-transparentes-dados-abertos/rj-3-2026-json.zip
2026-05-04 17:27:48,594 INFO UPLOAD OK: C:\Users\rdurl\OneDrive\Documentos\cesta-de-precos-pncp\tasks\mapeamento-ocds\output\2026\3\ZIP\JSON\rn-3-2026-json.zip -> s3://medicamentos-transparentes-dados-abertos/rn-3-2026-json.zip
2026-05-04 17:27:48,669 INFO UPLOAD OK: C:\Users\rdurl\OneDrive\Documentos\cesta-de-precos-pncp\tasks\mapeamento-ocds\output\2026\3\ZIP\JSON\ro-3-2026-json.zip -> s3://medicamentos-transparentes-dados-abertos/ro-3-2026-json.zip
2026-05-04 17:27:48,745 INFO UPLOAD OK: C:\Users\rdurl\OneDrive\Documentos\cesta-de-precos-pncp\tasks\mapeamento-ocds\output\2026\3\ZIP\JSON\rr-3-2026-json.zip -> s3://medicamentos-transparentes-dados-abertos/rr-3-2026-json.zip
2026-05-04 17:27:48,847 INFO UPLOAD OK: C:\Users\rdurl\OneDrive\Documentos\cesta-de-precos-pncp\tasks\mapeamento-ocds\output\2026\3\ZIP\JSON\rs-3-2026-json.zip -> s3://medicamentos-transparentes-dados-abertos/rs-3-2026-json.zip
2026-05-04 17:27:49,357 INFO UPLOAD OK: C:\Users\rdurl\OneDrive\Documentos\cesta-de-precos-pncp\tasks\mapeamento-ocds\output\2026\3\ZIP\JSON\sc-3-2026-json.zip -> s3://medicamentos-transparentes-dados-abertos/sc-3-2026-json.zip
2026-05-04 17:27:49,443 INFO UPLOAD OK: C:\Users\rdurl\OneDrive\Documentos\cesta-de-precos-pncp\tasks\mapeamento-ocds\output\2026\3\ZIP\JSON\se-3-2026-json.zip -> s3://medicamentos-transparentes-dados-abertos/se-3-2026-json.zip
2026-05-04 17:27:49,599 INFO UPLOAD OK: C:\Users\rdurl\OneDrive\Documentos\cesta-de-precos-pncp\tasks\mapeamento-ocds\output\2026\3\ZIP\JSON\sp-3-2026-json.zip -> s3://medicamentos-transparentes-dados-abertos/sp-3-2026-json.zip
2026-05-04 17:27:49,690 INFO UPLOAD OK: C:\Users\rdurl\OneDrive\Documentos\cesta-de-precos-pncp\tasks\mapeamento-ocds\output\2026\3\ZIP\JSON\to-3-2026-json.zip -> s3://medicamentos-transparentes-dados-abertos/to-3-2026-json.zip
2026-05-04 17:27:49,690 INFO Resumo: encontrados=54 enviados=54 pulados=0 invalidos=0 falhas=0
==== Fim: Upload dos ZIPs OCDS para S3 2026-05-04T17:27:54-03:00 ====
