==== Inicio: Upload dos ZIPs OCDS para S3 2026-06-08T19:23:29-03:00 ====
2026-06-08 19:23:32,265 INFO Raiz de output: C:\Users\rdurl\OneDrive\Documentos\cesta-de-precos-pncp\tasks\mapeamento-ocds\output
2026-06-08 19:23:32,265 INFO Bucket S3: medicamentos-transparentes-dados-abertos
2026-06-08 19:23:32,265 INFO Overwrite remoto: ativado
2026-06-08 19:23:32,344 INFO Found credentials in environment variables.
2026-06-08 19:23:32,922 WARNING OVERWRITE OK: C:\Users\rdurl\OneDrive\Documentos\cesta-de-precos-pncp\tasks\mapeamento-ocds\output\2025\9\ZIP\CSV\ac-9-2025-csv.zip -> s3://medicamentos-transparentes-dados-abertos/ac-9-2025-csv.zip
2026-06-08 19:23:33,037 WARNING OVERWRITE OK: C:\Users\rdurl\OneDrive\Documentos\cesta-de-precos-pncp\tasks\mapeamento-ocds\output\2025\9\ZIP\CSV\al-9-2025-csv.zip -> s3://medicamentos-transparentes-dados-abertos/al-9-2025-csv.zip
2026-06-08 19:23:33,132 WARNING OVERWRITE OK: C:\Users\rdurl\OneDrive\Documentos\cesta-de-precos-pncp\tasks\mapeamento-ocds\output\2025\9\ZIP\CSV\am-9-2025-csv.zip -> s3://medicamentos-transparentes-dados-abertos/am-9-2025-csv.zip
2026-06-08 19:23:33,223 WARNING OVERWRITE OK: C:\Users\rdurl\OneDrive\Documentos\cesta-de-precos-pncp\tasks\mapeamento-ocds\output\2025\9\ZIP\CSV\ap-9-2025-csv.zip -> s3://medicamentos-transparentes-dados-abertos/ap-9-2025-csv.zip
2026-06-08 19:23:33,357 WARNING OVERWRITE OK: C:\Users\rdurl\OneDrive\Documentos\cesta-de-precos-pncp\tasks\mapeamento-ocds\output\2025\9\ZIP\CSV\ba-9-2025-csv.zip -> s3://medicamentos-transparentes-dados-abertos/ba-9-2025-csv.zip
2026-06-08 19:23:33,486 WARNING OVERWRITE OK: C:\Users\rdurl\OneDrive\Documentos\cesta-de-precos-pncp\tasks\mapeamento-ocds\output\2025\9\ZIP\CSV\ce-9-2025-csv.zip -> s3://medicamentos-transparentes-dados-abertos/ce-9-2025-csv.zip
2026-06-08 19:23:33,589 WARNING OVERWRITE OK: C:\Users\rdurl\OneDrive\Documentos\cesta-de-precos-pncp\tasks\mapeamento-ocds\output\2025\9\ZIP\CSV\df-9-2025-csv.zip -> s3://medicamentos-transparentes-dados-abertos/df-9-2025-csv.zip
2026-06-08 19:23:33,703 WARNING OVERWRITE OK: C:\Users\rdurl\OneDrive\Documentos\cesta-de-precos-pncp\tasks\mapeamento-ocds\output\2025\9\ZIP\CSV\es-9-2025-csv.zip -> s3://medicamentos-transparentes-dados-abertos/es-9-2025-csv.zip
2026-06-08 19:23:33,818 WARNING OVERWRITE OK: C:\Users\rdurl\OneDrive\Documentos\cesta-de-precos-pncp\tasks\mapeamento-ocds\output\2025\9\ZIP\CSV\go-9-2025-csv.zip -> s3://medicamentos-transparentes-dados-abertos/go-9-2025-csv.zip
2026-06-08 19:23:33,921 WARNING OVERWRITE OK: C:\Users\rdurl\OneDrive\Documentos\cesta-de-precos-pncp\tasks\mapeamento-ocds\output\2025\9\ZIP\CSV\ma-9-2025-csv.zip -> s3://medicamentos-transparentes-dados-abertos/ma-9-2025-csv.zip
2026-06-08 19:23:34,075 WARNING OVERWRITE OK: C:\Users\rdurl\OneDrive\Documentos\cesta-de-precos-pncp\tasks\mapeamento-ocds\output\2025\9\ZIP\CSV\mg-9-2025-csv.zip -> s3://medicamentos-transparentes-dados-abertos/mg-9-2025-csv.zip
2026-06-08 19:23:34,181 WARNING OVERWRITE OK: C:\Users\rdurl\OneDrive\Documentos\cesta-de-precos-pncp\tasks\mapeamento-ocds\output\2025\9\ZIP\CSV\ms-9-2025-csv.zip -> s3://medicamentos-transparentes-dados-abertos/ms-9-2025-csv.zip
2026-06-08 19:23:34,280 WARNING OVERWRITE OK: C:\Users\rdurl\OneDrive\Documentos\cesta-de-precos-pncp\tasks\mapeamento-ocds\output\2025\9\ZIP\CSV\mt-9-2025-csv.zip -> s3://medicamentos-transparentes-dados-abertos/mt-9-2025-csv.zip
2026-06-08 19:23:34,382 WARNING OVERWRITE OK: C:\Users\rdurl\OneDrive\Documentos\cesta-de-precos-pncp\tasks\mapeamento-ocds\output\2025\9\ZIP\CSV\pa-9-2025-csv.zip -> s3://medicamentos-transparentes-dados-abertos/pa-9-2025-csv.zip
2026-06-08 19:23:34,498 WARNING OVERWRITE OK: C:\Users\rdurl\OneDrive\Documentos\cesta-de-precos-pncp\tasks\mapeamento-ocds\output\2025\9\ZIP\CSV\pb-9-2025-csv.zip -> s3://medicamentos-transparentes-dados-abertos/pb-9-2025-csv.zip
2026-06-08 19:23:34,614 WARNING OVERWRITE OK: C:\Users\rdurl\OneDrive\Documentos\cesta-de-precos-pncp\tasks\mapeamento-ocds\output\2025\9\ZIP\CSV\pe-9-2025-csv.zip -> s3://medicamentos-transparentes-dados-abertos/pe-9-2025-csv.zip
2026-06-08 19:23:34,708 WARNING OVERWRITE OK: C:\Users\rdurl\OneDrive\Documentos\cesta-de-precos-pncp\tasks\mapeamento-ocds\output\2025\9\ZIP\CSV\pi-9-2025-csv.zip -> s3://medicamentos-transparentes-dados-abertos/pi-9-2025-csv.zip
2026-06-08 19:23:34,854 WARNING OVERWRITE OK: C:\Users\rdurl\OneDrive\Documentos\cesta-de-precos-pncp\tasks\mapeamento-ocds\output\2025\9\ZIP\CSV\pr-9-2025-csv.zip -> s3://medicamentos-transparentes-dados-abertos/pr-9-2025-csv.zip
2026-06-08 19:23:34,982 WARNING OVERWRITE OK: C:\Users\rdurl\OneDrive\Documentos\cesta-de-precos-pncp\tasks\mapeamento-ocds\output\2025\9\ZIP\CSV\rj-9-2025-csv.zip -> s3://medicamentos-transparentes-dados-abertos/rj-9-2025-csv.zip
2026-06-08 19:23:35,091 WARNING OVERWRITE OK: C:\Users\rdurl\OneDrive\Documentos\cesta-de-precos-pncp\tasks\mapeamento-ocds\output\2025\9\ZIP\CSV\rn-9-2025-csv.zip -> s3://medicamentos-transparentes-dados-abertos/rn-9-2025-csv.zip
2026-06-08 19:23:35,199 WARNING OVERWRITE OK: C:\Users\rdurl\OneDrive\Documentos\cesta-de-precos-pncp\tasks\mapeamento-ocds\output\2025\9\ZIP\CSV\ro-9-2025-csv.zip -> s3://medicamentos-transparentes-dados-abertos/ro-9-2025-csv.zip
2026-06-08 19:23:35,291 WARNING OVERWRITE OK: C:\Users\rdurl\OneDrive\Documentos\cesta-de-precos-pncp\tasks\mapeamento-ocds\output\2025\9\ZIP\CSV\rr-9-2025-csv.zip -> s3://medicamentos-transparentes-dados-abertos/rr-9-2025-csv.zip
2026-06-08 19:23:35,421 WARNING OVERWRITE OK: C:\Users\rdurl\OneDrive\Documentos\cesta-de-precos-pncp\tasks\mapeamento-ocds\output\2025\9\ZIP\CSV\rs-9-2025-csv.zip -> s3://medicamentos-transparentes-dados-abertos/rs-9-2025-csv.zip
2026-06-08 19:23:35,528 WARNING OVERWRITE OK: C:\Users\rdurl\OneDrive\Documentos\cesta-de-precos-pncp\tasks\mapeamento-ocds\output\2025\9\ZIP\CSV\sc-9-2025-csv.zip -> s3://medicamentos-transparentes-dados-abertos/sc-9-2025-csv.zip
2026-06-08 19:23:35,633 WARNING OVERWRITE OK: C:\Users\rdurl\OneDrive\Documentos\cesta-de-precos-pncp\tasks\mapeamento-ocds\output\2025\9\ZIP\CSV\se-9-2025-csv.zip -> s3://medicamentos-transparentes-dados-abertos/se-9-2025-csv.zip
2026-06-08 19:23:35,856 WARNING OVERWRITE OK: C:\Users\rdurl\OneDrive\Documentos\cesta-de-precos-pncp\tasks\mapeamento-ocds\output\2025\9\ZIP\CSV\sp-9-2025-csv.zip -> s3://medicamentos-transparentes-dados-abertos/sp-9-2025-csv.zip
2026-06-08 19:23:35,959 WARNING OVERWRITE OK: C:\Users\rdurl\OneDrive\Documentos\cesta-de-precos-pncp\tasks\mapeamento-ocds\output\2025\9\ZIP\CSV\to-9-2025-csv.zip -> s3://medicamentos-transparentes-dados-abertos/to-9-2025-csv.zip
2026-06-08 19:23:36,047 WARNING OVERWRITE OK: C:\Users\rdurl\OneDrive\Documentos\cesta-de-precos-pncp\tasks\mapeamento-ocds\output\2025\9\ZIP\JSON\ac-9-2025-json.zip -> s3://medicamentos-transparentes-dados-abertos/ac-9-2025-json.zip
2026-06-08 19:23:36,171 WARNING OVERWRITE OK: C:\Users\rdurl\OneDrive\Documentos\cesta-de-precos-pncp\tasks\mapeamento-ocds\output\2025\9\ZIP\JSON\al-9-2025-json.zip -> s3://medicamentos-transparentes-dados-abertos/al-9-2025-json.zip
2026-06-08 19:23:36,264 WARNING OVERWRITE OK: C:\Users\rdurl\OneDrive\Documentos\cesta-de-precos-pncp\tasks\mapeamento-ocds\output\2025\9\ZIP\JSON\am-9-2025-json.zip -> s3://medicamentos-transparentes-dados-abertos/am-9-2025-json.zip
2026-06-08 19:23:36,345 WARNING OVERWRITE OK: C:\Users\rdurl\OneDrive\Documentos\cesta-de-precos-pncp\tasks\mapeamento-ocds\output\2025\9\ZIP\JSON\ap-9-2025-json.zip -> s3://medicamentos-transparentes-dados-abertos/ap-9-2025-json.zip
2026-06-08 19:23:36,485 WARNING OVERWRITE OK: C:\Users\rdurl\OneDrive\Documentos\cesta-de-precos-pncp\tasks\mapeamento-ocds\output\2025\9\ZIP\JSON\ba-9-2025-json.zip -> s3://medicamentos-transparentes-dados-abertos/ba-9-2025-json.zip
2026-06-08 19:23:36,600 WARNING OVERWRITE OK: C:\Users\rdurl\OneDrive\Documentos\cesta-de-precos-pncp\tasks\mapeamento-ocds\output\2025\9\ZIP\JSON\ce-9-2025-json.zip -> s3://medicamentos-transparentes-dados-abertos/ce-9-2025-json.zip
2026-06-08 19:23:36,697 WARNING OVERWRITE OK: C:\Users\rdurl\OneDrive\Documentos\cesta-de-precos-pncp\tasks\mapeamento-ocds\output\2025\9\ZIP\JSON\df-9-2025-json.zip -> s3://medicamentos-transparentes-dados-abertos/df-9-2025-json.zip
2026-06-08 19:23:36,817 WARNING OVERWRITE OK: C:\Users\rdurl\OneDrive\Documentos\cesta-de-precos-pncp\tasks\mapeamento-ocds\output\2025\9\ZIP\JSON\es-9-2025-json.zip -> s3://medicamentos-transparentes-dados-abertos/es-9-2025-json.zip
2026-06-08 19:23:36,931 WARNING OVERWRITE OK: C:\Users\rdurl\OneDrive\Documentos\cesta-de-precos-pncp\tasks\mapeamento-ocds\output\2025\9\ZIP\JSON\go-9-2025-json.zip -> s3://medicamentos-transparentes-dados-abertos/go-9-2025-json.zip
2026-06-08 19:23:37,031 WARNING OVERWRITE OK: C:\Users\rdurl\OneDrive\Documentos\cesta-de-precos-pncp\tasks\mapeamento-ocds\output\2025\9\ZIP\JSON\ma-9-2025-json.zip -> s3://medicamentos-transparentes-dados-abertos/ma-9-2025-json.zip
2026-06-08 19:23:37,176 WARNING OVERWRITE OK: C:\Users\rdurl\OneDrive\Documentos\cesta-de-precos-pncp\tasks\mapeamento-ocds\output\2025\9\ZIP\JSON\mg-9-2025-json.zip -> s3://medicamentos-transparentes-dados-abertos/mg-9-2025-json.zip
2026-06-08 19:23:37,290 WARNING OVERWRITE OK: C:\Users\rdurl\OneDrive\Documentos\cesta-de-precos-pncp\tasks\mapeamento-ocds\output\2025\9\ZIP\JSON\ms-9-2025-json.zip -> s3://medicamentos-transparentes-dados-abertos/ms-9-2025-json.zip
2026-06-08 19:23:37,388 WARNING OVERWRITE OK: C:\Users\rdurl\OneDrive\Documentos\cesta-de-precos-pncp\tasks\mapeamento-ocds\output\2025\9\ZIP\JSON\mt-9-2025-json.zip -> s3://medicamentos-transparentes-dados-abertos/mt-9-2025-json.zip
2026-06-08 19:23:37,504 WARNING OVERWRITE OK: C:\Users\rdurl\OneDrive\Documentos\cesta-de-precos-pncp\tasks\mapeamento-ocds\output\2025\9\ZIP\JSON\pa-9-2025-json.zip -> s3://medicamentos-transparentes-dados-abertos/pa-9-2025-json.zip
2026-06-08 19:23:37,617 WARNING OVERWRITE OK: C:\Users\rdurl\OneDrive\Documentos\cesta-de-precos-pncp\tasks\mapeamento-ocds\output\2025\9\ZIP\JSON\pb-9-2025-json.zip -> s3://medicamentos-transparentes-dados-abertos/pb-9-2025-json.zip
2026-06-08 19:23:37,733 WARNING OVERWRITE OK: C:\Users\rdurl\OneDrive\Documentos\cesta-de-precos-pncp\tasks\mapeamento-ocds\output\2025\9\ZIP\JSON\pe-9-2025-json.zip -> s3://medicamentos-transparentes-dados-abertos/pe-9-2025-json.zip
2026-06-08 19:23:37,829 WARNING OVERWRITE OK: C:\Users\rdurl\OneDrive\Documentos\cesta-de-precos-pncp\tasks\mapeamento-ocds\output\2025\9\ZIP\JSON\pi-9-2025-json.zip -> s3://medicamentos-transparentes-dados-abertos/pi-9-2025-json.zip
2026-06-08 19:23:37,992 WARNING OVERWRITE OK: C:\Users\rdurl\OneDrive\Documentos\cesta-de-precos-pncp\tasks\mapeamento-ocds\output\2025\9\ZIP\JSON\pr-9-2025-json.zip -> s3://medicamentos-transparentes-dados-abertos/pr-9-2025-json.zip
2026-06-08 19:23:38,138 WARNING OVERWRITE OK: C:\Users\rdurl\OneDrive\Documentos\cesta-de-precos-pncp\tasks\mapeamento-ocds\output\2025\9\ZIP\JSON\rj-9-2025-json.zip -> s3://medicamentos-transparentes-dados-abertos/rj-9-2025-json.zip
2026-06-08 19:23:38,264 WARNING OVERWRITE OK: C:\Users\rdurl\OneDrive\Documentos\cesta-de-precos-pncp\tasks\mapeamento-ocds\output\2025\9\ZIP\JSON\rn-9-2025-json.zip -> s3://medicamentos-transparentes-dados-abertos/rn-9-2025-json.zip
2026-06-08 19:23:38,367 WARNING OVERWRITE OK: C:\Users\rdurl\OneDrive\Documentos\cesta-de-precos-pncp\tasks\mapeamento-ocds\output\2025\9\ZIP\JSON\ro-9-2025-json.zip -> s3://medicamentos-transparentes-dados-abertos/ro-9-2025-json.zip
2026-06-08 19:23:38,464 WARNING OVERWRITE OK: C:\Users\rdurl\OneDrive\Documentos\cesta-de-precos-pncp\tasks\mapeamento-ocds\output\2025\9\ZIP\JSON\rr-9-2025-json.zip -> s3://medicamentos-transparentes-dados-abertos/rr-9-2025-json.zip
2026-06-08 19:23:38,620 WARNING OVERWRITE OK: C:\Users\rdurl\OneDrive\Documentos\cesta-de-precos-pncp\tasks\mapeamento-ocds\output\2025\9\ZIP\JSON\rs-9-2025-json.zip -> s3://medicamentos-transparentes-dados-abertos/rs-9-2025-json.zip
2026-06-08 19:23:39,000 WARNING OVERWRITE OK: C:\Users\rdurl\OneDrive\Documentos\cesta-de-precos-pncp\tasks\mapeamento-ocds\output\2025\9\ZIP\JSON\sc-9-2025-json.zip -> s3://medicamentos-transparentes-dados-abertos/sc-9-2025-json.zip
2026-06-08 19:23:39,099 WARNING OVERWRITE OK: C:\Users\rdurl\OneDrive\Documentos\cesta-de-precos-pncp\tasks\mapeamento-ocds\output\2025\9\ZIP\JSON\se-9-2025-json.zip -> s3://medicamentos-transparentes-dados-abertos/se-9-2025-json.zip
2026-06-08 19:23:39,310 WARNING OVERWRITE OK: C:\Users\rdurl\OneDrive\Documentos\cesta-de-precos-pncp\tasks\mapeamento-ocds\output\2025\9\ZIP\JSON\sp-9-2025-json.zip -> s3://medicamentos-transparentes-dados-abertos/sp-9-2025-json.zip
2026-06-08 19:23:39,396 WARNING OVERWRITE OK: C:\Users\rdurl\OneDrive\Documentos\cesta-de-precos-pncp\tasks\mapeamento-ocds\output\2025\9\ZIP\JSON\to-9-2025-json.zip -> s3://medicamentos-transparentes-dados-abertos/to-9-2025-json.zip
2026-06-08 19:23:39,396 INFO Resumo: encontrados=54 enviados=0 sobrescritos=54 pulados=0 invalidos=0 falhas=0
==== Fim: Upload dos ZIPs OCDS para S3 2026-06-08T19:23:37-03:00 ====

