==== Inicio: Upload dos ZIPs OCDS para S3 2026-06-08T19:14:32-03:00 ====
2026-06-08 19:14:35,086 INFO Raiz de output: C:\Users\rdurl\OneDrive\Documentos\cesta-de-precos-pncp\tasks\mapeamento-ocds\output
2026-06-08 19:14:35,087 INFO Bucket S3: medicamentos-transparentes-dados-abertos
2026-06-08 19:14:35,087 INFO Overwrite remoto: ativado
2026-06-08 19:14:35,182 INFO Found credentials in environment variables.
2026-06-08 19:14:35,706 WARNING OVERWRITE OK: C:\Users\rdurl\OneDrive\Documentos\cesta-de-precos-pncp\tasks\mapeamento-ocds\output\2025\6\ZIP\CSV\ac-6-2025-csv.zip -> s3://medicamentos-transparentes-dados-abertos/ac-6-2025-csv.zip
2026-06-08 19:14:35,798 WARNING OVERWRITE OK: C:\Users\rdurl\OneDrive\Documentos\cesta-de-precos-pncp\tasks\mapeamento-ocds\output\2025\6\ZIP\CSV\al-6-2025-csv.zip -> s3://medicamentos-transparentes-dados-abertos/al-6-2025-csv.zip
2026-06-08 19:14:35,896 WARNING OVERWRITE OK: C:\Users\rdurl\OneDrive\Documentos\cesta-de-precos-pncp\tasks\mapeamento-ocds\output\2025\6\ZIP\CSV\am-6-2025-csv.zip -> s3://medicamentos-transparentes-dados-abertos/am-6-2025-csv.zip
2026-06-08 19:14:35,987 WARNING OVERWRITE OK: C:\Users\rdurl\OneDrive\Documentos\cesta-de-precos-pncp\tasks\mapeamento-ocds\output\2025\6\ZIP\CSV\ap-6-2025-csv.zip -> s3://medicamentos-transparentes-dados-abertos/ap-6-2025-csv.zip
2026-06-08 19:14:36,092 WARNING OVERWRITE OK: C:\Users\rdurl\OneDrive\Documentos\cesta-de-precos-pncp\tasks\mapeamento-ocds\output\2025\6\ZIP\CSV\ba-6-2025-csv.zip -> s3://medicamentos-transparentes-dados-abertos/ba-6-2025-csv.zip
2026-06-08 19:14:36,189 WARNING OVERWRITE OK: C:\Users\rdurl\OneDrive\Documentos\cesta-de-precos-pncp\tasks\mapeamento-ocds\output\2025\6\ZIP\CSV\ce-6-2025-csv.zip -> s3://medicamentos-transparentes-dados-abertos/ce-6-2025-csv.zip
2026-06-08 19:14:36,272 WARNING OVERWRITE OK: C:\Users\rdurl\OneDrive\Documentos\cesta-de-precos-pncp\tasks\mapeamento-ocds\output\2025\6\ZIP\CSV\df-6-2025-csv.zip -> s3://medicamentos-transparentes-dados-abertos/df-6-2025-csv.zip
2026-06-08 19:14:36,365 WARNING OVERWRITE OK: C:\Users\rdurl\OneDrive\Documentos\cesta-de-precos-pncp\tasks\mapeamento-ocds\output\2025\6\ZIP\CSV\es-6-2025-csv.zip -> s3://medicamentos-transparentes-dados-abertos/es-6-2025-csv.zip
2026-06-08 19:14:36,473 WARNING OVERWRITE OK: C:\Users\rdurl\OneDrive\Documentos\cesta-de-precos-pncp\tasks\mapeamento-ocds\output\2025\6\ZIP\CSV\go-6-2025-csv.zip -> s3://medicamentos-transparentes-dados-abertos/go-6-2025-csv.zip
2026-06-08 19:14:36,559 WARNING OVERWRITE OK: C:\Users\rdurl\OneDrive\Documentos\cesta-de-precos-pncp\tasks\mapeamento-ocds\output\2025\6\ZIP\CSV\ma-6-2025-csv.zip -> s3://medicamentos-transparentes-dados-abertos/ma-6-2025-csv.zip
2026-06-08 19:14:36,687 WARNING OVERWRITE OK: C:\Users\rdurl\OneDrive\Documentos\cesta-de-precos-pncp\tasks\mapeamento-ocds\output\2025\6\ZIP\CSV\mg-6-2025-csv.zip -> s3://medicamentos-transparentes-dados-abertos/mg-6-2025-csv.zip
2026-06-08 19:14:36,776 WARNING OVERWRITE OK: C:\Users\rdurl\OneDrive\Documentos\cesta-de-precos-pncp\tasks\mapeamento-ocds\output\2025\6\ZIP\CSV\ms-6-2025-csv.zip -> s3://medicamentos-transparentes-dados-abertos/ms-6-2025-csv.zip
2026-06-08 19:14:36,854 WARNING OVERWRITE OK: C:\Users\rdurl\OneDrive\Documentos\cesta-de-precos-pncp\tasks\mapeamento-ocds\output\2025\6\ZIP\CSV\mt-6-2025-csv.zip -> s3://medicamentos-transparentes-dados-abertos/mt-6-2025-csv.zip
2026-06-08 19:14:36,941 WARNING OVERWRITE OK: C:\Users\rdurl\OneDrive\Documentos\cesta-de-precos-pncp\tasks\mapeamento-ocds\output\2025\6\ZIP\CSV\pa-6-2025-csv.zip -> s3://medicamentos-transparentes-dados-abertos/pa-6-2025-csv.zip
2026-06-08 19:14:37,025 WARNING OVERWRITE OK: C:\Users\rdurl\OneDrive\Documentos\cesta-de-precos-pncp\tasks\mapeamento-ocds\output\2025\6\ZIP\CSV\pb-6-2025-csv.zip -> s3://medicamentos-transparentes-dados-abertos/pb-6-2025-csv.zip
2026-06-08 19:14:37,132 WARNING OVERWRITE OK: C:\Users\rdurl\OneDrive\Documentos\cesta-de-precos-pncp\tasks\mapeamento-ocds\output\2025\6\ZIP\CSV\pe-6-2025-csv.zip -> s3://medicamentos-transparentes-dados-abertos/pe-6-2025-csv.zip
2026-06-08 19:14:37,210 WARNING OVERWRITE OK: C:\Users\rdurl\OneDrive\Documentos\cesta-de-precos-pncp\tasks\mapeamento-ocds\output\2025\6\ZIP\CSV\pi-6-2025-csv.zip -> s3://medicamentos-transparentes-dados-abertos/pi-6-2025-csv.zip
2026-06-08 19:14:37,326 WARNING OVERWRITE OK: C:\Users\rdurl\OneDrive\Documentos\cesta-de-precos-pncp\tasks\mapeamento-ocds\output\2025\6\ZIP\CSV\pr-6-2025-csv.zip -> s3://medicamentos-transparentes-dados-abertos/pr-6-2025-csv.zip
2026-06-08 19:14:37,433 WARNING OVERWRITE OK: C:\Users\rdurl\OneDrive\Documentos\cesta-de-precos-pncp\tasks\mapeamento-ocds\output\2025\6\ZIP\CSV\rj-6-2025-csv.zip -> s3://medicamentos-transparentes-dados-abertos/rj-6-2025-csv.zip
2026-06-08 19:14:37,521 WARNING OVERWRITE OK: C:\Users\rdurl\OneDrive\Documentos\cesta-de-precos-pncp\tasks\mapeamento-ocds\output\2025\6\ZIP\CSV\rn-6-2025-csv.zip -> s3://medicamentos-transparentes-dados-abertos/rn-6-2025-csv.zip
2026-06-08 19:14:37,607 WARNING OVERWRITE OK: C:\Users\rdurl\OneDrive\Documentos\cesta-de-precos-pncp\tasks\mapeamento-ocds\output\2025\6\ZIP\CSV\ro-6-2025-csv.zip -> s3://medicamentos-transparentes-dados-abertos/ro-6-2025-csv.zip
2026-06-08 19:14:37,691 WARNING OVERWRITE OK: C:\Users\rdurl\OneDrive\Documentos\cesta-de-precos-pncp\tasks\mapeamento-ocds\output\2025\6\ZIP\CSV\rr-6-2025-csv.zip -> s3://medicamentos-transparentes-dados-abertos/rr-6-2025-csv.zip
2026-06-08 19:14:37,831 WARNING OVERWRITE OK: C:\Users\rdurl\OneDrive\Documentos\cesta-de-precos-pncp\tasks\mapeamento-ocds\output\2025\6\ZIP\CSV\rs-6-2025-csv.zip -> s3://medicamentos-transparentes-dados-abertos/rs-6-2025-csv.zip
2026-06-08 19:14:37,922 WARNING OVERWRITE OK: C:\Users\rdurl\OneDrive\Documentos\cesta-de-precos-pncp\tasks\mapeamento-ocds\output\2025\6\ZIP\CSV\sc-6-2025-csv.zip -> s3://medicamentos-transparentes-dados-abertos/sc-6-2025-csv.zip
2026-06-08 19:14:38,007 WARNING OVERWRITE OK: C:\Users\rdurl\OneDrive\Documentos\cesta-de-precos-pncp\tasks\mapeamento-ocds\output\2025\6\ZIP\CSV\se-6-2025-csv.zip -> s3://medicamentos-transparentes-dados-abertos/se-6-2025-csv.zip
2026-06-08 19:14:38,163 WARNING OVERWRITE OK: C:\Users\rdurl\OneDrive\Documentos\cesta-de-precos-pncp\tasks\mapeamento-ocds\output\2025\6\ZIP\CSV\sp-6-2025-csv.zip -> s3://medicamentos-transparentes-dados-abertos/sp-6-2025-csv.zip
2026-06-08 19:14:38,240 WARNING OVERWRITE OK: C:\Users\rdurl\OneDrive\Documentos\cesta-de-precos-pncp\tasks\mapeamento-ocds\output\2025\6\ZIP\CSV\to-6-2025-csv.zip -> s3://medicamentos-transparentes-dados-abertos/to-6-2025-csv.zip
2026-06-08 19:14:38,319 WARNING OVERWRITE OK: C:\Users\rdurl\OneDrive\Documentos\cesta-de-precos-pncp\tasks\mapeamento-ocds\output\2025\6\ZIP\JSON\ac-6-2025-json.zip -> s3://medicamentos-transparentes-dados-abertos/ac-6-2025-json.zip
2026-06-08 19:14:38,426 WARNING OVERWRITE OK: C:\Users\rdurl\OneDrive\Documentos\cesta-de-precos-pncp\tasks\mapeamento-ocds\output\2025\6\ZIP\JSON\al-6-2025-json.zip -> s3://medicamentos-transparentes-dados-abertos/al-6-2025-json.zip
2026-06-08 19:14:38,527 WARNING OVERWRITE OK: C:\Users\rdurl\OneDrive\Documentos\cesta-de-precos-pncp\tasks\mapeamento-ocds\output\2025\6\ZIP\JSON\am-6-2025-json.zip -> s3://medicamentos-transparentes-dados-abertos/am-6-2025-json.zip
2026-06-08 19:14:38,609 WARNING OVERWRITE OK: C:\Users\rdurl\OneDrive\Documentos\cesta-de-precos-pncp\tasks\mapeamento-ocds\output\2025\6\ZIP\JSON\ap-6-2025-json.zip -> s3://medicamentos-transparentes-dados-abertos/ap-6-2025-json.zip
2026-06-08 19:14:38,717 WARNING OVERWRITE OK: C:\Users\rdurl\OneDrive\Documentos\cesta-de-precos-pncp\tasks\mapeamento-ocds\output\2025\6\ZIP\JSON\ba-6-2025-json.zip -> s3://medicamentos-transparentes-dados-abertos/ba-6-2025-json.zip
2026-06-08 19:14:38,831 WARNING OVERWRITE OK: C:\Users\rdurl\OneDrive\Documentos\cesta-de-precos-pncp\tasks\mapeamento-ocds\output\2025\6\ZIP\JSON\ce-6-2025-json.zip -> s3://medicamentos-transparentes-dados-abertos/ce-6-2025-json.zip
2026-06-08 19:14:38,910 WARNING OVERWRITE OK: C:\Users\rdurl\OneDrive\Documentos\cesta-de-precos-pncp\tasks\mapeamento-ocds\output\2025\6\ZIP\JSON\df-6-2025-json.zip -> s3://medicamentos-transparentes-dados-abertos/df-6-2025-json.zip
2026-06-08 19:14:39,007 WARNING OVERWRITE OK: C:\Users\rdurl\OneDrive\Documentos\cesta-de-precos-pncp\tasks\mapeamento-ocds\output\2025\6\ZIP\JSON\es-6-2025-json.zip -> s3://medicamentos-transparentes-dados-abertos/es-6-2025-json.zip
2026-06-08 19:14:39,117 WARNING OVERWRITE OK: C:\Users\rdurl\OneDrive\Documentos\cesta-de-precos-pncp\tasks\mapeamento-ocds\output\2025\6\ZIP\JSON\go-6-2025-json.zip -> s3://medicamentos-transparentes-dados-abertos/go-6-2025-json.zip
2026-06-08 19:14:39,204 WARNING OVERWRITE OK: C:\Users\rdurl\OneDrive\Documentos\cesta-de-precos-pncp\tasks\mapeamento-ocds\output\2025\6\ZIP\JSON\ma-6-2025-json.zip -> s3://medicamentos-transparentes-dados-abertos/ma-6-2025-json.zip
2026-06-08 19:14:39,328 WARNING OVERWRITE OK: C:\Users\rdurl\OneDrive\Documentos\cesta-de-precos-pncp\tasks\mapeamento-ocds\output\2025\6\ZIP\JSON\mg-6-2025-json.zip -> s3://medicamentos-transparentes-dados-abertos/mg-6-2025-json.zip
2026-06-08 19:14:39,426 WARNING OVERWRITE OK: C:\Users\rdurl\OneDrive\Documentos\cesta-de-precos-pncp\tasks\mapeamento-ocds\output\2025\6\ZIP\JSON\ms-6-2025-json.zip -> s3://medicamentos-transparentes-dados-abertos/ms-6-2025-json.zip
2026-06-08 19:14:39,526 WARNING OVERWRITE OK: C:\Users\rdurl\OneDrive\Documentos\cesta-de-precos-pncp\tasks\mapeamento-ocds\output\2025\6\ZIP\JSON\mt-6-2025-json.zip -> s3://medicamentos-transparentes-dados-abertos/mt-6-2025-json.zip
2026-06-08 19:14:39,617 WARNING OVERWRITE OK: C:\Users\rdurl\OneDrive\Documentos\cesta-de-precos-pncp\tasks\mapeamento-ocds\output\2025\6\ZIP\JSON\pa-6-2025-json.zip -> s3://medicamentos-transparentes-dados-abertos/pa-6-2025-json.zip
2026-06-08 19:14:39,709 WARNING OVERWRITE OK: C:\Users\rdurl\OneDrive\Documentos\cesta-de-precos-pncp\tasks\mapeamento-ocds\output\2025\6\ZIP\JSON\pb-6-2025-json.zip -> s3://medicamentos-transparentes-dados-abertos/pb-6-2025-json.zip
2026-06-08 19:14:39,811 WARNING OVERWRITE OK: C:\Users\rdurl\OneDrive\Documentos\cesta-de-precos-pncp\tasks\mapeamento-ocds\output\2025\6\ZIP\JSON\pe-6-2025-json.zip -> s3://medicamentos-transparentes-dados-abertos/pe-6-2025-json.zip
2026-06-08 19:14:39,904 WARNING OVERWRITE OK: C:\Users\rdurl\OneDrive\Documentos\cesta-de-precos-pncp\tasks\mapeamento-ocds\output\2025\6\ZIP\JSON\pi-6-2025-json.zip -> s3://medicamentos-transparentes-dados-abertos/pi-6-2025-json.zip
2026-06-08 19:14:40,023 WARNING OVERWRITE OK: C:\Users\rdurl\OneDrive\Documentos\cesta-de-precos-pncp\tasks\mapeamento-ocds\output\2025\6\ZIP\JSON\pr-6-2025-json.zip -> s3://medicamentos-transparentes-dados-abertos/pr-6-2025-json.zip
2026-06-08 19:14:40,136 WARNING OVERWRITE OK: C:\Users\rdurl\OneDrive\Documentos\cesta-de-precos-pncp\tasks\mapeamento-ocds\output\2025\6\ZIP\JSON\rj-6-2025-json.zip -> s3://medicamentos-transparentes-dados-abertos/rj-6-2025-json.zip
2026-06-08 19:14:40,235 WARNING OVERWRITE OK: C:\Users\rdurl\OneDrive\Documentos\cesta-de-precos-pncp\tasks\mapeamento-ocds\output\2025\6\ZIP\JSON\rn-6-2025-json.zip -> s3://medicamentos-transparentes-dados-abertos/rn-6-2025-json.zip
2026-06-08 19:14:40,362 WARNING OVERWRITE OK: C:\Users\rdurl\OneDrive\Documentos\cesta-de-precos-pncp\tasks\mapeamento-ocds\output\2025\6\ZIP\JSON\ro-6-2025-json.zip -> s3://medicamentos-transparentes-dados-abertos/ro-6-2025-json.zip
2026-06-08 19:14:40,448 WARNING OVERWRITE OK: C:\Users\rdurl\OneDrive\Documentos\cesta-de-precos-pncp\tasks\mapeamento-ocds\output\2025\6\ZIP\JSON\rr-6-2025-json.zip -> s3://medicamentos-transparentes-dados-abertos/rr-6-2025-json.zip
2026-06-08 19:14:40,577 WARNING OVERWRITE OK: C:\Users\rdurl\OneDrive\Documentos\cesta-de-precos-pncp\tasks\mapeamento-ocds\output\2025\6\ZIP\JSON\rs-6-2025-json.zip -> s3://medicamentos-transparentes-dados-abertos/rs-6-2025-json.zip
2026-06-08 19:14:40,961 WARNING OVERWRITE OK: C:\Users\rdurl\OneDrive\Documentos\cesta-de-precos-pncp\tasks\mapeamento-ocds\output\2025\6\ZIP\JSON\sc-6-2025-json.zip -> s3://medicamentos-transparentes-dados-abertos/sc-6-2025-json.zip
2026-06-08 19:14:41,062 WARNING OVERWRITE OK: C:\Users\rdurl\OneDrive\Documentos\cesta-de-precos-pncp\tasks\mapeamento-ocds\output\2025\6\ZIP\JSON\se-6-2025-json.zip -> s3://medicamentos-transparentes-dados-abertos/se-6-2025-json.zip
2026-06-08 19:14:41,248 WARNING OVERWRITE OK: C:\Users\rdurl\OneDrive\Documentos\cesta-de-precos-pncp\tasks\mapeamento-ocds\output\2025\6\ZIP\JSON\sp-6-2025-json.zip -> s3://medicamentos-transparentes-dados-abertos/sp-6-2025-json.zip
2026-06-08 19:14:41,343 WARNING OVERWRITE OK: C:\Users\rdurl\OneDrive\Documentos\cesta-de-precos-pncp\tasks\mapeamento-ocds\output\2025\6\ZIP\JSON\to-6-2025-json.zip -> s3://medicamentos-transparentes-dados-abertos/to-6-2025-json.zip
2026-06-08 19:14:41,343 INFO Resumo: encontrados=54 enviados=0 sobrescritos=54 pulados=0 invalidos=0 falhas=0
==== Fim: Upload dos ZIPs OCDS para S3 2026-06-08T19:14:39-03:00 ====

