---
# COLETORES
---

INÍCIO DA COLETA ÀS '29-Sep-2025 16:54:22'

Diretório: ENTRADA
/mnt/c/Users/rdurl/OneDrive/Documentos/cesta-de-precos-pncp/src/ETL


Diretório:
/mnt/c/Users/rdurl/OneDrive/Documentos/cesta-de-precos-pncp

PARÂMETROS: 
 - PRIMEIRO_DIA='2025-09-01' - é a data de início da coleta
 - ULTIMO_DIA='2025-09-15' - é a data final da coleta
 - ALIAS_COLETA='2025-09/QUINZENA-1' - é um alias para identificar a coleta e apontar um destino no diretório de /coletas

---
## CONTRATAÇÃO

Script:
 - 'src/ETL/coletores/coleta-contratacoes.R'

Diretório de saída:
 - 'coleta/contratacoes/2025-09/QUINZENA-1'

Screen criada para coletar contratações:
 - 'coletor-contratacoes-2025-09-01-ate-2025-09-15'

Saída sendo registrada em:
 - 'coleta/contratacoes/2025-09/QUINZENA-1/run-coletor-contratacoes-2025-09-01-ate-2025-09-15.log'.

Parâmetros do coletor: 
 - PATH_OUTPUT_DIR="coleta/contratacoes/2025-09/QUINZENA-1"
 - PRIMEIRO_DIA="2025-09-01"
 - ULTIMO_DIA="2025-09-15"

Coleta de CONTRATAÇÕES em execução...

There is a screen on:
	826.coletor-contratacoes-2025-09-01-ate-2025-09-15	(09/29/25 16:54:22)	(Detached)
1 Socket in /run/screen/S-rdurl0.


Aguardando a screen 'coletor-contratacoes-2025-09-01-ate-2025-09-15' encerrar...
Screen coletor-contratacoes-2025-09-01-ate-2025-09-15 encerrada

Coleta de CONTRATAÇÕES concluída!

---
## ITENS

Script:
 - 'src/ETL/coletores/coleta-itens.R'

Diretório de saída:
 - 'coleta/itens/2025-09/QUINZENA-1'

Screen criada para coletar itens:
 - 'coletor-itens-2025-09-01-ate-2025-09-15'

Saída sendo registrada em:
 - 'coleta/itens/2025-09/QUINZENA-1/run-coletor-itens-2025-09-01-ate-2025-09-15.log'.

Parâmetro do coletor:
 - CONTRATACOES='coleta/contratacoes/2025-09/QUINZENA-1/dados.csv'

Coleta de ITENS em execução...

There is a screen on:
	3715.coletor-itens-2025-09-01-ate-2025-09-15	(09/29/25 19:29:21)	(Detached)
1 Socket in /run/screen/S-rdurl0.

Aguardando a screen 'coletor-itens-2025-09-01-ate-2025-09-15' encerrar...
Screen coletor-itens-2025-09-01-ate-2025-09-15 encerrada

Coleta de ITENS concluída!

---
## CLASSIFICADOR - FILTRA MEDICAMENTOS

Script:
 - 'src/ETL/classificador/filtra-medicamentos.py'

Diretório de saída:
 - 'coleta/itens/2025-09/QUINZENA-1'

Screen criada para coletar contratações:
 - 'classificador-2025-09-01-ate-2025-09-15'

Saída sendo registrada em:
 - 'coleta/itens/2025-09/QUINZENA-1/run-classificador-2025-09-01-ate-2025-09-15.log'.

Parâmetros do classificador:
ITENS='coleta/itens/2025-09/QUINZENA-1/dados.csv'
CATALOGO='data/catmat/catmat.csv'

Python a ser utilizado:
 - './.venv/Scripts/python.exe'

Filtragem e classificação de MEDICAMENTOS em execução...

There is a screen on:
	19027.classificador-2025-09-01-ate-2025-09-15	(09/30/25 09:52:57)	(Detached)
1 Socket in /run/screen/S-rdurl0.


Aguardando o arquivo 'coleta/itens/2025-09/QUINZENA-1/medicamentos.csv' ser criado...

Arquivo coleta/itens/2025-09/QUINZENA-1/medicamentos.csv criado.
Classificação e filtragem de MEDICAMENTOS de ITENS concluída!

---
## RESULTADOS

Script:
 - 'src/ETL/coletores/coleta-resultados.R'

Diretório de saída:
 - 'coleta/resultados/2025-09/QUINZENA-1'

Screen criada para coletar resultados:
 - 'coletor-resultados-2025-09-01-ate-2025-09-15'

Saída sendo registrada em:
 - 'coleta/resultados/2025-09/QUINZENA-1/run-coletor-resultados-2025-09-01-ate-2025-09-15.log'.

Parâmetro do coletor:
 - 'coleta/itens/2025-09/QUINZENA-1/medicamentos.csv'

Coleta de RESULTADOS em execução...

There are screens on:
	20235.coletor-resultados-2025-09-01-ate-2025-09-15	(09/30/25 13:11:56)	(Detached)
	19027.classificador-2025-09-01-ate-2025-09-15	(09/30/25 10:12:51)	(Detached)
2 Sockets in /run/screen/S-rdurl0.
coletando resultados das contratações de medicamentos

Aguardando a screen 'coletor-resultados-2025-09-01-ate-2025-09-15' encerrar...
Screen coletor-resultados-2025-09-01-ate-2025-09-15 encerrada

Coleta de RESULTADOS de MEDICAMENTOS concluída!

---
## RECOLETA DE RESULTADOS

Script:
 - 'src/ETL/coletores/recoleta-resultados.R'

Diretório de saída:
 - 'coleta/resultados/2025-09/QUINZENA-1/recoleta'

Screen criada para RECOLETA de resultados:
 - 'recoletor-resultados-2025-09-01-ate-2025-09-15'

Saída sendo registrada em:
 - 'coleta/resultados/2025-09/QUINZENA-1/recoleta/run-recoletor-resultados-2025-09-01-ate-2025-09-15.log'.

Recoleta de RESULTADOS em execução...

There is a screen on:
	22221.recoletor-resultados-2025-09-01-ate-2025-09-15	(09/30/25 15:09:48)	(Detached)
1 Socket in /run/screen/S-rdurl0.


Aguardando a screen 'recoletor-resultados-2025-09-01-ate-2025-09-15' encerrar...
Screen recoletor-resultados-2025-09-01-ate-2025-09-15 encerrada

Recoleta de RESULTADOS concluída!


COLETA ENCERRADA ÀS '01-Oct-2025 13:50:01'!
---
## PACOTE DE DADOS

Diretório 'coleta/data-package/2025/9 - Setembro/QUINZENA-1/DATA' criado.
Diretório 'coleta/data-package/2025/9 - Setembro/QUINZENA-1/LOG' criado.

Arquivos csv copiados para coleta/data-package/2025/9 - Setembro/QUINZENA-1/DATA

Estrutura do pacote de dados:

[ 512]  coleta/data-package/2025/9 - Setembro/QUINZENA-1
├── [ 512]  DATA
│   ├── [ 981]  contratacoes-erros.csv
│   ├── [ 204]  contratacoes-monitoramento.csv
│   ├── [104M]  contratacoes.csv
│   ├── [ 203]  itens-erros.csv
│   ├── [825K]  itens-medicamentos-resultados-erros.csv
│   ├── [1013]  itens-medicamentos-resultados-monitoramento.csv
│   ├── [ 14M]  itens-medicamentos-resultados-recoleta-erros.csv
│   ├── [ 11K]  itens-medicamentos-resultados-recoleta-monitoramento.csv
│   ├── [6.1M]  itens-medicamentos-resultados-recoleta.csv
│   ├── [2.3M]  itens-medicamentos-resultados.csv
│   ├── [5.3M]  itens-medicamentos.csv
│   ├── [6.9K]  itens-monitoramento.csv
│   └── [145M]  itens.csv
└── [ 512]  LOG
    ├── [ 591]  run-classificador-2025-09-01-ate-2025-09-15.log
    ├── [ 40K]  run-coletor-contratacoes-2025-09-01-ate-2025-09-15.log
    ├── [2.0M]  run-coletor-itens-2025-09-01-ate-2025-09-15.log
    ├── [506K]  run-coletor-resultados-2025-09-01-ate-2025-09-15.log
    └── [7.1M]  run-recoletor-resultados-2025-09-01-ate-2025-09-15.log

3 directories, 18 files
