---
# COLETORES
---

INÍCIO DA COLETA ÀS '07-Jan-2026 14:43:23'

Diretório: ENTRADA
/mnt/c/Users/rdurl/OneDrive/Documentos/cesta-de-precos-pncp/src/ETL


Diretório:
/mnt/c/Users/rdurl/OneDrive/Documentos/cesta-de-precos-pncp

PARÂMETROS: 
 - PRIMEIRO_DIA='2025-10-16' - é a data de início da coleta
 - ULTIMO_DIA='2025-10-31' - é a data final da coleta
 - ALIAS_COLETA='2025-10/QUINZENA-2' - é um alias para identificar a coleta e apontar um destino no diretório de /coletas

---
## CONTRATAÇÃO

Script:
 - 'src/ETL/coletores/coleta-contratacoes.R'

Diretório de saída:
 - 'coleta/contratacoes/2025-10/QUINZENA-2'

Screen criada para coletar contratações:
 - 'coletor-contratacoes-2025-10-16-ate-2025-10-31'

Saída sendo registrada em:
 - 'coleta/contratacoes/2025-10/QUINZENA-2/run-coletor-contratacoes-2025-10-16-ate-2025-10-31.log'.

Parâmetros do coletor: 
 - PATH_OUTPUT_DIR="coleta/contratacoes/2025-10/QUINZENA-2"
 - PRIMEIRO_DIA="2025-10-16"
 - ULTIMO_DIA="2025-10-31"

Coleta de CONTRATAÇÕES em execução...

There is a screen on:
	787.coletor-contratacoes-2025-10-16-ate-2025-10-31	(01/07/26 14:43:23)	(Detached)
1 Socket in /run/screen/S-rdurl0.


Aguardando a screen 'coletor-contratacoes-2025-10-16-ate-2025-10-31' encerrar...
Screen coletor-contratacoes-2025-10-16-ate-2025-10-31 encerrada

Coleta de CONTRATAÇÕES concluída!

---
## ITENS

Script:
 - 'src/ETL/coletores/coleta-itens.R'

Diretório de saída:
 - 'coleta/itens/2025-10/QUINZENA-2'

Screen criada para coletar itens:
 - 'coletor-itens-2025-10-16-ate-2025-10-31'

Saída sendo registrada em:
 - 'coleta/itens/2025-10/QUINZENA-2/run-coletor-itens-2025-10-16-ate-2025-10-31.log'.

Parâmetro do coletor:
 - CONTRATACOES='coleta/contratacoes/2025-10/QUINZENA-2/dados.csv'

Coleta de ITENS em execução...

There is a screen on:
	1481.coletor-itens-2025-10-16-ate-2025-10-31	(01/07/26 15:13:09)	(Detached)
1 Socket in /run/screen/S-rdurl0.

Aguardando a screen 'coletor-itens-2025-10-16-ate-2025-10-31' encerrar...
Screen coletor-itens-2025-10-16-ate-2025-10-31 encerrada

Coleta de ITENS concluída!

---
## CLASSIFICADOR - FILTRA MEDICAMENTOS

Script:
 - 'src/ETL/classificador/filtra-medicamentos.py'

Diretório de saída:
 - 'coleta/itens/2025-10/QUINZENA-2'

Screen criada para coletar contratações:
 - 'classificador-2025-10-16-ate-2025-10-31'

Saída sendo registrada em:
 - 'coleta/itens/2025-10/QUINZENA-2/run-classificador-2025-10-16-ate-2025-10-31.log'.

Parâmetros do classificador:
ITENS='coleta/itens/2025-10/QUINZENA-2/dados.csv'
CATALOGO='data/catmat/catmat.csv'

Python a ser utilizado:
 - './.venv/Scripts/python.exe'

Filtragem e classificação de MEDICAMENTOS em execução...

There is a screen on:
	25585.classificador-2025-10-16-ate-2025-10-31	(01/08/26 10:14:25)	(Detached)
1 Socket in /run/screen/S-rdurl0.


Aguardando o arquivo 'coleta/itens/2025-10/QUINZENA-2/medicamentos.csv' ser criado...

Arquivo coleta/itens/2025-10/QUINZENA-2/medicamentos.csv criado.
Classificação e filtragem de MEDICAMENTOS de ITENS concluída!

---
## RESULTADOS

Script:
 - 'src/ETL/coletores/coleta-resultados.R'

Diretório de saída:
 - 'coleta/resultados/2025-10/QUINZENA-2'

Screen criada para coletar resultados:
 - 'coletor-resultados-2025-10-16-ate-2025-10-31'

Saída sendo registrada em:
 - 'coleta/resultados/2025-10/QUINZENA-2/run-coletor-resultados-2025-10-16-ate-2025-10-31.log'.

Parâmetro do coletor:
 - 'coleta/itens/2025-10/QUINZENA-2/medicamentos.csv'

Coleta de RESULTADOS em execução...

There are screens on:
	26821.coletor-resultados-2025-10-16-ate-2025-10-31	(01/08/26 12:54:26)	(Detached)
	25585.classificador-2025-10-16-ate-2025-10-31	(01/08/26 10:03:02)	(Detached)
2 Sockets in /run/screen/S-rdurl0.
coletando resultados das contratações de medicamentos

Aguardando a screen 'coletor-resultados-2025-10-16-ate-2025-10-31' encerrar...
Screen coletor-resultados-2025-10-16-ate-2025-10-31 encerrada

Coleta de RESULTADOS de MEDICAMENTOS concluída!

---
## RECOLETA DE RESULTADOS

Script:
 - 'src/ETL/coletores/recoleta-resultados.R'

Diretório de saída:
 - 'coleta/resultados/2025-10/QUINZENA-2/recoleta'

Screen criada para RECOLETA de resultados:
 - 'recoletor-resultados-2025-10-16-ate-2025-10-31'

Saída sendo registrada em:
 - 'coleta/resultados/2025-10/QUINZENA-2/recoleta/run-recoletor-resultados-2025-10-16-ate-2025-10-31.log'.

Recoleta de RESULTADOS em execução...

There is a screen on:
	28787.recoletor-resultados-2025-10-16-ate-2025-10-31	(01/08/26 14:27:30)	(Detached)
1 Socket in /run/screen/S-rdurl0.


Aguardando a screen 'recoletor-resultados-2025-10-16-ate-2025-10-31' encerrar...
Screen recoletor-resultados-2025-10-16-ate-2025-10-31 encerrada

Recoleta de RESULTADOS concluída!


COLETA ENCERRADA ÀS '09-Jan-2026 11:49:26'!
---
## PACOTE DE DADOS

Diretório 'coleta/data-package/2025/10 - Outubro/QUINZENA-2/DATA' criado.
Diretório 'coleta/data-package/2025/10 - Outubro/QUINZENA-2/LOG' criado.

Arquivos csv copiados para coleta/data-package/2025/10 - Outubro/QUINZENA-2/DATA

Estrutura do pacote de dados:

[ 512]  coleta/data-package/2025/10 - Outubro/QUINZENA-2
├── [ 512]  DATA
│   ├── [ 223]  contratacoes-erros.csv
│   ├── [ 205]  contratacoes-monitoramento.csv
│   ├── [ 93M]  contratacoes.csv
│   ├── [2.4K]  itens-erros.csv
│   ├── [538K]  itens-medicamentos-resultados-erros.csv
│   ├── [ 853]  itens-medicamentos-resultados-monitoramento.csv
│   ├── [ 15M]  itens-medicamentos-resultados-recoleta-erros.csv
│   ├── [ 11K]  itens-medicamentos-resultados-recoleta-monitoramento.csv
│   ├── [3.6M]  itens-medicamentos-resultados-recoleta.csv
│   ├── [2.2M]  itens-medicamentos-resultados.csv
│   ├── [4.5M]  itens-medicamentos.csv
│   ├── [6.2K]  itens-monitoramento.csv
│   └── [125M]  itens.csv
└── [ 512]  LOG
    ├── [ 655]  run-classificador-2025-10-16-ate-2025-10-31.log
    ├── [ 36K]  run-coletor-contratacoes-2025-10-16-ate-2025-10-31.log
    ├── [1.8M]  run-coletor-itens-2025-10-16-ate-2025-10-31.log
    ├── [377K]  run-coletor-resultados-2025-10-16-ate-2025-10-31.log
    └── [7.3M]  run-recoletor-resultados-2025-10-16-ate-2025-10-31.log

3 directories, 18 files
