---
# COLETORES
---

INÍCIO DA COLETA ÀS '23-May-2026 11:58:33'

Diretório: ENTRADA
/mnt/c/Users/rdurl/OneDrive/Documentos/cesta-de-precos-pncp/src/ETL


Diretório:
/mnt/c/Users/rdurl/OneDrive/Documentos/cesta-de-precos-pncp

PARÂMETROS: 
 - PRIMEIRO_DIA='2026-04-16' - é a data de início da coleta
 - ULTIMO_DIA='2026-04-25' - é a data final da coleta
 - ALIAS_COLETA='2026-04/DIAS-16-A-25' - é um alias para identificar a coleta e apontar um destino no diretório de /coletas

---
## VALIDADOR DE TEMPLATES

---
# VALIDADOR DE TEMPLATES PNCP
---
Script:
 - 'src/ETL/template/src/python/atualiza-templates.py'
Python:
 - './.venv/Scripts/python.exe'

---
Atualizando template: contratacoes
Resumo contratacoes: 62 campos no template, 0 novos, 0 legados.
---
Atualizando template: itens
Resumo itens: 49 campos no template, 0 novos, 0 legados.
---
Atualizando template: resultados_itens
Resumo resultados_itens: 44 campos no template, 0 novos, 0 legados.
---
Templates atualizados em: C:\Users\rdurl\OneDrive\Documentos\cesta-de-precos-pncp\src\ETL\template\templates
Campos novos: 0
Campos legados preservados: 0

Validação de templates concluída!

Resposta: S

Resposta: N

---
## CONTRATAÇÃO

Script:
 - 'src/ETL/coletores/coleta-contratacoes.R'

Diretório de saída:
 - 'coleta/contratacoes/2026-04/DIAS-16-A-25'

Screen criada para coletar contratações:
 - 'coletor-contratacoes-2026-04-16-ate-2026-04-25'

Saída sendo registrada em:
 - 'coleta/contratacoes/2026-04/DIAS-16-A-25/run-coletor-contratacoes-2026-04-16-ate-2026-04-25.log'.

Parâmetros do coletor: 
 - PATH_OUTPUT_DIR="coleta/contratacoes/2026-04/DIAS-16-A-25"
 - PRIMEIRO_DIA="2026-04-16"
 - ULTIMO_DIA="2026-04-25"

Coleta de CONTRATAÇÕES em execução...

There is a screen on:
	829.coletor-contratacoes-2026-04-16-ate-2026-04-25	(05/23/26 11:58:45)	(Detached)
1 Socket in /run/screen/S-rdurl0.


Aguardando a screen 'coletor-contratacoes-2026-04-16-ate-2026-04-25' encerrar...
Screen coletor-contratacoes-2026-04-16-ate-2026-04-25 encerrada

Coleta de CONTRATAÇÕES concluída!

---
## ITENS

Script:
 - 'src/ETL/coletores/coleta-itens.R'

Diretório de saída:
 - 'coleta/itens/2026-04/DIAS-16-A-25'

Screen criada para coletar itens:
 - 'coletor-itens-2026-04-16-ate-2026-04-25'

Saída sendo registrada em:
 - 'coleta/itens/2026-04/DIAS-16-A-25/run-coletor-itens-2026-04-16-ate-2026-04-25.log'.

Parâmetro do coletor:
 - CONTRATACOES='coleta/contratacoes/2026-04/DIAS-16-A-25/dados.csv'

Coleta de ITENS em execução...

There is a screen on:
	10413.coletor-itens-2026-04-16-ate-2026-04-25	(05/23/26 20:47:31)	(Detached)
1 Socket in /run/screen/S-rdurl0.

Aguardando a screen 'coletor-itens-2026-04-16-ate-2026-04-25' encerrar...
Screen coletor-itens-2026-04-16-ate-2026-04-25 encerrada

Coleta de ITENS concluída!

---
## CLASSIFICADOR - FILTRA MEDICAMENTOS

Script:
 - 'src/ETL/classificador/filtra-medicamentos.py'

Diretório de saída:
 - 'coleta/itens/2026-04/DIAS-16-A-25'

Screen criada para coletar contratações:
 - 'classificador-2026-04-16-ate-2026-04-25'

Saída sendo registrada em:
 - 'coleta/itens/2026-04/DIAS-16-A-25/run-classificador-2026-04-16-ate-2026-04-25.log'.

Parâmetros do classificador:
ITENS='coleta/itens/2026-04/DIAS-16-A-25/dados.csv'
CATALOGO='data/catmat/catmat.csv'

Python a ser utilizado:
 - './.venv/Scripts/python.exe'

Filtragem e classificação de MEDICAMENTOS em execução...

There is a screen on:
	17964.classificador-2026-04-16-ate-2026-04-25	(05/24/26 04:13:44)	(Detached)
1 Socket in /run/screen/S-rdurl0.


Aguardando o arquivo 'coleta/itens/2026-04/DIAS-16-A-25/medicamentos.csv' ser criado...

Arquivo coleta/itens/2026-04/DIAS-16-A-25/medicamentos.csv criado.
Classificação e filtragem de MEDICAMENTOS de ITENS concluída!

---
## RESULTADOS

Script:
 - 'src/ETL/coletores/coleta-resultados.R'

Diretório de saída:
 - 'coleta/resultados/2026-04/DIAS-16-A-25'

Screen criada para coletar resultados:
 - 'coletor-resultados-2026-04-16-ate-2026-04-25'

Saída sendo registrada em:
 - 'coleta/resultados/2026-04/DIAS-16-A-25/run-coletor-resultados-2026-04-16-ate-2026-04-25.log'.

Parâmetro do coletor:
 - 'coleta/itens/2026-04/DIAS-16-A-25/medicamentos.csv'

Coleta de RESULTADOS em execução...

There is a screen on:
	18547.coletor-resultados-2026-04-16-ate-2026-04-25	(05/24/26 05:49:12)	(Detached)
1 Socket in /run/screen/S-rdurl0.
coletando resultados das contratações de medicamentos

Aguardando a screen 'coletor-resultados-2026-04-16-ate-2026-04-25' encerrar...
Screen coletor-resultados-2026-04-16-ate-2026-04-25 encerrada

Coleta de RESULTADOS de MEDICAMENTOS concluída!

---
## PACOTE DE DADOS

Diretório 'coleta/data-package/2026/4 - Abril/QUINZENA-2/DATA' criado.
Diretório 'coleta/data-package/2026/4 - Abril/QUINZENA-2/LOG' criado.

Arquivos csv principais copiados para coleta/data-package/2026/4 - Abril/QUINZENA-2/DATA
---
## CARGA NO BANCO

Executando carga no banco com:
 - CONTRATAÇÕES: 'coleta/data-package/2026/4 - Abril/QUINZENA-2/DATA/contratacoes.csv'
 - MEDICAMENTOS: 'coleta/data-package/2026/4 - Abril/QUINZENA-2/DATA/itens-medicamentos.csv'
 - RESULTADOS: 'coleta/data-package/2026/4 - Abril/QUINZENA-2/DATA/itens-medicamentos-resultados.csv'
 - LOG: 'coleta/data-package/2026/4 - Abril/QUINZENA-2/LOG/run-carrega-dados-2026-04-QUINZENA-2.log'

Carga no banco concluída!

---
## RECOLETA DE RESULTADOS


Recoleta de RESULTADOS ignorada (usuário optou por não executar).


Arquivos csv disponíveis em coleta/data-package/2026/4 - Abril/QUINZENA-2/DATA

Arquivos de log copiados para coleta/data-package/2026/4 - Abril/QUINZENA-2/LOG

Estrutura do pacote de dados:

[ 512]  coleta/data-package/2026/4 - Abril/QUINZENA-2
├── [ 512]  DATA
│   ├── [5.6K]  contratacoes-erros.csv
│   ├── [ 124]  contratacoes-monitoramento.csv
│   ├── [ 58M]  contratacoes.csv
│   ├── [4.6K]  itens-erros.csv
│   ├── [283K]  itens-medicamentos-resultados-erros.csv
│   ├── [ 529]  itens-medicamentos-resultados-monitoramento.csv
│   ├── [1.0M]  itens-medicamentos-resultados.csv
│   ├── [2.3M]  itens-medicamentos.csv
│   ├── [3.9K]  itens-monitoramento.csv
│   └── [ 79M]  itens.csv
└── [ 512]  LOG
    ├── [ 583]  run-carrega-dados-2026-04-QUINZENA-2.log
    ├── [ 657]  run-classificador-2026-04-16-ate-2026-04-25.log
    ├── [ 97K]  run-coletor-contratacoes-2026-04-16-ate-2026-04-25.log
    ├── [1.1M]  run-coletor-itens-2026-04-16-ate-2026-04-25.log
    ├── [196K]  run-coletor-resultados-2026-04-16-ate-2026-04-25.log
    └── [2.0K]  run-coletores-2026-04-QUINZENA-2.log

3 directories, 16 files

COLETA ENCERRADA ÀS '24-May-2026 06:39:12'!

Fim! =)
