---
# COLETORES
---

INÍCIO DA COLETA ÀS '29-Jun-2025 12:37:03'

Diretório: ENTRADA
/mnt/c/Users/rdurl/OneDrive/Documentos/cesta-de-precos-pncp/src/ETL


Diretório:
/mnt/c/Users/rdurl/OneDrive/Documentos/cesta-de-precos-pncp

PARÂMETROS: 
 - PRIMEIRO_DIA='2025-05-01' - é a data de início da coleta
 - ULTIMO_DIA='2025-05-15' - é a data final da coleta
 - ALIAS_COLETA='2025-05/QUINZENA-1' - é um alias para identificar a coleta e apontar um destino no diretório de /coletas

---
## CONTRATAÇÃO

Script:
 - 'src/ETL/coletores/coleta-contratacoes.R'

Diretório de saída:
 - 'coleta/contratacoes/2025-05/QUINZENA-1'

Screen criada para coletar contratações:
 - 'coletor-contratacoes-2025-05-01-ate-2025-05-15'

Saída sendo registrada em:
 - 'coleta/contratacoes/2025-05/QUINZENA-1/run-coletor-contratacoes-2025-05-01-ate-2025-05-15.log'.

Parâmetros do coletor: 
 - PATH_OUTPUT_DIR="coleta/contratacoes/2025-05/QUINZENA-1"
 - PRIMEIRO_DIA="2025-05-01"
 - ULTIMO_DIA="2025-05-15"

Coleta de CONTRATAÇÕES em execução...

There is a screen on:
	3985.coletor-contratacoes-2025-05-01-ate-2025-05-15	(06/29/25 12:37:03)	(Detached)
1 Socket in /run/screen/S-rdurl0.


Aguardando a screen 'coletor-contratacoes-2025-05-01-ate-2025-05-15' encerrar...
Screen coletor-contratacoes-2025-05-01-ate-2025-05-15 encerrada

Coleta de CONTRATAÇÕES concluída!

---
## ITENS

Script:
 - 'src/ETL/coletores/coleta-itens.R'

Diretório de saída:
 - 'coleta/itens/2025-05/QUINZENA-1'

Screen criada para coletar itens:
 - 'coletor-itens-2025-05-01-ate-2025-05-15'

Saída sendo registrada em:
 - 'coleta/itens/2025-05/QUINZENA-1/run-coletor-itens-2025-05-01-ate-2025-05-15.log'.

Parâmetro do coletor:
 - CONTRATACOES='coleta/contratacoes/2025-05/QUINZENA-1/dados.csv'

Coleta de ITENS em execução...

There is a screen on:
	4833.coletor-itens-2025-05-01-ate-2025-05-15	(06/29/25 13:24:06)	(Detached)
1 Socket in /run/screen/S-rdurl0.

Aguardando a screen 'coletor-itens-2025-05-01-ate-2025-05-15' encerrar...
Screen coletor-itens-2025-05-01-ate-2025-05-15 encerrada

Coleta de ITENS concluída!

---
## CLASSIFICADOR - FILTRA MEDICAMENTOS

Script:
 - 'src/ETL/classificador/filtra-medicamentos.py'

Diretório de saída:
 - 'coleta/itens/2025-05/QUINZENA-1'

Screen criada para coletar contratações:
 - 'classificador-2025-05-01-ate-2025-05-15'

Saída sendo registrada em:
 - 'coleta/itens/2025-05/QUINZENA-1/run-classificador-2025-05-01-ate-2025-05-15.log'.

Parâmetros do classificador:
ITENS='coleta/itens/2025-05/QUINZENA-1/dados.csv'
CATALOGO='data/catmat/catmat.csv'

Filtragem e classificação de MEDICAMENTOS em execução...

There is a screen on:
	15608.classificador-2025-05-01-ate-2025-05-15	(06/29/25 23:43:04)	(Detached)
1 Socket in /run/screen/S-rdurl0.


Aguardando o arquivo 'coleta/itens/2025-05/QUINZENA-1/medicamentos.csv' ser criado...

Arquivo coleta/itens/2025-05/QUINZENA-1/medicamentos.csv criado.
Classificação e filtragem de MEDICAMENTOS de ITENS concluída!

---
## RESULTADOS

Script:
 - 'src/ETL/coletores/coleta-resultados.R'

Diretório de saída:
 - 'coleta/resultados/2025-05/QUINZENA-1'

Screen criada para coletar resultados:
 - 'coletor-resultados-2025-05-01-ate-2025-05-15'

Saída sendo registrada em:
 - 'coleta/resultados/2025-05/QUINZENA-1/run-coletor-resultados-2025-05-01-ate-2025-05-15.log'.

Parâmetro do coletor:
 - 'coleta/itens/2025-05/QUINZENA-1/medicamentos.csv'

Coleta de RESULTADOS em execução...

There are screens on:
	16912.coletor-resultados-2025-05-01-ate-2025-05-15	(06/30/25 02:32:35)	(Detached)
	15608.classificador-2025-05-01-ate-2025-05-15	(06/29/25 23:57:59)	(Detached)
2 Sockets in /run/screen/S-rdurl0.
coletando resultados das contratações de medicamentos

Aguardando a screen 'coletor-resultados-2025-05-01-ate-2025-05-15' encerrar...
Screen coletor-resultados-2025-05-01-ate-2025-05-15 encerrada

Coleta de RESULTADOS de MEDICAMENTOS concluída!


COLETA ENCERRADA ÀS '30-Jun-2025 03:51:56'!
---
## PACOTE DE DADOS


Arquivos csv copiados para coleta/data-package/2025/MAI/QUINZENA-1/DATA

Estrutura do pacote de dados:

[ 512]  coleta/data-package/2025/MAI/QUINZENA-1
├── [ 512]  DATA
│   ├── [ 808]  contratacoes-erros.csv
│   ├── [ 205]  contratacoes-monitoramento.csv
│   ├── [ 75M]  contratacoes.csv
│   ├── [   0]  itens-erros.csv
│   ├── [492K]  itens-medicamentos-resultados-erros.csv
│   ├── [ 772]  itens-medicamentos-resultados-monitoramento.csv
│   ├── [1.6M]  itens-medicamentos-resultados.csv
│   ├── [3.6M]  itens-medicamentos.csv
│   ├── [5.2K]  itens-monitoramento.csv
│   └── [100M]  itens.csv
└── [ 512]  LOG
    ├── [2.6K]  run-classificador-2025-05-01-ate-2025-05-15.log
    ├── [ 30K]  run-coletor-contratacoes-2025-05-01-ate-2025-05-15.log
    ├── [1.5M]  run-coletor-itens-2025-05-01-ate-2025-05-15.log
    ├── [327K]  run-coletor-resultados-2025-05-01-ate-2025-05-15.log
    └── [5.1K]  run-coletores-2025-05-QUINZENA-1.log

3 directories, 15 files
