[nltk_data] Downloading package stopwords to
[nltk_data]     C:\Users\rdurl\AppData\Roaming\nltk_data...
Validando os argumentos.[nltk_data]   Package stopwords is already up-to-date!
C:\Users\rdurl\OneDrive\Documentos\cesta-de-precos-pncp\src\ETL\classificador\filtra-medicamentos.py:66: DtypeWarning: Columns (29,30,32,33,34,35,36,37,39,41,42,43,44,45) have mixed types. Specify dtype option on import or set low_memory=False.
  itens_df = pd.read_csv(args.itens)      # Itens PNCP
Detectando nomes PDM nos itens.Carregando o modelo.C:\Users\rdurl\AppData\Local\Packages\PythonSoftwareFoundation.Python.3.13_qbz5n2kfra8p0\LocalCache\local-packages\Python313\site-packages\huggingface_hub\file_download.py:142: UserWarning: `huggingface_hub` cache-system uses symlinks by default to efficiently store duplicated files but your machine does not support them in C:\Users\rdurl\.cache\huggingface\hub\models--Snowflake--snowflake-arctic-embed-l-v2.0. Caching files will still work but in a degraded version that might require more space on your disk. This warning can be disabled by setting the `HF_HUB_DISABLE_SYMLINKS_WARNING` environment variable. For more details, see https://huggingface.co/docs/huggingface_hub/how-to-cache#limitations.
To support symlinks on Windows, you either need to activate Developer Mode or to run Python as an administrator. In order to activate developer mode, see this article: https://docs.microsoft.com/en-us/windows/apps/get-started/enable-your-device-for-development
  warnings.warn(message)
Calculando os vetores das descrições dos itens do PNCP.C:\Users\rdurl\OneDrive\Documentos\cesta-de-precos-pncp\src\ETL\classificador\filtra-medicamentos.py:235: SettingWithCopyWarning: 
A value is trying to be set on a copy of a slice from a DataFrame.
Try using .loc[row_indexer,col_indexer] = value instead

See the caveats in the documentation: https://pandas.pydata.org/pandas-docs/stable/user_guide/indexing.html#returning-a-view-versus-a-copy
  medicamentos_df['embedding'] = list(embeddings)
Identificando os medicamentosC:\Users\rdurl\OneDrive\Documentos\cesta-de-precos-pncp\src\ETL\classificador\filtra-medicamentos.py:293: SettingWithCopyWarning: 
A value is trying to be set on a copy of a slice from a DataFrame.
Try using .loc[row_indexer,col_indexer] = value instead

See the caveats in the documentation: https://pandas.pydata.org/pandas-docs/stable/user_guide/indexing.html#returning-a-view-versus-a-copy
  medicamentos_df[['codigo_br', 'similaridade']] = medicamentos_df.apply(mais_similar, axis=1, result_type='expand')
C:\Users\rdurl\OneDrive\Documentos\cesta-de-precos-pncp\src\ETL\classificador\filtra-medicamentos.py:293: SettingWithCopyWarning: 
A value is trying to be set on a copy of a slice from a DataFrame.
Try using .loc[row_indexer,col_indexer] = value instead

See the caveats in the documentation: https://pandas.pydata.org/pandas-docs/stable/user_guide/indexing.html#returning-a-view-versus-a-copy
  medicamentos_df[['codigo_br', 'similaridade']] = medicamentos_df.apply(mais_similar, axis=1, result_type='expand')
C:\Users\rdurl\OneDrive\Documentos\cesta-de-precos-pncp\src\ETL\classificador\filtra-medicamentos.py:296: SettingWithCopyWarning: 
A value is trying to be set on a copy of a slice from a DataFrame.
Try using .loc[row_indexer,col_indexer] = value instead

See the caveats in the documentation: https://pandas.pydata.org/pandas-docs/stable/user_guide/indexing.html#returning-a-view-versus-a-copy
  medicamentos_df['medicamento'] = medicamentos_df['similaridade'] >= THRESHOLD
Fim da execução. Medicamentos salvos em coleta/itens/2025-03-QUINZENA-2/medicamentos.csv