---
# COLETORES
---

INÍCIO DA COLETA ÀS '01-Jul-2025 16:48:56'

Diretório: ENTRADA
/mnt/c/Users/rdurl/OneDrive/Documentos/cesta-de-precos-pncp/src/ETL


Diretório:
/mnt/c/Users/rdurl/OneDrive/Documentos/cesta-de-precos-pncp

PARÂMETROS: 
 - PRIMEIRO_DIA='2025-05-16' - é a data de início da coleta
 - ULTIMO_DIA='2025-05-31' - é a data final da coleta
 - ALIAS_COLETA='2025-05/QUINZENA-2' - é um alias para identificar a coleta e apontar um destino no diretório de /coletas

---
## CONTRATAÇÃO

Script:
 - 'src/ETL/coletores/coleta-contratacoes.R'

Diretório de saída:
 - 'coleta/contratacoes/2025-05/QUINZENA-2'

Screen criada para coletar contratações:
 - 'coletor-contratacoes-2025-05-16-ate-2025-05-31'

Saída sendo registrada em:
 - 'coleta/contratacoes/2025-05/QUINZENA-2/run-coletor-contratacoes-2025-05-16-ate-2025-05-31.log'.

Parâmetros do coletor: 
 - PATH_OUTPUT_DIR="coleta/contratacoes/2025-05/QUINZENA-2"
 - PRIMEIRO_DIA="2025-05-16"
 - ULTIMO_DIA="2025-05-31"

Coleta de CONTRATAÇÕES em execução...

There is a screen on:
	834.coletor-contratacoes-2025-05-16-ate-2025-05-31	(07/01/25 16:48:57)	(Detached)
1 Socket in /run/screen/S-rdurl0.


Aguardando a screen 'coletor-contratacoes-2025-05-16-ate-2025-05-31' encerrar...
Screen coletor-contratacoes-2025-05-16-ate-2025-05-31 encerrada

Coleta de CONTRATAÇÕES concluída!

---
## ITENS

Script:
 - 'src/ETL/coletores/coleta-itens.R'

Diretório de saída:
 - 'coleta/itens/2025-05/QUINZENA-2'

Screen criada para coletar itens:
 - 'coletor-itens-2025-05-16-ate-2025-05-31'

Saída sendo registrada em:
 - 'coleta/itens/2025-05/QUINZENA-2/run-coletor-itens-2025-05-16-ate-2025-05-31.log'.

Parâmetro do coletor:
 - CONTRATACOES='coleta/contratacoes/2025-05/QUINZENA-2/dados.csv'

Coleta de ITENS em execução...

There is a screen on:
	2905.coletor-itens-2025-05-16-ate-2025-05-31	(07/01/25 17:56:01)	(Detached)
1 Socket in /run/screen/S-rdurl0.

Aguardando a screen 'coletor-itens-2025-05-16-ate-2025-05-31' encerrar...
Screen coletor-itens-2025-05-16-ate-2025-05-31 encerrada

Coleta de ITENS concluída!

---
## CLASSIFICADOR - FILTRA MEDICAMENTOS

Script:
 - 'src/ETL/classificador/filtra-medicamentos.py'

Diretório de saída:
 - 'coleta/itens/2025-05/QUINZENA-2'

Screen criada para coletar contratações:
 - 'classificador-2025-05-16-ate-2025-05-31'

Saída sendo registrada em:
 - 'coleta/itens/2025-05/QUINZENA-2/run-classificador-2025-05-16-ate-2025-05-31.log'.

Parâmetros do classificador:
ITENS='coleta/itens/2025-05/QUINZENA-2/dados.csv'
CATALOGO='data/catmat/catmat.csv'

Filtragem e classificação de MEDICAMENTOS em execução...

There is a screen on:
	17565.classificador-2025-05-16-ate-2025-05-31	(07/02/25 07:34:13)	(Detached)
1 Socket in /run/screen/S-rdurl0.


Aguardando o arquivo 'coleta/itens/2025-05/QUINZENA-2/medicamentos.csv' ser criado...

Arquivo coleta/itens/2025-05/QUINZENA-2/medicamentos.csv criado.
Classificação e filtragem de MEDICAMENTOS de ITENS concluída!

---
## RESULTADOS

Script:
 - 'src/ETL/coletores/coleta-resultados.R'

Diretório de saída:
 - 'coleta/resultados/2025-05/QUINZENA-2'

Screen criada para coletar resultados:
 - 'coletor-resultados-2025-05-16-ate-2025-05-31'

Saída sendo registrada em:
 - 'coleta/resultados/2025-05/QUINZENA-2/run-coletor-resultados-2025-05-16-ate-2025-05-31.log'.

Parâmetro do coletor:
 - 'coleta/itens/2025-05/QUINZENA-2/medicamentos.csv'

Coleta de RESULTADOS em execução...

There are screens on:
	18329.coletor-resultados-2025-05-16-ate-2025-05-31	(07/02/25 09:46:19)	(Detached)
	17565.classificador-2025-05-16-ate-2025-05-31	(07/02/25 07:47:27)	(Detached)
2 Sockets in /run/screen/S-rdurl0.
coletando resultados das contratações de medicamentos

Aguardando a screen 'coletor-resultados-2025-05-16-ate-2025-05-31' encerrar...
Screen coletor-resultados-2025-05-16-ate-2025-05-31 encerrada

Coleta de RESULTADOS de MEDICAMENTOS concluída!


COLETA ENCERRADA ÀS '02-Jul-2025 11:35:50'!
---
## PACOTE DE DADOS


Arquivos csv copiados para coleta/data-package/2025/MAI/QUINZENA-2/DATA

Estrutura do pacote de dados:

[ 512]  coleta/data-package/2025/MAI/QUINZENA-2
├── [ 512]  DATA
│   ├── [ 609]  contratacoes-erros.csv
│   ├── [ 205]  contratacoes-monitoramento.csv
│   ├── [ 97M]  contratacoes.csv
│   ├── [ 101]  itens-erros.csv
│   ├── [685K]  itens-medicamentos-resultados-erros.csv
│   ├── [ 934]  itens-medicamentos-resultados-monitoramento.csv
│   ├── [2.1M]  itens-medicamentos-resultados.csv
│   ├── [4.9M]  itens-medicamentos.csv
│   ├── [6.7K]  itens-monitoramento.csv
│   └── [133M]  itens.csv
└── [ 512]  LOG
    ├── [2.6K]  run-classificador-2025-05-16-ate-2025-05-31.log
    ├── [ 39K]  run-coletor-contratacoes-2025-05-16-ate-2025-05-31.log
    ├── [2.0M]  run-coletor-itens-2025-05-16-ate-2025-05-31.log
    ├── [449K]  run-coletor-resultados-2025-05-16-ate-2025-05-31.log
    └── [5.1K]  run-coletores-2025-05-QUINZENA-2.log

3 directories, 15 files
